
> PWGROUP-RIDER-PORTAL@0.0.1 build
> node --max-old-space-size=8192 ./node_modules/@angular/cli/bin/ng build

- Generating browser application bundles (phase: setup)...
✔ Browser application bundle generation complete.
✔ Browser application bundle generation complete.

Warning: /Applications/XAMPP/xamppfiles/htdocs/PWRIDER-CAP/src/app/app.component.scss exceeded maximum budget. Budget 2.05 kB was not met by 16 bytes with a total of 2.06 kB.

Warning: /Applications/XAMPP/xamppfiles/htdocs/PWRIDER-CAP/src/app/customer-list/customer-list.page.scss exceeded maximum budget. Budget 2.05 kB was not met by 49.72 kB with a total of 51.77 kB.

Warning: /Applications/XAMPP/xamppfiles/htdocs/PWRIDER-CAP/src/app/delivery-detail-task/delivery-detail-task.page.scss exceeded maximum budget. Budget 2.05 kB was not met by 48.94 kB with a total of 50.99 kB.

Warning: /Applications/XAMPP/xamppfiles/htdocs/PWRIDER-CAP/src/app/exchange-note-list/exchange-note-list.page.scss exceeded maximum budget. Budget 2.05 kB was not met by 48.05 kB with a total of 50.09 kB.

Warning: /Applications/XAMPP/xamppfiles/htdocs/PWRIDER-CAP/src/app/exchange-note/exchange-note.page.scss exceeded maximum budget. Budget 2.05 kB was not met by 50.79 kB with a total of 52.84 kB.

Warning: /Applications/XAMPP/xamppfiles/htdocs/PWRIDER-CAP/src/app/home/home.page.scss exceeded maximum budget. Budget 2.05 kB was not met by 48.19 kB with a total of 50.23 kB.

Warning: /Applications/XAMPP/xamppfiles/htdocs/PWRIDER-CAP/src/app/inbox/inbox.page.scss exceeded maximum budget. Budget 2.05 kB was not met by 477 bytes with a total of 2.52 kB.

Warning: /Applications/XAMPP/xamppfiles/htdocs/PWRIDER-CAP/src/app/login/login.page.scss exceeded maximum budget. Budget 2.05 kB was not met by 48.67 kB with a total of 50.72 kB.

Warning: /Applications/XAMPP/xamppfiles/htdocs/PWRIDER-CAP/src/app/melting-job-list/melting-job-list.page.scss exceeded maximum budget. Budget 2.05 kB was not met by 48.05 kB with a total of 50.09 kB.

Warning: /Applications/XAMPP/xamppfiles/htdocs/PWRIDER-CAP/src/app/melting-job-wizard-list/melting-job-wizard-list.page.scss exceeded maximum budget. Budget 2.05 kB was not met by 48.05 kB with a total of 50.09 kB.

Warning: /Applications/XAMPP/xamppfiles/htdocs/PWRIDER-CAP/src/app/melting-job-wizard/melting-job-wizard.page.scss exceeded maximum budget. Budget 2.05 kB was not met by 50.79 kB with a total of 52.84 kB.

Warning: /Applications/XAMPP/xamppfiles/htdocs/PWRIDER-CAP/src/app/melting-job/melting-job.page.scss exceeded maximum budget. Budget 2.05 kB was not met by 50.79 kB with a total of 52.84 kB.

Warning: /Applications/XAMPP/xamppfiles/htdocs/PWRIDER-CAP/src/app/modal-customer-list/modal-customer-list.page.scss exceeded maximum budget. Budget 2.05 kB was not met by 51.05 kB with a total of 53.10 kB.

Warning: /Applications/XAMPP/xamppfiles/htdocs/PWRIDER-CAP/src/app/modal-exchange-items/modal-exchange-items.page.scss exceeded maximum budget. Budget 2.05 kB was not met by 51.15 kB with a total of 53.19 kB.

Warning: /Applications/XAMPP/xamppfiles/htdocs/PWRIDER-CAP/src/app/modal-gold-shipment-detail/modal-gold-shipment-detail.page.scss exceeded maximum budget. Budget 2.05 kB was not met by 51.15 kB with a total of 53.19 kB.

Warning: /Applications/XAMPP/xamppfiles/htdocs/PWRIDER-CAP/src/app/modal-header/modal-header.component.scss exceeded maximum budget. Budget 2.05 kB was not met by 48.18 kB with a total of 50.23 kB.

Warning: /Applications/XAMPP/xamppfiles/htdocs/PWRIDER-CAP/src/app/pickup-detail-task/pickup-detail-task.page.scss exceeded maximum budget. Budget 2.05 kB was not met by 48.62 kB with a total of 50.67 kB.

Warning: /Applications/XAMPP/xamppfiles/htdocs/PWRIDER-CAP/src/app/pickup-detail/pickup-detail.page.scss exceeded maximum budget. Budget 2.05 kB was not met by 48.62 kB with a total of 50.67 kB.

Warning: /Applications/XAMPP/xamppfiles/htdocs/PWRIDER-CAP/src/app/pickup/pickup.page.scss exceeded maximum budget. Budget 2.05 kB was not met by 50.47 kB with a total of 52.52 kB.

Warning: /Applications/XAMPP/xamppfiles/htdocs/PWRIDER-CAP/src/app/profile/profile.page.scss exceeded maximum budget. Budget 2.05 kB was not met by 50.57 kB with a total of 52.62 kB.

Warning: /Applications/XAMPP/xamppfiles/htdocs/PWRIDER-CAP/src/app/delivery/delivery.page.scss exceeded maximum budget. Budget 2.05 kB was not met by 50.47 kB with a total of 52.52 kB.

Warning: /Applications/XAMPP/xamppfiles/htdocs/PWRIDER-CAP/src/app/delivery-detail/delivery-detail.page.scss exceeded maximum budget. Budget 2.05 kB was not met by 48.94 kB with a total of 50.99 kB.

Warning: /Applications/XAMPP/xamppfiles/htdocs/PWRIDER-CAP/src/app/commission-report/commission-report.page.scss exceeded maximum budget. Budget 2.05 kB was not met by 49.14 kB with a total of 51.19 kB.

Warning: /Applications/XAMPP/xamppfiles/htdocs/PWRIDER-CAP/src/app/scan/scan.page.scss exceeded maximum budget. Budget 2.05 kB was not met by 49.28 kB with a total of 51.32 kB.

Warning: /Applications/XAMPP/xamppfiles/htdocs/PWRIDER-CAP/src/app/result/result.page.scss exceeded maximum budget. Budget 2.05 kB was not met by 50.47 kB with a total of 52.52 kB.

Warning: /Applications/XAMPP/xamppfiles/htdocs/PWRIDER-CAP/src/app/result-detail/result-detail.page.scss exceeded maximum budget. Budget 2.05 kB was not met by 52.50 kB with a total of 54.55 kB.

Warning: /Applications/XAMPP/xamppfiles/htdocs/PWRIDER-CAP/src/app/pickup-order/pickup-order.page.scss exceeded maximum budget. Budget 2.05 kB was not met by 49.49 kB with a total of 51.54 kB.

Warning: /Applications/XAMPP/xamppfiles/htdocs/PWRIDER-CAP/src/app/delivery-order/delivery-order.page.scss exceeded maximum budget. Budget 2.05 kB was not met by 49.49 kB with a total of 51.54 kB.

Warning: /Applications/XAMPP/xamppfiles/htdocs/PWRIDER-CAP/src/app/collection/collection.page.scss exceeded maximum budget. Budget 2.05 kB was not met by 50.68 kB with a total of 52.73 kB.

Warning: /Applications/XAMPP/xamppfiles/htdocs/PWRIDER-CAP/src/app/collection-detail/collection-detail.page.scss exceeded maximum budget. Budget 2.05 kB was not met by 48.89 kB with a total of 50.94 kB.

Warning: /Applications/XAMPP/xamppfiles/htdocs/PWRIDER-CAP/src/app/modal-grn/modal-grn.page.scss exceeded maximum budget. Budget 2.05 kB was not met by 51.05 kB with a total of 53.10 kB.

Warning: /Applications/XAMPP/xamppfiles/htdocs/PWRIDER-CAP/src/app/grn/grn.page.scss exceeded maximum budget. Budget 2.05 kB was not met by 52.92 kB with a total of 54.97 kB.

Warning: /Applications/XAMPP/xamppfiles/htdocs/PWRIDER-CAP/src/app/grn-by-task/grn-by-task.page.scss exceeded maximum budget. Budget 2.05 kB was not met by 52.92 kB with a total of 54.97 kB.

Warning: /Applications/XAMPP/xamppfiles/htdocs/PWRIDER-CAP/src/app/qc-detail/qc-detail.page.scss exceeded maximum budget. Budget 2.05 kB was not met by 51.00 kB with a total of 53.04 kB.

Warning: /Applications/XAMPP/xamppfiles/htdocs/PWRIDER-CAP/src/app/qc/qc.page.scss exceeded maximum budget. Budget 2.05 kB was not met by 50.68 kB with a total of 52.73 kB.

Warning: /Applications/XAMPP/xamppfiles/htdocs/PWRIDER-CAP/src/app/collection-order/collection-order.page.scss exceeded maximum budget. Budget 2.05 kB was not met by 49.67 kB with a total of 51.72 kB.

Warning: /Applications/XAMPP/xamppfiles/htdocs/PWRIDER-CAP/src/app/job-log-history/job-log-history.page.scss exceeded maximum budget. Budget 2.05 kB was not met by 50.47 kB with a total of 52.52 kB.

Warning: /Applications/XAMPP/xamppfiles/htdocs/PWRIDER-CAP/src/app/bullion-pending-reweight/bullion-pending-reweight.page.scss exceeded maximum budget. Budget 2.05 kB was not met by 50.91 kB with a total of 52.96 kB.

Warning: /Applications/XAMPP/xamppfiles/htdocs/PWRIDER-CAP/src/app/modal-pending-reweight/modal-pending-reweight.page.scss exceeded maximum budget. Budget 2.05 kB was not met by 51.05 kB with a total of 53.10 kB.

Warning: /Applications/XAMPP/xamppfiles/htdocs/PWRIDER-CAP/src/app/bullion-pending-reweight-detail/bullion-pending-reweight-detail.page.scss exceeded maximum budget. Budget 2.05 kB was not met by 52.10 kB with a total of 54.15 kB.

Warning: /Applications/XAMPP/xamppfiles/htdocs/PWRIDER-CAP/src/app/bullion-pending-check/bullion-pending-check.page.scss exceeded maximum budget. Budget 2.05 kB was not met by 50.91 kB with a total of 52.96 kB.

Warning: /Applications/XAMPP/xamppfiles/htdocs/PWRIDER-CAP/src/app/modal-qc/modal-qc.page.scss exceeded maximum budget. Budget 2.05 kB was not met by 51.05 kB with a total of 53.10 kB.

Warning: /Applications/XAMPP/xamppfiles/htdocs/PWRIDER-CAP/src/app/bullion-pending-check-detail/bullion-pending-check-detail.page.scss exceeded maximum budget. Budget 2.05 kB was not met by 52.82 kB with a total of 54.87 kB.

Warning: /Applications/XAMPP/xamppfiles/htdocs/PWRIDER-CAP/src/app/bullion-pending-tbc/bullion-pending-tbc.page.scss exceeded maximum budget. Budget 2.05 kB was not met by 50.91 kB with a total of 52.96 kB.

Warning: /Applications/XAMPP/xamppfiles/htdocs/PWRIDER-CAP/src/app/bullion-pending-tbc-detail/bullion-pending-tbc-detail.page.scss exceeded maximum budget. Budget 2.05 kB was not met by 52.95 kB with a total of 55.00 kB.

Warning: /Applications/XAMPP/xamppfiles/htdocs/PWRIDER-CAP/src/app/bullion-change-request/bullion-change-request.page.scss exceeded maximum budget. Budget 2.05 kB was not met by 52.96 kB with a total of 55.01 kB.

Warning: /Applications/XAMPP/xamppfiles/htdocs/PWRIDER-CAP/src/app/modal-add-change-request/modal-add-change-request.page.scss exceeded maximum budget. Budget 2.05 kB was not met by 51.15 kB with a total of 53.19 kB.

Warning: /Applications/XAMPP/xamppfiles/htdocs/PWRIDER-CAP/src/app/bullion-add-change-request/bullion-add-change-request.page.scss exceeded maximum budget. Budget 2.05 kB was not met by 52.20 kB with a total of 54.25 kB.

Warning: /Applications/XAMPP/xamppfiles/htdocs/PWRIDER-CAP/src/app/task/task.page.scss exceeded maximum budget. Budget 2.05 kB was not met by 50.68 kB with a total of 52.73 kB.

Warning: /Applications/XAMPP/xamppfiles/htdocs/PWRIDER-CAP/src/app/modal-task/modal-task.page.scss exceeded maximum budget. Budget 2.05 kB was not met by 51.05 kB with a total of 53.10 kB.

Warning: /Applications/XAMPP/xamppfiles/htdocs/PWRIDER-CAP/src/app/task-detail/task-detail.page.scss exceeded maximum budget. Budget 2.05 kB was not met by 49.98 kB with a total of 52.03 kB.

Warning: /Applications/XAMPP/xamppfiles/htdocs/PWRIDER-CAP/src/app/job-log/job-log.page.scss exceeded maximum budget. Budget 2.05 kB was not met by 50.68 kB with a total of 52.73 kB.

Warning: /Applications/XAMPP/xamppfiles/htdocs/PWRIDER-CAP/src/app/modal-pending-order/modal-pending-order.page.scss exceeded maximum budget. Budget 2.05 kB was not met by 51.05 kB with a total of 53.10 kB.

Warning: /Applications/XAMPP/xamppfiles/htdocs/PWRIDER-CAP/src/app/pending-order/pending-order.page.scss exceeded maximum budget. Budget 2.05 kB was not met by 48.88 kB with a total of 50.93 kB.

Warning: /Applications/XAMPP/xamppfiles/htdocs/PWRIDER-CAP/src/app/collection-supplier/collection-supplier.page.scss exceeded maximum budget. Budget 2.05 kB was not met by 48.05 kB with a total of 50.09 kB.

Warning: /Applications/XAMPP/xamppfiles/htdocs/PWRIDER-CAP/src/app/make-po-customer/make-po-customer.page.scss exceeded maximum budget. Budget 2.05 kB was not met by 51.05 kB with a total of 53.10 kB.

Warning: /Applications/XAMPP/xamppfiles/htdocs/PWRIDER-CAP/src/app/make-po/make-po.page.scss exceeded maximum budget. Budget 2.05 kB was not met by 51.05 kB with a total of 53.10 kB.

Warning: /Applications/XAMPP/xamppfiles/htdocs/PWRIDER-CAP/src/app/batch-scan/batch-scan.page.scss exceeded maximum budget. Budget 2.05 kB was not met by 47.76 kB with a total of 49.80 kB.

Warning: /Applications/XAMPP/xamppfiles/htdocs/PWRIDER-CAP/src/app/weight/weight.page.scss exceeded maximum budget. Budget 2.05 kB was not met by 50.91 kB with a total of 52.96 kB.

Warning: /Applications/XAMPP/xamppfiles/htdocs/PWRIDER-CAP/src/app/modal-weight/modal-weight.page.scss exceeded maximum budget. Budget 2.05 kB was not met by 51.05 kB with a total of 53.10 kB.

Warning: /Applications/XAMPP/xamppfiles/htdocs/PWRIDER-CAP/src/app/weight-detail/weight-detail.page.scss exceeded maximum budget. Budget 2.05 kB was not met by 52.83 kB with a total of 54.88 kB.

Warning: /Applications/XAMPP/xamppfiles/htdocs/PWRIDER-CAP/src/app/test/test.page.scss exceeded maximum budget. Budget 2.05 kB was not met by 50.91 kB with a total of 52.96 kB.

Warning: /Applications/XAMPP/xamppfiles/htdocs/PWRIDER-CAP/src/app/modal-test/modal-test.page.scss exceeded maximum budget. Budget 2.05 kB was not met by 51.05 kB with a total of 53.10 kB.

Warning: /Applications/XAMPP/xamppfiles/htdocs/PWRIDER-CAP/src/app/test-detail/test-detail.page.scss exceeded maximum budget. Budget 2.05 kB was not met by 52.95 kB with a total of 55.00 kB.

Warning: /Applications/XAMPP/xamppfiles/htdocs/PWRIDER-CAP/src/app/request-order/request-order.page.scss exceeded maximum budget. Budget 2.05 kB was not met by 48.88 kB with a total of 50.93 kB.

Warning: /Applications/XAMPP/xamppfiles/htdocs/PWRIDER-CAP/src/app/modal-task-detail/modal-task-detail.page.scss exceeded maximum budget. Budget 2.05 kB was not met by 51.15 kB with a total of 53.19 kB.

Warning: /Applications/XAMPP/xamppfiles/htdocs/PWRIDER-CAP/src/app/modal-claim-cart/modal-claim-cart.page.scss exceeded maximum budget. Budget 2.05 kB was not met by 51.15 kB with a total of 53.19 kB.

Warning: /Applications/XAMPP/xamppfiles/htdocs/PWRIDER-CAP/src/app/redeem-task/redeem-task.page.scss exceeded maximum budget. Budget 2.05 kB was not met by 50.79 kB with a total of 52.84 kB.

Warning: /Applications/XAMPP/xamppfiles/htdocs/PWRIDER-CAP/src/app/modal-task-action/modal-task-action.page.scss exceeded maximum budget. Budget 2.05 kB was not met by 51.15 kB with a total of 53.19 kB.

Warning: /Applications/XAMPP/xamppfiles/htdocs/PWRIDER-CAP/src/app/modal-task-action-scheduled/modal-task-action-scheduled.page.scss exceeded maximum budget. Budget 2.05 kB was not met by 51.15 kB with a total of 53.19 kB.

Warning: /Applications/XAMPP/xamppfiles/htdocs/PWRIDER-CAP/src/app/modal-task-action-otw/modal-task-action-otw.page.scss exceeded maximum budget. Budget 2.05 kB was not met by 51.15 kB with a total of 53.19 kB.

Warning: /Applications/XAMPP/xamppfiles/htdocs/PWRIDER-CAP/src/app/modal-task-action-add-collaborator/modal-task-action-add-collaborator.page.scss exceeded maximum budget. Budget 2.05 kB was not met by 51.15 kB with a total of 53.19 kB.

Warning: /Applications/XAMPP/xamppfiles/htdocs/PWRIDER-CAP/src/app/personal-dashboard/personal-dashboard.page.scss exceeded maximum budget. Budget 2.05 kB was not met by 50.79 kB with a total of 52.84 kB.

Warning: /Applications/XAMPP/xamppfiles/htdocs/PWRIDER-CAP/src/app/gold-shipment-clock-in-list/gold-shipment-clock-in-list.page.scss exceeded maximum budget. Budget 2.05 kB was not met by 48.05 kB with a total of 50.09 kB.

Warning: /Applications/XAMPP/xamppfiles/htdocs/PWRIDER-CAP/src/app/gold-shipment-clock-in/gold-shipment-clock-in.page.scss exceeded maximum budget. Budget 2.05 kB was not met by 50.79 kB with a total of 52.84 kB.

Warning: /Applications/XAMPP/xamppfiles/htdocs/PWRIDER-CAP/src/app/gold-shipment-list/gold-shipment-list.page.scss exceeded maximum budget. Budget 2.05 kB was not met by 48.05 kB with a total of 50.09 kB.

Warning: /Applications/XAMPP/xamppfiles/htdocs/PWRIDER-CAP/src/app/gold-shipment/gold-shipment.page.scss exceeded maximum budget. Budget 2.05 kB was not met by 50.79 kB with a total of 52.84 kB.

Warning: /Applications/XAMPP/xamppfiles/htdocs/PWRIDER-CAP/src/app/assay-report-clock-in-list/assay-report-clock-in-list.page.scss exceeded maximum budget. Budget 2.05 kB was not met by 48.05 kB with a total of 50.09 kB.

Warning: /Applications/XAMPP/xamppfiles/htdocs/PWRIDER-CAP/src/app/assay-report-clock-in/assay-report-clock-in.page.scss exceeded maximum budget. Budget 2.05 kB was not met by 50.79 kB with a total of 52.84 kB.

Warning: /Applications/XAMPP/xamppfiles/htdocs/PWRIDER-CAP/src/app/mytab/mytab.component.scss exceeded maximum budget. Budget 2.05 kB was not met by 49.25 kB with a total of 51.30 kB.

Warning: /Applications/XAMPP/xamppfiles/htdocs/PWRIDER-CAP/src/app/common-header/common-header.component.scss exceeded maximum budget. Budget 2.05 kB was not met by 49.36 kB with a total of 51.41 kB.

Warning: [96msrc/app/qc-detail/qc-detail.page.html[0m:[93m10[0m:[93m38[0m - [93mwarning[0m[90m NG8107: [0mThe left side of this optional chain operation does not include 'null' or 'undefined' in its type, therefore the '?.' operator can be replaced with the '.' operator.

[7m10[0m                       <h2>{{summary?.total_XAU_amount | number: '.3'}}/{{collectionDetails?.total_XAU | number: '.3'}}</h2>
[7m  [0m [93m                                     ~~~~~~~~~~~~~~~~[0m

  [96msrc/app/qc-detail/qc-detail.page.ts[0m:[93m23[0m:[93m16[0m
    [7m23[0m   templateUrl: './qc-detail.page.html',
    [7m  [0m [96m               ~~~~~~~~~~~~~~~~~~~~~~~[0m
    Error occurs in the template of component QcDetailPage.


Warning: [96msrc/app/qc-detail/qc-detail.page.html[0m:[93m10[0m:[93m93[0m - [93mwarning[0m[90m NG8107: [0mThe left side of this optional chain operation does not include 'null' or 'undefined' in its type, therefore the '?.' operator can be replaced with the '.' operator.

[7m10[0m                       <h2>{{summary?.total_XAU_amount | number: '.3'}}/{{collectionDetails?.total_XAU | number: '.3'}}</h2>
[7m  [0m [93m                                                                                            ~~~~~~~~~[0m

  [96msrc/app/qc-detail/qc-detail.page.ts[0m:[93m23[0m:[93m16[0m
    [7m23[0m   templateUrl: './qc-detail.page.html',
    [7m  [0m [96m               ~~~~~~~~~~~~~~~~~~~~~~~[0m
    Error occurs in the template of component QcDetailPage.


Warning: [96msrc/app/qc-detail/qc-detail.page.html[0m:[93m14[0m:[93m51[0m - [93mwarning[0m[90m NG8107: [0mThe left side of this optional chain operation does not include 'null' or 'undefined' in its type, therefore the '?.' operator can be replaced with the '.' operator.

[7m14[0m                       <h2>RM {{collectionDetails?.final_amount | number: '.2'}}</h2>
[7m  [0m [93m                                                  ~~~~~~~~~~~~[0m

  [96msrc/app/qc-detail/qc-detail.page.ts[0m:[93m23[0m:[93m16[0m
    [7m23[0m   templateUrl: './qc-detail.page.html',
    [7m  [0m [96m               ~~~~~~~~~~~~~~~~~~~~~~~[0m
    Error occurs in the template of component QcDetailPage.


Warning: [96msrc/app/qc-detail/qc-detail.page.html[0m:[93m67[0m:[93m46[0m - [93mwarning[0m[90m NG8107: [0mThe left side of this optional chain operation does not include 'null' or 'undefined' in its type, therefore the '?.' operator can be replaced with the '.' operator.

[7m67[0m                     <h2>{{collectionDetails?.total_XAU_collect}}/{{collectionDetails?.poData.XAU_amount}}</h2>
[7m  [0m [93m                                             ~~~~~~~~~~~~~~~~~[0m

  [96msrc/app/qc-detail/qc-detail.page.ts[0m:[93m23[0m:[93m16[0m
    [7m23[0m   templateUrl: './qc-detail.page.html',
    [7m  [0m [96m               ~~~~~~~~~~~~~~~~~~~~~~~[0m
    Error occurs in the template of component QcDetailPage.


Warning: [96msrc/app/qc-detail/qc-detail.page.html[0m:[93m67[0m:[93m87[0m - [93mwarning[0m[90m NG8107: [0mThe left side of this optional chain operation does not include 'null' or 'undefined' in its type, therefore the '?.' operator can be replaced with the '.' operator.

[7m67[0m                     <h2>{{collectionDetails?.total_XAU_collect}}/{{collectionDetails?.poData.XAU_amount}}</h2>
[7m  [0m [93m                                                                                      ~~~~~~[0m

  [96msrc/app/qc-detail/qc-detail.page.ts[0m:[93m23[0m:[93m16[0m
    [7m23[0m   templateUrl: './qc-detail.page.html',
    [7m  [0m [96m               ~~~~~~~~~~~~~~~~~~~~~~~[0m
    Error occurs in the template of component QcDetailPage.


Warning: [96msrc/app/bullion-pending-tbc/bullion-pending-tbc.page.html[0m:[93m82[0m:[93m101[0m - [93mwarning[0m[90m NG8107: [0mThe left side of this optional chain operation does not include 'null' or 'undefined' in its type, therefore the '?.' operator can be replaced with the '.' operator.

[7m82[0m       <h5 style="margin-top: 5px; margin-left: 12px;font-weight: 600;">Total Count: {{filteredList?.length}}</h5>
[7m  [0m [93m                                                                                                    ~~~~~~[0m

  [96msrc/app/bullion-pending-tbc/bullion-pending-tbc.page.ts[0m:[93m17[0m:[93m16[0m
    [7m17[0m   templateUrl: './bullion-pending-tbc.page.html',
    [7m  [0m [96m               ~~~~~~~~~~~~~~~~~~~~~~~~~~~~~~~~~[0m
    Error occurs in the template of component BullionPendingTBCPage.


Warning: [96msrc/app/task/task.page.html[0m:[93m11[0m:[93m94[0m - [93mwarning[0m[90m NG8107: [0mThe left side of this optional chain operation does not include 'null' or 'undefined' in its type, therefore the '?.' operator can be replaced with the '.' operator.

[7m11[0m    <h5 style="margin-top: 5px; margin-left: 12px;font-weight: 600;">Total Count: {{TaskList?.length}}
[7m  [0m [93m                                                                                             ~~~~~~[0m

  [96msrc/app/task/task.page.ts[0m:[93m17[0m:[93m16[0m
    [7m17[0m   templateUrl: './task.page.html',
    [7m  [0m [96m               ~~~~~~~~~~~~~~~~~~[0m
    Error occurs in the template of component TaskPage.


Warning: [96msrc/app/task-detail/task-detail.page.html[0m:[93m77[0m:[93m82[0m - [93mwarning[0m[90m NG8107: [0mThe left side of this optional chain operation does not include 'null' or 'undefined' in its type, therefore the '?.' operator can be replaced with the '.' operator.

[7m77[0m     <ion-col size="7" style="padding-bottom:0;"><h3 class="desc">{{customerData?.name}}</h3></ion-col>
[7m  [0m [93m                                                                                 ~~~~[0m

  [96msrc/app/task-detail/task-detail.page.ts[0m:[93m41[0m:[93m16[0m
    [7m41[0m   templateUrl: './task-detail.page.html',
    [7m  [0m [96m               ~~~~~~~~~~~~~~~~~~~~~~~~~[0m
    Error occurs in the template of component TaskDetailPage.


Warning: [96msrc/app/task-detail/task-detail.page.html[0m:[93m81[0m:[93m82[0m - [93mwarning[0m[90m NG8107: [0mThe left side of this optional chain operation does not include 'null' or 'undefined' in its type, therefore the '?.' operator can be replaced with the '.' operator.

[7m81[0m     <ion-col size="7" style="padding-bottom:0;"><h3 class="desc">{{customerData?.tel}}</h3></ion-col>
[7m  [0m [93m                                                                                 ~~~[0m

  [96msrc/app/task-detail/task-detail.page.ts[0m:[93m41[0m:[93m16[0m
    [7m41[0m   templateUrl: './task-detail.page.html',
    [7m  [0m [96m               ~~~~~~~~~~~~~~~~~~~~~~~~~[0m
    Error occurs in the template of component TaskDetailPage.


Warning: [96msrc/app/task-detail/task-detail.page.html[0m:[93m85[0m:[93m88[0m - [93mwarning[0m[90m NG8107: [0mThe left side of this optional chain operation does not include 'null' or 'undefined' in its type, therefore the '?.' operator can be replaced with the '.' operator.

[7m85[0m     <ion-col size="7" style="padding-bottom:0;"><h3 class="desc"><span>{{customerData?.address1}}</span>&nbsp;<span *ngIf="customerData?.address2">{{customerData?.address2}}&nbsp;</span><span>{{customerData?.postcode}}</span>&nbsp;<span>{{customerData?.city}}</span>&nbsp;<span>{{customerData?.state}}</span></h3></ion-col>
[7m  [0m [93m                                                                                       ~~~~~~~~[0m

  [96msrc/app/task-detail/task-detail.page.ts[0m:[93m41[0m:[93m16[0m
    [7m41[0m   templateUrl: './task-detail.page.html',
    [7m  [0m [96m               ~~~~~~~~~~~~~~~~~~~~~~~~~[0m
    Error occurs in the template of component TaskDetailPage.


Warning: [96msrc/app/task-detail/task-detail.page.html[0m:[93m85[0m:[93m164[0m - [93mwarning[0m[90m NG8107: [0mThe left side of this optional chain operation does not include 'null' or 'undefined' in its type, therefore the '?.' operator can be replaced with the '.' operator.

[7m85[0m     <ion-col size="7" style="padding-bottom:0;"><h3 class="desc"><span>{{customerData?.address1}}</span>&nbsp;<span *ngIf="customerData?.address2">{{customerData?.address2}}&nbsp;</span><span>{{customerData?.postcode}}</span>&nbsp;<span>{{customerData?.city}}</span>&nbsp;<span>{{customerData?.state}}</span></h3></ion-col>
[7m  [0m [93m                                                                                                                                                                   ~~~~~~~~[0m

  [96msrc/app/task-detail/task-detail.page.ts[0m:[93m41[0m:[93m16[0m
    [7m41[0m   templateUrl: './task-detail.page.html',
    [7m  [0m [96m               ~~~~~~~~~~~~~~~~~~~~~~~~~[0m
    Error occurs in the template of component TaskDetailPage.


Warning: [96msrc/app/task-detail/task-detail.page.html[0m:[93m85[0m:[93m209[0m - [93mwarning[0m[90m NG8107: [0mThe left side of this optional chain operation does not include 'null' or 'undefined' in its type, therefore the '?.' operator can be replaced with the '.' operator.

[7m85[0m     <ion-col size="7" style="padding-bottom:0;"><h3 class="desc"><span>{{customerData?.address1}}</span>&nbsp;<span *ngIf="customerData?.address2">{{customerData?.address2}}&nbsp;</span><span>{{customerData?.postcode}}</span>&nbsp;<span>{{customerData?.city}}</span>&nbsp;<span>{{customerData?.state}}</span></h3></ion-col>
[7m  [0m [93m                                                                                                                                                                                                                ~~~~~~~~[0m

  [96msrc/app/task-detail/task-detail.page.ts[0m:[93m41[0m:[93m16[0m
    [7m41[0m   templateUrl: './task-detail.page.html',
    [7m  [0m [96m               ~~~~~~~~~~~~~~~~~~~~~~~~~[0m
    Error occurs in the template of component TaskDetailPage.


Warning: [96msrc/app/task-detail/task-detail.page.html[0m:[93m85[0m:[93m254[0m - [93mwarning[0m[90m NG8107: [0mThe left side of this optional chain operation does not include 'null' or 'undefined' in its type, therefore the '?.' operator can be replaced with the '.' operator.

[7m85[0m     <ion-col size="7" style="padding-bottom:0;"><h3 class="desc"><span>{{customerData?.address1}}</span>&nbsp;<span *ngIf="customerData?.address2">{{customerData?.address2}}&nbsp;</span><span>{{customerData?.postcode}}</span>&nbsp;<span>{{customerData?.city}}</span>&nbsp;<span>{{customerData?.state}}</span></h3></ion-col>
[7m  [0m [93m                                                                                                                                                                                                                                                             ~~~~[0m

  [96msrc/app/task-detail/task-detail.page.ts[0m:[93m41[0m:[93m16[0m
    [7m41[0m   templateUrl: './task-detail.page.html',
    [7m  [0m [96m               ~~~~~~~~~~~~~~~~~~~~~~~~~[0m
    Error occurs in the template of component TaskDetailPage.


Warning: [96msrc/app/task-detail/task-detail.page.html[0m:[93m85[0m:[93m295[0m - [93mwarning[0m[90m NG8107: [0mThe left side of this optional chain operation does not include 'null' or 'undefined' in its type, therefore the '?.' operator can be replaced with the '.' operator.

[7m85[0m     <ion-col size="7" style="padding-bottom:0;"><h3 class="desc"><span>{{customerData?.address1}}</span>&nbsp;<span *ngIf="customerData?.address2">{{customerData?.address2}}&nbsp;</span><span>{{customerData?.postcode}}</span>&nbsp;<span>{{customerData?.city}}</span>&nbsp;<span>{{customerData?.state}}</span></h3></ion-col>
[7m  [0m [93m                                                                                                                                                                                                                                                                                                      ~~~~~[0m

  [96msrc/app/task-detail/task-detail.page.ts[0m:[93m41[0m:[93m16[0m
    [7m41[0m   templateUrl: './task-detail.page.html',
    [7m  [0m [96m               ~~~~~~~~~~~~~~~~~~~~~~~~~[0m
    Error occurs in the template of component TaskDetailPage.


Warning: [96msrc/app/weight/weight.page.html[0m:[93m82[0m:[93m101[0m - [93mwarning[0m[90m NG8107: [0mThe left side of this optional chain operation does not include 'null' or 'undefined' in its type, therefore the '?.' operator can be replaced with the '.' operator.

[7m82[0m       <h5 style="margin-top: 5px; margin-left: 12px;font-weight: 600;">Total Count: {{filteredList?.length}}</h5>
[7m  [0m [93m                                                                                                    ~~~~~~[0m

  [96msrc/app/weight/weight.page.ts[0m:[93m17[0m:[93m16[0m
    [7m17[0m   templateUrl: './weight.page.html',
    [7m  [0m [96m               ~~~~~~~~~~~~~~~~~~~~[0m
    Error occurs in the template of component WeightPage.


Warning: [96msrc/app/test/test.page.html[0m:[93m82[0m:[93m102[0m - [93mwarning[0m[90m NG8107: [0mThe left side of this optional chain operation does not include 'null' or 'undefined' in its type, therefore the '?.' operator can be replaced with the '.' operator.

[7m82[0m       <h5 style="margin-top: 5px; margin-left: 12px; font-weight: 600;">Total Count: {{filteredList?.length}}</h5>
[7m  [0m [93m                                                                                                     ~~~~~~[0m

  [96msrc/app/test/test.page.ts[0m:[93m17[0m:[93m16[0m
    [7m17[0m   templateUrl: './test.page.html',
    [7m  [0m [96m               ~~~~~~~~~~~~~~~~~~[0m
    Error occurs in the template of component TestPage.


Warning: [96msrc/app/melting-job-list/melting-job-list.page.html[0m:[93m45[0m:[93m96[0m - [93mwarning[0m[90m NG8107: [0mThe left side of this optional chain operation does not include 'null' or 'undefined' in its type, therefore the '?.' operator can be replaced with the '.' operator.

[7m45[0m       <h5 style="margin-top: 5px; margin-left: 12px; font-weight: 600;">Total: {{filteredList?.length}}</h5>
[7m  [0m [93m                                                                                               ~~~~~~[0m

  [96msrc/app/melting-job-list/melting-job-list.page.ts[0m:[93m18[0m:[93m16[0m
    [7m18[0m   templateUrl: './melting-job-list.page.html',
    [7m  [0m [96m               ~~~~~~~~~~~~~~~~~~~~~~~~~~~~~~[0m
    Error occurs in the template of component MeltingJobListPage.




./src/app/task-detail/task-detail.page.ts:959:72-85 - Error: export 'roundDown' (imported as 'Big') was not found in 'big.js' (possible exports: Big, default)

./src/app/task-detail/task-detail.page.ts:960:67-80 - Error: export 'roundDown' (imported as 'Big') was not found in 'big.js' (possible exports: Big, default)

./src/app/task-detail/task-detail.page.ts:961:93-106 - Error: export 'roundDown' (imported as 'Big') was not found in 'big.js' (possible exports: Big, default)

./src/app/task-detail/task-detail.page.ts:971:70-83 - Error: export 'roundDown' (imported as 'Big') was not found in 'big.js' (possible exports: Big, default)

./src/app/task-detail/task-detail.page.ts:1120:100-113 - Error: export 'roundDown' (imported as 'Big') was not found in 'big.js' (possible exports: Big, default)

./src/app/task-detail/task-detail.page.ts:1127:74-87 - Error: export 'roundDown' (imported as 'Big') was not found in 'big.js' (possible exports: Big, default)

./src/app/task-detail/task-detail.page.ts:1131:70-83 - Error: export 'roundDown' (imported as 'Big') was not found in 'big.js' (possible exports: Big, default)

./src/app/task-detail/task-detail.page.ts:1137:92-105 - Error: export 'roundDown' (imported as 'Big') was not found in 'big.js' (possible exports: Big, default)

./src/app/task-detail/task-detail.page.ts:1139:48-61 - Error: export 'roundDown' (imported as 'Big') was not found in 'big.js' (possible exports: Big, default)

./src/app/task-detail/task-detail.page.ts:1140:58-71 - Error: export 'roundDown' (imported as 'Big') was not found in 'big.js' (possible exports: Big, default)

./src/app/task-detail/task-detail.page.ts:1147:70-83 - Error: export 'roundDown' (imported as 'Big') was not found in 'big.js' (possible exports: Big, default)

./src/app/task-detail/task-detail.page.ts:1148:65-78 - Error: export 'roundDown' (imported as 'Big') was not found in 'big.js' (possible exports: Big, default)

./src/app/task-detail/task-detail.page.ts:1149:91-104 - Error: export 'roundDown' (imported as 'Big') was not found in 'big.js' (possible exports: Big, default)

./src/app/task-detail/task-detail.page.ts:1153:68-81 - Error: export 'roundDown' (imported as 'Big') was not found in 'big.js' (possible exports: Big, default)

./src/app/test-detail/test-detail.page.ts:596:60-73 - Error: export 'roundDown' (imported as 'Big') was not found in 'big.js' (possible exports: Big, default)

./src/app/test-detail/test-detail.page.ts:609:90-103 - Error: export 'roundDown' (imported as 'Big') was not found in 'big.js' (possible exports: Big, default)

./src/app/test-detail/test-detail.page.ts:613:118-131 - Error: export 'roundDown' (imported as 'Big') was not found in 'big.js' (possible exports: Big, default)

./src/app/test-detail/test-detail.page.ts:638:61-74 - Error: export 'roundDown' (imported as 'Big') was not found in 'big.js' (possible exports: Big, default)

./src/app/test-detail/test-detail.page.ts:639:65-78 - Error: export 'roundDown' (imported as 'Big') was not found in 'big.js' (possible exports: Big, default)

./src/app/test-detail/test-detail.page.ts:648:78-91 - Error: export 'roundDown' (imported as 'Big') was not found in 'big.js' (possible exports: Big, default)

Error: [96msrc/app/app.component.ts[0m:[93m92[0m:[93m2[0m - [91merror[0m[90m TS2564: [0mProperty 'routePathParam' has no initializer and is not definitely assigned in the constructor.

[7m92[0m  routePathParam: Observable<string>;
[7m  [0m [91m ~~~~~~~~~~~~~~[0m


Error: [96msrc/app/app.component.ts[0m:[93m111[0m:[93m18[0m - [91merror[0m[90m TS7053: [0mElement implicitly has an 'any' type because expression of type '"api_url"' can't be used to index type '{}'.
  Property 'api_url' does not exist on type '{}'.

[7m111[0m   this.api_url = this.appConfig['api_url'];
[7m   [0m [91m                 ~~~~~~~~~~~~~~~~~~~~~~~~~[0m


Error: [96msrc/app/app.component.ts[0m:[93m112[0m:[93m19[0m - [91merror[0m[90m TS7053: [0mElement implicitly has an 'any' type because expression of type '"api_url2"' can't be used to index type '{}'.
  Property 'api_url2' does not exist on type '{}'.

[7m112[0m   this.api_url2 = this.appConfig['api_url2'];
[7m   [0m [91m                  ~~~~~~~~~~~~~~~~~~~~~~~~~~[0m


Error: [96msrc/app/app.component.ts[0m:[93m159[0m:[93m20[0m - [91merror[0m[90m TS4111: [0mProperty 'pushRegisterTkn' comes from an index signature, so it must be accessed with ['pushRegisterTkn'].

[7m159[0m       localStorage.pushRegisterTkn = token;
[7m   [0m [91m                   ~~~~~~~~~~~~~~~[0m


Error: [96msrc/app/app.component.ts[0m:[93m160[0m:[93m20[0m - [91merror[0m[90m TS4111: [0mProperty 'pushRegisterType' comes from an index signature, so it must be accessed with ['pushRegisterType'].

[7m160[0m       localStorage.pushRegisterType = deviceInfo.platform;
[7m   [0m [91m                   ~~~~~~~~~~~~~~~~[0m


Error: [96msrc/app/app.component.ts[0m:[93m184[0m:[93m57[0m - [91merror[0m[90m TS18046: [0m'error' is of type 'unknown'.

[7m184[0m     this.presentAlert_default("Error with Push plugin", error.toString());
[7m   [0m [91m                                                        ~~~~~[0m


Error: [96msrc/app/app.component.ts[0m:[93m189[0m:[93m35[0m - [91merror[0m[90m TS7006: [0mParameter 'pushToken' implicitly has an 'any' type.

[7m189[0m  async updatePushNotificationUser(pushToken, pushType, login_user_id) {
[7m   [0m [91m                                  ~~~~~~~~~[0m


Error: [96msrc/app/app.component.ts[0m:[93m189[0m:[93m46[0m - [91merror[0m[90m TS7006: [0mParameter 'pushType' implicitly has an 'any' type.

[7m189[0m  async updatePushNotificationUser(pushToken, pushType, login_user_id) {
[7m   [0m [91m                                             ~~~~~~~~[0m


Error: [96msrc/app/app.component.ts[0m:[93m189[0m:[93m56[0m - [91merror[0m[90m TS7006: [0mParameter 'login_user_id' implicitly has an 'any' type.

[7m189[0m  async updatePushNotificationUser(pushToken, pushType, login_user_id) {
[7m   [0m [91m                                                       ~~~~~~~~~~~~~[0m


Error: [96msrc/app/app.component.ts[0m:[93m210[0m:[93m10[0m - [91merror[0m[90m TS7053: [0mElement implicitly has an 'any' type because expression of type '"status"' can't be used to index type 'Object'.
  Property 'status' does not exist on type 'Object'.

[7m210[0m      if (data["status"] == "OK") {
[7m   [0m [91m         ~~~~~~~~~~~~~~[0m


Error: [96msrc/app/app.component.ts[0m:[93m211[0m:[93m20[0m - [91merror[0m[90m TS4111: [0mProperty 'chatNote' comes from an index signature, so it must be accessed with ['chatNote'].

[7m211[0m       localStorage.chatNote = data["result"]["data"]["chat_enabled"];
[7m   [0m [91m                   ~~~~~~~~[0m


Error: [96msrc/app/app.component.ts[0m:[93m211[0m:[93m31[0m - [91merror[0m[90m TS7053: [0mElement implicitly has an 'any' type because expression of type '"result"' can't be used to index type 'Object'.
  Property 'result' does not exist on type 'Object'.

[7m211[0m       localStorage.chatNote = data["result"]["data"]["chat_enabled"];
[7m   [0m [91m                              ~~~~~~~~~~~~~~[0m


Error: [96msrc/app/app.component.ts[0m:[93m212[0m:[93m20[0m - [91merror[0m[90m TS4111: [0mProperty 'pushNote' comes from an index signature, so it must be accessed with ['pushNote'].

[7m212[0m       localStorage.pushNote = data["result"]["data"]["push_enabled"];
[7m   [0m [91m                   ~~~~~~~~[0m


Error: [96msrc/app/app.component.ts[0m:[93m212[0m:[93m31[0m - [91merror[0m[90m TS7053: [0mElement implicitly has an 'any' type because expression of type '"result"' can't be used to index type 'Object'.
  Property 'result' does not exist on type 'Object'.

[7m212[0m       localStorage.pushNote = data["result"]["data"]["push_enabled"];
[7m   [0m [91m                              ~~~~~~~~~~~~~~[0m


Error: [96msrc/app/app.component.ts[0m:[93m213[0m:[93m20[0m - [91merror[0m[90m TS4111: [0mProperty 'vouchNote' comes from an index signature, so it must be accessed with ['vouchNote'].

[7m213[0m       localStorage.vouchNote = data["result"]["data"]["voucher_enabled"];
[7m   [0m [91m                   ~~~~~~~~~[0m


Error: [96msrc/app/app.component.ts[0m:[93m213[0m:[93m32[0m - [91merror[0m[90m TS7053: [0mElement implicitly has an 'any' type because expression of type '"result"' can't be used to index type 'Object'.
  Property 'result' does not exist on type 'Object'.

[7m213[0m       localStorage.vouchNote = data["result"]["data"]["voucher_enabled"];
[7m   [0m [91m                               ~~~~~~~~~~~~~~[0m


Error: [96msrc/app/app.component.ts[0m:[93m216[0m:[93m8[0m - [91merror[0m[90m TS7053: [0mElement implicitly has an 'any' type because expression of type '"status"' can't be used to index type 'Object'.
  Property 'status' does not exist on type 'Object'.

[7m216[0m        data["status"],
[7m   [0m [91m       ~~~~~~~~~~~~~~[0m


Error: [96msrc/app/app.component.ts[0m:[93m217[0m:[93m8[0m - [91merror[0m[90m TS7053: [0mElement implicitly has an 'any' type because expression of type '"result"' can't be used to index type 'Object'.
  Property 'result' does not exist on type 'Object'.

[7m217[0m        data["result"],
[7m   [0m [91m       ~~~~~~~~~~~~~~[0m


Error: [96msrc/app/app.component.ts[0m:[93m245[0m:[93m4[0m - [91merror[0m[90m TS2683: [0m'this' implicitly has type 'any' because it does not have a type annotation.

[7m245[0m    this.httpClient
[7m   [0m [91m   ~~~~[0m

  [96msrc/app/app.component.ts[0m:[93m240[0m:[93m27[0m
    [7m240[0m  public checkLoginToken = function () {
    [7m   [0m [96m                          ~~~~~~~~[0m
    An outer value of 'this' is shadowed by this container.


Error: [96msrc/app/app.component.ts[0m:[93m247[0m:[93m6[0m - [91merror[0m[90m TS2683: [0m'this' implicitly has type 'any' because it does not have a type annotation.

[7m247[0m      this.api_url +
[7m   [0m [91m     ~~~~[0m

  [96msrc/app/app.component.ts[0m:[93m240[0m:[93m27[0m
    [7m240[0m  public checkLoginToken = function () {
    [7m   [0m [96m                          ~~~~~~~~[0m
    An outer value of 'this' is shadowed by this container.


Error: [96msrc/app/app.component.ts[0m:[93m254[0m:[93m7[0m - [91merror[0m[90m TS7006: [0mParameter 'data2' implicitly has an 'any' type.

[7m254[0m      (data2) => {
[7m   [0m [91m      ~~~~~[0m


Error: [96msrc/app/app.component.ts[0m:[93m258[0m:[93m8[0m - [91merror[0m[90m TS2683: [0m'this' implicitly has type 'any' because it does not have a type annotation.

[7m258[0m        this.isLogin = true;
[7m   [0m [91m       ~~~~[0m

  [96msrc/app/app.component.ts[0m:[93m240[0m:[93m27[0m
    [7m240[0m  public checkLoginToken = function () {
    [7m   [0m [96m                          ~~~~~~~~[0m
    An outer value of 'this' is shadowed by this container.


Error: [96msrc/app/app.component.ts[0m:[93m263[0m:[93m8[0m - [91merror[0m[90m TS2683: [0m'this' implicitly has type 'any' because it does not have a type annotation.

[7m263[0m        this.isLogin = false;
[7m   [0m [91m       ~~~~[0m

  [96msrc/app/app.component.ts[0m:[93m240[0m:[93m27[0m
    [7m240[0m  public checkLoginToken = function () {
    [7m   [0m [96m                          ~~~~~~~~[0m
    An outer value of 'this' is shadowed by this container.


Error: [96msrc/app/app.component.ts[0m:[93m266[0m:[93m7[0m - [91merror[0m[90m TS7006: [0mParameter 'error' implicitly has an 'any' type.

[7m266[0m      (error) => {
[7m   [0m [91m      ~~~~~[0m


Error: [96msrc/app/app.component.ts[0m:[93m270[0m:[93m7[0m - [91merror[0m[90m TS2683: [0m'this' implicitly has type 'any' because it does not have a type annotation.

[7m270[0m       this.isLogin = false;
[7m   [0m [91m      ~~~~[0m

  [96msrc/app/app.component.ts[0m:[93m240[0m:[93m27[0m
    [7m240[0m  public checkLoginToken = function () {
    [7m   [0m [96m                          ~~~~~~~~[0m
    An outer value of 'this' is shadowed by this container.


Error: [96msrc/app/app.component.ts[0m:[93m277[0m:[93m4[0m - [91merror[0m[90m TS2683: [0m'this' implicitly has type 'any' because it does not have a type annotation.

[7m277[0m    this.isLogin = false;
[7m   [0m [91m   ~~~~[0m

  [96msrc/app/app.component.ts[0m:[93m240[0m:[93m27[0m
    [7m240[0m  public checkLoginToken = function () {
    [7m   [0m [96m                          ~~~~~~~~[0m
    An outer value of 'this' is shadowed by this container.


Error: [96msrc/app/app.component.ts[0m:[93m278[0m:[93m4[0m - [91merror[0m[90m TS2683: [0m'this' implicitly has type 'any' because it does not have a type annotation.

[7m278[0m    this.router.navigate(["login"]);
[7m   [0m [91m   ~~~~[0m

  [96msrc/app/app.component.ts[0m:[93m240[0m:[93m27[0m
    [7m240[0m  public checkLoginToken = function () {
    [7m   [0m [96m                          ~~~~~~~~[0m
    An outer value of 'this' is shadowed by this container.


Error: [96msrc/app/app.component.ts[0m:[93m289[0m:[93m17[0m - [91merror[0m[90m TS7006: [0mParameter 'status' implicitly has an 'any' type.

[7m289[0m  setLoginStatus(status) {
[7m   [0m [91m                ~~~~~~[0m


Error: [96msrc/app/app.component.ts[0m:[93m293[0m:[93m14[0m - [91merror[0m[90m TS7006: [0mParameter 'name' implicitly has an 'any' type.

[7m293[0m  setUserData(name, token, company_id, login_user_id, mobile, email_verified) {
[7m   [0m [91m             ~~~~[0m


Error: [96msrc/app/app.component.ts[0m:[93m293[0m:[93m20[0m - [91merror[0m[90m TS7006: [0mParameter 'token' implicitly has an 'any' type.

[7m293[0m  setUserData(name, token, company_id, login_user_id, mobile, email_verified) {
[7m   [0m [91m                   ~~~~~[0m


Error: [96msrc/app/app.component.ts[0m:[93m293[0m:[93m27[0m - [91merror[0m[90m TS7006: [0mParameter 'company_id' implicitly has an 'any' type.

[7m293[0m  setUserData(name, token, company_id, login_user_id, mobile, email_verified) {
[7m   [0m [91m                          ~~~~~~~~~~[0m


Error: [96msrc/app/app.component.ts[0m:[93m293[0m:[93m39[0m - [91merror[0m[90m TS7006: [0mParameter 'login_user_id' implicitly has an 'any' type.

[7m293[0m  setUserData(name, token, company_id, login_user_id, mobile, email_verified) {
[7m   [0m [91m                                      ~~~~~~~~~~~~~[0m


Error: [96msrc/app/app.component.ts[0m:[93m293[0m:[93m54[0m - [91merror[0m[90m TS7006: [0mParameter 'mobile' implicitly has an 'any' type.

[7m293[0m  setUserData(name, token, company_id, login_user_id, mobile, email_verified) {
[7m   [0m [91m                                                     ~~~~~~[0m


Error: [96msrc/app/app.component.ts[0m:[93m293[0m:[93m62[0m - [91merror[0m[90m TS7006: [0mParameter 'email_verified' implicitly has an 'any' type.

[7m293[0m  setUserData(name, token, company_id, login_user_id, mobile, email_verified) {
[7m   [0m [91m                                                             ~~~~~~~~~~~~~~[0m


Error: [96msrc/app/app.component.ts[0m:[93m319[0m:[93m36[0m - [91merror[0m[90m TS7006: [0mParameter 'title' implicitly has an 'any' type.

[7m319[0m  public async presentAlert_default(title, content, iconimg = "") {
[7m   [0m [91m                                   ~~~~~[0m


Error: [96msrc/app/app.component.ts[0m:[93m319[0m:[93m43[0m - [91merror[0m[90m TS7006: [0mParameter 'content' implicitly has an 'any' type.

[7m319[0m  public async presentAlert_default(title, content, iconimg = "") {
[7m   [0m [91m                                          ~~~~~~~[0m


Error: [96msrc/app/app.component.ts[0m:[93m344[0m:[93m36[0m - [91merror[0m[90m TS7006: [0mParameter 'title' implicitly has an 'any' type.

[7m344[0m  public async presentToast_default(title, content) {
[7m   [0m [91m                                   ~~~~~[0m


Error: [96msrc/app/app.component.ts[0m:[93m344[0m:[93m43[0m - [91merror[0m[90m TS7006: [0mParameter 'content' implicitly has an 'any' type.

[7m344[0m  public async presentToast_default(title, content) {
[7m   [0m [91m                                          ~~~~~~~[0m


Error: [96msrc/app/app.component.ts[0m:[93m358[0m:[93m3[0m - [91merror[0m[90m TS7006: [0mParameter 'title' implicitly has an 'any' type.

[7m358[0m   title,
[7m   [0m [91m  ~~~~~[0m


Error: [96msrc/app/app.component.ts[0m:[93m359[0m:[93m3[0m - [91merror[0m[90m TS7006: [0mParameter 'content' implicitly has an 'any' type.

[7m359[0m   content,
[7m   [0m [91m  ~~~~~~~[0m


Error: [96msrc/app/app.component.ts[0m:[93m361[0m:[93m3[0m - [91merror[0m[90m TS7006: [0mParameter 'tobeSubmit' implicitly has an 'any' type.

[7m361[0m   tobeSubmit,
[7m   [0m [91m  ~~~~~~~~~~[0m


Error: [96msrc/app/app.component.ts[0m:[93m362[0m:[93m3[0m - [91merror[0m[90m TS7006: [0mParameter 'url' implicitly has an 'any' type.

[7m362[0m   url
[7m   [0m [91m  ~~~[0m


Error: [96msrc/app/app.component.ts[0m:[93m419[0m:[93m25[0m - [91merror[0m[90m TS7006: [0mParameter 'navigate' implicitly has an 'any' type.

[7m419[0m  public async slidePage(navigate) {
[7m   [0m [91m                        ~~~~~~~~[0m


Error: [96msrc/app/app.component.ts[0m:[93m434[0m:[93m22[0m - [91merror[0m[90m TS7006: [0mParameter 'navigate' implicitly has an 'any' type.

[7m434[0m  public async goBack(navigate) {
[7m   [0m [91m                     ~~~~~~~~[0m


Error: [96msrc/app/assay-report-clock-in-list/assay-report-clock-in-list.page.ts[0m:[93m28[0m:[93m3[0m - [91merror[0m[90m TS7008: [0mMember 'selectedCustomer' implicitly has an 'any' type.

[7m28[0m   selectedCustomer; any;
[7m  [0m [91m  ~~~~~~~~~~~~~~~~[0m


Error: [96msrc/app/assay-report-clock-in-list/assay-report-clock-in-list.page.ts[0m:[93m28[0m:[93m21[0m - [91merror[0m[90m TS7008: [0mMember 'any' implicitly has an 'any' type.

[7m28[0m   selectedCustomer; any;
[7m  [0m [91m                    ~~~[0m


Error: [96msrc/app/assay-report-clock-in-list/assay-report-clock-in-list.page.ts[0m:[93m89[0m:[93m12[0m - [91merror[0m[90m TS7006: [0mParameter 'event' implicitly has an 'any' type.

[7m89[0m  doRefresh(event) {
[7m  [0m [91m           ~~~~~[0m


Error: [96msrc/app/assay-report-clock-in-list/assay-report-clock-in-list.page.ts[0m:[93m98[0m:[93m15[0m - [91merror[0m[90m TS7006: [0mParameter 'item' implicitly has an 'any' type.

[7m98[0m  sendWhatsapp(item) {
[7m  [0m [91m              ~~~~[0m


Error: [96msrc/app/assay-report-clock-in-list/assay-report-clock-in-list.page.ts[0m:[93m103[0m:[93m10[0m - [91merror[0m[90m TS7006: [0mParameter 'item' implicitly has an 'any' type.

[7m103[0m  openMap(item) {
[7m   [0m [91m         ~~~~[0m


Error: [96msrc/app/assay-report-clock-in/assay-report-clock-in.page.ts[0m:[93m9[0m:[93m8[0m - [91merror[0m[90m TS1259: [0mModule '"/Applications/XAMPP/xamppfiles/htdocs/PWRIDER-CAP/node_modules/@types/big.js/index"' can only be default-imported using the 'allowSyntheticDefaultImports' flag

[7m9[0m import Big from 'big.js';
[7m [0m [91m       ~~~[0m

  [96mnode_modules/@types/big.js/index.d.ts[0m:[93m352[0m:[93m1[0m
    [7m352[0m export = Big;
    [7m   [0m [96m~~~~~~~~~~~~~[0m
    This module is declared with 'export =', and can only be used with a default import when using the 'allowSyntheticDefaultImports' flag.


Error: [96msrc/app/assay-report-clock-in/assay-report-clock-in.page.ts[0m:[93m157[0m:[93m24[0m - [91merror[0m[90m TS18047: [0m'input.files' is possibly 'null'.

[7m157[0m           const file = input.files[0];
[7m   [0m [91m                       ~~~~~~~~~~~[0m


Error: [96msrc/app/assay-report-clock-in/assay-report-clock-in.page.ts[0m:[93m242[0m:[93m11[0m - [91merror[0m[90m TS7053: [0mElement implicitly has an 'any' type because expression of type '"status"' can't be used to index type 'Object'.
  Property 'status' does not exist on type 'Object'.

[7m242[0m       if (data['status'] === "OK") {
[7m   [0m [91m          ~~~~~~~~~~~~~~[0m


Error: [96msrc/app/assay-report-clock-in/assay-report-clock-in.page.ts[0m:[93m242[0m:[93m11[0m - [91merror[0m[90m TS18048: [0m'data' is possibly 'undefined'.

[7m242[0m       if (data['status'] === "OK") {
[7m   [0m [91m          ~~~~[0m


Error: [96msrc/app/assay-report-clock-in/assay-report-clock-in.page.ts[0m:[93m245[0m:[93m45[0m - [91merror[0m[90m TS7053: [0mElement implicitly has an 'any' type because expression of type '"message"' can't be used to index type 'Object'.
  Property 'message' does not exist on type 'Object'.

[7m245[0m         await this.showErrorAlert(new Error(data['message'] || 'Upload failed'), 'upload image');
[7m   [0m [91m                                            ~~~~~~~~~~~~~~~[0m


Error: [96msrc/app/assay-report-clock-in/assay-report-clock-in.page.ts[0m:[93m245[0m:[93m45[0m - [91merror[0m[90m TS18048: [0m'data' is possibly 'undefined'.

[7m245[0m         await this.showErrorAlert(new Error(data['message'] || 'Upload failed'), 'upload image');
[7m   [0m [91m                                            ~~~~[0m


Error: [96msrc/app/assay-report-clock-in/assay-report-clock-in.page.ts[0m:[93m279[0m:[93m11[0m - [91merror[0m[90m TS7053: [0mElement implicitly has an 'any' type because expression of type '"status"' can't be used to index type 'Object'.
  Property 'status' does not exist on type 'Object'.

[7m279[0m       if (data['status'] === "OK") {
[7m   [0m [91m          ~~~~~~~~~~~~~~[0m


Error: [96msrc/app/assay-report-clock-in/assay-report-clock-in.page.ts[0m:[93m279[0m:[93m11[0m - [91merror[0m[90m TS18048: [0m'data' is possibly 'undefined'.

[7m279[0m       if (data['status'] === "OK") {
[7m   [0m [91m          ~~~~[0m


Error: [96msrc/app/assay-report-clock-in/assay-report-clock-in.page.ts[0m:[93m282[0m:[93m45[0m - [91merror[0m[90m TS7053: [0mElement implicitly has an 'any' type because expression of type '"message"' can't be used to index type 'Object'.
  Property 'message' does not exist on type 'Object'.

[7m282[0m         await this.showErrorAlert(new Error(data['message'] || 'Upload failed'), 'upload multiple images');
[7m   [0m [91m                                            ~~~~~~~~~~~~~~~[0m


Error: [96msrc/app/assay-report-clock-in/assay-report-clock-in.page.ts[0m:[93m282[0m:[93m45[0m - [91merror[0m[90m TS18048: [0m'data' is possibly 'undefined'.

[7m282[0m         await this.showErrorAlert(new Error(data['message'] || 'Upload failed'), 'upload multiple images');
[7m   [0m [91m                                            ~~~~[0m


Error: [96msrc/app/assay-report-clock-in/assay-report-clock-in.page.ts[0m:[93m356[0m:[93m22[0m - [91merror[0m[90m TS18047: [0m'input.files' is possibly 'null'.

[7m356[0m         const file = input.files[0];
[7m   [0m [91m                     ~~~~~~~~~~~[0m


Error: [96msrc/app/assay-report-clock-in/assay-report-clock-in.page.ts[0m:[93m382[0m:[93m11[0m - [91merror[0m[90m TS7053: [0mElement implicitly has an 'any' type because expression of type '"status"' can't be used to index type 'Object'.
  Property 'status' does not exist on type 'Object'.

[7m382[0m       if (response['status'] === "OK") {
[7m   [0m [91m          ~~~~~~~~~~~~~~~~~~[0m


Error: [96msrc/app/assay-report-clock-in/assay-report-clock-in.page.ts[0m:[93m382[0m:[93m11[0m - [91merror[0m[90m TS18048: [0m'response' is possibly 'undefined'.

[7m382[0m       if (response['status'] === "OK") {
[7m   [0m [91m          ~~~~~~~~[0m


Error: [96msrc/app/assay-report-clock-in/assay-report-clock-in.page.ts[0m:[93m384[0m:[93m27[0m - [91merror[0m[90m TS7053: [0mElement implicitly has an 'any' type because expression of type '"result"' can't be used to index type 'Object'.
  Property 'result' does not exist on type 'Object'.

[7m384[0m         item.attachment = response['result'].img_path;
[7m   [0m [91m                          ~~~~~~~~~~~~~~~~~~[0m


Error: [96msrc/app/assay-report-clock-in/assay-report-clock-in.page.ts[0m:[93m384[0m:[93m27[0m - [91merror[0m[90m TS18048: [0m'response' is possibly 'undefined'.

[7m384[0m         item.attachment = response['result'].img_path;
[7m   [0m [91m                          ~~~~~~~~[0m


Error: [96msrc/app/assay-report-clock-in/assay-report-clock-in.page.ts[0m:[93m386[0m:[93m45[0m - [91merror[0m[90m TS7053: [0mElement implicitly has an 'any' type because expression of type '"message"' can't be used to index type 'Object'.
  Property 'message' does not exist on type 'Object'.

[7m386[0m         await this.showErrorAlert(new Error(response['message'] || 'Upload failed'), 'upload image for item');
[7m   [0m [91m                                            ~~~~~~~~~~~~~~~~~~~[0m


Error: [96msrc/app/assay-report-clock-in/assay-report-clock-in.page.ts[0m:[93m386[0m:[93m45[0m - [91merror[0m[90m TS18048: [0m'response' is possibly 'undefined'.

[7m386[0m         await this.showErrorAlert(new Error(response['message'] || 'Upload failed'), 'upload image for item');
[7m   [0m [91m                                            ~~~~~~~~[0m


Error: [96msrc/app/assay-report-clock-in/assay-report-clock-in.page.ts[0m:[93m437[0m:[93m18[0m - [91merror[0m[90m TS7006: [0mParameter 'imgInfo' implicitly has an 'any' type.

[7m437[0m   apiUploadImage(imgInfo, photoType) {
[7m   [0m [91m                 ~~~~~~~[0m


Error: [96msrc/app/assay-report-clock-in/assay-report-clock-in.page.ts[0m:[93m437[0m:[93m27[0m - [91merror[0m[90m TS7006: [0mParameter 'photoType' implicitly has an 'any' type.

[7m437[0m   apiUploadImage(imgInfo, photoType) {
[7m   [0m [91m                          ~~~~~~~~~[0m


Error: [96msrc/app/assay-report-clock-in/assay-report-clock-in.page.ts[0m:[93m446[0m:[93m11[0m - [91merror[0m[90m TS7053: [0mElement implicitly has an 'any' type because expression of type '"status"' can't be used to index type 'Object'.
  Property 'status' does not exist on type 'Object'.

[7m446[0m       if (data['status'] == "OK") {
[7m   [0m [91m          ~~~~~~~~~~~~~~[0m


Error: [96msrc/app/assay-report-clock-in/assay-report-clock-in.page.ts[0m:[93m447[0m:[93m9[0m - [91merror[0m[90m TS7053: [0mElement implicitly has an 'any' type because expression of type 'any' can't be used to index type 'AssayReportClockInPage'.

[7m447[0m         this[photoType].push(data['result']['img_path']);
[7m   [0m [91m        ~~~~~~~~~~~~~~~[0m


Error: [96msrc/app/assay-report-clock-in/assay-report-clock-in.page.ts[0m:[93m447[0m:[93m30[0m - [91merror[0m[90m TS7053: [0mElement implicitly has an 'any' type because expression of type '"result"' can't be used to index type 'Object'.
  Property 'result' does not exist on type 'Object'.

[7m447[0m         this[photoType].push(data['result']['img_path']);
[7m   [0m [91m                             ~~~~~~~~~~~~~~[0m


Error: [96msrc/app/assay-report-clock-in/assay-report-clock-in.page.ts[0m:[93m458[0m:[93m14[0m - [91merror[0m[90m TS7006: [0mParameter 'img_path' implicitly has an 'any' type.

[7m458[0m   delete_img(img_path) {
[7m   [0m [91m             ~~~~~~~~[0m


Error: [96msrc/app/assay-report-clock-in/assay-report-clock-in.page.ts[0m:[93m493[0m:[93m5[0m - [91merror[0m[90m TS7053: [0mElement implicitly has an 'any' type because expression of type 'string' can't be used to index type 'AssayReportClockInPage'.
  No index signature with a parameter of type 'string' was found on type 'AssayReportClockInPage'.

[7m493[0m     this[photoType] = null;
[7m   [0m [91m    ~~~~~~~~~~~~~~~[0m


Error: [96msrc/app/assay-report-clock-in/assay-report-clock-in.page.ts[0m:[93m516[0m:[93m12[0m - [91merror[0m[90m TS7053: [0mElement implicitly has an 'any' type because expression of type '"status"' can't be used to index type 'Object'.
  Property 'status' does not exist on type 'Object'.

[7m516[0m         if(response['status'] == "OK"){
[7m   [0m [91m           ~~~~~~~~~~~~~~~~~~[0m


Error: [96msrc/app/assay-report-clock-in/assay-report-clock-in.page.ts[0m:[93m557[0m:[93m39[0m - [91merror[0m[90m TS7006: [0mParameter 'a' implicitly has an 'any' type.

[7m557[0m           this.assayCompanyList.sort((a, b) => a.title.localeCompare(b.title));
[7m   [0m [91m                                      ~[0m


Error: [96msrc/app/assay-report-clock-in/assay-report-clock-in.page.ts[0m:[93m557[0m:[93m42[0m - [91merror[0m[90m TS7006: [0mParameter 'b' implicitly has an 'any' type.

[7m557[0m           this.assayCompanyList.sort((a, b) => a.title.localeCompare(b.title));
[7m   [0m [91m                                         ~[0m


Error: [96msrc/app/assay-report-clock-in/assay-report-clock-in.page.ts[0m:[93m571[0m:[93m36[0m - [91merror[0m[90m TS7006: [0mParameter 'a' implicitly has an 'any' type.

[7m571[0m           this.pwBarcodeList.sort((a, b) => a.title.localeCompare(b.title));
[7m   [0m [91m                                   ~[0m


Error: [96msrc/app/assay-report-clock-in/assay-report-clock-in.page.ts[0m:[93m571[0m:[93m39[0m - [91merror[0m[90m TS7006: [0mParameter 'b' implicitly has an 'any' type.

[7m571[0m           this.pwBarcodeList.sort((a, b) => a.title.localeCompare(b.title));
[7m   [0m [91m                                      ~[0m


Error: [96msrc/app/assay-report-clock-in/assay-report-clock-in.page.ts[0m:[93m582[0m:[93m15[0m - [91merror[0m[90m TS7006: [0mParameter 'item' implicitly has an 'any' type.

[7m582[0m   caculateXAU(item) {
[7m   [0m [91m              ~~~~[0m


Error: [96msrc/app/assay-report-clock-in/assay-report-clock-in.page.ts[0m:[93m600[0m:[93m14[0m - [91merror[0m[90m TS7006: [0mParameter 'index' implicitly has an 'any' type.

[7m600[0m   removeItem(index) {
[7m   [0m [91m             ~~~~~[0m


Error: [96msrc/app/assay-report-clock-in/assay-report-clock-in.page.ts[0m:[93m607[0m:[93m29[0m - [91merror[0m[90m TS7006: [0mParameter 'item' implicitly has an 'any' type.

[7m607[0m     this.detailList.forEach(item => {
[7m   [0m [91m                            ~~~~[0m


Error: [96msrc/app/batch-scan/batch-scan.page.ts[0m:[93m87[0m:[93m17[0m - [91merror[0m[90m TS2339: [0mProperty 'sales_order_id' does not exist on type 'never'.

[7m87[0m            list.sales_order_id ===
[7m  [0m [91m                ~~~~~~~~~~~~~~[0m


Error: [96msrc/app/batch-scan/batch-scan.page.ts[0m:[93m97[0m:[93m30[0m - [91merror[0m[90m TS2345: [0mArgument of type 'any' is not assignable to parameter of type 'never'.

[7m97[0m          this.riderList.push(jobDetails);
[7m  [0m [91m                             ~~~~~~~~~~[0m


Error: [96msrc/app/batch-scan/batch-scan.page.ts[0m:[93m156[0m:[93m24[0m - [91merror[0m[90m TS7006: [0mParameter 'type' implicitly has an 'any' type.

[7m156[0m  async openActionSheet(type) {
[7m   [0m [91m                       ~~~~[0m


Error: [96msrc/app/batch-scan/batch-scan.page.ts[0m:[93m238[0m:[93m47[0m - [91merror[0m[90m TS2345: [0mArgument of type '"default"' is not assignable to parameter of type '"light" | "dark" | undefined'.

[7m238[0m    await this.nativeAdapter.setStatusBarStyle('default');
[7m   [0m [91m                                              ~~~~~~~~~[0m


Error: [96msrc/app/batch-scan/batch-scan.page.ts[0m:[93m263[0m:[93m45[0m - [91merror[0m[90m TS2339: [0mProperty 'selectImages' does not exist on type 'NativeAdapterService'.

[7m263[0m    const results = await this.nativeAdapter.selectImages(options);
[7m   [0m [91m                                            ~~~~~~~~~~~~[0m


Error: [96msrc/app/batch-scan/batch-scan.page.ts[0m:[93m266[0m:[93m47[0m - [91merror[0m[90m TS2345: [0mArgument of type '"default"' is not assignable to parameter of type '"light" | "dark" | undefined'.

[7m266[0m    await this.nativeAdapter.setStatusBarStyle('default');
[7m   [0m [91m                                              ~~~~~~~~~[0m


Error: [96msrc/app/batch-scan/batch-scan.page.ts[0m:[93m277[0m:[93m13[0m - [91merror[0m[90m TS7006: [0mParameter 'is_multiple' implicitly has an 'any' type.

[7m277[0m  delete_img(is_multiple, img_path) {
[7m   [0m [91m            ~~~~~~~~~~~[0m


Error: [96msrc/app/batch-scan/batch-scan.page.ts[0m:[93m277[0m:[93m26[0m - [91merror[0m[90m TS7006: [0mParameter 'img_path' implicitly has an 'any' type.

[7m277[0m  delete_img(is_multiple, img_path) {
[7m   [0m [91m                         ~~~~~~~~[0m


Error: [96msrc/app/batch-scan/batch-scan.page.ts[0m:[93m302[0m:[93m40[0m - [91merror[0m[90m TS2345: [0mArgument of type 'any' is not assignable to parameter of type 'never'.

[7m302[0m          this.MultipleImageUrl.indexOf(img_path);
[7m   [0m [91m                                       ~~~~~~~~[0m


Error: [96msrc/app/batch-scan/batch-scan.page.ts[0m:[93m314[0m:[93m19[0m - [91merror[0m[90m TS7006: [0mParameter 'imgInfo' implicitly has an 'any' type.

[7m314[0m  api_upload_image(imgInfo) {
[7m   [0m [91m                  ~~~~~~~[0m


Error: [96msrc/app/batch-scan/batch-scan.page.ts[0m:[93m348[0m:[93m19[0m - [91merror[0m[90m TS7006: [0mParameter 'tobeSubmit' implicitly has an 'any' type.

[7m348[0m  one_image_upload(tobeSubmit) {
[7m   [0m [91m                  ~~~~~~~~~~[0m


Error: [96msrc/app/batch-scan/batch-scan.page.ts[0m:[93m355[0m:[93m10[0m - [91merror[0m[90m TS7053: [0mElement implicitly has an 'any' type because expression of type '"status"' can't be used to index type 'Object'.
  Property 'status' does not exist on type 'Object'.

[7m355[0m      if (data["status"] == "OK") {
[7m   [0m [91m         ~~~~~~~~~~~~~~[0m


Error: [96msrc/app/batch-scan/batch-scan.page.ts[0m:[93m360[0m:[93m35[0m - [91merror[0m[90m TS2345: [0mArgument of type 'any' is not assignable to parameter of type 'never'.

[7m360[0m        this.MultipleImageUrl.push(data["result"]["img_path"]);
[7m   [0m [91m                                  ~~~~~~~~~~~~~~~~~~~~~~~~~~[0m


Error: [96msrc/app/batch-scan/batch-scan.page.ts[0m:[93m360[0m:[93m35[0m - [91merror[0m[90m TS7053: [0mElement implicitly has an 'any' type because expression of type '"result"' can't be used to index type 'Object'.
  Property 'result' does not exist on type 'Object'.

[7m360[0m        this.MultipleImageUrl.push(data["result"]["img_path"]);
[7m   [0m [91m                                  ~~~~~~~~~~~~~~[0m


Error: [96msrc/app/batch-scan/batch-scan.page.ts[0m:[93m363[0m:[93m36[0m - [91merror[0m[90m TS2345: [0mArgument of type 'string' is not assignable to parameter of type 'never'.

[7m363[0m         this.MultipleImageUrl.push(this.imageUrl);
[7m   [0m [91m                                   ~~~~~~~~~~~~~[0m


Error: [96msrc/app/batch-scan/batch-scan.page.ts[0m:[93m364[0m:[93m36[0m - [91merror[0m[90m TS2345: [0mArgument of type 'any' is not assignable to parameter of type 'never'.

[7m364[0m         this.MultipleImageUrl.push(data["result"]["img_path"]);
[7m   [0m [91m                                   ~~~~~~~~~~~~~~~~~~~~~~~~~~[0m


Error: [96msrc/app/batch-scan/batch-scan.page.ts[0m:[93m364[0m:[93m36[0m - [91merror[0m[90m TS7053: [0mElement implicitly has an 'any' type because expression of type '"result"' can't be used to index type 'Object'.
  Property 'result' does not exist on type 'Object'.

[7m364[0m         this.MultipleImageUrl.push(data["result"]["img_path"]);
[7m   [0m [91m                                   ~~~~~~~~~~~~~~[0m


Error: [96msrc/app/batch-scan/batch-scan.page.ts[0m:[93m368[0m:[93m25[0m - [91merror[0m[90m TS7053: [0mElement implicitly has an 'any' type because expression of type '"result"' can't be used to index type 'Object'.
  Property 'result' does not exist on type 'Object'.

[7m368[0m         this.imageUrl = data["result"]["img_path"];
[7m   [0m [91m                        ~~~~~~~~~~~~~~[0m


Error: [96msrc/app/batch-scan/batch-scan.page.ts[0m:[93m392[0m:[93m28[0m - [91merror[0m[90m TS7006: [0mParameter 'imgInfo' implicitly has an 'any' type.

[7m392[0m  api_upload_multiple_image(imgInfo) {
[7m   [0m [91m                           ~~~~~~~[0m


Error: [96msrc/app/batch-scan/batch-scan.page.ts[0m:[93m426[0m:[93m26[0m - [91merror[0m[90m TS7006: [0mParameter 'tobeSubmit' implicitly has an 'any' type.

[7m426[0m    multiple_image_upload(tobeSubmit) {
[7m   [0m [91m                         ~~~~~~~~~~[0m


Error: [96msrc/app/batch-scan/batch-scan.page.ts[0m:[93m434[0m:[93m10[0m - [91merror[0m[90m TS7053: [0mElement implicitly has an 'any' type because expression of type '"status"' can't be used to index type 'Object'.
  Property 'status' does not exist on type 'Object'.

[7m434[0m      if (data["status"] == "OK") {
[7m   [0m [91m         ~~~~~~~~~~~~~~[0m


Error: [96msrc/app/batch-scan/batch-scan.page.ts[0m:[93m443[0m:[93m38[0m - [91merror[0m[90m TS7053: [0mElement implicitly has an 'any' type because expression of type '"result"' can't be used to index type 'Object'.
  Property 'result' does not exist on type 'Object'.

[7m443[0m        let newImageArr = JSON.parse( data["result"]["img_path"]);
[7m   [0m [91m                                     ~~~~~~~~~~~~~~[0m


Error: [96msrc/app/batch-scan/batch-scan.page.ts[0m:[93m445[0m:[93m29[0m - [91merror[0m[90m TS7006: [0mParameter 'imgPath' implicitly has an 'any' type.

[7m445[0m        newImageArr.forEach((imgPath) => {
[7m   [0m [91m                            ~~~~~~~[0m


Error: [96msrc/app/batch-scan/batch-scan.page.ts[0m:[93m446[0m:[93m36[0m - [91merror[0m[90m TS2345: [0mArgument of type 'any' is not assignable to parameter of type 'never'.

[7m446[0m         this.MultipleImageUrl.push(imgPath);
[7m   [0m [91m                                   ~~~~~~~[0m


Error: [96msrc/app/batch-scan/batch-scan.page.ts[0m:[93m450[0m:[93m36[0m - [91merror[0m[90m TS2345: [0mArgument of type 'string' is not assignable to parameter of type 'never'.

[7m450[0m         this.MultipleImageUrl.push(this.imageUrl);
[7m   [0m [91m                                   ~~~~~~~~~~~~~[0m


Error: [96msrc/app/batch-scan/batch-scan.page.ts[0m:[93m453[0m:[93m39[0m - [91merror[0m[90m TS7053: [0mElement implicitly has an 'any' type because expression of type '"result"' can't be used to index type 'Object'.
  Property 'result' does not exist on type 'Object'.

[7m453[0m         let newImageArr = JSON.parse( data["result"]["img_path"]);
[7m   [0m [91m                                      ~~~~~~~~~~~~~~[0m


Error: [96msrc/app/batch-scan/batch-scan.page.ts[0m:[93m455[0m:[93m30[0m - [91merror[0m[90m TS7006: [0mParameter 'imgPath' implicitly has an 'any' type.

[7m455[0m         newImageArr.forEach((imgPath) => {
[7m   [0m [91m                             ~~~~~~~[0m


Error: [96msrc/app/batch-scan/batch-scan.page.ts[0m:[93m456[0m:[93m37[0m - [91merror[0m[90m TS2345: [0mArgument of type 'any' is not assignable to parameter of type 'never'.

[7m456[0m          this.MultipleImageUrl.push(imgPath);
[7m   [0m [91m                                    ~~~~~~~[0m


Error: [96msrc/app/batch-scan/batch-scan.page.ts[0m:[93m461[0m:[93m10[0m - [91merror[0m[90m TS7053: [0mElement implicitly has an 'any' type because expression of type '"result"' can't be used to index type 'Object'.
  Property 'result' does not exist on type 'Object'.

[7m461[0m          data["result"]["img_path"]
[7m   [0m [91m         ~~~~~~~~~~~~~~[0m


Error: [96msrc/app/batch-scan/batch-scan.page.ts[0m:[93m513[0m:[93m31[0m - [91merror[0m[90m TS2345: [0mArgument of type 'any' is not assignable to parameter of type 'never'.

[7m513[0m    tobeSubmit["job_ids"].push(list.sales_order_id);
[7m   [0m [91m                              ~~~~~~~~~~~~~~~~~~~[0m


Error: [96msrc/app/batch-scan/batch-scan.page.ts[0m:[93m513[0m:[93m36[0m - [91merror[0m[90m TS2339: [0mProperty 'sales_order_id' does not exist on type 'never'.

[7m513[0m    tobeSubmit["job_ids"].push(list.sales_order_id);
[7m   [0m [91m                                   ~~~~~~~~~~~~~~[0m


Error: [96msrc/app/batch-scan/batch-scan.page.ts[0m:[93m522[0m:[93m10[0m - [91merror[0m[90m TS7053: [0mElement implicitly has an 'any' type because expression of type '"status"' can't be used to index type 'Object'.
  Property 'status' does not exist on type 'Object'.

[7m522[0m      if (data["status"] == "OK") {
[7m   [0m [91m         ~~~~~~~~~~~~~~[0m


Error: [96msrc/app/batch-scan/batch-scan.page.ts[0m:[93m532[0m:[93m8[0m - [91merror[0m[90m TS7053: [0mElement implicitly has an 'any' type because expression of type '"result"' can't be used to index type 'Object'.
  Property 'result' does not exist on type 'Object'.

[7m532[0m        data["result"],
[7m   [0m [91m       ~~~~~~~~~~~~~~[0m


Error: [96msrc/app/bullion-add-change-request/bullion-add-change-request.page.ts[0m:[93m19[0m:[93m8[0m - [91merror[0m[90m TS1259: [0mModule '"/Applications/XAMPP/xamppfiles/htdocs/PWRIDER-CAP/node_modules/@types/big.js/index"' can only be default-imported using the 'allowSyntheticDefaultImports' flag

[7m19[0m import Big from 'big.js';
[7m  [0m [91m       ~~~[0m

  [96mnode_modules/@types/big.js/index.d.ts[0m:[93m352[0m:[93m1[0m
    [7m352[0m export = Big;
    [7m   [0m [96m~~~~~~~~~~~~~[0m
    This module is declared with 'export =', and can only be used with a default import when using the 'allowSyntheticDefaultImports' flag.


Error: [96msrc/app/bullion-add-change-request/bullion-add-change-request.page.ts[0m:[93m139[0m:[93m51[0m - [91merror[0m[90m TS7015: [0mElement implicitly has an 'any' type because index expression is not of type 'number'.

[7m139[0m      this.GRND_Images = JSON.parse(this.grnDetail['multiple_image']);
[7m   [0m [91m                                                  ~~~~~~~~~~~~~~~~[0m


Error: [96msrc/app/bullion-add-change-request/bullion-add-change-request.page.ts[0m:[93m142[0m:[93m50[0m - [91merror[0m[90m TS7015: [0mElement implicitly has an 'any' type because index expression is not of type 'number'.

[7m142[0m      this.formData.grnd_id_from = this.grnDetail['goods_received_note_detail_id'];
[7m   [0m [91m                                                 ~~~~~~~~~~~~~~~~~~~~~~~~~~~~~~~[0m


Error: [96msrc/app/bullion-add-change-request/bullion-add-change-request.page.ts[0m:[93m143[0m:[93m52[0m - [91merror[0m[90m TS7015: [0mElement implicitly has an 'any' type because index expression is not of type 'number'.

[7m143[0m      this.formData.gold_name_from = this.grnDetail['gold_name'];
[7m   [0m [91m                                                   ~~~~~~~~~~~[0m


Error: [96msrc/app/bullion-add-change-request/bullion-add-change-request.page.ts[0m:[93m144[0m:[93m52[0m - [91merror[0m[90m TS7015: [0mElement implicitly has an 'any' type because index expression is not of type 'number'.

[7m144[0m      this.formData.gold_type_from = this.grnDetail['item_type_id'];
[7m   [0m [91m                                                   ~~~~~~~~~~~~~~[0m


Error: [96msrc/app/bullion-add-change-request/bullion-add-change-request.page.ts[0m:[93m145[0m:[93m55[0m - [91merror[0m[90m TS7015: [0mElement implicitly has an 'any' type because index expression is not of type 'number'.

[7m145[0m      this.formData.gold_pure_id_from = this.grnDetail['gold_pure_id'];
[7m   [0m [91m                                                      ~~~~~~~~~~~~~~[0m


Error: [96msrc/app/bullion-add-change-request/bullion-add-change-request.page.ts[0m:[93m146[0m:[93m63[0m - [91merror[0m[90m TS7015: [0mElement implicitly has an 'any' type because index expression is not of type 'number'.

[7m146[0m      this.formData.gold_pure_percentage_from = this.grnDetail['gold_pure_percentage'];
[7m   [0m [91m                                                              ~~~~~~~~~~~~~~~~~~~~~~[0m


Error: [96msrc/app/bullion-add-change-request/bullion-add-change-request.page.ts[0m:[93m147[0m:[93m49[0m - [91merror[0m[90m TS7015: [0mElement implicitly has an 'any' type because index expression is not of type 'number'.

[7m147[0m      this.formData.weight_from = this.grnDetail['weight'];
[7m   [0m [91m                                                ~~~~~~~~[0m


Error: [96msrc/app/bullion-add-change-request/bullion-add-change-request.page.ts[0m:[93m148[0m:[93m46[0m - [91merror[0m[90m TS7015: [0mElement implicitly has an 'any' type because index expression is not of type 'number'.

[7m148[0m      this.formData.XAU_from = this.grnDetail['XAU'];
[7m   [0m [91m                                             ~~~~~[0m


Error: [96msrc/app/bullion-add-change-request/bullion-add-change-request.page.ts[0m:[93m149[0m:[93m44[0m - [91merror[0m[90m TS7015: [0mElement implicitly has an 'any' type because index expression is not of type 'number'.

[7m149[0m      this.formData.rider_id = this.grnData['user_id'];
[7m   [0m [91m                                           ~~~~~~~~~[0m


Error: [96msrc/app/bullion-add-change-request/bullion-add-change-request.page.ts[0m:[93m163[0m:[93m29[0m - [91merror[0m[90m TS7006: [0mParameter 'item' implicitly has an 'any' type.

[7m163[0m         titleArray.forEach((item, index) => {
[7m   [0m [91m                            ~~~~[0m


Error: [96msrc/app/bullion-add-change-request/bullion-add-change-request.page.ts[0m:[93m163[0m:[93m35[0m - [91merror[0m[90m TS7006: [0mParameter 'index' implicitly has an 'any' type.

[7m163[0m         titleArray.forEach((item, index) => {
[7m   [0m [91m                                  ~~~~~[0m


Error: [96msrc/app/bullion-add-change-request/bullion-add-change-request.page.ts[0m:[93m178[0m:[93m26[0m - [91merror[0m[90m TS2339: [0mProperty 'title' does not exist on type 'never'.

[7m178[0m         return gold_type.title == this.grnDetail['item_type'];
[7m   [0m [91m                         ~~~~~[0m


Error: [96msrc/app/bullion-add-change-request/bullion-add-change-request.page.ts[0m:[93m178[0m:[93m50[0m - [91merror[0m[90m TS7015: [0mElement implicitly has an 'any' type because index expression is not of type 'number'.

[7m178[0m         return gold_type.title == this.grnDetail['item_type'];
[7m   [0m [91m                                                 ~~~~~~~~~~~[0m


Error: [96msrc/app/bullion-add-change-request/bullion-add-change-request.page.ts[0m:[93m187[0m:[93m68[0m - [91merror[0m[90m TS2339: [0mProperty 'toString' does not exist on type 'never'.

[7m187[0m         'item_type_id_to': selectedItem_type_id[0]['item_type_id'].toString(),
[7m   [0m [91m                                                                   ~~~~~~~~[0m


Error: [96msrc/app/bullion-add-change-request/bullion-add-change-request.page.ts[0m:[93m195[0m:[93m36[0m - [91merror[0m[90m TS2345: [0mArgument of type '{ grnd_change_request_id: any; is_gold: any; is_editable: number; gold_name_to: any; gold_pure_id_to: any; item_type_id_to: any; gold_pure_percentage_to: any; weight_to: number; XAU_to: any; image_list: any; remark: any; }' is not assignable to parameter of type 'never'.

[7m195[0m        this.formData.ItemList.push(tmp_item);
[7m   [0m [91m                                   ~~~~~~~~[0m


Error: [96msrc/app/bullion-add-change-request/bullion-add-change-request.page.ts[0m:[93m230[0m:[93m31[0m - [91merror[0m[90m TS2345: [0mArgument of type '{ is_gold: string; gold_name_to: string; gold_pure_id_to: string; item_type_id_to: string; gold_pure_percentage_to: number; weight_to: number; XAU_to: number; image_list: { type: number; img: string; }[]; remark: string; }' is not assignable to parameter of type 'never'.

[7m230[0m   this.formData.ItemList.push(tmp);
[7m   [0m [91m                              ~~~[0m


Error: [96msrc/app/bullion-add-change-request/bullion-add-change-request.page.ts[0m:[93m234[0m:[93m23[0m - [91merror[0m[90m TS7006: [0mParameter 'item' implicitly has an 'any' type.

[7m234[0m  async modify_request(item, index) {
[7m   [0m [91m                      ~~~~[0m


Error: [96msrc/app/bullion-add-change-request/bullion-add-change-request.page.ts[0m:[93m234[0m:[93m29[0m - [91merror[0m[90m TS7006: [0mParameter 'index' implicitly has an 'any' type.

[7m234[0m  async modify_request(item, index) {
[7m   [0m [91m                            ~~~~~[0m


Error: [96msrc/app/bullion-add-change-request/bullion-add-change-request.page.ts[0m:[93m257[0m:[93m47[0m - [91merror[0m[90m TS7015: [0mElement implicitly has an 'any' type because index expression is not of type 'number'.

[7m257[0m   this.formData.gainLoss_XAU = this.grnDetail['XAU'];
[7m   [0m [91m                                              ~~~~~[0m


Error: [96msrc/app/bullion-add-change-request/bullion-add-change-request.page.ts[0m:[93m261[0m:[93m13[0m - [91merror[0m[90m TS2339: [0mProperty 'is_gold' does not exist on type 'never'.

[7m261[0m    if(value.is_gold == 1 || value.is_gold == 2){ // is gold
[7m   [0m [91m            ~~~~~~~[0m


Error: [96msrc/app/bullion-add-change-request/bullion-add-change-request.page.ts[0m:[93m261[0m:[93m35[0m - [91merror[0m[90m TS2339: [0mProperty 'is_gold' does not exist on type 'never'.

[7m261[0m    if(value.is_gold == 1 || value.is_gold == 2){ // is gold
[7m   [0m [91m                                  ~~~~~~~[0m


Error: [96msrc/app/bullion-add-change-request/bullion-add-change-request.page.ts[0m:[93m262[0m:[93m72[0m - [91merror[0m[90m TS2339: [0mProperty 'XAU_to' does not exist on type 'never'.

[7m262[0m     total_change_XAU = parseFloat((total_change_XAU + parseFloat(value.XAU_to)).toFixed(3));
[7m   [0m [91m                                                                       ~~~~~~[0m


Error: [96msrc/app/bullion-add-change-request/bullion-add-change-request.page.ts[0m:[93m264[0m:[93m63[0m - [91merror[0m[90m TS2339: [0mProperty 'weight_to' does not exist on type 'never'.

[7m264[0m    total_weight = parseFloat((total_weight + parseFloat(value.weight_to)).toFixed(2));
[7m   [0m [91m                                                              ~~~~~~~~~[0m


Error: [96msrc/app/bullion-add-change-request/bullion-add-change-request.page.ts[0m:[93m267[0m:[93m89[0m - [91merror[0m[90m TS7015: [0mElement implicitly has an 'any' type because index expression is not of type 'number'.

[7m267[0m   this.formData.gainLoss_XAU = parseFloat((total_change_XAU - parseFloat(this.grnDetail['XAU'])).toFixed(3));
[7m   [0m [91m                                                                                        ~~~~~[0m


Error: [96msrc/app/bullion-add-change-request/bullion-add-change-request.page.ts[0m:[93m271[0m:[93m29[0m - [91merror[0m[90m TS7015: [0mElement implicitly has an 'any' type because index expression is not of type 'number'.

[7m271[0m   if (typeof this.grnDetail['weight'] === 'number') {
[7m   [0m [91m                            ~~~~~~~~[0m


Error: [96msrc/app/bullion-add-change-request/bullion-add-change-request.page.ts[0m:[93m272[0m:[93m50[0m - [91merror[0m[90m TS7015: [0mElement implicitly has an 'any' type because index expression is not of type 'number'.

[7m272[0m    var detail_weight = parseFloat(this.grnDetail['weight'].toFixed(2))
[7m   [0m [91m                                                 ~~~~~~~~[0m


Error: [96msrc/app/bullion-add-change-request/bullion-add-change-request.page.ts[0m:[93m274[0m:[93m39[0m - [91merror[0m[90m TS7015: [0mElement implicitly has an 'any' type because index expression is not of type 'number'.

[7m274[0m    var detail_weight = this.grnDetail['weight'];
[7m   [0m [91m                                      ~~~~~~~~[0m


Error: [96msrc/app/bullion-add-change-request/bullion-add-change-request.page.ts[0m:[93m287[0m:[93m14[0m - [91merror[0m[90m TS7006: [0mParameter 'num' implicitly has an 'any' type.

[7m287[0m  no_round_up(num, rounded) {
[7m   [0m [91m             ~~~[0m


Error: [96msrc/app/bullion-add-change-request/bullion-add-change-request.page.ts[0m:[93m287[0m:[93m19[0m - [91merror[0m[90m TS7006: [0mParameter 'rounded' implicitly has an 'any' type.

[7m287[0m  no_round_up(num, rounded) {
[7m   [0m [91m                  ~~~~~~~[0m


Error: [96msrc/app/bullion-add-change-request/bullion-add-change-request.page.ts[0m:[93m360[0m:[93m72[0m - [91merror[0m[90m TS18046: [0m'error' is of type 'unknown'.

[7m360[0m    await this.presentErrorAlert('Error', 'Failed to capture photo: ' + error.message);
[7m   [0m [91m                                                                       ~~~~~[0m


Error: [96msrc/app/bullion-add-change-request/bullion-add-change-request.page.ts[0m:[93m401[0m:[93m31[0m - [91merror[0m[90m TS2769: [0mNo overload matches this call.
  Overload 1 of 4, '(iterable: Iterable<File> | ArrayLike<File>): File[]', gave the following error.
    Argument of type 'FileList | null' is not assignable to parameter of type 'Iterable<File> | ArrayLike<File>'.
  Overload 2 of 4, '(arrayLike: ArrayLike<File>): File[]', gave the following error.
    Argument of type 'FileList | null' is not assignable to parameter of type 'ArrayLike<File>'.
      Type 'null' is not assignable to type 'ArrayLike<File>'.

[7m401[0m      const files = Array.from(input.files);
[7m   [0m [91m                              ~~~~~~~~~~~[0m



Error: [96msrc/app/bullion-add-change-request/bullion-add-change-request.page.ts[0m:[93m495[0m:[93m8[0m - [91merror[0m[90m TS7053: [0mElement implicitly has an 'any' type because expression of type '"status"' can't be used to index type 'Object'.
  Property 'status' does not exist on type 'Object'.

[7m495[0m    if (data['status'] === "OK") {
[7m   [0m [91m       ~~~~~~~~~~~~~~[0m


Error: [96msrc/app/bullion-add-change-request/bullion-add-change-request.page.ts[0m:[93m495[0m:[93m8[0m - [91merror[0m[90m TS18048: [0m'data' is possibly 'undefined'.

[7m495[0m    if (data['status'] === "OK") {
[7m   [0m [91m       ~~~~[0m


Error: [96msrc/app/bullion-add-change-request/bullion-add-change-request.page.ts[0m:[93m496[0m:[93m48[0m - [91merror[0m[90m TS2339: [0mProperty 'image_list' does not exist on type 'never'.

[7m496[0m     this.formData.ItemList[this.SelectedIndex].image_list[this.SelectedType].img = data['result']['img_path'];
[7m   [0m [91m                                               ~~~~~~~~~~[0m


Error: [96msrc/app/bullion-add-change-request/bullion-add-change-request.page.ts[0m:[93m496[0m:[93m84[0m - [91merror[0m[90m TS7053: [0mElement implicitly has an 'any' type because expression of type '"result"' can't be used to index type 'Object'.
  Property 'result' does not exist on type 'Object'.

[7m496[0m     this.formData.ItemList[this.SelectedIndex].image_list[this.SelectedType].img = data['result']['img_path'];
[7m   [0m [91m                                                                                   ~~~~~~~~~~~~~~[0m


Error: [96msrc/app/bullion-add-change-request/bullion-add-change-request.page.ts[0m:[93m496[0m:[93m84[0m - [91merror[0m[90m TS18048: [0m'data' is possibly 'undefined'.

[7m496[0m     this.formData.ItemList[this.SelectedIndex].image_list[this.SelectedType].img = data['result']['img_path'];
[7m   [0m [91m                                                                                   ~~~~[0m


Error: [96msrc/app/bullion-add-change-request/bullion-add-change-request.page.ts[0m:[93m502[0m:[93m21[0m - [91merror[0m[90m TS7053: [0mElement implicitly has an 'any' type because expression of type '"message"' can't be used to index type 'Object'.
  Property 'message' does not exist on type 'Object'.

[7m502[0m     throw new Error(data['message'] || 'Upload failed');
[7m   [0m [91m                    ~~~~~~~~~~~~~~~[0m


Error: [96msrc/app/bullion-add-change-request/bullion-add-change-request.page.ts[0m:[93m502[0m:[93m21[0m - [91merror[0m[90m TS18048: [0m'data' is possibly 'undefined'.

[7m502[0m     throw new Error(data['message'] || 'Upload failed');
[7m   [0m [91m                    ~~~~[0m


Error: [96msrc/app/bullion-add-change-request/bullion-add-change-request.page.ts[0m:[93m510[0m:[93m13[0m - [91merror[0m[90m TS7006: [0mParameter 'type' implicitly has an 'any' type.

[7m510[0m  delete_img(type, index) {
[7m   [0m [91m            ~~~~[0m


Error: [96msrc/app/bullion-add-change-request/bullion-add-change-request.page.ts[0m:[93m510[0m:[93m19[0m - [91merror[0m[90m TS7006: [0mParameter 'index' implicitly has an 'any' type.

[7m510[0m  delete_img(type, index) {
[7m   [0m [91m                  ~~~~~[0m


Error: [96msrc/app/bullion-add-change-request/bullion-add-change-request.page.ts[0m:[93m525[0m:[93m36[0m - [91merror[0m[90m TS2339: [0mProperty 'image_list' does not exist on type 'never'.

[7m525[0m      this.formData.ItemList[index].image_list[type].img = '';
[7m   [0m [91m                                   ~~~~~~~~~~[0m


Error: [96msrc/app/bullion-add-change-request/bullion-add-change-request.page.ts[0m:[93m557[0m:[93m70[0m - [91merror[0m[90m TS7015: [0mElement implicitly has an 'any' type because index expression is not of type 'number'.

[7m557[0m      this.router.navigate(["/bullion-change-request/",this.grnDetail['goods_received_note_detail_id']]);
[7m   [0m [91m                                                                     ~~~~~~~~~~~~~~~~~~~~~~~~~~~~~~~[0m


Error: [96msrc/app/bullion-change-request/bullion-change-request.page.ts[0m:[93m104[0m:[93m9[0m - [91merror[0m[90m TS7053: [0mElement implicitly has an 'any' type because expression of type '"MultipleImageUrl_tng"' can't be used to index type '{}'.
  Property 'MultipleImageUrl_tng' does not exist on type '{}'.

[7m104[0m      if(this.grnData['MultipleImageUrl_tng'] !== null){
[7m   [0m [91m        ~~~~~~~~~~~~~~~~~~~~~~~~~~~~~~~~~~~~[0m


Error: [96msrc/app/bullion-change-request/bullion-change-request.page.ts[0m:[93m105[0m:[93m7[0m - [91merror[0m[90m TS7053: [0mElement implicitly has an 'any' type because expression of type '"MultipleImageUrl_tng"' can't be used to index type '{}'.
  Property 'MultipleImageUrl_tng' does not exist on type '{}'.

[7m105[0m       this.grnData['MultipleImageUrl_tng'] = JSON.parse(this.grnData['MultipleImageUrl_tng'])
[7m   [0m [91m      ~~~~~~~~~~~~~~~~~~~~~~~~~~~~~~~~~~~~[0m


Error: [96msrc/app/bullion-change-request/bullion-change-request.page.ts[0m:[93m105[0m:[93m57[0m - [91merror[0m[90m TS7053: [0mElement implicitly has an 'any' type because expression of type '"MultipleImageUrl_tng"' can't be used to index type '{}'.
  Property 'MultipleImageUrl_tng' does not exist on type '{}'.

[7m105[0m       this.grnData['MultipleImageUrl_tng'] = JSON.parse(this.grnData['MultipleImageUrl_tng'])
[7m   [0m [91m                                                        ~~~~~~~~~~~~~~~~~~~~~~~~~~~~~~~~~~~~[0m


Error: [96msrc/app/bullion-change-request/bullion-change-request.page.ts[0m:[93m106[0m:[93m15[0m - [91merror[0m[90m TS7053: [0mElement implicitly has an 'any' type because expression of type '"MultipleImageUrl_tng"' can't be used to index type '{}'.
  Property 'MultipleImageUrl_tng' does not exist on type '{}'.

[7m106[0m      }else if(this.grnData['MultipleImageUrl_tng'] == null){
[7m   [0m [91m              ~~~~~~~~~~~~~~~~~~~~~~~~~~~~~~~~~~~~[0m


Error: [96msrc/app/bullion-change-request/bullion-change-request.page.ts[0m:[93m107[0m:[93m7[0m - [91merror[0m[90m TS7053: [0mElement implicitly has an 'any' type because expression of type '"MultipleImageUrl_tng"' can't be used to index type '{}'.
  Property 'MultipleImageUrl_tng' does not exist on type '{}'.

[7m107[0m       this.grnData['MultipleImageUrl_tng'] = [];
[7m   [0m [91m      ~~~~~~~~~~~~~~~~~~~~~~~~~~~~~~~~~~~~[0m


Error: [96msrc/app/bullion-change-request/bullion-change-request.page.ts[0m:[93m111[0m:[93m54[0m - [91merror[0m[90m TS7015: [0mElement implicitly has an 'any' type because index expression is not of type 'number'.

[7m111[0m      this.selected_warehouse_id = this.grnDetailData['warehouse_id'];
[7m   [0m [91m                                                     ~~~~~~~~~~~~~~[0m


Error: [96msrc/app/bullion-change-request/bullion-change-request.page.ts[0m:[93m120[0m:[93m7[0m - [91merror[0m[90m TS2322: [0mType 'string' is not assignable to type 'never'.

[7m120[0m       this.grn_change_requests[index]['status_color'] = '#'+requestStatusList[item['status']]['color'];
[7m   [0m [91m      ~~~~~~~~~~~~~~~~~~~~~~~~~~~~~~~~~~~~~~~~~~~~~~~[0m


Error: [96msrc/app/bullion-change-request/bullion-change-request.page.ts[0m:[93m121[0m:[93m7[0m - [91merror[0m[90m TS2322: [0mType 'any' is not assignable to type 'never'.

[7m121[0m       this.grn_change_requests[index]['status_title'] = requestStatusList[item['status']]['title'];
[7m   [0m [91m      ~~~~~~~~~~~~~~~~~~~~~~~~~~~~~~~~~~~~~~~~~~~~~~~[0m


Error: [96msrc/app/bullion-change-request/bullion-change-request.page.ts[0m:[93m122[0m:[93m15[0m - [91merror[0m[90m TS2339: [0mProperty 'gainLoss_XAU' does not exist on type 'never'.

[7m122[0m       if(item.gainLoss_XAU > 0){
[7m   [0m [91m              ~~~~~~~~~~~~[0m


Error: [96msrc/app/bullion-change-request/bullion-change-request.page.ts[0m:[93m123[0m:[93m8[0m - [91merror[0m[90m TS2322: [0mType 'string' is not assignable to type 'never'.

[7m123[0m        this.grn_change_requests[index]['XAU_status_color'] = 'green';
[7m   [0m [91m       ~~~~~~~~~~~~~~~~~~~~~~~~~~~~~~~~~~~~~~~~~~~~~~~~~~~[0m


Error: [96msrc/app/bullion-change-request/bullion-change-request.page.ts[0m:[93m124[0m:[93m8[0m - [91merror[0m[90m TS2322: [0mType 'string' is not assignable to type 'never'.

[7m124[0m        this.grn_change_requests[index]['XAU_status_text'] = '▲';
[7m   [0m [91m       ~~~~~~~~~~~~~~~~~~~~~~~~~~~~~~~~~~~~~~~~~~~~~~~~~~[0m


Error: [96msrc/app/bullion-change-request/bullion-change-request.page.ts[0m:[93m126[0m:[93m8[0m - [91merror[0m[90m TS2322: [0mType 'string' is not assignable to type 'never'.

[7m126[0m        this.grn_change_requests[index]['XAU_status_color'] = 'red';
[7m   [0m [91m       ~~~~~~~~~~~~~~~~~~~~~~~~~~~~~~~~~~~~~~~~~~~~~~~~~~~[0m


Error: [96msrc/app/bullion-change-request/bullion-change-request.page.ts[0m:[93m127[0m:[93m8[0m - [91merror[0m[90m TS2322: [0mType 'string' is not assignable to type 'never'.

[7m127[0m        this.grn_change_requests[index]['XAU_status_text'] = '▼';
[7m   [0m [91m       ~~~~~~~~~~~~~~~~~~~~~~~~~~~~~~~~~~~~~~~~~~~~~~~~~~[0m


Error: [96msrc/app/bullion-change-request/bullion-change-request.page.ts[0m:[93m132[0m:[93m9[0m - [91merror[0m[90m TS2322: [0mType 'any' is not assignable to type 'never'.

[7m132[0m         this.grn_change_requests[index]['image_list'] = JSON.parse(item['image_list']);
[7m   [0m [91m        ~~~~~~~~~~~~~~~~~~~~~~~~~~~~~~~~~~~~~~~~~~~~~[0m


Error: [96msrc/app/bullion-change-request/bullion-change-request.page.ts[0m:[93m136[0m:[93m9[0m - [91merror[0m[90m TS2322: [0mType 'string' is not assignable to type 'never'.

[7m136[0m         this.grn_change_requests[index]['remark'] = '-';
[7m   [0m [91m        ~~~~~~~~~~~~~~~~~~~~~~~~~~~~~~~~~~~~~~~~~[0m


Error: [96msrc/app/bullion-change-request/bullion-change-request.page.ts[0m:[93m153[0m:[93m13[0m - [91merror[0m[90m TS7006: [0mParameter '$id' implicitly has an 'any' type.

[7m153[0m  update_now($id) {
[7m   [0m [91m            ~~~[0m


Error: [96msrc/app/bullion-change-request/bullion-change-request.page.ts[0m:[93m167[0m:[93m7[0m - [91merror[0m[90m TS7053: [0mElement implicitly has an 'any' type because expression of type '"status"' can't be used to index type '{ grnd_change_request_id: any; token: any; mode: string; }'.
  Property 'status' does not exist on type '{ grnd_change_request_id: any; token: any; mode: string; }'.

[7m167[0m       tobeSubmit['status'] = 2;
[7m   [0m [91m      ~~~~~~~~~~~~~~~~~~~~[0m


Error: [96msrc/app/bullion-change-request/bullion-change-request.page.ts[0m:[93m175[0m:[93m7[0m - [91merror[0m[90m TS7053: [0mElement implicitly has an 'any' type because expression of type '"status"' can't be used to index type '{ grnd_change_request_id: any; token: any; mode: string; }'.
  Property 'status' does not exist on type '{ grnd_change_request_id: any; token: any; mode: string; }'.

[7m175[0m       tobeSubmit['status'] = 1;
[7m   [0m [91m      ~~~~~~~~~~~~~~~~~~~~[0m


Error: [96msrc/app/bullion-change-request/bullion-change-request.page.ts[0m:[93m186[0m:[93m11[0m - [91merror[0m[90m TS7006: [0mParameter 'tobeSubmit' implicitly has an 'any' type.

[7m186[0m  postData(tobeSubmit){
[7m   [0m [91m          ~~~~~~~~~~[0m


Error: [96msrc/app/bullion-change-request/bullion-change-request.page.ts[0m:[93m205[0m:[93m73[0m - [91merror[0m[90m TS7015: [0mElement implicitly has an 'any' type because index expression is not of type 'number'.

[7m205[0m     this.router.navigate(["/bullion-change-request/",this.grnDetailData['goods_received_note_detail_id']]);
[7m   [0m [91m                                                                        ~~~~~~~~~~~~~~~~~~~~~~~~~~~~~~~[0m


Error: [96msrc/app/bullion-pending-check-detail/bullion-pending-check-detail.page.ts[0m:[93m22[0m:[93m8[0m - [91merror[0m[90m TS1259: [0mModule '"/Applications/XAMPP/xamppfiles/htdocs/PWRIDER-CAP/node_modules/@types/big.js/index"' can only be default-imported using the 'allowSyntheticDefaultImports' flag

[7m22[0m import Big from 'big.js';
[7m  [0m [91m       ~~~[0m

  [96mnode_modules/@types/big.js/index.d.ts[0m:[93m352[0m:[93m1[0m
    [7m352[0m export = Big;
    [7m   [0m [96m~~~~~~~~~~~~~[0m
    This module is declared with 'export =', and can only be used with a default import when using the 'allowSyntheticDefaultImports' flag.


Error: [96msrc/app/bullion-pending-check-detail/bullion-pending-check-detail.page.ts[0m:[93m44[0m:[93m2[0m - [91merror[0m[90m TS2564: [0mProperty 'customer_balance_XAU' has no initializer and is not definitely assigned in the constructor.

[7m44[0m  customer_balance_XAU: 0;
[7m  [0m [91m ~~~~~~~~~~~~~~~~~~~~[0m


Error: [96msrc/app/bullion-pending-check-detail/bullion-pending-check-detail.page.ts[0m:[93m166[0m:[93m30[0m - [91merror[0m[90m TS2345: [0mArgument of type 'string | null' is not assignable to parameter of type 'string'.
  Type 'null' is not assignable to type 'string'.

[7m166[0m     const draft = JSON.parse(localStorage.getItem(`bullionCheckDraft_${this.goods_received_note_id}`));
[7m   [0m [91m                             ~~~~~~~~~~~~~~~~~~~~~~~~~~~~~~~~~~~~~~~~~~~~~~~~~~~~~~~~~~~~~~~~~~~~~~~~[0m


Error: [96msrc/app/bullion-pending-check-detail/bullion-pending-check-detail.page.ts[0m:[93m221[0m:[93m16[0m - [91merror[0m[90m TS7053: [0mElement implicitly has an 'any' type because expression of type '"MultipleImageUrl_tng"' can't be used to index type '{}'.
  Property 'MultipleImageUrl_tng' does not exist on type '{}'.

[7m221[0m             if(this.grnData['MultipleImageUrl_tng'] !== null){
[7m   [0m [91m               ~~~~~~~~~~~~~~~~~~~~~~~~~~~~~~~~~~~~[0m


Error: [96msrc/app/bullion-pending-check-detail/bullion-pending-check-detail.page.ts[0m:[93m222[0m:[93m15[0m - [91merror[0m[90m TS7053: [0mElement implicitly has an 'any' type because expression of type '"MultipleImageUrl_tng"' can't be used to index type '{}'.
  Property 'MultipleImageUrl_tng' does not exist on type '{}'.

[7m222[0m               this.grnData['MultipleImageUrl_tng'] = JSON.parse(this.grnData['MultipleImageUrl_tng'])
[7m   [0m [91m              ~~~~~~~~~~~~~~~~~~~~~~~~~~~~~~~~~~~~[0m


Error: [96msrc/app/bullion-pending-check-detail/bullion-pending-check-detail.page.ts[0m:[93m222[0m:[93m65[0m - [91merror[0m[90m TS7053: [0mElement implicitly has an 'any' type because expression of type '"MultipleImageUrl_tng"' can't be used to index type '{}'.
  Property 'MultipleImageUrl_tng' does not exist on type '{}'.

[7m222[0m               this.grnData['MultipleImageUrl_tng'] = JSON.parse(this.grnData['MultipleImageUrl_tng'])
[7m   [0m [91m                                                                ~~~~~~~~~~~~~~~~~~~~~~~~~~~~~~~~~~~~[0m


Error: [96msrc/app/bullion-pending-check-detail/bullion-pending-check-detail.page.ts[0m:[93m223[0m:[93m22[0m - [91merror[0m[90m TS7053: [0mElement implicitly has an 'any' type because expression of type '"MultipleImageUrl_tng"' can't be used to index type '{}'.
  Property 'MultipleImageUrl_tng' does not exist on type '{}'.

[7m223[0m             }else if(this.grnData['MultipleImageUrl_tng'] == null){
[7m   [0m [91m                     ~~~~~~~~~~~~~~~~~~~~~~~~~~~~~~~~~~~~[0m


Error: [96msrc/app/bullion-pending-check-detail/bullion-pending-check-detail.page.ts[0m:[93m224[0m:[93m15[0m - [91merror[0m[90m TS7053: [0mElement implicitly has an 'any' type because expression of type '"MultipleImageUrl_tng"' can't be used to index type '{}'.
  Property 'MultipleImageUrl_tng' does not exist on type '{}'.

[7m224[0m               this.grnData['MultipleImageUrl_tng'] = [];
[7m   [0m [91m              ~~~~~~~~~~~~~~~~~~~~~~~~~~~~~~~~~~~~[0m


Error: [96msrc/app/bullion-pending-check-detail/bullion-pending-check-detail.page.ts[0m:[93m226[0m:[93m26[0m - [91merror[0m[90m TS7053: [0mElement implicitly has an 'any' type because expression of type '"purchase_order_id"' can't be used to index type '{}'.
  Property 'purchase_order_id' does not exist on type '{}'.

[7m226[0m             this.po_id = this.grnData['purchase_order_id'];
[7m   [0m [91m                         ~~~~~~~~~~~~~~~~~~~~~~~~~~~~~~~~~[0m


Error: [96msrc/app/bullion-pending-check-detail/bullion-pending-check-detail.page.ts[0m:[93m271[0m:[93m8[0m - [91merror[0m[90m TS7034: [0mVariable 'itemList' implicitly has type 'any[]' in some locations where its type cannot be determined.

[7m271[0m    var itemList = [];
[7m   [0m [91m       ~~~~~~~~[0m


Error: [96msrc/app/bullion-pending-check-detail/bullion-pending-check-detail.page.ts[0m:[93m279[0m:[93m20[0m - [91merror[0m[90m TS2339: [0mProperty 'item_type_id' does not exist on type 'never'.

[7m279[0m      item_type : v.item_type_id,
[7m   [0m [91m                   ~~~~~~~~~~~~[0m


Error: [96msrc/app/bullion-pending-check-detail/bullion-pending-check-detail.page.ts[0m:[93m280[0m:[93m20[0m - [91merror[0m[90m TS2339: [0mProperty 'customer_gold_pure_id' does not exist on type 'never'.

[7m280[0m      item_code : v.customer_gold_pure_id,
[7m   [0m [91m                   ~~~~~~~~~~~~~~~~~~~~~[0m


Error: [96msrc/app/bullion-pending-check-detail/bullion-pending-check-detail.page.ts[0m:[93m281[0m:[93m24[0m - [91merror[0m[90m TS2339: [0mProperty 'weight' does not exist on type 'never'.

[7m281[0m           gram : Big(v.weight).toNumber(),
[7m   [0m [91m                       ~~~~~~[0m


Error: [96msrc/app/bullion-pending-check-detail/bullion-pending-check-detail.page.ts[0m:[93m282[0m:[93m29[0m - [91merror[0m[90m TS2339: [0mProperty 'previous_weight' does not exist on type 'never'.

[7m282[0m           previous_gram : v.previous_weight ? Big(v.previous_weight).toNumber() : 0,
[7m   [0m [91m                            ~~~~~~~~~~~~~~~[0m


Error: [96msrc/app/bullion-pending-check-detail/bullion-pending-check-detail.page.ts[0m:[93m282[0m:[93m53[0m - [91merror[0m[90m TS2339: [0mProperty 'previous_weight' does not exist on type 'never'.

[7m282[0m           previous_gram : v.previous_weight ? Big(v.previous_weight).toNumber() : 0,
[7m   [0m [91m                                                    ~~~~~~~~~~~~~~~[0m


Error: [96msrc/app/bullion-pending-check-detail/bullion-pending-check-detail.page.ts[0m:[93m283[0m:[93m20[0m - [91merror[0m[90m TS2339: [0mProperty 'gold_name' does not exist on type 'never'.

[7m283[0m      gold_name : v.gold_name,
[7m   [0m [91m                   ~~~~~~~~~[0m


Error: [96msrc/app/bullion-pending-check-detail/bullion-pending-check-detail.page.ts[0m:[93m284[0m:[93m22[0m - [91merror[0m[90m TS2339: [0mProperty 'gold_pure_id' does not exist on type 'never'.

[7m284[0m      gold_pure_id: v.gold_pure_id,
[7m   [0m [91m                     ~~~~~~~~~~~~[0m


Error: [96msrc/app/bullion-pending-check-detail/bullion-pending-check-detail.page.ts[0m:[93m285[0m:[93m32[0m - [91merror[0m[90m TS2339: [0mProperty 'gold_pure_percentage' does not exist on type 'never'.

[7m285[0m      gold_pure_percent : Big(v.gold_pure_percentage).toNumber(),
[7m   [0m [91m                               ~~~~~~~~~~~~~~~~~~~~[0m


Error: [96msrc/app/bullion-pending-check-detail/bullion-pending-check-detail.page.ts[0m:[93m286[0m:[93m25[0m - [91merror[0m[90m TS2339: [0mProperty 'XAU' does not exist on type 'never'.

[7m286[0m      XAU_amount : Big(v.XAU).toNumber(),
[7m   [0m [91m                        ~~~[0m


Error: [96msrc/app/bullion-pending-check-detail/bullion-pending-check-detail.page.ts[0m:[93m287[0m:[93m28[0m - [91merror[0m[90m TS2339: [0mProperty 'purchase_order_id' does not exist on type 'never'.

[7m287[0m      purchase_order_id : v.purchase_order_id,
[7m   [0m [91m                           ~~~~~~~~~~~~~~~~~[0m


Error: [96msrc/app/bullion-pending-check-detail/bullion-pending-check-detail.page.ts[0m:[93m288[0m:[93m24[0m - [91merror[0m[90m TS2339: [0mProperty 'related_po_id' does not exist on type 'never'.

[7m288[0m      related_po_id : v.related_po_id,
[7m   [0m [91m                       ~~~~~~~~~~~~~[0m


Error: [96msrc/app/bullion-pending-check-detail/bullion-pending-check-detail.page.ts[0m:[93m289[0m:[93m18[0m - [91merror[0m[90m TS2339: [0mProperty 'barcode' does not exist on type 'never'.

[7m289[0m      barcode : v.barcode,
[7m   [0m [91m                 ~~~~~~~[0m


Error: [96msrc/app/bullion-pending-check-detail/bullion-pending-check-detail.page.ts[0m:[93m290[0m:[93m21[0m - [91merror[0m[90m TS2339: [0mProperty 'pw_barcode' does not exist on type 'never'.

[7m290[0m      pw_barcode : v.pw_barcode,
[7m   [0m [91m                    ~~~~~~~~~~[0m


Error: [96msrc/app/bullion-pending-check-detail/bullion-pending-check-detail.page.ts[0m:[93m291[0m:[93m28[0m - [91merror[0m[90m TS2339: [0mProperty 'is_multiple_image' does not exist on type 'never'.

[7m291[0m      is_multiple_image : v.is_multiple_image,
[7m   [0m [91m                           ~~~~~~~~~~~~~~~~~[0m


Error: [96msrc/app/bullion-pending-check-detail/bullion-pending-check-detail.page.ts[0m:[93m292[0m:[93m19[0m - [91merror[0m[90m TS2339: [0mProperty 'image' does not exist on type 'never'.

[7m292[0m      imageUrl : v.image,
[7m   [0m [91m                  ~~~~~[0m


Error: [96msrc/app/bullion-pending-check-detail/bullion-pending-check-detail.page.ts[0m:[93m293[0m:[93m28[0m - [91merror[0m[90m TS2339: [0mProperty 'multiple_image' does not exist on type 'never'.

[7m293[0m      MultipleImageUrl : (v.multiple_image)?JSON.parse(v.multiple_image):[],
[7m   [0m [91m                           ~~~~~~~~~~~~~~[0m


Error: [96msrc/app/bullion-pending-check-detail/bullion-pending-check-detail.page.ts[0m:[93m293[0m:[93m57[0m - [91merror[0m[90m TS2339: [0mProperty 'multiple_image' does not exist on type 'never'.

[7m293[0m      MultipleImageUrl : (v.multiple_image)?JSON.parse(v.multiple_image):[],
[7m   [0m [91m                                                        ~~~~~~~~~~~~~~[0m


Error: [96msrc/app/bullion-pending-check-detail/bullion-pending-check-detail.page.ts[0m:[93m294[0m:[93m22[0m - [91merror[0m[90m TS2339: [0mProperty 'warehouse_id' does not exist on type 'never'.

[7m294[0m      warehouse_id: v.warehouse_id
[7m   [0m [91m                     ~~~~~~~~~~~~[0m


Error: [96msrc/app/bullion-pending-check-detail/bullion-pending-check-detail.page.ts[0m:[93m298[0m:[93m7[0m - [91merror[0m[90m TS2322: [0mType 'any[]' is not assignable to type 'never[]'.

[7m298[0m       this.itemList = itemList;
[7m   [0m [91m      ~~~~~~~~~~~~~[0m


Error: [96msrc/app/bullion-pending-check-detail/bullion-pending-check-detail.page.ts[0m:[93m298[0m:[93m23[0m - [91merror[0m[90m TS7005: [0mVariable 'itemList' implicitly has an 'any[]' type.

[7m298[0m       this.itemList = itemList;
[7m   [0m [91m                      ~~~~~~~~[0m


Error: [96msrc/app/bullion-pending-check-detail/bullion-pending-check-detail.page.ts[0m:[93m299[0m:[93m4[0m - [91merror[0m[90m TS2322: [0mType 'any[]' is not assignable to type 'never[]'.

[7m299[0m    this.formData.detailList = itemList;
[7m   [0m [91m   ~~~~~~~~~~~~~~~~~~~~~~~~[0m


Error: [96msrc/app/bullion-pending-check-detail/bullion-pending-check-detail.page.ts[0m:[93m299[0m:[93m31[0m - [91merror[0m[90m TS7005: [0mVariable 'itemList' implicitly has an 'any[]' type.

[7m299[0m    this.formData.detailList = itemList;
[7m   [0m [91m                              ~~~~~~~~[0m


Error: [96msrc/app/bullion-pending-check-detail/bullion-pending-check-detail.page.ts[0m:[93m300[0m:[93m75[0m - [91merror[0m[90m TS2339: [0mProperty 'MultipleImageUrl' does not exist on type 'never'.

[7m300[0m    var checkhavemultiple = this.formData.detailList.filter((item) => item.MultipleImageUrl.length > 0);
[7m   [0m [91m                                                                          ~~~~~~~~~~~~~~~~[0m


Error: [96msrc/app/bullion-pending-check-detail/bullion-pending-check-detail.page.ts[0m:[93m313[0m:[93m13[0m - [91merror[0m[90m TS2339: [0mProperty 'item_no' does not exist on type 'never'.

[7m313[0m     if(item.item_no > item_num){
[7m   [0m [91m            ~~~~~~~[0m


Error: [96msrc/app/bullion-pending-check-detail/bullion-pending-check-detail.page.ts[0m:[93m314[0m:[93m22[0m - [91merror[0m[90m TS2339: [0mProperty 'item_no' does not exist on type 'never'.

[7m314[0m      item_num = item.item_no;
[7m   [0m [91m                     ~~~~~~~[0m


Error: [96msrc/app/bullion-pending-check-detail/bullion-pending-check-detail.page.ts[0m:[93m322[0m:[93m52[0m - [91merror[0m[90m TS2339: [0mProperty 'item_type_id' does not exist on type 'never'.

[7m322[0m    item_type: String(this.customerBItemTypeList[0].item_type_id),
[7m   [0m [91m                                                   ~~~~~~~~~~~~[0m


Error: [96msrc/app/bullion-pending-check-detail/bullion-pending-check-detail.page.ts[0m:[93m341[0m:[93m33[0m - [91merror[0m[90m TS2345: [0mArgument of type '{ item_no: number; item_type: string; item_code: string; gram: number; gold_name: string; gold_pure_id: string; gold_pure_percent: string; XAU_amount: number; purchase_order_id: number; related_po_id: null; ... 4 more ...; is_new: number; }' is not assignable to parameter of type 'never'.

[7m341[0m   this.formData.detailList.push(tmp);
[7m   [0m [91m                                ~~~[0m


Error: [96msrc/app/bullion-pending-check-detail/bullion-pending-check-detail.page.ts[0m:[93m346[0m:[93m14[0m - [91merror[0m[90m TS7006: [0mParameter 'selectedItem' implicitly has an 'any' type.

[7m346[0m  recalculate(selectedItem) {
[7m   [0m [91m             ~~~~~~~~~~~~[0m


Error: [96msrc/app/bullion-pending-check-detail/bullion-pending-check-detail.page.ts[0m:[93m362[0m:[93m16[0m - [91merror[0m[90m TS2339: [0mProperty 'id' does not exist on type 'never'.

[7m362[0m    return item.id == selectedItem.item_code;
[7m   [0m [91m               ~~[0m


Error: [96msrc/app/bullion-pending-check-detail/bullion-pending-check-detail.page.ts[0m:[93m366[0m:[93m53[0m - [91merror[0m[90m TS2339: [0mProperty 'gold_name' does not exist on type 'never'.

[7m366[0m    selectedItem.gold_name = selectedPresetPurity[0].gold_name;
[7m   [0m [91m                                                    ~~~~~~~~~[0m


Error: [96msrc/app/bullion-pending-check-detail/bullion-pending-check-detail.page.ts[0m:[93m368[0m:[93m61[0m - [91merror[0m[90m TS2339: [0mProperty 'override_gold_pure_percent' does not exist on type 'never'.

[7m368[0m    selectedItem.gold_pure_percent = selectedPresetPurity[0].override_gold_pure_percent;
[7m   [0m [91m                                                            ~~~~~~~~~~~~~~~~~~~~~~~~~~[0m


Error: [96msrc/app/bullion-pending-check-detail/bullion-pending-check-detail.page.ts[0m:[93m387[0m:[93m14[0m - [91merror[0m[90m TS7006: [0mParameter 'num' implicitly has an 'any' type.

[7m387[0m  no_round_up(num, rounded) {
[7m   [0m [91m             ~~~[0m


Error: [96msrc/app/bullion-pending-check-detail/bullion-pending-check-detail.page.ts[0m:[93m387[0m:[93m19[0m - [91merror[0m[90m TS7006: [0mParameter 'rounded' implicitly has an 'any' type.

[7m387[0m  no_round_up(num, rounded) {
[7m   [0m [91m                  ~~~~~~~[0m


Error: [96msrc/app/bullion-pending-check-detail/bullion-pending-check-detail.page.ts[0m:[93m408[0m:[93m12[0m - [91merror[0m[90m TS2339: [0mProperty 'gram' does not exist on type 'never'.

[7m408[0m       if(v.gram > 0){
[7m   [0m [91m           ~~~~[0m


Error: [96msrc/app/bullion-pending-check-detail/bullion-pending-check-detail.page.ts[0m:[93m409[0m:[93m45[0m - [91merror[0m[90m TS2339: [0mProperty 'gram' does not exist on type 'never'.

[7m409[0m         total_gram = Big(total_gram).plus(v.gram).round(2, Big.roundDown).toNumber();
[7m   [0m [91m                                            ~~~~[0m


Error: [96msrc/app/bullion-pending-check-detail/bullion-pending-check-detail.page.ts[0m:[93m410[0m:[93m43[0m - [91merror[0m[90m TS2339: [0mProperty 'XAU_amount' does not exist on type 'never'.

[7m410[0m         total_XAU = Big(total_XAU).plus(v.XAU_amount).round(3, Big.roundDown).toNumber();
[7m   [0m [91m                                          ~~~~~~~~~~[0m


Error: [96msrc/app/bullion-pending-check-detail/bullion-pending-check-detail.page.ts[0m:[93m435[0m:[93m14[0m - [91merror[0m[90m TS2339: [0mProperty 'gold_pure_percent' does not exist on type 'never'.

[7m435[0m     return b.gold_pure_percent - a.gold_pure_percent;
[7m   [0m [91m             ~~~~~~~~~~~~~~~~~[0m


Error: [96msrc/app/bullion-pending-check-detail/bullion-pending-check-detail.page.ts[0m:[93m435[0m:[93m36[0m - [91merror[0m[90m TS2339: [0mProperty 'gold_pure_percent' does not exist on type 'never'.

[7m435[0m     return b.gold_pure_percent - a.gold_pure_percent;
[7m   [0m [91m                                   ~~~~~~~~~~~~~~~~~[0m


Error: [96msrc/app/bullion-pending-check-detail/bullion-pending-check-detail.page.ts[0m:[93m440[0m:[93m21[0m - [91merror[0m[90m TS7006: [0mParameter 'index' implicitly has an 'any' type.

[7m440[0m  async removeDetail(index) {
[7m   [0m [91m                    ~~~~~[0m


Error: [96msrc/app/bullion-pending-check-detail/bullion-pending-check-detail.page.ts[0m:[93m466[0m:[93m20[0m - [91merror[0m[90m TS7006: [0mParameter 'item' implicitly has an 'any' type.

[7m466[0m  async view_detail(item) {
[7m   [0m [91m                   ~~~~[0m


Error: [96msrc/app/bullion-pending-check-detail/bullion-pending-check-detail.page.ts[0m:[93m492[0m:[93m24[0m - [91merror[0m[90m TS7006: [0mParameter 'is_GRN' implicitly has an 'any' type.

[7m492[0m  async openActionSheet(is_GRN,index) {
[7m   [0m [91m                       ~~~~~~[0m


Error: [96msrc/app/bullion-pending-check-detail/bullion-pending-check-detail.page.ts[0m:[93m492[0m:[93m31[0m - [91merror[0m[90m TS7006: [0mParameter 'index' implicitly has an 'any' type.

[7m492[0m  async openActionSheet(is_GRN,index) {
[7m   [0m [91m                              ~~~~~[0m


Error: [96msrc/app/bullion-pending-check-detail/bullion-pending-check-detail.page.ts[0m:[93m560[0m:[93m72[0m - [91merror[0m[90m TS18046: [0m'error' is of type 'unknown'.

[7m560[0m    await this.presentErrorAlert('Error', 'Failed to capture photo: ' + error.message);
[7m   [0m [91m                                                                       ~~~~~[0m


Error: [96msrc/app/bullion-pending-check-detail/bullion-pending-check-detail.page.ts[0m:[93m602[0m:[93m31[0m - [91merror[0m[90m TS2769: [0mNo overload matches this call.
  Overload 1 of 4, '(iterable: Iterable<File> | ArrayLike<File>): File[]', gave the following error.
    Argument of type 'FileList | null' is not assignable to parameter of type 'Iterable<File> | ArrayLike<File>'.
  Overload 2 of 4, '(arrayLike: ArrayLike<File>): File[]', gave the following error.
    Argument of type 'FileList | null' is not assignable to parameter of type 'ArrayLike<File>'.
      Type 'null' is not assignable to type 'ArrayLike<File>'.

[7m602[0m      const files = Array.from(input.files);
[7m   [0m [91m                              ~~~~~~~~~~~[0m



Error: [96msrc/app/bullion-pending-check-detail/bullion-pending-check-detail.page.ts[0m:[93m696[0m:[93m8[0m - [91merror[0m[90m TS7053: [0mElement implicitly has an 'any' type because expression of type '"status"' can't be used to index type 'Object'.
  Property 'status' does not exist on type 'Object'.

[7m696[0m    if (data['status'] === "OK") {
[7m   [0m [91m       ~~~~~~~~~~~~~~[0m


Error: [96msrc/app/bullion-pending-check-detail/bullion-pending-check-detail.page.ts[0m:[93m696[0m:[93m8[0m - [91merror[0m[90m TS18048: [0m'data' is possibly 'undefined'.

[7m696[0m    if (data['status'] === "OK") {
[7m   [0m [91m       ~~~~[0m


Error: [96msrc/app/bullion-pending-check-detail/bullion-pending-check-detail.page.ts[0m:[93m698[0m:[93m46[0m - [91merror[0m[90m TS2339: [0mProperty 'is_multiple_image' does not exist on type 'never'.

[7m698[0m      this.formData.detailList[this.grnIndex].is_multiple_image = 1;
[7m   [0m [91m                                             ~~~~~~~~~~~~~~~~~[0m


Error: [96msrc/app/bullion-pending-check-detail/bullion-pending-check-detail.page.ts[0m:[93m699[0m:[93m46[0m - [91merror[0m[90m TS2339: [0mProperty 'MultipleImageUrl' does not exist on type 'never'.

[7m699[0m      this.formData.detailList[this.grnIndex].MultipleImageUrl.push(data['result']['img_path']);
[7m   [0m [91m                                             ~~~~~~~~~~~~~~~~[0m


Error: [96msrc/app/bullion-pending-check-detail/bullion-pending-check-detail.page.ts[0m:[93m699[0m:[93m68[0m - [91merror[0m[90m TS7053: [0mElement implicitly has an 'any' type because expression of type '"result"' can't be used to index type 'Object'.
  Property 'result' does not exist on type 'Object'.

[7m699[0m      this.formData.detailList[this.grnIndex].MultipleImageUrl.push(data['result']['img_path']);
[7m   [0m [91m                                                                   ~~~~~~~~~~~~~~[0m


Error: [96msrc/app/bullion-pending-check-detail/bullion-pending-check-detail.page.ts[0m:[93m699[0m:[93m68[0m - [91merror[0m[90m TS18048: [0m'data' is possibly 'undefined'.

[7m699[0m      this.formData.detailList[this.grnIndex].MultipleImageUrl.push(data['result']['img_path']);
[7m   [0m [91m                                                                   ~~~~[0m


Error: [96msrc/app/bullion-pending-check-detail/bullion-pending-check-detail.page.ts[0m:[93m702[0m:[93m11[0m - [91merror[0m[90m TS7053: [0mElement implicitly has an 'any' type because expression of type '"MultipleImageUrl_tng"' can't be used to index type '{}'.
  Property 'MultipleImageUrl_tng' does not exist on type '{}'.

[7m702[0m      if (!this.grnData['MultipleImageUrl_tng']) {
[7m   [0m [91m          ~~~~~~~~~~~~~~~~~~~~~~~~~~~~~~~~~~~~[0m


Error: [96msrc/app/bullion-pending-check-detail/bullion-pending-check-detail.page.ts[0m:[93m703[0m:[93m7[0m - [91merror[0m[90m TS7053: [0mElement implicitly has an 'any' type because expression of type '"MultipleImageUrl_tng"' can't be used to index type '{}'.
  Property 'MultipleImageUrl_tng' does not exist on type '{}'.

[7m703[0m       this.grnData['MultipleImageUrl_tng'] = [];
[7m   [0m [91m      ~~~~~~~~~~~~~~~~~~~~~~~~~~~~~~~~~~~~[0m


Error: [96msrc/app/bullion-pending-check-detail/bullion-pending-check-detail.page.ts[0m:[93m705[0m:[93m6[0m - [91merror[0m[90m TS7053: [0mElement implicitly has an 'any' type because expression of type '"is_multiple_image_tng"' can't be used to index type '{}'.
  Property 'is_multiple_image_tng' does not exist on type '{}'.

[7m705[0m      this.grnData['is_multiple_image_tng'] = 1;
[7m   [0m [91m     ~~~~~~~~~~~~~~~~~~~~~~~~~~~~~~~~~~~~~[0m


Error: [96msrc/app/bullion-pending-check-detail/bullion-pending-check-detail.page.ts[0m:[93m706[0m:[93m6[0m - [91merror[0m[90m TS7053: [0mElement implicitly has an 'any' type because expression of type '"MultipleImageUrl_tng"' can't be used to index type '{}'.
  Property 'MultipleImageUrl_tng' does not exist on type '{}'.

[7m706[0m      this.grnData['MultipleImageUrl_tng'].push(data['result']['img_path']);
[7m   [0m [91m     ~~~~~~~~~~~~~~~~~~~~~~~~~~~~~~~~~~~~[0m


Error: [96msrc/app/bullion-pending-check-detail/bullion-pending-check-detail.page.ts[0m:[93m706[0m:[93m48[0m - [91merror[0m[90m TS7053: [0mElement implicitly has an 'any' type because expression of type '"result"' can't be used to index type 'Object'.
  Property 'result' does not exist on type 'Object'.

[7m706[0m      this.grnData['MultipleImageUrl_tng'].push(data['result']['img_path']);
[7m   [0m [91m                                               ~~~~~~~~~~~~~~[0m


Error: [96msrc/app/bullion-pending-check-detail/bullion-pending-check-detail.page.ts[0m:[93m706[0m:[93m48[0m - [91merror[0m[90m TS18048: [0m'data' is possibly 'undefined'.

[7m706[0m      this.grnData['MultipleImageUrl_tng'].push(data['result']['img_path']);
[7m   [0m [91m                                               ~~~~[0m


Error: [96msrc/app/bullion-pending-check-detail/bullion-pending-check-detail.page.ts[0m:[93m713[0m:[93m21[0m - [91merror[0m[90m TS7053: [0mElement implicitly has an 'any' type because expression of type '"message"' can't be used to index type 'Object'.
  Property 'message' does not exist on type 'Object'.

[7m713[0m     throw new Error(data['message'] || 'Upload failed');
[7m   [0m [91m                    ~~~~~~~~~~~~~~~[0m


Error: [96msrc/app/bullion-pending-check-detail/bullion-pending-check-detail.page.ts[0m:[93m713[0m:[93m21[0m - [91merror[0m[90m TS18048: [0m'data' is possibly 'undefined'.

[7m713[0m     throw new Error(data['message'] || 'Upload failed');
[7m   [0m [91m                    ~~~~[0m


Error: [96msrc/app/bullion-pending-check-detail/bullion-pending-check-detail.page.ts[0m:[93m749[0m:[93m8[0m - [91merror[0m[90m TS7053: [0mElement implicitly has an 'any' type because expression of type '"status"' can't be used to index type 'Object'.
  Property 'status' does not exist on type 'Object'.

[7m749[0m    if (data['status'] === "OK") {
[7m   [0m [91m       ~~~~~~~~~~~~~~[0m


Error: [96msrc/app/bullion-pending-check-detail/bullion-pending-check-detail.page.ts[0m:[93m749[0m:[93m8[0m - [91merror[0m[90m TS18048: [0m'data' is possibly 'undefined'.

[7m749[0m    if (data['status'] === "OK") {
[7m   [0m [91m       ~~~~[0m


Error: [96msrc/app/bullion-pending-check-detail/bullion-pending-check-detail.page.ts[0m:[93m750[0m:[93m39[0m - [91merror[0m[90m TS7053: [0mElement implicitly has an 'any' type because expression of type '"result"' can't be used to index type 'Object'.
  Property 'result' does not exist on type 'Object'.

[7m750[0m     const uploadedImages = JSON.parse(data['result']['img_path']);
[7m   [0m [91m                                      ~~~~~~~~~~~~~~[0m


Error: [96msrc/app/bullion-pending-check-detail/bullion-pending-check-detail.page.ts[0m:[93m750[0m:[93m39[0m - [91merror[0m[90m TS18048: [0m'data' is possibly 'undefined'.

[7m750[0m     const uploadedImages = JSON.parse(data['result']['img_path']);
[7m   [0m [91m                                      ~~~~[0m


Error: [96msrc/app/bullion-pending-check-detail/bullion-pending-check-detail.page.ts[0m:[93m753[0m:[93m46[0m - [91merror[0m[90m TS2339: [0mProperty 'is_multiple_image' does not exist on type 'never'.

[7m753[0m      this.formData.detailList[this.grnIndex].is_multiple_image = 1;
[7m   [0m [91m                                             ~~~~~~~~~~~~~~~~~[0m


Error: [96msrc/app/bullion-pending-check-detail/bullion-pending-check-detail.page.ts[0m:[93m754[0m:[93m51[0m - [91merror[0m[90m TS2339: [0mProperty 'MultipleImageUrl' does not exist on type 'never'.

[7m754[0m      if (!this.formData.detailList[this.grnIndex].MultipleImageUrl) {
[7m   [0m [91m                                                  ~~~~~~~~~~~~~~~~[0m


Error: [96msrc/app/bullion-pending-check-detail/bullion-pending-check-detail.page.ts[0m:[93m755[0m:[93m47[0m - [91merror[0m[90m TS2339: [0mProperty 'MultipleImageUrl' does not exist on type 'never'.

[7m755[0m       this.formData.detailList[this.grnIndex].MultipleImageUrl = [];
[7m   [0m [91m                                              ~~~~~~~~~~~~~~~~[0m


Error: [96msrc/app/bullion-pending-check-detail/bullion-pending-check-detail.page.ts[0m:[93m757[0m:[93m46[0m - [91merror[0m[90m TS2339: [0mProperty 'MultipleImageUrl' does not exist on type 'never'.

[7m757[0m      this.formData.detailList[this.grnIndex].MultipleImageUrl = this.formData.detailList[this.grnIndex].MultipleImageUrl.concat(uploadedImages);
[7m   [0m [91m                                             ~~~~~~~~~~~~~~~~[0m


Error: [96msrc/app/bullion-pending-check-detail/bullion-pending-check-detail.page.ts[0m:[93m757[0m:[93m105[0m - [91merror[0m[90m TS2339: [0mProperty 'MultipleImageUrl' does not exist on type 'never'.

[7m757[0m      this.formData.detailList[this.grnIndex].MultipleImageUrl = this.formData.detailList[this.grnIndex].MultipleImageUrl.concat(uploadedImages);
[7m   [0m [91m                                                                                                        ~~~~~~~~~~~~~~~~[0m


Error: [96msrc/app/bullion-pending-check-detail/bullion-pending-check-detail.page.ts[0m:[93m760[0m:[93m11[0m - [91merror[0m[90m TS7053: [0mElement implicitly has an 'any' type because expression of type '"MultipleImageUrl_tng"' can't be used to index type '{}'.
  Property 'MultipleImageUrl_tng' does not exist on type '{}'.

[7m760[0m      if (!this.grnData['MultipleImageUrl_tng']) {
[7m   [0m [91m          ~~~~~~~~~~~~~~~~~~~~~~~~~~~~~~~~~~~~[0m


Error: [96msrc/app/bullion-pending-check-detail/bullion-pending-check-detail.page.ts[0m:[93m761[0m:[93m7[0m - [91merror[0m[90m TS7053: [0mElement implicitly has an 'any' type because expression of type '"MultipleImageUrl_tng"' can't be used to index type '{}'.
  Property 'MultipleImageUrl_tng' does not exist on type '{}'.

[7m761[0m       this.grnData['MultipleImageUrl_tng'] = [];
[7m   [0m [91m      ~~~~~~~~~~~~~~~~~~~~~~~~~~~~~~~~~~~~[0m


Error: [96msrc/app/bullion-pending-check-detail/bullion-pending-check-detail.page.ts[0m:[93m763[0m:[93m6[0m - [91merror[0m[90m TS7053: [0mElement implicitly has an 'any' type because expression of type '"is_multiple_image_tng"' can't be used to index type '{}'.
  Property 'is_multiple_image_tng' does not exist on type '{}'.

[7m763[0m      this.grnData['is_multiple_image_tng'] = 1;
[7m   [0m [91m     ~~~~~~~~~~~~~~~~~~~~~~~~~~~~~~~~~~~~~[0m


Error: [96msrc/app/bullion-pending-check-detail/bullion-pending-check-detail.page.ts[0m:[93m764[0m:[93m6[0m - [91merror[0m[90m TS7053: [0mElement implicitly has an 'any' type because expression of type '"MultipleImageUrl_tng"' can't be used to index type '{}'.
  Property 'MultipleImageUrl_tng' does not exist on type '{}'.

[7m764[0m      this.grnData['MultipleImageUrl_tng'] = this.grnData['MultipleImageUrl_tng'].concat(uploadedImages);
[7m   [0m [91m     ~~~~~~~~~~~~~~~~~~~~~~~~~~~~~~~~~~~~[0m


Error: [96msrc/app/bullion-pending-check-detail/bullion-pending-check-detail.page.ts[0m:[93m764[0m:[93m45[0m - [91merror[0m[90m TS7053: [0mElement implicitly has an 'any' type because expression of type '"MultipleImageUrl_tng"' can't be used to index type '{}'.
  Property 'MultipleImageUrl_tng' does not exist on type '{}'.

[7m764[0m      this.grnData['MultipleImageUrl_tng'] = this.grnData['MultipleImageUrl_tng'].concat(uploadedImages);
[7m   [0m [91m                                            ~~~~~~~~~~~~~~~~~~~~~~~~~~~~~~~~~~~~[0m


Error: [96msrc/app/bullion-pending-check-detail/bullion-pending-check-detail.page.ts[0m:[93m768[0m:[93m21[0m - [91merror[0m[90m TS7053: [0mElement implicitly has an 'any' type because expression of type '"message"' can't be used to index type 'Object'.
  Property 'message' does not exist on type 'Object'.

[7m768[0m     throw new Error(data['message'] || 'Upload failed');
[7m   [0m [91m                    ~~~~~~~~~~~~~~~[0m


Error: [96msrc/app/bullion-pending-check-detail/bullion-pending-check-detail.page.ts[0m:[93m768[0m:[93m21[0m - [91merror[0m[90m TS18048: [0m'data' is possibly 'undefined'.

[7m768[0m     throw new Error(data['message'] || 'Upload failed');
[7m   [0m [91m                    ~~~~[0m


Error: [96msrc/app/bullion-pending-check-detail/bullion-pending-check-detail.page.ts[0m:[93m788[0m:[93m8[0m - [91merror[0m[90m TS7053: [0mElement implicitly has an 'any' type because expression of type '"status"' can't be used to index type 'Object'.
  Property 'status' does not exist on type 'Object'.

[7m788[0m    if (data['status'] == "OK") {
[7m   [0m [91m       ~~~~~~~~~~~~~~[0m


Error: [96msrc/app/bullion-pending-check-detail/bullion-pending-check-detail.page.ts[0m:[93m791[0m:[93m45[0m - [91merror[0m[90m TS2339: [0mProperty 'is_multiple_image' does not exist on type 'never'.

[7m791[0m     this.formData.detailList[this.grnIndex].is_multiple_image = 1;
[7m   [0m [91m                                            ~~~~~~~~~~~~~~~~~[0m


Error: [96msrc/app/bullion-pending-check-detail/bullion-pending-check-detail.page.ts[0m:[93m792[0m:[93m45[0m - [91merror[0m[90m TS2339: [0mProperty 'MultipleImageUrl' does not exist on type 'never'.

[7m792[0m     this.formData.detailList[this.grnIndex].MultipleImageUrl = JSON.parse(data['result']['img_path']);
[7m   [0m [91m                                            ~~~~~~~~~~~~~~~~[0m


Error: [96msrc/app/bullion-pending-check-detail/bullion-pending-check-detail.page.ts[0m:[93m792[0m:[93m75[0m - [91merror[0m[90m TS7053: [0mElement implicitly has an 'any' type because expression of type '"result"' can't be used to index type 'Object'.
  Property 'result' does not exist on type 'Object'.

[7m792[0m     this.formData.detailList[this.grnIndex].MultipleImageUrl = JSON.parse(data['result']['img_path']);
[7m   [0m [91m                                                                          ~~~~~~~~~~~~~~[0m


Error: [96msrc/app/bullion-pending-check-detail/bullion-pending-check-detail.page.ts[0m:[93m806[0m:[93m13[0m - [91merror[0m[90m TS7006: [0mParameter 'is_GRN' implicitly has an 'any' type.

[7m806[0m  delete_img(is_GRN, img_path, target_index) {
[7m   [0m [91m            ~~~~~~[0m


Error: [96msrc/app/bullion-pending-check-detail/bullion-pending-check-detail.page.ts[0m:[93m806[0m:[93m21[0m - [91merror[0m[90m TS7006: [0mParameter 'img_path' implicitly has an 'any' type.

[7m806[0m  delete_img(is_GRN, img_path, target_index) {
[7m   [0m [91m                    ~~~~~~~~[0m


Error: [96msrc/app/bullion-pending-check-detail/bullion-pending-check-detail.page.ts[0m:[93m806[0m:[93m31[0m - [91merror[0m[90m TS7006: [0mParameter 'target_index' implicitly has an 'any' type.

[7m806[0m  delete_img(is_GRN, img_path, target_index) {
[7m   [0m [91m                              ~~~~~~~~~~~~[0m


Error: [96msrc/app/bullion-pending-check-detail/bullion-pending-check-detail.page.ts[0m:[93m824[0m:[93m58[0m - [91merror[0m[90m TS2339: [0mProperty 'MultipleImageUrl' does not exist on type 'never'.

[7m824[0m       let index = this.formData.detailList[target_index].MultipleImageUrl.indexOf(img_path);
[7m   [0m [91m                                                         ~~~~~~~~~~~~~~~~[0m


Error: [96msrc/app/bullion-pending-check-detail/bullion-pending-check-detail.page.ts[0m:[93m826[0m:[93m47[0m - [91merror[0m[90m TS2339: [0mProperty 'MultipleImageUrl' does not exist on type 'never'.

[7m826[0m        this.formData.detailList[target_index].MultipleImageUrl.splice(index, 1);
[7m   [0m [91m                                              ~~~~~~~~~~~~~~~~[0m


Error: [96msrc/app/bullion-pending-check-detail/bullion-pending-check-detail.page.ts[0m:[93m828[0m:[93m50[0m - [91merror[0m[90m TS2339: [0mProperty 'showImage' does not exist on type 'never'.

[7m828[0m       if (this.formData.detailList[target_index].showImage == img_path) {
[7m   [0m [91m                                                 ~~~~~~~~~[0m


Error: [96msrc/app/bullion-pending-check-detail/bullion-pending-check-detail.page.ts[0m:[93m829[0m:[93m47[0m - [91merror[0m[90m TS2339: [0mProperty 'showImage' does not exist on type 'never'.

[7m829[0m        this.formData.detailList[target_index].showImage = '';
[7m   [0m [91m                                              ~~~~~~~~~[0m


Error: [96msrc/app/bullion-pending-check-detail/bullion-pending-check-detail.page.ts[0m:[93m833[0m:[93m39[0m - [91merror[0m[90m TS2339: [0mProperty 'MultipleImageUrl' does not exist on type 'never'.

[7m833[0m        if(this.formData.detailList[i].MultipleImageUrl.length > 0){
[7m   [0m [91m                                      ~~~~~~~~~~~~~~~~[0m


Error: [96msrc/app/bullion-pending-check-detail/bullion-pending-check-detail.page.ts[0m:[93m839[0m:[93m19[0m - [91merror[0m[90m TS7053: [0mElement implicitly has an 'any' type because expression of type '"MultipleImageUrl_tng"' can't be used to index type '{}'.
  Property 'MultipleImageUrl_tng' does not exist on type '{}'.

[7m839[0m       let index = this.grnData['MultipleImageUrl_tng'].indexOf(img_path);
[7m   [0m [91m                  ~~~~~~~~~~~~~~~~~~~~~~~~~~~~~~~~~~~~[0m


Error: [96msrc/app/bullion-pending-check-detail/bullion-pending-check-detail.page.ts[0m:[93m841[0m:[93m8[0m - [91merror[0m[90m TS7053: [0mElement implicitly has an 'any' type because expression of type '"MultipleImageUrl_tng"' can't be used to index type '{}'.
  Property 'MultipleImageUrl_tng' does not exist on type '{}'.

[7m841[0m        this.grnData['MultipleImageUrl_tng'].splice(index, 1);
[7m   [0m [91m       ~~~~~~~~~~~~~~~~~~~~~~~~~~~~~~~~~~~~[0m


Error: [96msrc/app/bullion-pending-check-detail/bullion-pending-check-detail.page.ts[0m:[93m857[0m:[93m3[0m - [91merror[0m[90m TS2322: [0mType 'any[]' is not assignable to type 'never[]'.

[7m857[0m   this.formData.detailList = this.formData.detailList.map(({ item_no, ...rest }) => rest);
[7m   [0m [91m  ~~~~~~~~~~~~~~~~~~~~~~~~[0m


Error: [96msrc/app/bullion-pending-check-detail/bullion-pending-check-detail.page.ts[0m:[93m857[0m:[93m74[0m - [91merror[0m[90m TS2700: [0mRest types may only be created from object types.

[7m857[0m   this.formData.detailList = this.formData.detailList.map(({ item_no, ...rest }) => rest);
[7m   [0m [91m                                                                         ~~~~[0m


Error: [96msrc/app/bullion-pending-check-detail/bullion-pending-check-detail.page.ts[0m:[93m860[0m:[93m28[0m - [91merror[0m[90m TS7053: [0mElement implicitly has an 'any' type because expression of type '"MultipleImageUrl_tng"' can't be used to index type '{}'.
  Property 'MultipleImageUrl_tng' does not exist on type '{}'.

[7m860[0m    'MultipleImageUrl_tng': this.grnData['MultipleImageUrl_tng'],
[7m   [0m [91m                           ~~~~~~~~~~~~~~~~~~~~~~~~~~~~~~~~~~~~[0m


Error: [96msrc/app/bullion-pending-check-detail/bullion-pending-check-detail.page.ts[0m:[93m864[0m:[93m14[0m - [91merror[0m[90m TS7053: [0mElement implicitly has an 'any' type because expression of type '"remark"' can't be used to index type '{}'.
  Property 'remark' does not exist on type '{}'.

[7m864[0m    "remark": this.grnData['remark'],
[7m   [0m [91m             ~~~~~~~~~~~~~~~~~~~~~~[0m


Error: [96msrc/app/bullion-pending-check-detail/bullion-pending-check-detail.page.ts[0m:[93m907[0m:[93m20[0m - [91merror[0m[90m TS7006: [0mParameter 'id' implicitly has an 'any' type.

[7m907[0m  getWarehouseColor(id) {
[7m   [0m [91m                   ~~[0m


Error: [96msrc/app/bullion-pending-check/bullion-pending-check.page.ts[0m:[93m27[0m:[93m3[0m - [91merror[0m[90m TS7008: [0mMember 'selectedCustomer' implicitly has an 'any' type.

[7m27[0m   selectedCustomer; any;
[7m  [0m [91m  ~~~~~~~~~~~~~~~~[0m


Error: [96msrc/app/bullion-pending-check/bullion-pending-check.page.ts[0m:[93m27[0m:[93m21[0m - [91merror[0m[90m TS7008: [0mMember 'any' implicitly has an 'any' type.

[7m27[0m   selectedCustomer; any;
[7m  [0m [91m                    ~~~[0m


Error: [96msrc/app/bullion-pending-check/bullion-pending-check.page.ts[0m:[93m92[0m:[93m50[0m - [91merror[0m[90m TS7006: [0mParameter 'item' implicitly has an 'any' type.

[7m92[0m       this.filteredList = this.resultList.filter(item => item.po_type == 0);
[7m  [0m [91m                                                 ~~~~[0m


Error: [96msrc/app/bullion-pending-check/bullion-pending-check.page.ts[0m:[93m94[0m:[93m50[0m - [91merror[0m[90m TS7006: [0mParameter 'item' implicitly has an 'any' type.

[7m94[0m       this.filteredList = this.resultList.filter(item => item.po_type == 1);
[7m  [0m [91m                                                 ~~~~[0m


Error: [96msrc/app/bullion-pending-check/bullion-pending-check.page.ts[0m:[93m96[0m:[93m50[0m - [91merror[0m[90m TS7006: [0mParameter 'item' implicitly has an 'any' type.

[7m96[0m       this.filteredList = this.resultList.filter(item => item.po_type == 2);
[7m  [0m [91m                                                 ~~~~[0m


Error: [96msrc/app/bullion-pending-check/bullion-pending-check.page.ts[0m:[93m109[0m:[93m12[0m - [91merror[0m[90m TS7006: [0mParameter 'event' implicitly has an 'any' type.

[7m109[0m  doRefresh(event) {
[7m   [0m [91m           ~~~~~[0m


Error: [96msrc/app/bullion-pending-reweight-detail/bullion-pending-reweight-detail.page.ts[0m:[93m22[0m:[93m8[0m - [91merror[0m[90m TS1259: [0mModule '"/Applications/XAMPP/xamppfiles/htdocs/PWRIDER-CAP/node_modules/@types/big.js/index"' can only be default-imported using the 'allowSyntheticDefaultImports' flag

[7m22[0m import Big from 'big.js';
[7m  [0m [91m       ~~~[0m

  [96mnode_modules/@types/big.js/index.d.ts[0m:[93m352[0m:[93m1[0m
    [7m352[0m export = Big;
    [7m   [0m [96m~~~~~~~~~~~~~[0m
    This module is declared with 'export =', and can only be used with a default import when using the 'allowSyntheticDefaultImports' flag.


Error: [96msrc/app/bullion-pending-reweight-detail/bullion-pending-reweight-detail.page.ts[0m:[93m45[0m:[93m2[0m - [91merror[0m[90m TS2564: [0mProperty 'customer_balance_XAU' has no initializer and is not definitely assigned in the constructor.

[7m45[0m  customer_balance_XAU: 0;
[7m  [0m [91m ~~~~~~~~~~~~~~~~~~~~[0m


Error: [96msrc/app/bullion-pending-reweight-detail/bullion-pending-reweight-detail.page.ts[0m:[93m171[0m:[93m30[0m - [91merror[0m[90m TS2345: [0mArgument of type 'string | null' is not assignable to parameter of type 'string'.
  Type 'null' is not assignable to type 'string'.

[7m171[0m     const draft = JSON.parse(localStorage.getItem(`bullionReweightDraft_${this.goods_received_note_id}`));
[7m   [0m [91m                             ~~~~~~~~~~~~~~~~~~~~~~~~~~~~~~~~~~~~~~~~~~~~~~~~~~~~~~~~~~~~~~~~~~~~~~~~~~~[0m


Error: [96msrc/app/bullion-pending-reweight-detail/bullion-pending-reweight-detail.page.ts[0m:[93m228[0m:[93m16[0m - [91merror[0m[90m TS7053: [0mElement implicitly has an 'any' type because expression of type '"MultipleImageUrl_tng"' can't be used to index type '{}'.
  Property 'MultipleImageUrl_tng' does not exist on type '{}'.

[7m228[0m             if(this.grnData['MultipleImageUrl_tng'] !== null){
[7m   [0m [91m               ~~~~~~~~~~~~~~~~~~~~~~~~~~~~~~~~~~~~[0m


Error: [96msrc/app/bullion-pending-reweight-detail/bullion-pending-reweight-detail.page.ts[0m:[93m229[0m:[93m15[0m - [91merror[0m[90m TS7053: [0mElement implicitly has an 'any' type because expression of type '"MultipleImageUrl_tng"' can't be used to index type '{}'.
  Property 'MultipleImageUrl_tng' does not exist on type '{}'.

[7m229[0m               this.grnData['MultipleImageUrl_tng'] = JSON.parse(this.grnData['MultipleImageUrl_tng'])
[7m   [0m [91m              ~~~~~~~~~~~~~~~~~~~~~~~~~~~~~~~~~~~~[0m


Error: [96msrc/app/bullion-pending-reweight-detail/bullion-pending-reweight-detail.page.ts[0m:[93m229[0m:[93m65[0m - [91merror[0m[90m TS7053: [0mElement implicitly has an 'any' type because expression of type '"MultipleImageUrl_tng"' can't be used to index type '{}'.
  Property 'MultipleImageUrl_tng' does not exist on type '{}'.

[7m229[0m               this.grnData['MultipleImageUrl_tng'] = JSON.parse(this.grnData['MultipleImageUrl_tng'])
[7m   [0m [91m                                                                ~~~~~~~~~~~~~~~~~~~~~~~~~~~~~~~~~~~~[0m


Error: [96msrc/app/bullion-pending-reweight-detail/bullion-pending-reweight-detail.page.ts[0m:[93m230[0m:[93m22[0m - [91merror[0m[90m TS7053: [0mElement implicitly has an 'any' type because expression of type '"MultipleImageUrl_tng"' can't be used to index type '{}'.
  Property 'MultipleImageUrl_tng' does not exist on type '{}'.

[7m230[0m             }else if(this.grnData['MultipleImageUrl_tng'] == null){
[7m   [0m [91m                     ~~~~~~~~~~~~~~~~~~~~~~~~~~~~~~~~~~~~[0m


Error: [96msrc/app/bullion-pending-reweight-detail/bullion-pending-reweight-detail.page.ts[0m:[93m231[0m:[93m15[0m - [91merror[0m[90m TS7053: [0mElement implicitly has an 'any' type because expression of type '"MultipleImageUrl_tng"' can't be used to index type '{}'.
  Property 'MultipleImageUrl_tng' does not exist on type '{}'.

[7m231[0m               this.grnData['MultipleImageUrl_tng'] = [];
[7m   [0m [91m              ~~~~~~~~~~~~~~~~~~~~~~~~~~~~~~~~~~~~[0m


Error: [96msrc/app/bullion-pending-reweight-detail/bullion-pending-reweight-detail.page.ts[0m:[93m233[0m:[93m26[0m - [91merror[0m[90m TS7053: [0mElement implicitly has an 'any' type because expression of type '"purchase_order_id"' can't be used to index type '{}'.
  Property 'purchase_order_id' does not exist on type '{}'.

[7m233[0m             this.po_id = this.grnData['purchase_order_id'];
[7m   [0m [91m                         ~~~~~~~~~~~~~~~~~~~~~~~~~~~~~~~~~[0m


Error: [96msrc/app/bullion-pending-reweight-detail/bullion-pending-reweight-detail.page.ts[0m:[93m277[0m:[93m8[0m - [91merror[0m[90m TS7034: [0mVariable 'itemList' implicitly has type 'any[]' in some locations where its type cannot be determined.

[7m277[0m    var itemList = [];
[7m   [0m [91m       ~~~~~~~~[0m


Error: [96msrc/app/bullion-pending-reweight-detail/bullion-pending-reweight-detail.page.ts[0m:[93m285[0m:[93m20[0m - [91merror[0m[90m TS2339: [0mProperty 'item_type_id' does not exist on type 'never'.

[7m285[0m      item_type : v.item_type_id,
[7m   [0m [91m                   ~~~~~~~~~~~~[0m


Error: [96msrc/app/bullion-pending-reweight-detail/bullion-pending-reweight-detail.page.ts[0m:[93m286[0m:[93m20[0m - [91merror[0m[90m TS2339: [0mProperty 'gold_pure_id' does not exist on type 'never'.

[7m286[0m      item_code : v.gold_pure_id,
[7m   [0m [91m                   ~~~~~~~~~~~~[0m


Error: [96msrc/app/bullion-pending-reweight-detail/bullion-pending-reweight-detail.page.ts[0m:[93m287[0m:[93m31[0m - [91merror[0m[90m TS2339: [0mProperty 'weight' does not exist on type 'never'.

[7m287[0m           gram : parseFloat(v.weight),
[7m   [0m [91m                              ~~~~~~[0m


Error: [96msrc/app/bullion-pending-reweight-detail/bullion-pending-reweight-detail.page.ts[0m:[93m288[0m:[93m40[0m - [91merror[0m[90m TS2339: [0mProperty 'previous_weight' does not exist on type 'never'.

[7m288[0m           previous_gram : parseFloat(v.previous_weight),
[7m   [0m [91m                                       ~~~~~~~~~~~~~~~[0m


Error: [96msrc/app/bullion-pending-reweight-detail/bullion-pending-reweight-detail.page.ts[0m:[93m289[0m:[93m20[0m - [91merror[0m[90m TS2339: [0mProperty 'gold_name' does not exist on type 'never'.

[7m289[0m      gold_name : v.gold_name,
[7m   [0m [91m                   ~~~~~~~~~[0m


Error: [96msrc/app/bullion-pending-reweight-detail/bullion-pending-reweight-detail.page.ts[0m:[93m290[0m:[93m22[0m - [91merror[0m[90m TS2339: [0mProperty 'gold_pure_id' does not exist on type 'never'.

[7m290[0m      gold_pure_id: v.gold_pure_id,
[7m   [0m [91m                     ~~~~~~~~~~~~[0m


Error: [96msrc/app/bullion-pending-reweight-detail/bullion-pending-reweight-detail.page.ts[0m:[93m291[0m:[93m39[0m - [91merror[0m[90m TS2339: [0mProperty 'gold_pure_percentage' does not exist on type 'never'.

[7m291[0m      gold_pure_percent : parseFloat(v.gold_pure_percentage),
[7m   [0m [91m                                      ~~~~~~~~~~~~~~~~~~~~[0m


Error: [96msrc/app/bullion-pending-reweight-detail/bullion-pending-reweight-detail.page.ts[0m:[93m292[0m:[93m32[0m - [91merror[0m[90m TS2339: [0mProperty 'XAU' does not exist on type 'never'.

[7m292[0m      XAU_amount : parseFloat(v.XAU),
[7m   [0m [91m                               ~~~[0m


Error: [96msrc/app/bullion-pending-reweight-detail/bullion-pending-reweight-detail.page.ts[0m:[93m293[0m:[93m28[0m - [91merror[0m[90m TS2339: [0mProperty 'purchase_order_id' does not exist on type 'never'.

[7m293[0m      purchase_order_id : v.purchase_order_id,
[7m   [0m [91m                           ~~~~~~~~~~~~~~~~~[0m


Error: [96msrc/app/bullion-pending-reweight-detail/bullion-pending-reweight-detail.page.ts[0m:[93m294[0m:[93m18[0m - [91merror[0m[90m TS2339: [0mProperty 'barcode' does not exist on type 'never'.

[7m294[0m      barcode : v.barcode,
[7m   [0m [91m                 ~~~~~~~[0m


Error: [96msrc/app/bullion-pending-reweight-detail/bullion-pending-reweight-detail.page.ts[0m:[93m295[0m:[93m21[0m - [91merror[0m[90m TS2339: [0mProperty 'pw_barcode' does not exist on type 'never'.

[7m295[0m      pw_barcode : v.pw_barcode,
[7m   [0m [91m                    ~~~~~~~~~~[0m


Error: [96msrc/app/bullion-pending-reweight-detail/bullion-pending-reweight-detail.page.ts[0m:[93m296[0m:[93m24[0m - [91merror[0m[90m TS2339: [0mProperty 'related_po_id' does not exist on type 'never'.

[7m296[0m      related_po_id : v.related_po_id,
[7m   [0m [91m                       ~~~~~~~~~~~~~[0m


Error: [96msrc/app/bullion-pending-reweight-detail/bullion-pending-reweight-detail.page.ts[0m:[93m297[0m:[93m28[0m - [91merror[0m[90m TS2339: [0mProperty 'is_multiple_image' does not exist on type 'never'.

[7m297[0m      is_multiple_image : v.is_multiple_image,
[7m   [0m [91m                           ~~~~~~~~~~~~~~~~~[0m


Error: [96msrc/app/bullion-pending-reweight-detail/bullion-pending-reweight-detail.page.ts[0m:[93m298[0m:[93m19[0m - [91merror[0m[90m TS2339: [0mProperty 'image' does not exist on type 'never'.

[7m298[0m      imageUrl : v.image,
[7m   [0m [91m                  ~~~~~[0m


Error: [96msrc/app/bullion-pending-reweight-detail/bullion-pending-reweight-detail.page.ts[0m:[93m299[0m:[93m28[0m - [91merror[0m[90m TS2339: [0mProperty 'multiple_image' does not exist on type 'never'.

[7m299[0m      MultipleImageUrl : (v.multiple_image)?JSON.parse(v.multiple_image):[],
[7m   [0m [91m                           ~~~~~~~~~~~~~~[0m


Error: [96msrc/app/bullion-pending-reweight-detail/bullion-pending-reweight-detail.page.ts[0m:[93m299[0m:[93m57[0m - [91merror[0m[90m TS2339: [0mProperty 'multiple_image' does not exist on type 'never'.

[7m299[0m      MultipleImageUrl : (v.multiple_image)?JSON.parse(v.multiple_image):[],
[7m   [0m [91m                                                        ~~~~~~~~~~~~~~[0m


Error: [96msrc/app/bullion-pending-reweight-detail/bullion-pending-reweight-detail.page.ts[0m:[93m300[0m:[93m23[0m - [91merror[0m[90m TS2339: [0mProperty 'warehouse_id' does not exist on type 'never'.

[7m300[0m      warehouse_id : v.warehouse_id,
[7m   [0m [91m                      ~~~~~~~~~~~~[0m


Error: [96msrc/app/bullion-pending-reweight-detail/bullion-pending-reweight-detail.page.ts[0m:[93m304[0m:[93m7[0m - [91merror[0m[90m TS2322: [0mType 'any[]' is not assignable to type 'never[]'.
  Type 'any' is not assignable to type 'never'.

[7m304[0m       this.itemList = itemList;
[7m   [0m [91m      ~~~~~~~~~~~~~[0m


Error: [96msrc/app/bullion-pending-reweight-detail/bullion-pending-reweight-detail.page.ts[0m:[93m304[0m:[93m23[0m - [91merror[0m[90m TS7005: [0mVariable 'itemList' implicitly has an 'any[]' type.

[7m304[0m       this.itemList = itemList;
[7m   [0m [91m                      ~~~~~~~~[0m


Error: [96msrc/app/bullion-pending-reweight-detail/bullion-pending-reweight-detail.page.ts[0m:[93m305[0m:[93m4[0m - [91merror[0m[90m TS2322: [0mType 'any[]' is not assignable to type 'never[]'.

[7m305[0m    this.formData.detailList = itemList;
[7m   [0m [91m   ~~~~~~~~~~~~~~~~~~~~~~~~[0m


Error: [96msrc/app/bullion-pending-reweight-detail/bullion-pending-reweight-detail.page.ts[0m:[93m305[0m:[93m31[0m - [91merror[0m[90m TS7005: [0mVariable 'itemList' implicitly has an 'any[]' type.

[7m305[0m    this.formData.detailList = itemList;
[7m   [0m [91m                              ~~~~~~~~[0m


Error: [96msrc/app/bullion-pending-reweight-detail/bullion-pending-reweight-detail.page.ts[0m:[93m307[0m:[93m75[0m - [91merror[0m[90m TS2339: [0mProperty 'MultipleImageUrl' does not exist on type 'never'.

[7m307[0m    var checkhavemultiple = this.formData.detailList.filter((item) => item.MultipleImageUrl.length > 0);
[7m   [0m [91m                                                                          ~~~~~~~~~~~~~~~~[0m


Error: [96msrc/app/bullion-pending-reweight-detail/bullion-pending-reweight-detail.page.ts[0m:[93m320[0m:[93m13[0m - [91merror[0m[90m TS2339: [0mProperty 'item_no' does not exist on type 'never'.

[7m320[0m     if(item.item_no > item_num){
[7m   [0m [91m            ~~~~~~~[0m


Error: [96msrc/app/bullion-pending-reweight-detail/bullion-pending-reweight-detail.page.ts[0m:[93m321[0m:[93m22[0m - [91merror[0m[90m TS2339: [0mProperty 'item_no' does not exist on type 'never'.

[7m321[0m      item_num = item.item_no;
[7m   [0m [91m                     ~~~~~~~[0m


Error: [96msrc/app/bullion-pending-reweight-detail/bullion-pending-reweight-detail.page.ts[0m:[93m329[0m:[93m52[0m - [91merror[0m[90m TS2339: [0mProperty 'item_type_id' does not exist on type 'never'.

[7m329[0m    item_type: String(this.customerBItemTypeList[0].item_type_id),
[7m   [0m [91m                                                   ~~~~~~~~~~~~[0m


Error: [96msrc/app/bullion-pending-reweight-detail/bullion-pending-reweight-detail.page.ts[0m:[93m348[0m:[93m33[0m - [91merror[0m[90m TS2345: [0mArgument of type '{ item_no: number; item_type: string; item_code: string; gram: number; gold_name: string; gold_pure_percent: string; gold_pure_id: string; XAU_amount: number; purchase_order_id: number; related_po_id: null; ... 4 more ...; is_new: number; }' is not assignable to parameter of type 'never'.

[7m348[0m   this.formData.detailList.push(tmp);
[7m   [0m [91m                                ~~~[0m


Error: [96msrc/app/bullion-pending-reweight-detail/bullion-pending-reweight-detail.page.ts[0m:[93m353[0m:[93m14[0m - [91merror[0m[90m TS7006: [0mParameter 'selectedItem' implicitly has an 'any' type.

[7m353[0m  recalculate(selectedItem) {
[7m   [0m [91m             ~~~~~~~~~~~~[0m


Error: [96msrc/app/bullion-pending-reweight-detail/bullion-pending-reweight-detail.page.ts[0m:[93m365[0m:[93m16[0m - [91merror[0m[90m TS2339: [0mProperty 'id' does not exist on type 'never'.

[7m365[0m    return item.id == selectedItem.item_code;
[7m   [0m [91m               ~~[0m


Error: [96msrc/app/bullion-pending-reweight-detail/bullion-pending-reweight-detail.page.ts[0m:[93m369[0m:[93m53[0m - [91merror[0m[90m TS2339: [0mProperty 'gold_name' does not exist on type 'never'.

[7m369[0m    selectedItem.gold_name = selectedPresetPurity[0].gold_name;
[7m   [0m [91m                                                    ~~~~~~~~~[0m


Error: [96msrc/app/bullion-pending-reweight-detail/bullion-pending-reweight-detail.page.ts[0m:[93m371[0m:[93m61[0m - [91merror[0m[90m TS2339: [0mProperty 'override_gold_pure_percent' does not exist on type 'never'.

[7m371[0m    selectedItem.gold_pure_percent = selectedPresetPurity[0].override_gold_pure_percent;
[7m   [0m [91m                                                            ~~~~~~~~~~~~~~~~~~~~~~~~~~[0m


Error: [96msrc/app/bullion-pending-reweight-detail/bullion-pending-reweight-detail.page.ts[0m:[93m388[0m:[93m14[0m - [91merror[0m[90m TS7006: [0mParameter 'num' implicitly has an 'any' type.

[7m388[0m  no_round_up(num, rounded) {
[7m   [0m [91m             ~~~[0m


Error: [96msrc/app/bullion-pending-reweight-detail/bullion-pending-reweight-detail.page.ts[0m:[93m388[0m:[93m19[0m - [91merror[0m[90m TS7006: [0mParameter 'rounded' implicitly has an 'any' type.

[7m388[0m  no_round_up(num, rounded) {
[7m   [0m [91m                  ~~~~~~~[0m


Error: [96msrc/app/bullion-pending-reweight-detail/bullion-pending-reweight-detail.page.ts[0m:[93m409[0m:[93m12[0m - [91merror[0m[90m TS2339: [0mProperty 'gram' does not exist on type 'never'.

[7m409[0m       if(v.gram > 0){
[7m   [0m [91m           ~~~~[0m


Error: [96msrc/app/bullion-pending-reweight-detail/bullion-pending-reweight-detail.page.ts[0m:[93m410[0m:[93m45[0m - [91merror[0m[90m TS2339: [0mProperty 'gram' does not exist on type 'never'.

[7m410[0m         total_gram = Big(total_gram).plus(v.gram).round(2, Big.roundDown).toNumber();
[7m   [0m [91m                                            ~~~~[0m


Error: [96msrc/app/bullion-pending-reweight-detail/bullion-pending-reweight-detail.page.ts[0m:[93m411[0m:[93m43[0m - [91merror[0m[90m TS2339: [0mProperty 'XAU_amount' does not exist on type 'never'.

[7m411[0m         total_XAU = Big(total_XAU).plus(v.XAU_amount).round(3, Big.roundDown).toNumber();
[7m   [0m [91m                                          ~~~~~~~~~~[0m


Error: [96msrc/app/bullion-pending-reweight-detail/bullion-pending-reweight-detail.page.ts[0m:[93m436[0m:[93m14[0m - [91merror[0m[90m TS2339: [0mProperty 'gold_pure_percent' does not exist on type 'never'.

[7m436[0m     return b.gold_pure_percent - a.gold_pure_percent;
[7m   [0m [91m             ~~~~~~~~~~~~~~~~~[0m


Error: [96msrc/app/bullion-pending-reweight-detail/bullion-pending-reweight-detail.page.ts[0m:[93m436[0m:[93m36[0m - [91merror[0m[90m TS2339: [0mProperty 'gold_pure_percent' does not exist on type 'never'.

[7m436[0m     return b.gold_pure_percent - a.gold_pure_percent;
[7m   [0m [91m                                   ~~~~~~~~~~~~~~~~~[0m


Error: [96msrc/app/bullion-pending-reweight-detail/bullion-pending-reweight-detail.page.ts[0m:[93m440[0m:[93m21[0m - [91merror[0m[90m TS7006: [0mParameter 'index' implicitly has an 'any' type.

[7m440[0m  async removeDetail(index) {
[7m   [0m [91m                    ~~~~~[0m


Error: [96msrc/app/bullion-pending-reweight-detail/bullion-pending-reweight-detail.page.ts[0m:[93m466[0m:[93m20[0m - [91merror[0m[90m TS7006: [0mParameter 'item' implicitly has an 'any' type.

[7m466[0m  async view_detail(item) {
[7m   [0m [91m                   ~~~~[0m


Error: [96msrc/app/bullion-pending-reweight-detail/bullion-pending-reweight-detail.page.ts[0m:[93m493[0m:[93m24[0m - [91merror[0m[90m TS7006: [0mParameter 'is_GRN' implicitly has an 'any' type.

[7m493[0m  async openActionSheet(is_GRN,index) {
[7m   [0m [91m                       ~~~~~~[0m


Error: [96msrc/app/bullion-pending-reweight-detail/bullion-pending-reweight-detail.page.ts[0m:[93m493[0m:[93m31[0m - [91merror[0m[90m TS7006: [0mParameter 'index' implicitly has an 'any' type.

[7m493[0m  async openActionSheet(is_GRN,index) {
[7m   [0m [91m                              ~~~~~[0m


Error: [96msrc/app/bullion-pending-reweight-detail/bullion-pending-reweight-detail.page.ts[0m:[93m561[0m:[93m75[0m - [91merror[0m[90m TS18046: [0m'error' is of type 'unknown'.

[7m561[0m       await this.presentErrorAlert('Error', 'Failed to capture photo: ' + error.message);
[7m   [0m [91m                                                                          ~~~~~[0m


Error: [96msrc/app/bullion-pending-reweight-detail/bullion-pending-reweight-detail.page.ts[0m:[93m611[0m:[93m36[0m - [91merror[0m[90m TS2769: [0mNo overload matches this call.
  Overload 1 of 4, '(iterable: Iterable<File> | ArrayLike<File>): File[]', gave the following error.
    Argument of type 'FileList | null' is not assignable to parameter of type 'Iterable<File> | ArrayLike<File>'.
  Overload 2 of 4, '(arrayLike: ArrayLike<File>): File[]', gave the following error.
    Argument of type 'FileList | null' is not assignable to parameter of type 'ArrayLike<File>'.
      Type 'null' is not assignable to type 'ArrayLike<File>'.

[7m611[0m           const files = Array.from(input.files);
[7m   [0m [91m                                   ~~~~~~~~~~~[0m



Error: [96msrc/app/bullion-pending-reweight-detail/bullion-pending-reweight-detail.page.ts[0m:[93m705[0m:[93m11[0m - [91merror[0m[90m TS7053: [0mElement implicitly has an 'any' type because expression of type '"status"' can't be used to index type 'Object'.
  Property 'status' does not exist on type 'Object'.

[7m705[0m       if (data['status'] === "OK") {
[7m   [0m [91m          ~~~~~~~~~~~~~~[0m


Error: [96msrc/app/bullion-pending-reweight-detail/bullion-pending-reweight-detail.page.ts[0m:[93m705[0m:[93m11[0m - [91merror[0m[90m TS18048: [0m'data' is possibly 'undefined'.

[7m705[0m       if (data['status'] === "OK") {
[7m   [0m [91m          ~~~~[0m


Error: [96msrc/app/bullion-pending-reweight-detail/bullion-pending-reweight-detail.page.ts[0m:[93m707[0m:[93m51[0m - [91merror[0m[90m TS2339: [0mProperty 'is_multiple_image' does not exist on type 'never'.

[7m707[0m           this.formData.detailList[this.grnIndex].is_multiple_image = 1;
[7m   [0m [91m                                                  ~~~~~~~~~~~~~~~~~[0m


Error: [96msrc/app/bullion-pending-reweight-detail/bullion-pending-reweight-detail.page.ts[0m:[93m708[0m:[93m51[0m - [91merror[0m[90m TS2339: [0mProperty 'MultipleImageUrl' does not exist on type 'never'.

[7m708[0m           this.formData.detailList[this.grnIndex].MultipleImageUrl.push(data['result']['img_path']);
[7m   [0m [91m                                                  ~~~~~~~~~~~~~~~~[0m


Error: [96msrc/app/bullion-pending-reweight-detail/bullion-pending-reweight-detail.page.ts[0m:[93m708[0m:[93m73[0m - [91merror[0m[90m TS7053: [0mElement implicitly has an 'any' type because expression of type '"result"' can't be used to index type 'Object'.
  Property 'result' does not exist on type 'Object'.

[7m708[0m           this.formData.detailList[this.grnIndex].MultipleImageUrl.push(data['result']['img_path']);
[7m   [0m [91m                                                                        ~~~~~~~~~~~~~~[0m


Error: [96msrc/app/bullion-pending-reweight-detail/bullion-pending-reweight-detail.page.ts[0m:[93m708[0m:[93m73[0m - [91merror[0m[90m TS18048: [0m'data' is possibly 'undefined'.

[7m708[0m           this.formData.detailList[this.grnIndex].MultipleImageUrl.push(data['result']['img_path']);
[7m   [0m [91m                                                                        ~~~~[0m


Error: [96msrc/app/bullion-pending-reweight-detail/bullion-pending-reweight-detail.page.ts[0m:[93m711[0m:[93m11[0m - [91merror[0m[90m TS7053: [0mElement implicitly has an 'any' type because expression of type '"is_multiple_image_tng"' can't be used to index type '{}'.
  Property 'is_multiple_image_tng' does not exist on type '{}'.

[7m711[0m           this.grnData['is_multiple_image_tng'] = 1;
[7m   [0m [91m          ~~~~~~~~~~~~~~~~~~~~~~~~~~~~~~~~~~~~~[0m


Error: [96msrc/app/bullion-pending-reweight-detail/bullion-pending-reweight-detail.page.ts[0m:[93m712[0m:[93m11[0m - [91merror[0m[90m TS7053: [0mElement implicitly has an 'any' type because expression of type '"MultipleImageUrl_tng"' can't be used to index type '{}'.
  Property 'MultipleImageUrl_tng' does not exist on type '{}'.

[7m712[0m           this.grnData['MultipleImageUrl_tng'].push(data['result']['img_path']);
[7m   [0m [91m          ~~~~~~~~~~~~~~~~~~~~~~~~~~~~~~~~~~~~[0m


Error: [96msrc/app/bullion-pending-reweight-detail/bullion-pending-reweight-detail.page.ts[0m:[93m712[0m:[93m53[0m - [91merror[0m[90m TS7053: [0mElement implicitly has an 'any' type because expression of type '"result"' can't be used to index type 'Object'.
  Property 'result' does not exist on type 'Object'.

[7m712[0m           this.grnData['MultipleImageUrl_tng'].push(data['result']['img_path']);
[7m   [0m [91m                                                    ~~~~~~~~~~~~~~[0m


Error: [96msrc/app/bullion-pending-reweight-detail/bullion-pending-reweight-detail.page.ts[0m:[93m712[0m:[93m53[0m - [91merror[0m[90m TS18048: [0m'data' is possibly 'undefined'.

[7m712[0m           this.grnData['MultipleImageUrl_tng'].push(data['result']['img_path']);
[7m   [0m [91m                                                    ~~~~[0m


Error: [96msrc/app/bullion-pending-reweight-detail/bullion-pending-reweight-detail.page.ts[0m:[93m719[0m:[93m25[0m - [91merror[0m[90m TS7053: [0mElement implicitly has an 'any' type because expression of type '"message"' can't be used to index type 'Object'.
  Property 'message' does not exist on type 'Object'.

[7m719[0m         throw new Error(data['message'] || 'Upload failed');
[7m   [0m [91m                        ~~~~~~~~~~~~~~~[0m


Error: [96msrc/app/bullion-pending-reweight-detail/bullion-pending-reweight-detail.page.ts[0m:[93m719[0m:[93m25[0m - [91merror[0m[90m TS18048: [0m'data' is possibly 'undefined'.

[7m719[0m         throw new Error(data['message'] || 'Upload failed');
[7m   [0m [91m                        ~~~~[0m


Error: [96msrc/app/bullion-pending-reweight-detail/bullion-pending-reweight-detail.page.ts[0m:[93m755[0m:[93m11[0m - [91merror[0m[90m TS7053: [0mElement implicitly has an 'any' type because expression of type '"status"' can't be used to index type 'Object'.
  Property 'status' does not exist on type 'Object'.

[7m755[0m       if (data['status'] === "OK") {
[7m   [0m [91m          ~~~~~~~~~~~~~~[0m


Error: [96msrc/app/bullion-pending-reweight-detail/bullion-pending-reweight-detail.page.ts[0m:[93m755[0m:[93m11[0m - [91merror[0m[90m TS18048: [0m'data' is possibly 'undefined'.

[7m755[0m       if (data['status'] === "OK") {
[7m   [0m [91m          ~~~~[0m


Error: [96msrc/app/bullion-pending-reweight-detail/bullion-pending-reweight-detail.page.ts[0m:[93m757[0m:[93m51[0m - [91merror[0m[90m TS2339: [0mProperty 'is_multiple_image' does not exist on type 'never'.

[7m757[0m           this.formData.detailList[this.grnIndex].is_multiple_image = 1;
[7m   [0m [91m                                                  ~~~~~~~~~~~~~~~~~[0m


Error: [96msrc/app/bullion-pending-reweight-detail/bullion-pending-reweight-detail.page.ts[0m:[93m758[0m:[93m51[0m - [91merror[0m[90m TS2339: [0mProperty 'MultipleImageUrl' does not exist on type 'never'.

[7m758[0m           this.formData.detailList[this.grnIndex].MultipleImageUrl = this.formData.detailList[this.grnIndex].MultipleImageUrl.concat(JSON.parse(data['result']['img_path']));
[7m   [0m [91m                                                  ~~~~~~~~~~~~~~~~[0m


Error: [96msrc/app/bullion-pending-reweight-detail/bullion-pending-reweight-detail.page.ts[0m:[93m758[0m:[93m110[0m - [91merror[0m[90m TS2339: [0mProperty 'MultipleImageUrl' does not exist on type 'never'.

[7m758[0m           this.formData.detailList[this.grnIndex].MultipleImageUrl = this.formData.detailList[this.grnIndex].MultipleImageUrl.concat(JSON.parse(data['result']['img_path']));
[7m   [0m [91m                                                                                                             ~~~~~~~~~~~~~~~~[0m


Error: [96msrc/app/bullion-pending-reweight-detail/bullion-pending-reweight-detail.page.ts[0m:[93m758[0m:[93m145[0m - [91merror[0m[90m TS7053: [0mElement implicitly has an 'any' type because expression of type '"result"' can't be used to index type 'Object'.
  Property 'result' does not exist on type 'Object'.

[7m758[0m           this.formData.detailList[this.grnIndex].MultipleImageUrl = this.formData.detailList[this.grnIndex].MultipleImageUrl.concat(JSON.parse(data['result']['img_path']));
[7m   [0m [91m                                                                                                                                                ~~~~~~~~~~~~~~[0m


Error: [96msrc/app/bullion-pending-reweight-detail/bullion-pending-reweight-detail.page.ts[0m:[93m758[0m:[93m145[0m - [91merror[0m[90m TS18048: [0m'data' is possibly 'undefined'.

[7m758[0m           this.formData.detailList[this.grnIndex].MultipleImageUrl = this.formData.detailList[this.grnIndex].MultipleImageUrl.concat(JSON.parse(data['result']['img_path']));
[7m   [0m [91m                                                                                                                                                ~~~~[0m


Error: [96msrc/app/bullion-pending-reweight-detail/bullion-pending-reweight-detail.page.ts[0m:[93m761[0m:[93m11[0m - [91merror[0m[90m TS7053: [0mElement implicitly has an 'any' type because expression of type '"is_multiple_image_tng"' can't be used to index type '{}'.
  Property 'is_multiple_image_tng' does not exist on type '{}'.

[7m761[0m           this.grnData['is_multiple_image_tng'] = 1;
[7m   [0m [91m          ~~~~~~~~~~~~~~~~~~~~~~~~~~~~~~~~~~~~~[0m


Error: [96msrc/app/bullion-pending-reweight-detail/bullion-pending-reweight-detail.page.ts[0m:[93m762[0m:[93m11[0m - [91merror[0m[90m TS7053: [0mElement implicitly has an 'any' type because expression of type '"MultipleImageUrl_tng"' can't be used to index type '{}'.
  Property 'MultipleImageUrl_tng' does not exist on type '{}'.

[7m762[0m           this.grnData['MultipleImageUrl_tng'] = this.grnData['MultipleImageUrl_tng'].concat(JSON.parse(data['result']['img_path']));
[7m   [0m [91m          ~~~~~~~~~~~~~~~~~~~~~~~~~~~~~~~~~~~~[0m


Error: [96msrc/app/bullion-pending-reweight-detail/bullion-pending-reweight-detail.page.ts[0m:[93m762[0m:[93m50[0m - [91merror[0m[90m TS7053: [0mElement implicitly has an 'any' type because expression of type '"MultipleImageUrl_tng"' can't be used to index type '{}'.
  Property 'MultipleImageUrl_tng' does not exist on type '{}'.

[7m762[0m           this.grnData['MultipleImageUrl_tng'] = this.grnData['MultipleImageUrl_tng'].concat(JSON.parse(data['result']['img_path']));
[7m   [0m [91m                                                 ~~~~~~~~~~~~~~~~~~~~~~~~~~~~~~~~~~~~[0m


Error: [96msrc/app/bullion-pending-reweight-detail/bullion-pending-reweight-detail.page.ts[0m:[93m762[0m:[93m105[0m - [91merror[0m[90m TS7053: [0mElement implicitly has an 'any' type because expression of type '"result"' can't be used to index type 'Object'.
  Property 'result' does not exist on type 'Object'.

[7m762[0m           this.grnData['MultipleImageUrl_tng'] = this.grnData['MultipleImageUrl_tng'].concat(JSON.parse(data['result']['img_path']));
[7m   [0m [91m                                                                                                        ~~~~~~~~~~~~~~[0m


Error: [96msrc/app/bullion-pending-reweight-detail/bullion-pending-reweight-detail.page.ts[0m:[93m762[0m:[93m105[0m - [91merror[0m[90m TS18048: [0m'data' is possibly 'undefined'.

[7m762[0m           this.grnData['MultipleImageUrl_tng'] = this.grnData['MultipleImageUrl_tng'].concat(JSON.parse(data['result']['img_path']));
[7m   [0m [91m                                                                                                        ~~~~[0m


Error: [96msrc/app/bullion-pending-reweight-detail/bullion-pending-reweight-detail.page.ts[0m:[93m766[0m:[93m25[0m - [91merror[0m[90m TS7053: [0mElement implicitly has an 'any' type because expression of type '"message"' can't be used to index type 'Object'.
  Property 'message' does not exist on type 'Object'.

[7m766[0m         throw new Error(data['message'] || 'Upload failed');
[7m   [0m [91m                        ~~~~~~~~~~~~~~~[0m


Error: [96msrc/app/bullion-pending-reweight-detail/bullion-pending-reweight-detail.page.ts[0m:[93m766[0m:[93m25[0m - [91merror[0m[90m TS18048: [0m'data' is possibly 'undefined'.

[7m766[0m         throw new Error(data['message'] || 'Upload failed');
[7m   [0m [91m                        ~~~~[0m


Error: [96msrc/app/bullion-pending-reweight-detail/bullion-pending-reweight-detail.page.ts[0m:[93m785[0m:[93m8[0m - [91merror[0m[90m TS7053: [0mElement implicitly has an 'any' type because expression of type '"status"' can't be used to index type 'Object'.
  Property 'status' does not exist on type 'Object'.

[7m785[0m    if (data['status'] == "OK") {
[7m   [0m [91m       ~~~~~~~~~~~~~~[0m


Error: [96msrc/app/bullion-pending-reweight-detail/bullion-pending-reweight-detail.page.ts[0m:[93m788[0m:[93m45[0m - [91merror[0m[90m TS2339: [0mProperty 'is_multiple_image' does not exist on type 'never'.

[7m788[0m     this.formData.detailList[this.grnIndex].is_multiple_image = 1;
[7m   [0m [91m                                            ~~~~~~~~~~~~~~~~~[0m


Error: [96msrc/app/bullion-pending-reweight-detail/bullion-pending-reweight-detail.page.ts[0m:[93m789[0m:[93m45[0m - [91merror[0m[90m TS2339: [0mProperty 'MultipleImageUrl' does not exist on type 'never'.

[7m789[0m     this.formData.detailList[this.grnIndex].MultipleImageUrl = JSON.parse(data['result']['img_path']);
[7m   [0m [91m                                            ~~~~~~~~~~~~~~~~[0m


Error: [96msrc/app/bullion-pending-reweight-detail/bullion-pending-reweight-detail.page.ts[0m:[93m789[0m:[93m75[0m - [91merror[0m[90m TS7053: [0mElement implicitly has an 'any' type because expression of type '"result"' can't be used to index type 'Object'.
  Property 'result' does not exist on type 'Object'.

[7m789[0m     this.formData.detailList[this.grnIndex].MultipleImageUrl = JSON.parse(data['result']['img_path']);
[7m   [0m [91m                                                                          ~~~~~~~~~~~~~~[0m


Error: [96msrc/app/bullion-pending-reweight-detail/bullion-pending-reweight-detail.page.ts[0m:[93m803[0m:[93m13[0m - [91merror[0m[90m TS7006: [0mParameter 'is_GRN' implicitly has an 'any' type.

[7m803[0m  delete_img(is_GRN, img_path, target_index) {
[7m   [0m [91m            ~~~~~~[0m


Error: [96msrc/app/bullion-pending-reweight-detail/bullion-pending-reweight-detail.page.ts[0m:[93m803[0m:[93m21[0m - [91merror[0m[90m TS7006: [0mParameter 'img_path' implicitly has an 'any' type.

[7m803[0m  delete_img(is_GRN, img_path, target_index) {
[7m   [0m [91m                    ~~~~~~~~[0m


Error: [96msrc/app/bullion-pending-reweight-detail/bullion-pending-reweight-detail.page.ts[0m:[93m803[0m:[93m31[0m - [91merror[0m[90m TS7006: [0mParameter 'target_index' implicitly has an 'any' type.

[7m803[0m  delete_img(is_GRN, img_path, target_index) {
[7m   [0m [91m                              ~~~~~~~~~~~~[0m


Error: [96msrc/app/bullion-pending-reweight-detail/bullion-pending-reweight-detail.page.ts[0m:[93m820[0m:[93m58[0m - [91merror[0m[90m TS2339: [0mProperty 'MultipleImageUrl' does not exist on type 'never'.

[7m820[0m       let index = this.formData.detailList[target_index].MultipleImageUrl.indexOf(img_path);
[7m   [0m [91m                                                         ~~~~~~~~~~~~~~~~[0m


Error: [96msrc/app/bullion-pending-reweight-detail/bullion-pending-reweight-detail.page.ts[0m:[93m822[0m:[93m47[0m - [91merror[0m[90m TS2339: [0mProperty 'MultipleImageUrl' does not exist on type 'never'.

[7m822[0m        this.formData.detailList[target_index].MultipleImageUrl.splice(index, 1);
[7m   [0m [91m                                              ~~~~~~~~~~~~~~~~[0m


Error: [96msrc/app/bullion-pending-reweight-detail/bullion-pending-reweight-detail.page.ts[0m:[93m824[0m:[93m50[0m - [91merror[0m[90m TS2339: [0mProperty 'showImage' does not exist on type 'never'.

[7m824[0m       if (this.formData.detailList[target_index].showImage == img_path) {
[7m   [0m [91m                                                 ~~~~~~~~~[0m


Error: [96msrc/app/bullion-pending-reweight-detail/bullion-pending-reweight-detail.page.ts[0m:[93m825[0m:[93m47[0m - [91merror[0m[90m TS2339: [0mProperty 'showImage' does not exist on type 'never'.

[7m825[0m        this.formData.detailList[target_index].showImage = '';
[7m   [0m [91m                                              ~~~~~~~~~[0m


Error: [96msrc/app/bullion-pending-reweight-detail/bullion-pending-reweight-detail.page.ts[0m:[93m829[0m:[93m39[0m - [91merror[0m[90m TS2339: [0mProperty 'MultipleImageUrl' does not exist on type 'never'.

[7m829[0m        if(this.formData.detailList[i].MultipleImageUrl.length > 0){
[7m   [0m [91m                                      ~~~~~~~~~~~~~~~~[0m


Error: [96msrc/app/bullion-pending-reweight-detail/bullion-pending-reweight-detail.page.ts[0m:[93m835[0m:[93m19[0m - [91merror[0m[90m TS7053: [0mElement implicitly has an 'any' type because expression of type '"MultipleImageUrl_tng"' can't be used to index type '{}'.
  Property 'MultipleImageUrl_tng' does not exist on type '{}'.

[7m835[0m       let index = this.grnData['MultipleImageUrl_tng'].indexOf(img_path);
[7m   [0m [91m                  ~~~~~~~~~~~~~~~~~~~~~~~~~~~~~~~~~~~~[0m


Error: [96msrc/app/bullion-pending-reweight-detail/bullion-pending-reweight-detail.page.ts[0m:[93m837[0m:[93m8[0m - [91merror[0m[90m TS7053: [0mElement implicitly has an 'any' type because expression of type '"MultipleImageUrl_tng"' can't be used to index type '{}'.
  Property 'MultipleImageUrl_tng' does not exist on type '{}'.

[7m837[0m        this.grnData['MultipleImageUrl_tng'].splice(index, 1);
[7m   [0m [91m       ~~~~~~~~~~~~~~~~~~~~~~~~~~~~~~~~~~~~[0m


Error: [96msrc/app/bullion-pending-reweight-detail/bullion-pending-reweight-detail.page.ts[0m:[93m853[0m:[93m3[0m - [91merror[0m[90m TS2322: [0mType 'any[]' is not assignable to type 'never[]'.
  Type 'any' is not assignable to type 'never'.

[7m853[0m   this.formData.detailList = this.formData.detailList.map(({ item_no, ...rest }) => rest);
[7m   [0m [91m  ~~~~~~~~~~~~~~~~~~~~~~~~[0m


Error: [96msrc/app/bullion-pending-reweight-detail/bullion-pending-reweight-detail.page.ts[0m:[93m853[0m:[93m74[0m - [91merror[0m[90m TS2700: [0mRest types may only be created from object types.

[7m853[0m   this.formData.detailList = this.formData.detailList.map(({ item_no, ...rest }) => rest);
[7m   [0m [91m                                                                         ~~~~[0m


Error: [96msrc/app/bullion-pending-reweight-detail/bullion-pending-reweight-detail.page.ts[0m:[93m856[0m:[93m28[0m - [91merror[0m[90m TS7053: [0mElement implicitly has an 'any' type because expression of type '"MultipleImageUrl_tng"' can't be used to index type '{}'.
  Property 'MultipleImageUrl_tng' does not exist on type '{}'.

[7m856[0m    'MultipleImageUrl_tng': this.grnData['MultipleImageUrl_tng'],
[7m   [0m [91m                           ~~~~~~~~~~~~~~~~~~~~~~~~~~~~~~~~~~~~[0m


Error: [96msrc/app/bullion-pending-reweight-detail/bullion-pending-reweight-detail.page.ts[0m:[93m860[0m:[93m14[0m - [91merror[0m[90m TS7053: [0mElement implicitly has an 'any' type because expression of type '"remark"' can't be used to index type '{}'.
  Property 'remark' does not exist on type '{}'.

[7m860[0m    "remark": this.grnData['remark'],
[7m   [0m [91m             ~~~~~~~~~~~~~~~~~~~~~~[0m


Error: [96msrc/app/bullion-pending-reweight-detail/bullion-pending-reweight-detail.page.ts[0m:[93m911[0m:[93m20[0m - [91merror[0m[90m TS7006: [0mParameter 'id' implicitly has an 'any' type.

[7m911[0m  getWarehouseColor(id) {
[7m   [0m [91m                   ~~[0m


Error: [96msrc/app/bullion-pending-reweight/bullion-pending-reweight.page.ts[0m:[93m27[0m:[93m3[0m - [91merror[0m[90m TS7008: [0mMember 'selectedCustomer' implicitly has an 'any' type.

[7m27[0m   selectedCustomer; any;
[7m  [0m [91m  ~~~~~~~~~~~~~~~~[0m


Error: [96msrc/app/bullion-pending-reweight/bullion-pending-reweight.page.ts[0m:[93m27[0m:[93m21[0m - [91merror[0m[90m TS7008: [0mMember 'any' implicitly has an 'any' type.

[7m27[0m   selectedCustomer; any;
[7m  [0m [91m                    ~~~[0m


Error: [96msrc/app/bullion-pending-reweight/bullion-pending-reweight.page.ts[0m:[93m93[0m:[93m50[0m - [91merror[0m[90m TS7006: [0mParameter 'item' implicitly has an 'any' type.

[7m93[0m       this.filteredList = this.resultList.filter(item => item.po_type == 0);
[7m  [0m [91m                                                 ~~~~[0m


Error: [96msrc/app/bullion-pending-reweight/bullion-pending-reweight.page.ts[0m:[93m95[0m:[93m50[0m - [91merror[0m[90m TS7006: [0mParameter 'item' implicitly has an 'any' type.

[7m95[0m       this.filteredList = this.resultList.filter(item => item.po_type == 1);
[7m  [0m [91m                                                 ~~~~[0m


Error: [96msrc/app/bullion-pending-reweight/bullion-pending-reweight.page.ts[0m:[93m97[0m:[93m50[0m - [91merror[0m[90m TS7006: [0mParameter 'item' implicitly has an 'any' type.

[7m97[0m       this.filteredList = this.resultList.filter(item => item.po_type == 2);
[7m  [0m [91m                                                 ~~~~[0m


Error: [96msrc/app/bullion-pending-reweight/bullion-pending-reweight.page.ts[0m:[93m110[0m:[93m12[0m - [91merror[0m[90m TS7006: [0mParameter 'event' implicitly has an 'any' type.

[7m110[0m  doRefresh(event) {
[7m   [0m [91m           ~~~~~[0m


Error: [96msrc/app/bullion-pending-tbc-detail/bullion-pending-tbc-detail.page.ts[0m:[93m39[0m:[93m2[0m - [91merror[0m[90m TS2564: [0mProperty 'customer_balance_XAU' has no initializer and is not definitely assigned in the constructor.

[7m39[0m  customer_balance_XAU: 0;
[7m  [0m [91m ~~~~~~~~~~~~~~~~~~~~[0m


Error: [96msrc/app/bullion-pending-tbc-detail/bullion-pending-tbc-detail.page.ts[0m:[93m121[0m:[93m25[0m - [91merror[0m[90m TS7006: [0mParameter 'is_GRN' implicitly has an 'any' type.

[7m121[0m   async openActionSheet(is_GRN,index) {
[7m   [0m [91m                        ~~~~~~[0m


Error: [96msrc/app/bullion-pending-tbc-detail/bullion-pending-tbc-detail.page.ts[0m:[93m121[0m:[93m32[0m - [91merror[0m[90m TS7006: [0mParameter 'index' implicitly has an 'any' type.

[7m121[0m   async openActionSheet(is_GRN,index) {
[7m   [0m [91m                               ~~~~~[0m


Error: [96msrc/app/bullion-pending-tbc-detail/bullion-pending-tbc-detail.page.ts[0m:[93m185[0m:[93m75[0m - [91merror[0m[90m TS18046: [0m'error' is of type 'unknown'.

[7m185[0m       await this.presentErrorAlert('Error', 'Failed to capture photo: ' + error.message);
[7m   [0m [91m                                                                          ~~~~~[0m


Error: [96msrc/app/bullion-pending-tbc-detail/bullion-pending-tbc-detail.page.ts[0m:[93m227[0m:[93m36[0m - [91merror[0m[90m TS2769: [0mNo overload matches this call.
  Overload 1 of 4, '(iterable: Iterable<File> | ArrayLike<File>): File[]', gave the following error.
    Argument of type 'FileList | null' is not assignable to parameter of type 'Iterable<File> | ArrayLike<File>'.
  Overload 2 of 4, '(arrayLike: ArrayLike<File>): File[]', gave the following error.
    Argument of type 'FileList | null' is not assignable to parameter of type 'ArrayLike<File>'.
      Type 'null' is not assignable to type 'ArrayLike<File>'.

[7m227[0m           const files = Array.from(input.files);
[7m   [0m [91m                                   ~~~~~~~~~~~[0m



Error: [96msrc/app/bullion-pending-tbc-detail/bullion-pending-tbc-detail.page.ts[0m:[93m321[0m:[93m11[0m - [91merror[0m[90m TS7053: [0mElement implicitly has an 'any' type because expression of type '"status"' can't be used to index type 'Object'.
  Property 'status' does not exist on type 'Object'.

[7m321[0m       if (data['status'] === "OK") {
[7m   [0m [91m          ~~~~~~~~~~~~~~[0m


Error: [96msrc/app/bullion-pending-tbc-detail/bullion-pending-tbc-detail.page.ts[0m:[93m321[0m:[93m11[0m - [91merror[0m[90m TS18048: [0m'data' is possibly 'undefined'.

[7m321[0m       if (data['status'] === "OK") {
[7m   [0m [91m          ~~~~[0m


Error: [96msrc/app/bullion-pending-tbc-detail/bullion-pending-tbc-detail.page.ts[0m:[93m323[0m:[93m51[0m - [91merror[0m[90m TS2339: [0mProperty 'is_multiple_image' does not exist on type 'never'.

[7m323[0m           this.formData.detailList[this.grnIndex].is_multiple_image = 1;
[7m   [0m [91m                                                  ~~~~~~~~~~~~~~~~~[0m


Error: [96msrc/app/bullion-pending-tbc-detail/bullion-pending-tbc-detail.page.ts[0m:[93m324[0m:[93m51[0m - [91merror[0m[90m TS2339: [0mProperty 'MultipleImageUrl' does not exist on type 'never'.

[7m324[0m           this.formData.detailList[this.grnIndex].MultipleImageUrl.push(data['result']['img_path']);
[7m   [0m [91m                                                  ~~~~~~~~~~~~~~~~[0m


Error: [96msrc/app/bullion-pending-tbc-detail/bullion-pending-tbc-detail.page.ts[0m:[93m324[0m:[93m73[0m - [91merror[0m[90m TS7053: [0mElement implicitly has an 'any' type because expression of type '"result"' can't be used to index type 'Object'.
  Property 'result' does not exist on type 'Object'.

[7m324[0m           this.formData.detailList[this.grnIndex].MultipleImageUrl.push(data['result']['img_path']);
[7m   [0m [91m                                                                        ~~~~~~~~~~~~~~[0m


Error: [96msrc/app/bullion-pending-tbc-detail/bullion-pending-tbc-detail.page.ts[0m:[93m324[0m:[93m73[0m - [91merror[0m[90m TS18048: [0m'data' is possibly 'undefined'.

[7m324[0m           this.formData.detailList[this.grnIndex].MultipleImageUrl.push(data['result']['img_path']);
[7m   [0m [91m                                                                        ~~~~[0m


Error: [96msrc/app/bullion-pending-tbc-detail/bullion-pending-tbc-detail.page.ts[0m:[93m327[0m:[93m16[0m - [91merror[0m[90m TS7053: [0mElement implicitly has an 'any' type because expression of type '"MultipleImageUrl_tng"' can't be used to index type '{ is_approved: number; }'.
  Property 'MultipleImageUrl_tng' does not exist on type '{ is_approved: number; }'.

[7m327[0m           if (!this.grnData['MultipleImageUrl_tng']) {
[7m   [0m [91m               ~~~~~~~~~~~~~~~~~~~~~~~~~~~~~~~~~~~~[0m


Error: [96msrc/app/bullion-pending-tbc-detail/bullion-pending-tbc-detail.page.ts[0m:[93m328[0m:[93m13[0m - [91merror[0m[90m TS7053: [0mElement implicitly has an 'any' type because expression of type '"MultipleImageUrl_tng"' can't be used to index type '{ is_approved: number; }'.
  Property 'MultipleImageUrl_tng' does not exist on type '{ is_approved: number; }'.

[7m328[0m             this.grnData['MultipleImageUrl_tng'] = [];
[7m   [0m [91m            ~~~~~~~~~~~~~~~~~~~~~~~~~~~~~~~~~~~~[0m


Error: [96msrc/app/bullion-pending-tbc-detail/bullion-pending-tbc-detail.page.ts[0m:[93m330[0m:[93m11[0m - [91merror[0m[90m TS7053: [0mElement implicitly has an 'any' type because expression of type '"is_multiple_image_tng"' can't be used to index type '{ is_approved: number; }'.
  Property 'is_multiple_image_tng' does not exist on type '{ is_approved: number; }'.

[7m330[0m           this.grnData['is_multiple_image_tng'] = 1;
[7m   [0m [91m          ~~~~~~~~~~~~~~~~~~~~~~~~~~~~~~~~~~~~~[0m


Error: [96msrc/app/bullion-pending-tbc-detail/bullion-pending-tbc-detail.page.ts[0m:[93m331[0m:[93m11[0m - [91merror[0m[90m TS7053: [0mElement implicitly has an 'any' type because expression of type '"MultipleImageUrl_tng"' can't be used to index type '{ is_approved: number; }'.
  Property 'MultipleImageUrl_tng' does not exist on type '{ is_approved: number; }'.

[7m331[0m           this.grnData['MultipleImageUrl_tng'].push(data['result']['img_path']);
[7m   [0m [91m          ~~~~~~~~~~~~~~~~~~~~~~~~~~~~~~~~~~~~[0m


Error: [96msrc/app/bullion-pending-tbc-detail/bullion-pending-tbc-detail.page.ts[0m:[93m331[0m:[93m53[0m - [91merror[0m[90m TS7053: [0mElement implicitly has an 'any' type because expression of type '"result"' can't be used to index type 'Object'.
  Property 'result' does not exist on type 'Object'.

[7m331[0m           this.grnData['MultipleImageUrl_tng'].push(data['result']['img_path']);
[7m   [0m [91m                                                    ~~~~~~~~~~~~~~[0m


Error: [96msrc/app/bullion-pending-tbc-detail/bullion-pending-tbc-detail.page.ts[0m:[93m331[0m:[93m53[0m - [91merror[0m[90m TS18048: [0m'data' is possibly 'undefined'.

[7m331[0m           this.grnData['MultipleImageUrl_tng'].push(data['result']['img_path']);
[7m   [0m [91m                                                    ~~~~[0m


Error: [96msrc/app/bullion-pending-tbc-detail/bullion-pending-tbc-detail.page.ts[0m:[93m337[0m:[93m25[0m - [91merror[0m[90m TS7053: [0mElement implicitly has an 'any' type because expression of type '"message"' can't be used to index type 'Object'.
  Property 'message' does not exist on type 'Object'.

[7m337[0m         throw new Error(data['message'] || 'Upload failed');
[7m   [0m [91m                        ~~~~~~~~~~~~~~~[0m


Error: [96msrc/app/bullion-pending-tbc-detail/bullion-pending-tbc-detail.page.ts[0m:[93m337[0m:[93m25[0m - [91merror[0m[90m TS18048: [0m'data' is possibly 'undefined'.

[7m337[0m         throw new Error(data['message'] || 'Upload failed');
[7m   [0m [91m                        ~~~~[0m


Error: [96msrc/app/bullion-pending-tbc-detail/bullion-pending-tbc-detail.page.ts[0m:[93m373[0m:[93m11[0m - [91merror[0m[90m TS7053: [0mElement implicitly has an 'any' type because expression of type '"status"' can't be used to index type 'Object'.
  Property 'status' does not exist on type 'Object'.

[7m373[0m       if (data['status'] === "OK") {
[7m   [0m [91m          ~~~~~~~~~~~~~~[0m


Error: [96msrc/app/bullion-pending-tbc-detail/bullion-pending-tbc-detail.page.ts[0m:[93m373[0m:[93m11[0m - [91merror[0m[90m TS18048: [0m'data' is possibly 'undefined'.

[7m373[0m       if (data['status'] === "OK") {
[7m   [0m [91m          ~~~~[0m


Error: [96msrc/app/bullion-pending-tbc-detail/bullion-pending-tbc-detail.page.ts[0m:[93m374[0m:[93m43[0m - [91merror[0m[90m TS7053: [0mElement implicitly has an 'any' type because expression of type '"result"' can't be used to index type 'Object'.
  Property 'result' does not exist on type 'Object'.

[7m374[0m         const uploadedImages = JSON.parse(data['result']['img_path']);
[7m   [0m [91m                                          ~~~~~~~~~~~~~~[0m


Error: [96msrc/app/bullion-pending-tbc-detail/bullion-pending-tbc-detail.page.ts[0m:[93m374[0m:[93m43[0m - [91merror[0m[90m TS18048: [0m'data' is possibly 'undefined'.

[7m374[0m         const uploadedImages = JSON.parse(data['result']['img_path']);
[7m   [0m [91m                                          ~~~~[0m


Error: [96msrc/app/bullion-pending-tbc-detail/bullion-pending-tbc-detail.page.ts[0m:[93m377[0m:[93m51[0m - [91merror[0m[90m TS2339: [0mProperty 'is_multiple_image' does not exist on type 'never'.

[7m377[0m           this.formData.detailList[this.grnIndex].is_multiple_image = 1;
[7m   [0m [91m                                                  ~~~~~~~~~~~~~~~~~[0m


Error: [96msrc/app/bullion-pending-tbc-detail/bullion-pending-tbc-detail.page.ts[0m:[93m378[0m:[93m56[0m - [91merror[0m[90m TS2339: [0mProperty 'MultipleImageUrl' does not exist on type 'never'.

[7m378[0m           if (!this.formData.detailList[this.grnIndex].MultipleImageUrl) {
[7m   [0m [91m                                                       ~~~~~~~~~~~~~~~~[0m


Error: [96msrc/app/bullion-pending-tbc-detail/bullion-pending-tbc-detail.page.ts[0m:[93m379[0m:[93m53[0m - [91merror[0m[90m TS2339: [0mProperty 'MultipleImageUrl' does not exist on type 'never'.

[7m379[0m             this.formData.detailList[this.grnIndex].MultipleImageUrl = [];
[7m   [0m [91m                                                    ~~~~~~~~~~~~~~~~[0m


Error: [96msrc/app/bullion-pending-tbc-detail/bullion-pending-tbc-detail.page.ts[0m:[93m381[0m:[93m51[0m - [91merror[0m[90m TS2339: [0mProperty 'MultipleImageUrl' does not exist on type 'never'.

[7m381[0m           this.formData.detailList[this.grnIndex].MultipleImageUrl = this.formData.detailList[this.grnIndex].MultipleImageUrl.concat(uploadedImages);
[7m   [0m [91m                                                  ~~~~~~~~~~~~~~~~[0m


Error: [96msrc/app/bullion-pending-tbc-detail/bullion-pending-tbc-detail.page.ts[0m:[93m381[0m:[93m110[0m - [91merror[0m[90m TS2339: [0mProperty 'MultipleImageUrl' does not exist on type 'never'.

[7m381[0m           this.formData.detailList[this.grnIndex].MultipleImageUrl = this.formData.detailList[this.grnIndex].MultipleImageUrl.concat(uploadedImages);
[7m   [0m [91m                                                                                                             ~~~~~~~~~~~~~~~~[0m


Error: [96msrc/app/bullion-pending-tbc-detail/bullion-pending-tbc-detail.page.ts[0m:[93m384[0m:[93m16[0m - [91merror[0m[90m TS7053: [0mElement implicitly has an 'any' type because expression of type '"MultipleImageUrl_tng"' can't be used to index type '{ is_approved: number; }'.
  Property 'MultipleImageUrl_tng' does not exist on type '{ is_approved: number; }'.

[7m384[0m           if (!this.grnData['MultipleImageUrl_tng']) {
[7m   [0m [91m               ~~~~~~~~~~~~~~~~~~~~~~~~~~~~~~~~~~~~[0m


Error: [96msrc/app/bullion-pending-tbc-detail/bullion-pending-tbc-detail.page.ts[0m:[93m385[0m:[93m13[0m - [91merror[0m[90m TS7053: [0mElement implicitly has an 'any' type because expression of type '"MultipleImageUrl_tng"' can't be used to index type '{ is_approved: number; }'.
  Property 'MultipleImageUrl_tng' does not exist on type '{ is_approved: number; }'.

[7m385[0m             this.grnData['MultipleImageUrl_tng'] = [];
[7m   [0m [91m            ~~~~~~~~~~~~~~~~~~~~~~~~~~~~~~~~~~~~[0m


Error: [96msrc/app/bullion-pending-tbc-detail/bullion-pending-tbc-detail.page.ts[0m:[93m387[0m:[93m11[0m - [91merror[0m[90m TS7053: [0mElement implicitly has an 'any' type because expression of type '"is_multiple_image_tng"' can't be used to index type '{ is_approved: number; }'.
  Property 'is_multiple_image_tng' does not exist on type '{ is_approved: number; }'.

[7m387[0m           this.grnData['is_multiple_image_tng'] = 1;
[7m   [0m [91m          ~~~~~~~~~~~~~~~~~~~~~~~~~~~~~~~~~~~~~[0m


Error: [96msrc/app/bullion-pending-tbc-detail/bullion-pending-tbc-detail.page.ts[0m:[93m388[0m:[93m11[0m - [91merror[0m[90m TS7053: [0mElement implicitly has an 'any' type because expression of type '"MultipleImageUrl_tng"' can't be used to index type '{ is_approved: number; }'.
  Property 'MultipleImageUrl_tng' does not exist on type '{ is_approved: number; }'.

[7m388[0m           this.grnData['MultipleImageUrl_tng'] = this.grnData['MultipleImageUrl_tng'].concat(uploadedImages);
[7m   [0m [91m          ~~~~~~~~~~~~~~~~~~~~~~~~~~~~~~~~~~~~[0m


Error: [96msrc/app/bullion-pending-tbc-detail/bullion-pending-tbc-detail.page.ts[0m:[93m388[0m:[93m50[0m - [91merror[0m[90m TS7053: [0mElement implicitly has an 'any' type because expression of type '"MultipleImageUrl_tng"' can't be used to index type '{ is_approved: number; }'.
  Property 'MultipleImageUrl_tng' does not exist on type '{ is_approved: number; }'.

[7m388[0m           this.grnData['MultipleImageUrl_tng'] = this.grnData['MultipleImageUrl_tng'].concat(uploadedImages);
[7m   [0m [91m                                                 ~~~~~~~~~~~~~~~~~~~~~~~~~~~~~~~~~~~~[0m


Error: [96msrc/app/bullion-pending-tbc-detail/bullion-pending-tbc-detail.page.ts[0m:[93m391[0m:[93m25[0m - [91merror[0m[90m TS7053: [0mElement implicitly has an 'any' type because expression of type '"message"' can't be used to index type 'Object'.
  Property 'message' does not exist on type 'Object'.

[7m391[0m         throw new Error(data['message'] || 'Upload failed');
[7m   [0m [91m                        ~~~~~~~~~~~~~~~[0m


Error: [96msrc/app/bullion-pending-tbc-detail/bullion-pending-tbc-detail.page.ts[0m:[93m391[0m:[93m25[0m - [91merror[0m[90m TS18048: [0m'data' is possibly 'undefined'.

[7m391[0m         throw new Error(data['message'] || 'Upload failed');
[7m   [0m [91m                        ~~~~[0m


Error: [96msrc/app/bullion-pending-tbc-detail/bullion-pending-tbc-detail.page.ts[0m:[93m413[0m:[93m9[0m - [91merror[0m[90m TS7053: [0mElement implicitly has an 'any' type because expression of type '"MultipleImageUrl_tng"' can't be used to index type '{ is_approved: number; }'.
  Property 'MultipleImageUrl_tng' does not exist on type '{ is_approved: number; }'.

[7m413[0m      if(this.grnData['MultipleImageUrl_tng'] !== null){
[7m   [0m [91m        ~~~~~~~~~~~~~~~~~~~~~~~~~~~~~~~~~~~~[0m


Error: [96msrc/app/bullion-pending-tbc-detail/bullion-pending-tbc-detail.page.ts[0m:[93m414[0m:[93m7[0m - [91merror[0m[90m TS7053: [0mElement implicitly has an 'any' type because expression of type '"MultipleImageUrl_tng"' can't be used to index type '{ is_approved: number; }'.
  Property 'MultipleImageUrl_tng' does not exist on type '{ is_approved: number; }'.

[7m414[0m       this.grnData['MultipleImageUrl_tng'] = JSON.parse(this.grnData['MultipleImageUrl_tng'])
[7m   [0m [91m      ~~~~~~~~~~~~~~~~~~~~~~~~~~~~~~~~~~~~[0m


Error: [96msrc/app/bullion-pending-tbc-detail/bullion-pending-tbc-detail.page.ts[0m:[93m414[0m:[93m57[0m - [91merror[0m[90m TS7053: [0mElement implicitly has an 'any' type because expression of type '"MultipleImageUrl_tng"' can't be used to index type '{ is_approved: number; }'.
  Property 'MultipleImageUrl_tng' does not exist on type '{ is_approved: number; }'.

[7m414[0m       this.grnData['MultipleImageUrl_tng'] = JSON.parse(this.grnData['MultipleImageUrl_tng'])
[7m   [0m [91m                                                        ~~~~~~~~~~~~~~~~~~~~~~~~~~~~~~~~~~~~[0m


Error: [96msrc/app/bullion-pending-tbc-detail/bullion-pending-tbc-detail.page.ts[0m:[93m415[0m:[93m15[0m - [91merror[0m[90m TS7053: [0mElement implicitly has an 'any' type because expression of type '"MultipleImageUrl_tng"' can't be used to index type '{ is_approved: number; }'.
  Property 'MultipleImageUrl_tng' does not exist on type '{ is_approved: number; }'.

[7m415[0m      }else if(this.grnData['MultipleImageUrl_tng'] == null){
[7m   [0m [91m              ~~~~~~~~~~~~~~~~~~~~~~~~~~~~~~~~~~~~[0m


Error: [96msrc/app/bullion-pending-tbc-detail/bullion-pending-tbc-detail.page.ts[0m:[93m416[0m:[93m7[0m - [91merror[0m[90m TS7053: [0mElement implicitly has an 'any' type because expression of type '"MultipleImageUrl_tng"' can't be used to index type '{ is_approved: number; }'.
  Property 'MultipleImageUrl_tng' does not exist on type '{ is_approved: number; }'.

[7m416[0m       this.grnData['MultipleImageUrl_tng'] = [];
[7m   [0m [91m      ~~~~~~~~~~~~~~~~~~~~~~~~~~~~~~~~~~~~[0m


Error: [96msrc/app/bullion-pending-tbc-detail/bullion-pending-tbc-detail.page.ts[0m:[93m430[0m:[93m10[0m - [91merror[0m[90m TS7053: [0mElement implicitly has an 'any' type because expression of type '"rounding_xau"' can't be used to index type '{ is_approved: number; }'.
  Property 'rounding_xau' does not exist on type '{ is_approved: number; }'.

[7m430[0m      if (this.grnData['rounding_xau']) {
[7m   [0m [91m         ~~~~~~~~~~~~~~~~~~~~~~~~~~~~[0m


Error: [96msrc/app/bullion-pending-tbc-detail/bullion-pending-tbc-detail.page.ts[0m:[93m431[0m:[93m47[0m - [91merror[0m[90m TS7053: [0mElement implicitly has an 'any' type because expression of type '"rounding_xau"' can't be used to index type '{ is_approved: number; }'.
  Property 'rounding_xau' does not exist on type '{ is_approved: number; }'.

[7m431[0m       this.formData.rounding_xau = parseFloat(this.grnData['rounding_xau']);
[7m   [0m [91m                                              ~~~~~~~~~~~~~~~~~~~~~~~~~~~~[0m


Error: [96msrc/app/bullion-pending-tbc-detail/bullion-pending-tbc-detail.page.ts[0m:[93m448[0m:[93m36[0m - [91merror[0m[90m TS18047: [0m'resp' is possibly 'null'.

[7m448[0m    this.formData.geolocation_lat = resp.latitude.toString();
[7m   [0m [91m                                   ~~~~[0m


Error: [96msrc/app/bullion-pending-tbc-detail/bullion-pending-tbc-detail.page.ts[0m:[93m449[0m:[93m36[0m - [91merror[0m[90m TS18047: [0m'resp' is possibly 'null'.

[7m449[0m    this.formData.geolocation_lng = resp.longitude.toString();
[7m   [0m [91m                                   ~~~~[0m


Error: [96msrc/app/bullion-pending-tbc-detail/bullion-pending-tbc-detail.page.ts[0m:[93m475[0m:[93m23[0m - [91merror[0m[90m TS2339: [0mProperty 'item_code' does not exist on type 'never'.

[7m475[0m     let item_code = v.item_code;
[7m   [0m [91m                      ~~~~~~~~~[0m


Error: [96msrc/app/bullion-pending-tbc-detail/bullion-pending-tbc-detail.page.ts[0m:[93m476[0m:[93m10[0m - [91merror[0m[90m TS2339: [0mProperty 'item_code' does not exist on type 'never'.

[7m476[0m     if(v.item_code == undefined){
[7m   [0m [91m         ~~~~~~~~~[0m


Error: [96msrc/app/bullion-pending-tbc-detail/bullion-pending-tbc-detail.page.ts[0m:[93m477[0m:[93m20[0m - [91merror[0m[90m TS2339: [0mProperty 'customer_gold_pure_id' does not exist on type 'never'.

[7m477[0m      item_code = v.customer_gold_pure_id;
[7m   [0m [91m                   ~~~~~~~~~~~~~~~~~~~~~[0m


Error: [96msrc/app/bullion-pending-tbc-detail/bullion-pending-tbc-detail.page.ts[0m:[93m480[0m:[93m40[0m - [91merror[0m[90m TS2339: [0mProperty 'goods_received_note_detail_id' does not exist on type 'never'.

[7m480[0m      goods_received_note_detail_id : v.goods_received_note_detail_id,
[7m   [0m [91m                                       ~~~~~~~~~~~~~~~~~~~~~~~~~~~~~[0m


Error: [96msrc/app/bullion-pending-tbc-detail/bullion-pending-tbc-detail.page.ts[0m:[93m482[0m:[93m20[0m - [91merror[0m[90m TS2339: [0mProperty 'item_type_id' does not exist on type 'never'.

[7m482[0m      item_type : v.item_type_id,
[7m   [0m [91m                   ~~~~~~~~~~~~[0m


Error: [96msrc/app/bullion-pending-tbc-detail/bullion-pending-tbc-detail.page.ts[0m:[93m484[0m:[93m26[0m - [91merror[0m[90m TS2339: [0mProperty 'weight' does not exist on type 'never'.

[7m484[0m      gram : parseFloat(v.weight),
[7m   [0m [91m                         ~~~~~~[0m


Error: [96msrc/app/bullion-pending-tbc-detail/bullion-pending-tbc-detail.page.ts[0m:[93m485[0m:[93m20[0m - [91merror[0m[90m TS2339: [0mProperty 'gold_name' does not exist on type 'never'.

[7m485[0m      gold_name : v.gold_name,
[7m   [0m [91m                   ~~~~~~~~~[0m


Error: [96msrc/app/bullion-pending-tbc-detail/bullion-pending-tbc-detail.page.ts[0m:[93m486[0m:[93m39[0m - [91merror[0m[90m TS2339: [0mProperty 'gold_pure_percentage' does not exist on type 'never'.

[7m486[0m      gold_pure_percent : parseFloat(v.gold_pure_percentage),
[7m   [0m [91m                                      ~~~~~~~~~~~~~~~~~~~~[0m


Error: [96msrc/app/bullion-pending-tbc-detail/bullion-pending-tbc-detail.page.ts[0m:[93m487[0m:[93m32[0m - [91merror[0m[90m TS2339: [0mProperty 'XAU' does not exist on type 'never'.

[7m487[0m      XAU_amount : parseFloat(v.XAU),
[7m   [0m [91m                               ~~~[0m


Error: [96msrc/app/bullion-pending-tbc-detail/bullion-pending-tbc-detail.page.ts[0m:[93m488[0m:[93m28[0m - [91merror[0m[90m TS2339: [0mProperty 'purchase_order_id' does not exist on type 'never'.

[7m488[0m      purchase_order_id : v.purchase_order_id,
[7m   [0m [91m                           ~~~~~~~~~~~~~~~~~[0m


Error: [96msrc/app/bullion-pending-tbc-detail/bullion-pending-tbc-detail.page.ts[0m:[93m489[0m:[93m24[0m - [91merror[0m[90m TS2339: [0mProperty 'related_po_id' does not exist on type 'never'.

[7m489[0m      related_po_id : v.related_po_id,
[7m   [0m [91m                       ~~~~~~~~~~~~~[0m


Error: [96msrc/app/bullion-pending-tbc-detail/bullion-pending-tbc-detail.page.ts[0m:[93m493[0m:[93m23[0m - [91merror[0m[90m TS2339: [0mProperty 'warehouse_id' does not exist on type 'never'.

[7m493[0m      warehouse_id : v.warehouse_id,
[7m   [0m [91m                      ~~~~~~~~~~~~[0m


Error: [96msrc/app/bullion-pending-tbc-detail/bullion-pending-tbc-detail.page.ts[0m:[93m497[0m:[93m4[0m - [91merror[0m[90m TS2322: [0mType '{ goods_received_note_detail_id: any; item_no: number; item_type: any; item_code: any; gram: number; gold_name: any; gold_pure_percent: number; XAU_amount: number; purchase_order_id: any; related_po_id: any; is_multiple_image: number; imageUrl: null; MultipleImageUrl: never[]; warehouse_id: any; }[]' is not assignable to type 'never[]'.
  Type '{ goods_received_note_detail_id: any; item_no: number; item_type: any; item_code: any; gram: number; gold_name: any; gold_pure_percent: number; XAU_amount: number; purchase_order_id: any; related_po_id: any; is_multiple_image: number; imageUrl: null; MultipleImageUrl: never[]; warehouse_id: any; }' is not assignable to type 'never'.

[7m497[0m    this.formData.detailList = itemList;
[7m   [0m [91m   ~~~~~~~~~~~~~~~~~~~~~~~~[0m


Error: [96msrc/app/bullion-pending-tbc-detail/bullion-pending-tbc-detail.page.ts[0m:[93m499[0m:[93m75[0m - [91merror[0m[90m TS2339: [0mProperty 'MultipleImageUrl' does not exist on type 'never'.

[7m499[0m    var checkhavemultiple = this.formData.detailList.filter((item) => item.MultipleImageUrl.length > 0);
[7m   [0m [91m                                                                          ~~~~~~~~~~~~~~~~[0m


Error: [96msrc/app/bullion-pending-tbc-detail/bullion-pending-tbc-detail.page.ts[0m:[93m508[0m:[93m21[0m - [91merror[0m[90m TS7006: [0mParameter 'item' implicitly has an 'any' type.

[7m508[0m   async view_detail(item) {
[7m   [0m [91m                    ~~~~[0m


Error: [96msrc/app/bullion-pending-tbc-detail/bullion-pending-tbc-detail.page.ts[0m:[93m521[0m:[93m20[0m - [91merror[0m[90m TS2339: [0mProperty 'gram' does not exist on type 'never'.

[7m521[0m    total_gram += v.gram;
[7m   [0m [91m                   ~~~~[0m


Error: [96msrc/app/bullion-pending-tbc-detail/bullion-pending-tbc-detail.page.ts[0m:[93m522[0m:[93m19[0m - [91merror[0m[90m TS2339: [0mProperty 'XAU_amount' does not exist on type 'never'.

[7m522[0m    total_XAU += v.XAU_amount;
[7m   [0m [91m                  ~~~~~~~~~~[0m


Error: [96msrc/app/bullion-pending-tbc-detail/bullion-pending-tbc-detail.page.ts[0m:[93m542[0m:[93m6[0m - [91merror[0m[90m TS7053: [0mElement implicitly has an 'any' type because expression of type '"type"' can't be used to index type '{ is_approved: number; }'.
  Property 'type' does not exist on type '{ is_approved: number; }'.

[7m542[0m   if(this.grnData['type'] == 'tng' && this.grnData['is_verified_item_weight'] == 0){
[7m   [0m [91m     ~~~~~~~~~~~~~~~~~~~~[0m


Error: [96msrc/app/bullion-pending-tbc-detail/bullion-pending-tbc-detail.page.ts[0m:[93m542[0m:[93m39[0m - [91merror[0m[90m TS7053: [0mElement implicitly has an 'any' type because expression of type '"is_verified_item_weight"' can't be used to index type '{ is_approved: number; }'.
  Property 'is_verified_item_weight' does not exist on type '{ is_approved: number; }'.

[7m542[0m   if(this.grnData['type'] == 'tng' && this.grnData['is_verified_item_weight'] == 0){
[7m   [0m [91m                                      ~~~~~~~~~~~~~~~~~~~~~~~~~~~~~~~~~~~~~~~[0m


Error: [96msrc/app/bullion-pending-tbc-detail/bullion-pending-tbc-detail.page.ts[0m:[93m543[0m:[93m44[0m - [91merror[0m[90m TS7053: [0mElement implicitly has an 'any' type because expression of type '"goods_received_note_id"' can't be used to index type '{ is_approved: number; }'.
  Property 'goods_received_note_id' does not exist on type '{ is_approved: number; }'.

[7m543[0m    this.router.navigate(["/weight-detail/",this.grnData['goods_received_note_id']]);
[7m   [0m [91m                                           ~~~~~~~~~~~~~~~~~~~~~~~~~~~~~~~~~~~~~~[0m


Error: [96msrc/app/bullion-pending-tbc-detail/bullion-pending-tbc-detail.page.ts[0m:[93m544[0m:[93m12[0m - [91merror[0m[90m TS7053: [0mElement implicitly has an 'any' type because expression of type '"type"' can't be used to index type '{ is_approved: number; }'.
  Property 'type' does not exist on type '{ is_approved: number; }'.

[7m544[0m   }else if(this.grnData['type'] == 'tng' && this.grnData['is_verified_item_weight'] == 1){
[7m   [0m [91m           ~~~~~~~~~~~~~~~~~~~~[0m


Error: [96msrc/app/bullion-pending-tbc-detail/bullion-pending-tbc-detail.page.ts[0m:[93m544[0m:[93m45[0m - [91merror[0m[90m TS7053: [0mElement implicitly has an 'any' type because expression of type '"is_verified_item_weight"' can't be used to index type '{ is_approved: number; }'.
  Property 'is_verified_item_weight' does not exist on type '{ is_approved: number; }'.

[7m544[0m   }else if(this.grnData['type'] == 'tng' && this.grnData['is_verified_item_weight'] == 1){
[7m   [0m [91m                                            ~~~~~~~~~~~~~~~~~~~~~~~~~~~~~~~~~~~~~~~[0m


Error: [96msrc/app/bullion-pending-tbc-detail/bullion-pending-tbc-detail.page.ts[0m:[93m545[0m:[93m42[0m - [91merror[0m[90m TS7053: [0mElement implicitly has an 'any' type because expression of type '"goods_received_note_id"' can't be used to index type '{ is_approved: number; }'.
  Property 'goods_received_note_id' does not exist on type '{ is_approved: number; }'.

[7m545[0m    this.router.navigate(["/test-detail/",this.grnData['goods_received_note_id']]);
[7m   [0m [91m                                         ~~~~~~~~~~~~~~~~~~~~~~~~~~~~~~~~~~~~~~[0m


Error: [96msrc/app/bullion-pending-tbc-detail/bullion-pending-tbc-detail.page.ts[0m:[93m546[0m:[93m12[0m - [91merror[0m[90m TS7053: [0mElement implicitly has an 'any' type because expression of type '"type"' can't be used to index type '{ is_approved: number; }'.
  Property 'type' does not exist on type '{ is_approved: number; }'.

[7m546[0m   }else if(this.grnData['type'] == 'collection'){
[7m   [0m [91m           ~~~~~~~~~~~~~~~~~~~~[0m


Error: [96msrc/app/bullion-pending-tbc-detail/bullion-pending-tbc-detail.page.ts[0m:[93m547[0m:[93m62[0m - [91merror[0m[90m TS7053: [0mElement implicitly has an 'any' type because expression of type '"goods_received_note_id"' can't be used to index type '{ is_approved: number; }'.
  Property 'goods_received_note_id' does not exist on type '{ is_approved: number; }'.

[7m547[0m    this.router.navigate(["/bullion-pending-reweight-detail/",this.grnData['goods_received_note_id']]);
[7m   [0m [91m                                                             ~~~~~~~~~~~~~~~~~~~~~~~~~~~~~~~~~~~~~~[0m


Error: [96msrc/app/bullion-pending-tbc-detail/bullion-pending-tbc-detail.page.ts[0m:[93m548[0m:[93m12[0m - [91merror[0m[90m TS7053: [0mElement implicitly has an 'any' type because expression of type '"type"' can't be used to index type '{ is_approved: number; }'.
  Property 'type' does not exist on type '{ is_approved: number; }'.

[7m548[0m   }else if(this.grnData['type'] == 'reweight'){
[7m   [0m [91m           ~~~~~~~~~~~~~~~~~~~~[0m


Error: [96msrc/app/bullion-pending-tbc-detail/bullion-pending-tbc-detail.page.ts[0m:[93m549[0m:[93m59[0m - [91merror[0m[90m TS7053: [0mElement implicitly has an 'any' type because expression of type '"goods_received_note_id"' can't be used to index type '{ is_approved: number; }'.
  Property 'goods_received_note_id' does not exist on type '{ is_approved: number; }'.

[7m549[0m    this.router.navigate(["/bullion-pending-check-detail/",this.grnData['goods_received_note_id']]);
[7m   [0m [91m                                                          ~~~~~~~~~~~~~~~~~~~~~~~~~~~~~~~~~~~~~~[0m


Error: [96msrc/app/bullion-pending-tbc-detail/bullion-pending-tbc-detail.page.ts[0m:[93m553[0m:[93m28[0m - [91merror[0m[90m TS7006: [0mParameter 'status' implicitly has an 'any' type.

[7m553[0m   async approveOrRejectTBC(status) {
[7m   [0m [91m                           ~~~~~~[0m


Error: [96msrc/app/bullion-pending-tbc-detail/bullion-pending-tbc-detail.page.ts[0m:[93m570[0m:[93m41[0m - [91merror[0m[90m TS7053: [0mElement implicitly has an 'any' type because expression of type '"goods_received_note_id"' can't be used to index type '{ is_approved: number; }'.
  Property 'goods_received_note_id' does not exist on type '{ is_approved: number; }'.

[7m570[0m               'goods_received_note_id': this.grnData['goods_received_note_id'],
[7m   [0m [91m                                        ~~~~~~~~~~~~~~~~~~~~~~~~~~~~~~~~~~~~~~[0m


Error: [96msrc/app/bullion-pending-tbc-detail/bullion-pending-tbc-detail.page.ts[0m:[93m606[0m:[93m41[0m - [91merror[0m[90m TS7053: [0mElement implicitly has an 'any' type because expression of type '"goods_received_note_id"' can't be used to index type '{ is_approved: number; }'.
  Property 'goods_received_note_id' does not exist on type '{ is_approved: number; }'.

[7m606[0m               'goods_received_note_id': this.grnData['goods_received_note_id'],
[7m   [0m [91m                                        ~~~~~~~~~~~~~~~~~~~~~~~~~~~~~~~~~~~~~~[0m


Error: [96msrc/app/bullion-pending-tbc-detail/bullion-pending-tbc-detail.page.ts[0m:[93m627[0m:[93m21[0m - [91merror[0m[90m TS7006: [0mParameter 'id' implicitly has an 'any' type.

[7m627[0m   getWarehouseColor(id) {
[7m   [0m [91m                    ~~[0m


Error: [96msrc/app/bullion-pending-tbc/bullion-pending-tbc.page.ts[0m:[93m24[0m:[93m2[0m - [91merror[0m[90m TS2564: [0mProperty 'resultList' has no initializer and is not definitely assigned in the constructor.

[7m24[0m  resultList: any[];
[7m  [0m [91m ~~~~~~~~~~[0m


Error: [96msrc/app/bullion-pending-tbc/bullion-pending-tbc.page.ts[0m:[93m27[0m:[93m3[0m - [91merror[0m[90m TS7008: [0mMember 'selectedCustomer' implicitly has an 'any' type.

[7m27[0m   selectedCustomer; any;
[7m  [0m [91m  ~~~~~~~~~~~~~~~~[0m


Error: [96msrc/app/bullion-pending-tbc/bullion-pending-tbc.page.ts[0m:[93m27[0m:[93m21[0m - [91merror[0m[90m TS7008: [0mMember 'any' implicitly has an 'any' type.

[7m27[0m   selectedCustomer; any;
[7m  [0m [91m                    ~~~[0m


Error: [96msrc/app/bullion-pending-tbc/bullion-pending-tbc.page.ts[0m:[93m112[0m:[93m12[0m - [91merror[0m[90m TS7006: [0mParameter 'event' implicitly has an 'any' type.

[7m112[0m  doRefresh(event) {
[7m   [0m [91m           ~~~~~[0m


Error: [96msrc/app/collection-order/collection-order.page.ts[0m:[93m17[0m:[93m30[0m - [91merror[0m[90m TS2564: [0mProperty 'reorderGroup' has no initializer and is not definitely assigned in the constructor.

[7m17[0m  @ViewChild(IonReorderGroup) reorderGroup: IonReorderGroup;
[7m  [0m [91m                             ~~~~~~~~~~~~[0m


Error: [96msrc/app/collection-order/collection-order.page.ts[0m:[93m90[0m:[93m8[0m - [91merror[0m[90m TS7053: [0mElement implicitly has an 'any' type because expression of type '"status"' can't be used to index type 'Object'.
  Property 'status' does not exist on type 'Object'.

[7m90[0m    if (data['status'] == "OK") {
[7m  [0m [91m       ~~~~~~~~~~~~~~[0m


Error: [96msrc/app/collection-supplier/collection-supplier.page.ts[0m:[93m28[0m:[93m3[0m - [91merror[0m[90m TS7008: [0mMember 'selectedCustomer' implicitly has an 'any' type.

[7m28[0m   selectedCustomer; any;
[7m  [0m [91m  ~~~~~~~~~~~~~~~~[0m


Error: [96msrc/app/collection-supplier/collection-supplier.page.ts[0m:[93m28[0m:[93m21[0m - [91merror[0m[90m TS7008: [0mMember 'any' implicitly has an 'any' type.

[7m28[0m   selectedCustomer; any;
[7m  [0m [91m                    ~~~[0m


Error: [96msrc/app/collection-supplier/collection-supplier.page.ts[0m:[93m91[0m:[93m12[0m - [91merror[0m[90m TS7006: [0mParameter 'event' implicitly has an 'any' type.

[7m91[0m  doRefresh(event) {
[7m  [0m [91m           ~~~~~[0m


Error: [96msrc/app/collection-supplier/collection-supplier.page.ts[0m:[93m100[0m:[93m15[0m - [91merror[0m[90m TS7006: [0mParameter 'item' implicitly has an 'any' type.

[7m100[0m  sendWhatsapp(item) {
[7m   [0m [91m              ~~~~[0m


Error: [96msrc/app/collection-supplier/collection-supplier.page.ts[0m:[93m105[0m:[93m10[0m - [91merror[0m[90m TS7006: [0mParameter 'item' implicitly has an 'any' type.

[7m105[0m  openMap(item) {
[7m   [0m [91m         ~~~~[0m


Error: [96msrc/app/collection/collection.page.ts[0m:[93m70[0m:[93m12[0m - [91merror[0m[90m TS7006: [0mParameter 'event' implicitly has an 'any' type.

[7m70[0m  doRefresh(event) {
[7m  [0m [91m           ~~~~~[0m


Error: [96msrc/app/collection/collection.page.ts[0m:[93m79[0m:[93m15[0m - [91merror[0m[90m TS7006: [0mParameter 'item' implicitly has an 'any' type.

[7m79[0m  sendWhatsapp(item) {
[7m  [0m [91m              ~~~~[0m


Error: [96msrc/app/collection/collection.page.ts[0m:[93m84[0m:[93m10[0m - [91merror[0m[90m TS7006: [0mParameter 'item' implicitly has an 'any' type.

[7m84[0m  openMap(item) {
[7m  [0m [91m         ~~~~[0m


Error: [96msrc/app/commission-report/commission-report.page.ts[0m:[93m67[0m:[93m48[0m - [91merror[0m[90m TS2339: [0mProperty 'commission' does not exist on type 'never'.

[7m67[0m             tmp += parseFloat(this.dataList[i].commission);
[7m  [0m [91m                                               ~~~~~~~~~~[0m


Error: [96msrc/app/common-header/common-header.component.ts[0m:[93m16[0m:[93m12[0m - [91merror[0m[90m TS2564: [0mProperty 'headerTitle' has no initializer and is not definitely assigned in the constructor.

[7m16[0m   @Input() headerTitle: string;
[7m  [0m [91m           ~~~~~~~~~~~[0m


Error: [96msrc/app/common-header/common-header.component.ts[0m:[93m17[0m:[93m12[0m - [91merror[0m[90m TS2564: [0mProperty 'pageSource' has no initializer and is not definitely assigned in the constructor.

[7m17[0m   @Input() pageSource: string;
[7m  [0m [91m           ~~~~~~~~~~[0m


Error: [96msrc/app/common-header/common-header.component.ts[0m:[93m18[0m:[93m12[0m - [91merror[0m[90m TS2564: [0mProperty 'step' has no initializer and is not definitely assigned in the constructor.

[7m18[0m   @Input() step: string;
[7m  [0m [91m           ~~~~[0m


Error: [96msrc/app/common-header/common-header.component.ts[0m:[93m19[0m:[93m12[0m - [91merror[0m[90m TS2564: [0mProperty 'mode' has no initializer and is not definitely assigned in the constructor.

[7m19[0m   @Input() mode: string;
[7m  [0m [91m           ~~~~[0m


Error: [96msrc/app/common-header/common-header.component.ts[0m:[93m20[0m:[93m12[0m - [91merror[0m[90m TS2564: [0mProperty 'ownerID' has no initializer and is not definitely assigned in the constructor.

[7m20[0m   @Input() ownerID: number;
[7m  [0m [91m           ~~~~~~~[0m


Error: [96msrc/app/common-header/common-header.component.ts[0m:[93m25[0m:[93m26[0m - [91merror[0m[90m TS4111: [0mProperty 'avatar' comes from an index signature, so it must be accessed with ['avatar'].

[7m25[0m     avatar: localStorage.avatar!=null?localStorage.avatar:'https://vouch.aipipis.com/assets/img/user-icon.svg',
[7m  [0m [91m                         ~~~~~~[0m


Error: [96msrc/app/common-header/common-header.component.ts[0m:[93m25[0m:[93m52[0m - [91merror[0m[90m TS4111: [0mProperty 'avatar' comes from an index signature, so it must be accessed with ['avatar'].

[7m25[0m     avatar: localStorage.avatar!=null?localStorage.avatar:'https://vouch.aipipis.com/assets/img/user-icon.svg',
[7m  [0m [91m                                                   ~~~~~~[0m


Error: [96msrc/app/common-header/common-header.component.ts[0m:[93m27[0m:[93m33[0m - [91merror[0m[90m TS4111: [0mProperty 'phone_verified' comes from an index signature, so it must be accessed with ['phone_verified'].

[7m27[0m     phone_verified:localStorage.phone_verified!=null?localStorage.phone_verified:'',
[7m  [0m [91m                                ~~~~~~~~~~~~~~[0m


Error: [96msrc/app/common-header/common-header.component.ts[0m:[93m27[0m:[93m67[0m - [91merror[0m[90m TS4111: [0mProperty 'phone_verified' comes from an index signature, so it must be accessed with ['phone_verified'].

[7m27[0m     phone_verified:localStorage.phone_verified!=null?localStorage.phone_verified:'',
[7m  [0m [91m                                                                  ~~~~~~~~~~~~~~[0m


Error: [96msrc/app/common-header/common-header.component.ts[0m:[93m28[0m:[93m29[0m - [91merror[0m[90m TS4111: [0mProperty 'join_date' comes from an index signature, so it must be accessed with ['join_date'].

[7m28[0m     join_date: localStorage.join_date!=null?localStorage.join_date:'',
[7m  [0m [91m                            ~~~~~~~~~[0m


Error: [96msrc/app/common-header/common-header.component.ts[0m:[93m28[0m:[93m58[0m - [91merror[0m[90m TS4111: [0mProperty 'join_date' comes from an index signature, so it must be accessed with ['join_date'].

[7m28[0m     join_date: localStorage.join_date!=null?localStorage.join_date:'',
[7m  [0m [91m                                                         ~~~~~~~~~[0m


Error: [96msrc/app/common-header/common-header.component.ts[0m:[93m29[0m:[93m24[0m - [91merror[0m[90m TS4111: [0mProperty 'email' comes from an index signature, so it must be accessed with ['email'].

[7m29[0m     email:localStorage.email!=null?localStorage.email:'',
[7m  [0m [91m                       ~~~~~[0m


Error: [96msrc/app/common-header/common-header.component.ts[0m:[93m29[0m:[93m49[0m - [91merror[0m[90m TS4111: [0mProperty 'email' comes from an index signature, so it must be accessed with ['email'].

[7m29[0m     email:localStorage.email!=null?localStorage.email:'',
[7m  [0m [91m                                                ~~~~~[0m


Error: [96msrc/app/common-header/common-header.component.ts[0m:[93m30[0m:[93m24[0m - [91merror[0m[90m TS4111: [0mProperty 'phone' comes from an index signature, so it must be accessed with ['phone'].

[7m30[0m     phone:localStorage.phone!=null?localStorage.phone:'',
[7m  [0m [91m                       ~~~~~[0m


Error: [96msrc/app/common-header/common-header.component.ts[0m:[93m30[0m:[93m49[0m - [91merror[0m[90m TS4111: [0mProperty 'phone' comes from an index signature, so it must be accessed with ['phone'].

[7m30[0m     phone:localStorage.phone!=null?localStorage.phone:'',
[7m  [0m [91m                                                ~~~~~[0m


Error: [96msrc/app/common-header/common-header.component.ts[0m:[93m56[0m:[93m5[0m - [91merror[0m[90m TS2322: [0mType 'number' is not assignable to type 'null'.

[7m56[0m     this.interval = setInterval(()=>{
[7m  [0m [91m    ~~~~~~~~~~~~~[0m


Error: [96msrc/app/common-header/common-header.component.ts[0m:[93m67[0m:[93m16[0m - [91merror[0m[90m TS7006: [0mParameter 'id' implicitly has an 'any' type.

[7m67[0m   getOwnerData(id){
[7m  [0m [91m               ~~[0m


Error: [96msrc/app/common-header/common-header.component.ts[0m:[93m72[0m:[93m12[0m - [91merror[0m[90m TS7053: [0mElement implicitly has an 'any' type because expression of type '"status"' can't be used to index type 'Object'.
  Property 'status' does not exist on type 'Object'.

[7m72[0m         if(data['status'] == "OK") {
[7m  [0m [91m           ~~~~~~~~~~~~~~[0m


Error: [96msrc/app/common-header/common-header.component.ts[0m:[93m73[0m:[93m28[0m - [91merror[0m[90m TS7053: [0mElement implicitly has an 'any' type because expression of type '"result"' can't be used to index type 'Object'.
  Property 'result' does not exist on type 'Object'.

[7m73[0m           this.ownerdata = data['result']['ownerData'];
[7m  [0m [91m                           ~~~~~~~~~~~~~~[0m


Error: [96msrc/app/common-header/common-header.component.ts[0m:[93m75[0m:[93m41[0m - [91merror[0m[90m TS7053: [0mElement implicitly has an 'any' type because expression of type '"status"' can't be used to index type 'Object'.
  Property 'status' does not exist on type 'Object'.

[7m75[0m           this.App.presentAlert_default(data['status'],data['result'],"../../assets/attention-icon.svg");
[7m  [0m [91m                                        ~~~~~~~~~~~~~~[0m


Error: [96msrc/app/common-header/common-header.component.ts[0m:[93m75[0m:[93m56[0m - [91merror[0m[90m TS7053: [0mElement implicitly has an 'any' type because expression of type '"result"' can't be used to index type 'Object'.
  Property 'result' does not exist on type 'Object'.

[7m75[0m           this.App.presentAlert_default(data['status'],data['result'],"../../assets/attention-icon.svg");
[7m  [0m [91m                                                       ~~~~~~~~~~~~~~[0m


Error: [96msrc/app/common-header/common-header.component.ts[0m:[93m95[0m:[93m35[0m - [91merror[0m[90m TS2339: [0mProperty 'camera' does not exist on type 'CommonHeaderComponent'.

[7m95[0m             this.takePicture(this.camera.PictureSourceType.CAMERA);
[7m  [0m [91m                                  ~~~~~~[0m


Error: [96msrc/app/common-header/common-header.component.ts[0m:[93m102[0m:[93m35[0m - [91merror[0m[90m TS2339: [0mProperty 'camera' does not exist on type 'CommonHeaderComponent'.

[7m102[0m             this.takePicture(this.camera.PictureSourceType.PHOTOLIBRARY);
[7m   [0m [91m                                  ~~~~~~[0m


Error: [96msrc/app/common-header/common-header.component.ts[0m:[93m126[0m:[93m9[0m - [91merror[0m[90m TS2322: [0mType '"camera" | "photos"' is not assignable to type 'CameraSource | undefined'.
  Type '"camera"' is not assignable to type 'CameraSource | undefined'. Did you mean 'CameraSource.Camera'?

[7m126[0m         source: sourceType === 'camera' ? 'camera' : 'photos',
[7m   [0m [91m        ~~~~~~[0m


Error: [96msrc/app/common-header/common-header.component.ts[0m:[93m127[0m:[93m9[0m - [91merror[0m[90m TS2322: [0mType '"base64"' is not assignable to type 'CameraResultType | undefined'.

[7m127[0m         resultType: 'base64'
[7m   [0m [91m        ~~~~~~~~~~[0m


Error: [96msrc/app/common-header/common-header.component.ts[0m:[93m130[0m:[93m7[0m - [91merror[0m[90m TS2322: [0mType 'string' is not assignable to type 'never[]'.

[7m130[0m       this.imageData = imageData;
[7m   [0m [91m      ~~~~~~~~~~~~~~[0m


Error: [96msrc/app/common-header/common-header.component.ts[0m:[93m144[0m:[93m18[0m - [91merror[0m[90m TS7006: [0mParameter 'base64Image' implicitly has an 'any' type.

[7m144[0m updateProfilePic(base64Image){
[7m   [0m [91m                 ~~~~~~~~~~~[0m


Error: [96msrc/app/common-header/common-header.component.ts[0m:[93m151[0m:[93m18[0m - [91merror[0m[90m TS2345: [0mArgument of type '(data: Httprequest) => void' is not assignable to parameter of type '(value: Object) => void'.
  Types of parameters 'data' and 'value' are incompatible.
    Type 'Object' is not assignable to type 'Httprequest'.
      The 'Object' type is assignable to very few other types. Did you mean to use the 'any' type instead?

[7m151[0m       .subscribe((data:Httprequest) => {
[7m   [0m [91m                 ~~~~~~~~~~~~~~~~~~~~~~~[0m


Error: [96msrc/app/common-header/common-header.component.ts[0m:[93m213[0m:[93m20[0m - [91merror[0m[90m TS2345: [0mArgument of type '(data: Httprequest) => void' is not assignable to parameter of type '(value: Object) => void'.
  Types of parameters 'data' and 'value' are incompatible.
    Type 'Object' is not assignable to type 'Httprequest'.
      The 'Object' type is assignable to very few other types. Did you mean to use the 'any' type instead?

[7m213[0m         .subscribe((data:Httprequest) => {
[7m   [0m [91m                   ~~~~~~~~~~~~~~~~~~~~~~~[0m


Error: [96msrc/app/common-header/common-header.component.ts[0m:[93m229[0m:[93m26[0m - [91merror[0m[90m TS4111: [0mProperty 'email' comes from an index signature, so it must be accessed with ['email'].

[7m229[0m             localStorage.email = data.result.email;
[7m   [0m [91m                         ~~~~~[0m


Error: [96msrc/app/common-header/common-header.component.ts[0m:[93m230[0m:[93m26[0m - [91merror[0m[90m TS4111: [0mProperty 'phone' comes from an index signature, so it must be accessed with ['phone'].

[7m230[0m             localStorage.phone = data.result.phone;
[7m   [0m [91m                         ~~~~~[0m


Error: [96msrc/app/common-header/common-header.component.ts[0m:[93m231[0m:[93m26[0m - [91merror[0m[90m TS4111: [0mProperty 'avatar' comes from an index signature, so it must be accessed with ['avatar'].

[7m231[0m             localStorage.avatar = data.result.avatar;
[7m   [0m [91m                         ~~~~~~[0m


Error: [96msrc/app/common-header/common-header.component.ts[0m:[93m233[0m:[93m26[0m - [91merror[0m[90m TS4111: [0mProperty 'phone_verified' comes from an index signature, so it must be accessed with ['phone_verified'].

[7m233[0m             localStorage.phone_verified = data.result.phone_verified;
[7m   [0m [91m                         ~~~~~~~~~~~~~~[0m


Error: [96msrc/app/common-header/common-header.component.ts[0m:[93m234[0m:[93m26[0m - [91merror[0m[90m TS4111: [0mProperty 'join_date' comes from an index signature, so it must be accessed with ['join_date'].

[7m234[0m             localStorage.join_date = data.result.join_date;
[7m   [0m [91m                         ~~~~~~~~~[0m


Error: [96msrc/app/common-header/common-header.component.ts[0m:[93m255[0m:[93m12[0m - [91merror[0m[90m TS7006: [0mParameter 'navigate' implicitly has an 'any' type.

[7m255[0m   navigate(navigate){
[7m   [0m [91m           ~~~~~~~~[0m


Error: [96msrc/app/customer-list/customer-list.page.ts[0m:[93m29[0m:[93m2[0m - [91merror[0m[90m TS2564: [0mProperty 'inlineCount' has no initializer and is not definitely assigned in the constructor.

[7m29[0m  inlineCount:0;
[7m  [0m [91m ~~~~~~~~~~~[0m


Error: [96msrc/app/customer-list/customer-list.page.ts[0m:[93m82[0m:[93m13[0m - [91merror[0m[90m TS7006: [0mParameter 'event' implicitly has an 'any' type.

[7m82[0m   doRefresh(event) {
[7m  [0m [91m            ~~~~~[0m


Error: [96msrc/app/customer-list/customer-list.page.ts[0m:[93m164[0m:[93m20[0m - [91merror[0m[90m TS7006: [0mParameter 'customer_id' implicitly has an 'any' type.

[7m164[0m  getCustomerDetail(customer_id){
[7m   [0m [91m                   ~~~~~~~~~~~[0m


Error: [96msrc/app/customer-list/customer-list.page.ts[0m:[93m243[0m:[93m20[0m - [91merror[0m[90m TS7006: [0mParameter 'item' implicitly has an 'any' type.

[7m243[0m  async view_detail(item,list,index,type) {
[7m   [0m [91m                   ~~~~[0m


Error: [96msrc/app/customer-list/customer-list.page.ts[0m:[93m243[0m:[93m25[0m - [91merror[0m[90m TS7006: [0mParameter 'list' implicitly has an 'any' type.

[7m243[0m  async view_detail(item,list,index,type) {
[7m   [0m [91m                        ~~~~[0m


Error: [96msrc/app/customer-list/customer-list.page.ts[0m:[93m243[0m:[93m30[0m - [91merror[0m[90m TS7006: [0mParameter 'index' implicitly has an 'any' type.

[7m243[0m  async view_detail(item,list,index,type) {
[7m   [0m [91m                             ~~~~~[0m


Error: [96msrc/app/customer-list/customer-list.page.ts[0m:[93m243[0m:[93m36[0m - [91merror[0m[90m TS7006: [0mParameter 'type' implicitly has an 'any' type.

[7m243[0m  async view_detail(item,list,index,type) {
[7m   [0m [91m                                   ~~~~[0m


Error: [96msrc/app/delivery-detail-task/delivery-detail-task.page.ts[0m:[93m139[0m:[93m24[0m - [91merror[0m[90m TS7006: [0mParameter 'type' implicitly has an 'any' type.

[7m139[0m  async openActionSheet(type) {
[7m   [0m [91m                       ~~~~[0m


Error: [96msrc/app/delivery-detail-task/delivery-detail-task.page.ts[0m:[93m352[0m:[93m25[0m - [91merror[0m[90m TS7006: [0mParameter 'tobeSubmit' implicitly has an 'any' type.

[7m352[0m  async one_image_upload(tobeSubmit) {
[7m   [0m [91m                        ~~~~~~~~~~[0m


Error: [96msrc/app/delivery-detail-task/delivery-detail-task.page.ts[0m:[93m356[0m:[93m11[0m - [91merror[0m[90m TS7053: [0mElement implicitly has an 'any' type because expression of type '"status"' can't be used to index type 'Object'.
  Property 'status' does not exist on type 'Object'.

[7m356[0m       if (data['status'] === "OK") {
[7m   [0m [91m          ~~~~~~~~~~~~~~[0m


Error: [96msrc/app/delivery-detail-task/delivery-detail-task.page.ts[0m:[93m356[0m:[93m11[0m - [91merror[0m[90m TS18048: [0m'data' is possibly 'undefined'.

[7m356[0m       if (data['status'] === "OK") {
[7m   [0m [91m          ~~~~[0m


Error: [96msrc/app/delivery-detail-task/delivery-detail-task.page.ts[0m:[93m359[0m:[93m38[0m - [91merror[0m[90m TS2345: [0mArgument of type 'any' is not assignable to parameter of type 'never'.

[7m359[0m           this.MultipleImageUrl.push(data['result']['img_path']);
[7m   [0m [91m                                     ~~~~~~~~~~~~~~~~~~~~~~~~~~[0m


Error: [96msrc/app/delivery-detail-task/delivery-detail-task.page.ts[0m:[93m359[0m:[93m38[0m - [91merror[0m[90m TS7053: [0mElement implicitly has an 'any' type because expression of type '"result"' can't be used to index type 'Object'.
  Property 'result' does not exist on type 'Object'.

[7m359[0m           this.MultipleImageUrl.push(data['result']['img_path']);
[7m   [0m [91m                                     ~~~~~~~~~~~~~~[0m


Error: [96msrc/app/delivery-detail-task/delivery-detail-task.page.ts[0m:[93m359[0m:[93m38[0m - [91merror[0m[90m TS18048: [0m'data' is possibly 'undefined'.

[7m359[0m           this.MultipleImageUrl.push(data['result']['img_path']);
[7m   [0m [91m                                     ~~~~[0m


Error: [96msrc/app/delivery-detail-task/delivery-detail-task.page.ts[0m:[93m362[0m:[93m40[0m - [91merror[0m[90m TS2345: [0mArgument of type 'string' is not assignable to parameter of type 'never'.

[7m362[0m             this.MultipleImageUrl.push(this.imageUrl);
[7m   [0m [91m                                       ~~~~~~~~~~~~~[0m


Error: [96msrc/app/delivery-detail-task/delivery-detail-task.page.ts[0m:[93m363[0m:[93m40[0m - [91merror[0m[90m TS2345: [0mArgument of type 'any' is not assignable to parameter of type 'never'.

[7m363[0m             this.MultipleImageUrl.push(data['result']['img_path']);
[7m   [0m [91m                                       ~~~~~~~~~~~~~~~~~~~~~~~~~~[0m


Error: [96msrc/app/delivery-detail-task/delivery-detail-task.page.ts[0m:[93m363[0m:[93m40[0m - [91merror[0m[90m TS7053: [0mElement implicitly has an 'any' type because expression of type '"result"' can't be used to index type 'Object'.
  Property 'result' does not exist on type 'Object'.

[7m363[0m             this.MultipleImageUrl.push(data['result']['img_path']);
[7m   [0m [91m                                       ~~~~~~~~~~~~~~[0m


Error: [96msrc/app/delivery-detail-task/delivery-detail-task.page.ts[0m:[93m363[0m:[93m40[0m - [91merror[0m[90m TS18048: [0m'data' is possibly 'undefined'.

[7m363[0m             this.MultipleImageUrl.push(data['result']['img_path']);
[7m   [0m [91m                                       ~~~~[0m


Error: [96msrc/app/delivery-detail-task/delivery-detail-task.page.ts[0m:[93m367[0m:[93m29[0m - [91merror[0m[90m TS7053: [0mElement implicitly has an 'any' type because expression of type '"result"' can't be used to index type 'Object'.
  Property 'result' does not exist on type 'Object'.

[7m367[0m             this.imageUrl = data['result']['img_path'];
[7m   [0m [91m                            ~~~~~~~~~~~~~~[0m


Error: [96msrc/app/delivery-detail-task/delivery-detail-task.page.ts[0m:[93m367[0m:[93m29[0m - [91merror[0m[90m TS18048: [0m'data' is possibly 'undefined'.

[7m367[0m             this.imageUrl = data['result']['img_path'];
[7m   [0m [91m                            ~~~~[0m


Error: [96msrc/app/delivery-detail-task/delivery-detail-task.page.ts[0m:[93m403[0m:[93m30[0m - [91merror[0m[90m TS7006: [0mParameter 'tobeSubmit' implicitly has an 'any' type.

[7m403[0m  async multiple_image_upload(tobeSubmit) {
[7m   [0m [91m                             ~~~~~~~~~~[0m


Error: [96msrc/app/delivery-detail-task/delivery-detail-task.page.ts[0m:[93m407[0m:[93m11[0m - [91merror[0m[90m TS7053: [0mElement implicitly has an 'any' type because expression of type '"status"' can't be used to index type 'Object'.
  Property 'status' does not exist on type 'Object'.

[7m407[0m       if (data['status'] === "OK") {
[7m   [0m [91m          ~~~~~~~~~~~~~~[0m


Error: [96msrc/app/delivery-detail-task/delivery-detail-task.page.ts[0m:[93m407[0m:[93m11[0m - [91merror[0m[90m TS18048: [0m'data' is possibly 'undefined'.

[7m407[0m       if (data['status'] === "OK") {
[7m   [0m [91m          ~~~~[0m


Error: [96msrc/app/delivery-detail-task/delivery-detail-task.page.ts[0m:[93m410[0m:[93m40[0m - [91merror[0m[90m TS7053: [0mElement implicitly has an 'any' type because expression of type '"result"' can't be used to index type 'Object'.
  Property 'result' does not exist on type 'Object'.

[7m410[0m           let newImageArr = JSON.parse(data['result']['img_path']);
[7m   [0m [91m                                       ~~~~~~~~~~~~~~[0m


Error: [96msrc/app/delivery-detail-task/delivery-detail-task.page.ts[0m:[93m410[0m:[93m40[0m - [91merror[0m[90m TS18048: [0m'data' is possibly 'undefined'.

[7m410[0m           let newImageArr = JSON.parse(data['result']['img_path']);
[7m   [0m [91m                                       ~~~~[0m


Error: [96msrc/app/delivery-detail-task/delivery-detail-task.page.ts[0m:[93m411[0m:[93m32[0m - [91merror[0m[90m TS7006: [0mParameter 'imgPath' implicitly has an 'any' type.

[7m411[0m           newImageArr.forEach((imgPath) => {
[7m   [0m [91m                               ~~~~~~~[0m


Error: [96msrc/app/delivery-detail-task/delivery-detail-task.page.ts[0m:[93m412[0m:[93m40[0m - [91merror[0m[90m TS2345: [0mArgument of type 'any' is not assignable to parameter of type 'never'.

[7m412[0m             this.MultipleImageUrl.push(imgPath);
[7m   [0m [91m                                       ~~~~~~~[0m


Error: [96msrc/app/delivery-detail-task/delivery-detail-task.page.ts[0m:[93m416[0m:[93m40[0m - [91merror[0m[90m TS2345: [0mArgument of type 'string' is not assignable to parameter of type 'never'.

[7m416[0m             this.MultipleImageUrl.push(this.imageUrl);
[7m   [0m [91m                                       ~~~~~~~~~~~~~[0m


Error: [96msrc/app/delivery-detail-task/delivery-detail-task.page.ts[0m:[93m418[0m:[93m42[0m - [91merror[0m[90m TS7053: [0mElement implicitly has an 'any' type because expression of type '"result"' can't be used to index type 'Object'.
  Property 'result' does not exist on type 'Object'.

[7m418[0m             let newImageArr = JSON.parse(data['result']['img_path']);
[7m   [0m [91m                                         ~~~~~~~~~~~~~~[0m


Error: [96msrc/app/delivery-detail-task/delivery-detail-task.page.ts[0m:[93m418[0m:[93m42[0m - [91merror[0m[90m TS18048: [0m'data' is possibly 'undefined'.

[7m418[0m             let newImageArr = JSON.parse(data['result']['img_path']);
[7m   [0m [91m                                         ~~~~[0m


Error: [96msrc/app/delivery-detail-task/delivery-detail-task.page.ts[0m:[93m419[0m:[93m34[0m - [91merror[0m[90m TS7006: [0mParameter 'imgPath' implicitly has an 'any' type.

[7m419[0m             newImageArr.forEach((imgPath) => {
[7m   [0m [91m                                 ~~~~~~~[0m


Error: [96msrc/app/delivery-detail-task/delivery-detail-task.page.ts[0m:[93m420[0m:[93m42[0m - [91merror[0m[90m TS2345: [0mArgument of type 'any' is not assignable to parameter of type 'never'.

[7m420[0m               this.MultipleImageUrl.push(imgPath);
[7m   [0m [91m                                         ~~~~~~~[0m


Error: [96msrc/app/delivery-detail-task/delivery-detail-task.page.ts[0m:[93m424[0m:[93m48[0m - [91merror[0m[90m TS7053: [0mElement implicitly has an 'any' type because expression of type '"result"' can't be used to index type 'Object'.
  Property 'result' does not exist on type 'Object'.

[7m424[0m             this.MultipleImageUrl = JSON.parse(data['result']['img_path']);
[7m   [0m [91m                                               ~~~~~~~~~~~~~~[0m


Error: [96msrc/app/delivery-detail-task/delivery-detail-task.page.ts[0m:[93m424[0m:[93m48[0m - [91merror[0m[90m TS18048: [0m'data' is possibly 'undefined'.

[7m424[0m             this.MultipleImageUrl = JSON.parse(data['result']['img_path']);
[7m   [0m [91m                                               ~~~~[0m


Error: [96msrc/app/delivery-detail-task/delivery-detail-task.page.ts[0m:[93m453[0m:[93m10[0m - [91merror[0m[90m TS7053: [0mElement implicitly has an 'any' type because expression of type '"status"' can't be used to index type 'Object'.
  Property 'status' does not exist on type 'Object'.

[7m453[0m      if (data["status"] == "OK") {
[7m   [0m [91m         ~~~~~~~~~~~~~~[0m


Error: [96msrc/app/delivery-detail-task/delivery-detail-task.page.ts[0m:[93m456[0m:[93m8[0m - [91merror[0m[90m TS7053: [0mElement implicitly has an 'any' type because expression of type '"result"' can't be used to index type 'Object'.
  Property 'result' does not exist on type 'Object'.

[7m456[0m        data["result"]["img_path"]
[7m   [0m [91m       ~~~~~~~~~~~~~~[0m


Error: [96msrc/app/delivery-detail-task/delivery-detail-task.page.ts[0m:[93m494[0m:[93m10[0m - [91merror[0m[90m TS7053: [0mElement implicitly has an 'any' type because expression of type '"status"' can't be used to index type 'Object'.
  Property 'status' does not exist on type 'Object'.

[7m494[0m      if (data["status"] == "OK") {
[7m   [0m [91m         ~~~~~~~~~~~~~~[0m


Error: [96msrc/app/delivery-detail-task/delivery-detail-task.page.ts[0m:[93m496[0m:[93m29[0m - [91merror[0m[90m TS7053: [0mElement implicitly has an 'any' type because expression of type '"result"' can't be used to index type 'Object'.
  Property 'result' does not exist on type 'Object'.

[7m496[0m       let haha = JSON.parse(data["result"]["img_path"]);
[7m   [0m [91m                            ~~~~~~~~~~~~~~[0m


Error: [96msrc/app/delivery-detail-task/delivery-detail-task.page.ts[0m:[93m519[0m:[93m13[0m - [91merror[0m[90m TS7006: [0mParameter 'is_multiple' implicitly has an 'any' type.

[7m519[0m  delete_img(is_multiple, img_path) {
[7m   [0m [91m            ~~~~~~~~~~~[0m


Error: [96msrc/app/delivery-detail-task/delivery-detail-task.page.ts[0m:[93m519[0m:[93m26[0m - [91merror[0m[90m TS7006: [0mParameter 'img_path' implicitly has an 'any' type.

[7m519[0m  delete_img(is_multiple, img_path) {
[7m   [0m [91m                         ~~~~~~~~[0m


Error: [96msrc/app/delivery-detail-task/delivery-detail-task.page.ts[0m:[93m544[0m:[93m40[0m - [91merror[0m[90m TS2345: [0mArgument of type 'any' is not assignable to parameter of type 'never'.

[7m544[0m          this.MultipleImageUrl.indexOf(img_path);
[7m   [0m [91m                                       ~~~~~~~~[0m


Error: [96msrc/app/delivery-detail-task/delivery-detail-task.page.ts[0m:[93m580[0m:[93m10[0m - [91merror[0m[90m TS7053: [0mElement implicitly has an 'any' type because expression of type '"status"' can't be used to index type 'Object'.
  Property 'status' does not exist on type 'Object'.

[7m580[0m      if (data["status"] == "OK") {
[7m   [0m [91m         ~~~~~~~~~~~~~~[0m


Error: [96msrc/app/delivery-detail-task/delivery-detail-task.page.ts[0m:[93m590[0m:[93m8[0m - [91merror[0m[90m TS7053: [0mElement implicitly has an 'any' type because expression of type '"result"' can't be used to index type 'Object'.
  Property 'result' does not exist on type 'Object'.

[7m590[0m        data["result"],
[7m   [0m [91m       ~~~~~~~~~~~~~~[0m


Error: [96msrc/app/delivery-detail/delivery-detail.page.ts[0m:[93m89[0m:[93m24[0m - [91merror[0m[90m TS7006: [0mParameter 'type' implicitly has an 'any' type.

[7m89[0m  async openActionSheet(type) {
[7m  [0m [91m                       ~~~~[0m


Error: [96msrc/app/delivery-detail/delivery-detail.page.ts[0m:[93m266[0m:[93m19[0m - [91merror[0m[90m TS7006: [0mParameter 'imgInfo' implicitly has an 'any' type.

[7m266[0m  api_upload_image(imgInfo) {
[7m   [0m [91m                  ~~~~~~~[0m


Error: [96msrc/app/delivery-detail/delivery-detail.page.ts[0m:[93m305[0m:[93m25[0m - [91merror[0m[90m TS7006: [0mParameter 'tobeSubmit' implicitly has an 'any' type.

[7m305[0m  async one_image_upload(tobeSubmit) {
[7m   [0m [91m                        ~~~~~~~~~~[0m


Error: [96msrc/app/delivery-detail/delivery-detail.page.ts[0m:[93m309[0m:[93m8[0m - [91merror[0m[90m TS7053: [0mElement implicitly has an 'any' type because expression of type '"status"' can't be used to index type 'Object'.
  Property 'status' does not exist on type 'Object'.

[7m309[0m    if (data['status'] === "OK") {
[7m   [0m [91m       ~~~~~~~~~~~~~~[0m


Error: [96msrc/app/delivery-detail/delivery-detail.page.ts[0m:[93m309[0m:[93m8[0m - [91merror[0m[90m TS18048: [0m'data' is possibly 'undefined'.

[7m309[0m    if (data['status'] === "OK") {
[7m   [0m [91m       ~~~~[0m


Error: [96msrc/app/delivery-detail/delivery-detail.page.ts[0m:[93m312[0m:[93m33[0m - [91merror[0m[90m TS2345: [0mArgument of type 'any' is not assignable to parameter of type 'never'.

[7m312[0m      this.MultipleImageUrl.push(data['result']['img_path']);
[7m   [0m [91m                                ~~~~~~~~~~~~~~~~~~~~~~~~~~[0m


Error: [96msrc/app/delivery-detail/delivery-detail.page.ts[0m:[93m312[0m:[93m33[0m - [91merror[0m[90m TS7053: [0mElement implicitly has an 'any' type because expression of type '"result"' can't be used to index type 'Object'.
  Property 'result' does not exist on type 'Object'.

[7m312[0m      this.MultipleImageUrl.push(data['result']['img_path']);
[7m   [0m [91m                                ~~~~~~~~~~~~~~[0m


Error: [96msrc/app/delivery-detail/delivery-detail.page.ts[0m:[93m312[0m:[93m33[0m - [91merror[0m[90m TS18048: [0m'data' is possibly 'undefined'.

[7m312[0m      this.MultipleImageUrl.push(data['result']['img_path']);
[7m   [0m [91m                                ~~~~[0m


Error: [96msrc/app/delivery-detail/delivery-detail.page.ts[0m:[93m315[0m:[93m36[0m - [91merror[0m[90m TS2345: [0mArgument of type 'string' is not assignable to parameter of type 'never'.

[7m315[0m         this.MultipleImageUrl.push(this.imageUrl);
[7m   [0m [91m                                   ~~~~~~~~~~~~~[0m


Error: [96msrc/app/delivery-detail/delivery-detail.page.ts[0m:[93m316[0m:[93m34[0m - [91merror[0m[90m TS2345: [0mArgument of type 'any' is not assignable to parameter of type 'never'.

[7m316[0m       this.MultipleImageUrl.push(data['result']['img_path']);
[7m   [0m [91m                                 ~~~~~~~~~~~~~~~~~~~~~~~~~~[0m


Error: [96msrc/app/delivery-detail/delivery-detail.page.ts[0m:[93m316[0m:[93m34[0m - [91merror[0m[90m TS7053: [0mElement implicitly has an 'any' type because expression of type '"result"' can't be used to index type 'Object'.
  Property 'result' does not exist on type 'Object'.

[7m316[0m       this.MultipleImageUrl.push(data['result']['img_path']);
[7m   [0m [91m                                 ~~~~~~~~~~~~~~[0m


Error: [96msrc/app/delivery-detail/delivery-detail.page.ts[0m:[93m316[0m:[93m34[0m - [91merror[0m[90m TS18048: [0m'data' is possibly 'undefined'.

[7m316[0m       this.MultipleImageUrl.push(data['result']['img_path']);
[7m   [0m [91m                                 ~~~~[0m


Error: [96msrc/app/delivery-detail/delivery-detail.page.ts[0m:[93m320[0m:[93m23[0m - [91merror[0m[90m TS7053: [0mElement implicitly has an 'any' type because expression of type '"result"' can't be used to index type 'Object'.
  Property 'result' does not exist on type 'Object'.

[7m320[0m       this.imageUrl = data['result']['img_path'];
[7m   [0m [91m                      ~~~~~~~~~~~~~~[0m


Error: [96msrc/app/delivery-detail/delivery-detail.page.ts[0m:[93m320[0m:[93m23[0m - [91merror[0m[90m TS18048: [0m'data' is possibly 'undefined'.

[7m320[0m       this.imageUrl = data['result']['img_path'];
[7m   [0m [91m                      ~~~~[0m


Error: [96msrc/app/delivery-detail/delivery-detail.page.ts[0m:[93m333[0m:[93m34[0m - [91merror[0m[90m TS7006: [0mParameter 'imgInfo' implicitly has an 'any' type.

[7m333[0m  async api_upload_multiple_image(imgInfo) {
[7m   [0m [91m                                 ~~~~~~~[0m


Error: [96msrc/app/delivery-detail/delivery-detail.page.ts[0m:[93m384[0m:[93m30[0m - [91merror[0m[90m TS7006: [0mParameter 'tobeSubmit' implicitly has an 'any' type.

[7m384[0m  async multiple_image_upload(tobeSubmit) {
[7m   [0m [91m                             ~~~~~~~~~~[0m


Error: [96msrc/app/delivery-detail/delivery-detail.page.ts[0m:[93m388[0m:[93m8[0m - [91merror[0m[90m TS7053: [0mElement implicitly has an 'any' type because expression of type '"status"' can't be used to index type 'Object'.
  Property 'status' does not exist on type 'Object'.

[7m388[0m    if (data['status'] === "OK") {
[7m   [0m [91m       ~~~~~~~~~~~~~~[0m


Error: [96msrc/app/delivery-detail/delivery-detail.page.ts[0m:[93m388[0m:[93m8[0m - [91merror[0m[90m TS18048: [0m'data' is possibly 'undefined'.

[7m388[0m    if (data['status'] === "OK") {
[7m   [0m [91m       ~~~~[0m


Error: [96msrc/app/delivery-detail/delivery-detail.page.ts[0m:[93m392[0m:[93m37[0m - [91merror[0m[90m TS7053: [0mElement implicitly has an 'any' type because expression of type '"result"' can't be used to index type 'Object'.
  Property 'result' does not exist on type 'Object'.

[7m392[0m      const newImageArr = JSON.parse(data['result']['img_path']);
[7m   [0m [91m                                    ~~~~~~~~~~~~~~[0m


Error: [96msrc/app/delivery-detail/delivery-detail.page.ts[0m:[93m392[0m:[93m37[0m - [91merror[0m[90m TS18048: [0m'data' is possibly 'undefined'.

[7m392[0m      const newImageArr = JSON.parse(data['result']['img_path']);
[7m   [0m [91m                                    ~~~~[0m


Error: [96msrc/app/delivery-detail/delivery-detail.page.ts[0m:[93m393[0m:[93m33[0m - [91merror[0m[90m TS2345: [0mArgument of type 'any' is not assignable to parameter of type 'never'.

[7m393[0m      this.MultipleImageUrl.push(...newImageArr);
[7m   [0m [91m                                ~~~~~~~~~~~~~~[0m


Error: [96msrc/app/delivery-detail/delivery-detail.page.ts[0m:[93m396[0m:[93m36[0m - [91merror[0m[90m TS2345: [0mArgument of type 'string' is not assignable to parameter of type 'never'.

[7m396[0m         this.MultipleImageUrl.push(this.imageUrl);
[7m   [0m [91m                                   ~~~~~~~~~~~~~[0m


Error: [96msrc/app/delivery-detail/delivery-detail.page.ts[0m:[93m398[0m:[93m38[0m - [91merror[0m[90m TS7053: [0mElement implicitly has an 'any' type because expression of type '"result"' can't be used to index type 'Object'.
  Property 'result' does not exist on type 'Object'.

[7m398[0m       const newImageArr = JSON.parse(data['result']['img_path']);
[7m   [0m [91m                                     ~~~~~~~~~~~~~~[0m


Error: [96msrc/app/delivery-detail/delivery-detail.page.ts[0m:[93m398[0m:[93m38[0m - [91merror[0m[90m TS18048: [0m'data' is possibly 'undefined'.

[7m398[0m       const newImageArr = JSON.parse(data['result']['img_path']);
[7m   [0m [91m                                     ~~~~[0m


Error: [96msrc/app/delivery-detail/delivery-detail.page.ts[0m:[93m399[0m:[93m34[0m - [91merror[0m[90m TS2345: [0mArgument of type 'any' is not assignable to parameter of type 'never'.

[7m399[0m       this.MultipleImageUrl.push(...newImageArr);
[7m   [0m [91m                                 ~~~~~~~~~~~~~~[0m


Error: [96msrc/app/delivery-detail/delivery-detail.page.ts[0m:[93m402[0m:[93m42[0m - [91merror[0m[90m TS7053: [0mElement implicitly has an 'any' type because expression of type '"result"' can't be used to index type 'Object'.
  Property 'result' does not exist on type 'Object'.

[7m402[0m       this.MultipleImageUrl = JSON.parse(data['result']['img_path']);
[7m   [0m [91m                                         ~~~~~~~~~~~~~~[0m


Error: [96msrc/app/delivery-detail/delivery-detail.page.ts[0m:[93m402[0m:[93m42[0m - [91merror[0m[90m TS18048: [0m'data' is possibly 'undefined'.

[7m402[0m       this.MultipleImageUrl = JSON.parse(data['result']['img_path']);
[7m   [0m [91m                                         ~~~~[0m


Error: [96msrc/app/delivery-detail/delivery-detail.page.ts[0m:[93m431[0m:[93m10[0m - [91merror[0m[90m TS7053: [0mElement implicitly has an 'any' type because expression of type '"status"' can't be used to index type 'Object'.
  Property 'status' does not exist on type 'Object'.

[7m431[0m      if (data["status"] == "OK") {
[7m   [0m [91m         ~~~~~~~~~~~~~~[0m


Error: [96msrc/app/delivery-detail/delivery-detail.page.ts[0m:[93m434[0m:[93m8[0m - [91merror[0m[90m TS7053: [0mElement implicitly has an 'any' type because expression of type '"result"' can't be used to index type 'Object'.
  Property 'result' does not exist on type 'Object'.

[7m434[0m        data["result"]["img_path"]
[7m   [0m [91m       ~~~~~~~~~~~~~~[0m


Error: [96msrc/app/delivery-detail/delivery-detail.page.ts[0m:[93m472[0m:[93m10[0m - [91merror[0m[90m TS7053: [0mElement implicitly has an 'any' type because expression of type '"status"' can't be used to index type 'Object'.
  Property 'status' does not exist on type 'Object'.

[7m472[0m      if (data["status"] == "OK") {
[7m   [0m [91m         ~~~~~~~~~~~~~~[0m


Error: [96msrc/app/delivery-detail/delivery-detail.page.ts[0m:[93m474[0m:[93m29[0m - [91merror[0m[90m TS7053: [0mElement implicitly has an 'any' type because expression of type '"result"' can't be used to index type 'Object'.
  Property 'result' does not exist on type 'Object'.

[7m474[0m       let haha = JSON.parse(data["result"]["img_path"]);
[7m   [0m [91m                            ~~~~~~~~~~~~~~[0m


Error: [96msrc/app/delivery-detail/delivery-detail.page.ts[0m:[93m497[0m:[93m13[0m - [91merror[0m[90m TS7006: [0mParameter 'is_multiple' implicitly has an 'any' type.

[7m497[0m  delete_img(is_multiple, img_path) {
[7m   [0m [91m            ~~~~~~~~~~~[0m


Error: [96msrc/app/delivery-detail/delivery-detail.page.ts[0m:[93m497[0m:[93m26[0m - [91merror[0m[90m TS7006: [0mParameter 'img_path' implicitly has an 'any' type.

[7m497[0m  delete_img(is_multiple, img_path) {
[7m   [0m [91m                         ~~~~~~~~[0m


Error: [96msrc/app/delivery-detail/delivery-detail.page.ts[0m:[93m522[0m:[93m40[0m - [91merror[0m[90m TS2345: [0mArgument of type 'any' is not assignable to parameter of type 'never'.

[7m522[0m          this.MultipleImageUrl.indexOf(img_path);
[7m   [0m [91m                                       ~~~~~~~~[0m


Error: [96msrc/app/delivery-detail/delivery-detail.page.ts[0m:[93m559[0m:[93m10[0m - [91merror[0m[90m TS7053: [0mElement implicitly has an 'any' type because expression of type '"status"' can't be used to index type 'Object'.
  Property 'status' does not exist on type 'Object'.

[7m559[0m      if (data["status"] == "OK") {
[7m   [0m [91m         ~~~~~~~~~~~~~~[0m


Error: [96msrc/app/delivery-detail/delivery-detail.page.ts[0m:[93m569[0m:[93m8[0m - [91merror[0m[90m TS7053: [0mElement implicitly has an 'any' type because expression of type '"result"' can't be used to index type 'Object'.
  Property 'result' does not exist on type 'Object'.

[7m569[0m        data["result"],
[7m   [0m [91m       ~~~~~~~~~~~~~~[0m


Error: [96msrc/app/delivery-order/delivery-order.page.ts[0m:[93m16[0m:[93m31[0m - [91merror[0m[90m TS2564: [0mProperty 'reorderGroup' has no initializer and is not definitely assigned in the constructor.

[7m16[0m   @ViewChild(IonReorderGroup) reorderGroup: IonReorderGroup;
[7m  [0m [91m                              ~~~~~~~~~~~~[0m


Error: [96msrc/app/delivery-order/delivery-order.page.ts[0m:[93m89[0m:[93m7[0m - [91merror[0m[90m TS7053: [0mElement implicitly has an 'any' type because expression of type '"status"' can't be used to index type 'Object'.
  Property 'status' does not exist on type 'Object'.

[7m89[0m    if(data['status'] == "OK") {
[7m  [0m [91m      ~~~~~~~~~~~~~~[0m


Error: [96msrc/app/delivery/delivery.page.ts[0m:[93m68[0m:[93m37[0m - [91merror[0m[90m TS2345: [0mArgument of type 'any' is not assignable to parameter of type 'never'.

[7m68[0m                 this.riderList.push(tmp_riderList[i]);
[7m  [0m [91m                                    ~~~~~~~~~~~~~~~~[0m


Error: [96msrc/app/delivery/delivery.page.ts[0m:[93m90[0m:[93m13[0m - [91merror[0m[90m TS7006: [0mParameter 'event' implicitly has an 'any' type.

[7m90[0m   doRefresh(event) {
[7m  [0m [91m            ~~~~~[0m


Error: [96msrc/app/delivery/delivery.page.ts[0m:[93m98[0m:[93m16[0m - [91merror[0m[90m TS7006: [0mParameter 'item' implicitly has an 'any' type.

[7m98[0m   sendWhatsapp(item){
[7m  [0m [91m               ~~~~[0m


Error: [96msrc/app/delivery/delivery.page.ts[0m:[93m103[0m:[93m11[0m - [91merror[0m[90m TS7006: [0mParameter 'item' implicitly has an 'any' type.

[7m103[0m   openMap(item){
[7m   [0m [91m          ~~~~[0m


Error: [96msrc/app/delivery/delivery.page.ts[0m:[93m116[0m:[93m11[0m - [91merror[0m[90m TS7006: [0mParameter 'item' implicitly has an 'any' type.

[7m116[0m   details(item) {
[7m   [0m [91m          ~~~~[0m


Error: [96msrc/app/exchange-note-list/exchange-note-list.page.ts[0m:[93m28[0m:[93m3[0m - [91merror[0m[90m TS7008: [0mMember 'selectedCustomer' implicitly has an 'any' type.

[7m28[0m   selectedCustomer; any;
[7m  [0m [91m  ~~~~~~~~~~~~~~~~[0m


Error: [96msrc/app/exchange-note-list/exchange-note-list.page.ts[0m:[93m28[0m:[93m21[0m - [91merror[0m[90m TS7008: [0mMember 'any' implicitly has an 'any' type.

[7m28[0m   selectedCustomer; any;
[7m  [0m [91m                    ~~~[0m


Error: [96msrc/app/exchange-note-list/exchange-note-list.page.ts[0m:[93m89[0m:[93m12[0m - [91merror[0m[90m TS7006: [0mParameter 'event' implicitly has an 'any' type.

[7m89[0m  doRefresh(event) {
[7m  [0m [91m           ~~~~~[0m


Error: [96msrc/app/exchange-note-list/exchange-note-list.page.ts[0m:[93m98[0m:[93m15[0m - [91merror[0m[90m TS7006: [0mParameter 'item' implicitly has an 'any' type.

[7m98[0m  sendWhatsapp(item) {
[7m  [0m [91m              ~~~~[0m


Error: [96msrc/app/exchange-note-list/exchange-note-list.page.ts[0m:[93m103[0m:[93m10[0m - [91merror[0m[90m TS7006: [0mParameter 'item' implicitly has an 'any' type.

[7m103[0m  openMap(item) {
[7m   [0m [91m         ~~~~[0m


Error: [96msrc/app/exchange-note/exchange-note.page.ts[0m:[93m11[0m:[93m8[0m - [91merror[0m[90m TS1259: [0mModule '"/Applications/XAMPP/xamppfiles/htdocs/PWRIDER-CAP/node_modules/@types/big.js/index"' can only be default-imported using the 'allowSyntheticDefaultImports' flag

[7m11[0m import Big from 'big.js';
[7m  [0m [91m       ~~~[0m

  [96mnode_modules/@types/big.js/index.d.ts[0m:[93m352[0m:[93m1[0m
    [7m352[0m export = Big;
    [7m   [0m [96m~~~~~~~~~~~~~[0m
    This module is declared with 'export =', and can only be used with a default import when using the 'allowSyntheticDefaultImports' flag.


Error: [96msrc/app/exchange-note/exchange-note.page.ts[0m:[93m243[0m:[93m33[0m - [91merror[0m[90m TS7053: [0mElement implicitly has an 'any' type because expression of type '"status"' can't be used to index type 'Object'.
  Property 'status' does not exist on type 'Object'.

[7m243[0m                     console.log(response['status']);
[7m   [0m [91m                                ~~~~~~~~~~~~~~~~~~[0m


Error: [96msrc/app/exchange-note/exchange-note.page.ts[0m:[93m244[0m:[93m24[0m - [91merror[0m[90m TS7053: [0mElement implicitly has an 'any' type because expression of type '"status"' can't be used to index type 'Object'.
  Property 'status' does not exist on type 'Object'.

[7m244[0m                     if(response['status'] == 'ERROR'){
[7m   [0m [91m                       ~~~~~~~~~~~~~~~~~~[0m


Error: [96msrc/app/exchange-note/exchange-note.page.ts[0m:[93m245[0m:[93m67[0m - [91merror[0m[90m TS7053: [0mElement implicitly has an 'any' type because expression of type '"result"' can't be used to index type 'Object'.
  Property 'result' does not exist on type 'Object'.

[7m245[0m                       console.error('Error submitting shipment:', response['result']);
[7m   [0m [91m                                                                  ~~~~~~~~~~~~~~~~~~[0m


Error: [96msrc/app/exchange-note/exchange-note.page.ts[0m:[93m246[0m:[93m44[0m - [91merror[0m[90m TS7053: [0mElement implicitly has an 'any' type because expression of type '"result"' can't be used to index type 'Object'.
  Property 'result' does not exist on type 'Object'.

[7m246[0m                       this.showErrorAlert( response['result'],'submitting shipment');
[7m   [0m [91m                                           ~~~~~~~~~~~~~~~~~~[0m


Error: [96msrc/app/exchange-note/exchange-note.page.ts[0m:[93m283[0m:[93m16[0m - [91merror[0m[90m TS7053: [0mElement implicitly has an 'any' type because expression of type '"status"' can't be used to index type 'Object'.
  Property 'status' does not exist on type 'Object'.

[7m283[0m             if(response['status'] == 'ERROR'){
[7m   [0m [91m               ~~~~~~~~~~~~~~~~~~[0m


Error: [96msrc/app/exchange-note/exchange-note.page.ts[0m:[93m284[0m:[93m59[0m - [91merror[0m[90m TS7053: [0mElement implicitly has an 'any' type because expression of type '"result"' can't be used to index type 'Object'.
  Property 'result' does not exist on type 'Object'.

[7m284[0m               console.error('Error submitting shipment:', response['result']);
[7m   [0m [91m                                                          ~~~~~~~~~~~~~~~~~~[0m


Error: [96msrc/app/exchange-note/exchange-note.page.ts[0m:[93m285[0m:[93m36[0m - [91merror[0m[90m TS7053: [0mElement implicitly has an 'any' type because expression of type '"result"' can't be used to index type 'Object'.
  Property 'result' does not exist on type 'Object'.

[7m285[0m               this.showErrorAlert( response['result'],'submitting shipment');
[7m   [0m [91m                                   ~~~~~~~~~~~~~~~~~~[0m


Error: [96msrc/app/exchange-note/exchange-note.page.ts[0m:[93m315[0m:[93m27[0m - [91merror[0m[90m TS7006: [0mParameter 'gold_shipment_id' implicitly has an 'any' type.

[7m315[0m    getGoldShipmentDetails(gold_shipment_id) {
[7m   [0m [91m                          ~~~~~~~~~~~~~~~~[0m


Error: [96msrc/app/gold-shipment-clock-in-list/gold-shipment-clock-in-list.page.ts[0m:[93m28[0m:[93m3[0m - [91merror[0m[90m TS7008: [0mMember 'selectedCustomer' implicitly has an 'any' type.

[7m28[0m   selectedCustomer; any;
[7m  [0m [91m  ~~~~~~~~~~~~~~~~[0m


Error: [96msrc/app/gold-shipment-clock-in-list/gold-shipment-clock-in-list.page.ts[0m:[93m28[0m:[93m21[0m - [91merror[0m[90m TS7008: [0mMember 'any' implicitly has an 'any' type.

[7m28[0m   selectedCustomer; any;
[7m  [0m [91m                    ~~~[0m


Error: [96msrc/app/gold-shipment-clock-in-list/gold-shipment-clock-in-list.page.ts[0m:[93m89[0m:[93m12[0m - [91merror[0m[90m TS7006: [0mParameter 'event' implicitly has an 'any' type.

[7m89[0m  doRefresh(event) {
[7m  [0m [91m           ~~~~~[0m


Error: [96msrc/app/gold-shipment-clock-in-list/gold-shipment-clock-in-list.page.ts[0m:[93m98[0m:[93m15[0m - [91merror[0m[90m TS7006: [0mParameter 'item' implicitly has an 'any' type.

[7m98[0m  sendWhatsapp(item) {
[7m  [0m [91m              ~~~~[0m


Error: [96msrc/app/gold-shipment-clock-in-list/gold-shipment-clock-in-list.page.ts[0m:[93m103[0m:[93m10[0m - [91merror[0m[90m TS7006: [0mParameter 'item' implicitly has an 'any' type.

[7m103[0m  openMap(item) {
[7m   [0m [91m         ~~~~[0m


Error: [96msrc/app/gold-shipment-clock-in/gold-shipment-clock-in.page.ts[0m:[93m19[0m:[93m3[0m - [91merror[0m[90m TS2564: [0mProperty 'lowPurityWeight' has no initializer and is not definitely assigned in the constructor.

[7m19[0m   lowPurityWeight: number;
[7m  [0m [91m  ~~~~~~~~~~~~~~~[0m


Error: [96msrc/app/gold-shipment-clock-in/gold-shipment-clock-in.page.ts[0m:[93m20[0m:[93m3[0m - [91merror[0m[90m TS2564: [0mProperty 'purity916Weight' has no initializer and is not definitely assigned in the constructor.

[7m20[0m   purity916Weight: number;
[7m  [0m [91m  ~~~~~~~~~~~~~~~[0m


Error: [96msrc/app/gold-shipment-clock-in/gold-shipment-clock-in.page.ts[0m:[93m21[0m:[93m3[0m - [91merror[0m[90m TS2564: [0mProperty 'highPurityWeight' has no initializer and is not definitely assigned in the constructor.

[7m21[0m   highPurityWeight: number;
[7m  [0m [91m  ~~~~~~~~~~~~~~~~[0m


Error: [96msrc/app/gold-shipment-clock-in/gold-shipment-clock-in.page.ts[0m:[93m22[0m:[93m3[0m - [91merror[0m[90m TS2564: [0mProperty 'goldBead' has no initializer and is not definitely assigned in the constructor.

[7m22[0m   goldBead: number;
[7m  [0m [91m  ~~~~~~~~[0m


Error: [96msrc/app/gold-shipment-clock-in/gold-shipment-clock-in.page.ts[0m:[93m23[0m:[93m3[0m - [91merror[0m[90m TS2564: [0mProperty 'totalMix' has no initializer and is not definitely assigned in the constructor.

[7m23[0m   totalMix: number;
[7m  [0m [91m  ~~~~~~~~[0m


Error: [96msrc/app/gold-shipment-clock-in/gold-shipment-clock-in.page.ts[0m:[93m24[0m:[93m3[0m - [91merror[0m[90m TS2564: [0mProperty 'bar' has no initializer and is not definitely assigned in the constructor.

[7m24[0m   bar: number;
[7m  [0m [91m  ~~~[0m


Error: [96msrc/app/gold-shipment-clock-in/gold-shipment-clock-in.page.ts[0m:[93m25[0m:[93m3[0m - [91merror[0m[90m TS2564: [0mProperty 'sample' has no initializer and is not definitely assigned in the constructor.

[7m25[0m   sample: number;
[7m  [0m [91m  ~~~~~~[0m


Error: [96msrc/app/gold-shipment-clock-in/gold-shipment-clock-in.page.ts[0m:[93m26[0m:[93m3[0m - [91merror[0m[90m TS2564: [0mProperty 'sampleReturn' has no initializer and is not definitely assigned in the constructor.

[7m26[0m   sampleReturn: number;
[7m  [0m [91m  ~~~~~~~~~~~~[0m


Error: [96msrc/app/gold-shipment-clock-in/gold-shipment-clock-in.page.ts[0m:[93m27[0m:[93m3[0m - [91merror[0m[90m TS2564: [0mProperty 'purity' has no initializer and is not definitely assigned in the constructor.

[7m27[0m   purity: number;
[7m  [0m [91m  ~~~~~~[0m


Error: [96msrc/app/gold-shipment-clock-in/gold-shipment-clock-in.page.ts[0m:[93m28[0m:[93m3[0m - [91merror[0m[90m TS2564: [0mProperty 'outStock' has no initializer and is not definitely assigned in the constructor.

[7m28[0m   outStock: number;
[7m  [0m [91m  ~~~~~~~~[0m


Error: [96msrc/app/gold-shipment-clock-in/gold-shipment-clock-in.page.ts[0m:[93m29[0m:[93m3[0m - [91merror[0m[90m TS2564: [0mProperty 'balance' has no initializer and is not definitely assigned in the constructor.

[7m29[0m   balance: number;
[7m  [0m [91m  ~~~~~~~[0m


Error: [96msrc/app/gold-shipment-clock-in/gold-shipment-clock-in.page.ts[0m:[93m132[0m:[93m7[0m - [91merror[0m[90m TS7053: [0mElement implicitly has an 'any' type because expression of type 'string' can't be used to index type '{ lowPurityPhoto: boolean; purity916Photo: boolean; highPurityPhoto: boolean; goldBeadPhoto: boolean; totalMixPhoto: boolean; barPhoto: boolean; samplePhoto: boolean; sampleReturnPhoto: boolean; purityPhoto: boolean; outStockPhoto: boolean; balancePhoto: boolean; }'.
  No index signature with a parameter of type 'string' was found on type '{ lowPurityPhoto: boolean; purity916Photo: boolean; highPurityPhoto: boolean; goldBeadPhoto: boolean; totalMixPhoto: boolean; barPhoto: boolean; samplePhoto: boolean; sampleReturnPhoto: boolean; purityPhoto: boolean; outStockPhoto: boolean; balancePhoto: boolean; }'.

[7m132[0m       this.isLoading[photoType] = true;
[7m   [0m [91m      ~~~~~~~~~~~~~~~~~~~~~~~~~[0m


Error: [96msrc/app/gold-shipment-clock-in/gold-shipment-clock-in.page.ts[0m:[93m168[0m:[93m9[0m - [91merror[0m[90m TS7053: [0mElement implicitly has an 'any' type because expression of type 'string' can't be used to index type '{ lowPurityPhoto: boolean; purity916Photo: boolean; highPurityPhoto: boolean; goldBeadPhoto: boolean; totalMixPhoto: boolean; barPhoto: boolean; samplePhoto: boolean; sampleReturnPhoto: boolean; purityPhoto: boolean; outStockPhoto: boolean; balancePhoto: boolean; }'.
  No index signature with a parameter of type 'string' was found on type '{ lowPurityPhoto: boolean; purity916Photo: boolean; highPurityPhoto: boolean; goldBeadPhoto: boolean; totalMixPhoto: boolean; barPhoto: boolean; samplePhoto: boolean; sampleReturnPhoto: boolean; purityPhoto: boolean; outStockPhoto: boolean; balancePhoto: boolean; }'.

[7m168[0m         this.isLoading[photoType] = true;
[7m   [0m [91m        ~~~~~~~~~~~~~~~~~~~~~~~~~[0m


Error: [96msrc/app/gold-shipment-clock-in/gold-shipment-clock-in.page.ts[0m:[93m172[0m:[93m14[0m - [91merror[0m[90m TS2339: [0mProperty 'imagePicker' does not exist on type 'GoldShipmentClockInPage'.

[7m172[0m         this.imagePicker.getPictures(options).then((results) => {
[7m   [0m [91m             ~~~~~~~~~~~[0m


Error: [96msrc/app/gold-shipment-clock-in/gold-shipment-clock-in.page.ts[0m:[93m172[0m:[93m53[0m - [91merror[0m[90m TS7006: [0mParameter 'results' implicitly has an 'any' type.

[7m172[0m         this.imagePicker.getPictures(options).then((results) => {
[7m   [0m [91m                                                    ~~~~~~~[0m


Error: [96msrc/app/gold-shipment-clock-in/gold-shipment-clock-in.page.ts[0m:[93m183[0m:[93m13[0m - [91merror[0m[90m TS7006: [0mParameter 'err' implicitly has an 'any' type.

[7m183[0m         }, (err) => {
[7m   [0m [91m            ~~~[0m


Error: [96msrc/app/gold-shipment-clock-in/gold-shipment-clock-in.page.ts[0m:[93m198[0m:[93m9[0m - [91merror[0m[90m TS7053: [0mElement implicitly has an 'any' type because expression of type 'string' can't be used to index type '{ lowPurityPhoto: boolean; purity916Photo: boolean; highPurityPhoto: boolean; goldBeadPhoto: boolean; totalMixPhoto: boolean; barPhoto: boolean; samplePhoto: boolean; sampleReturnPhoto: boolean; purityPhoto: boolean; outStockPhoto: boolean; balancePhoto: boolean; }'.
  No index signature with a parameter of type 'string' was found on type '{ lowPurityPhoto: boolean; purity916Photo: boolean; highPurityPhoto: boolean; goldBeadPhoto: boolean; totalMixPhoto: boolean; barPhoto: boolean; samplePhoto: boolean; sampleReturnPhoto: boolean; purityPhoto: boolean; outStockPhoto: boolean; balancePhoto: boolean; }'.

[7m198[0m         this.isLoading[photoType] = true;
[7m   [0m [91m        ~~~~~~~~~~~~~~~~~~~~~~~~~[0m


Error: [96msrc/app/gold-shipment-clock-in/gold-shipment-clock-in.page.ts[0m:[93m201[0m:[93m20[0m - [91merror[0m[90m TS18047: [0m'input.files' is possibly 'null'.

[7m201[0m         let file = input.files[0];
[7m   [0m [91m                   ~~~~~~~~~~~[0m


Error: [96msrc/app/gold-shipment-clock-in/gold-shipment-clock-in.page.ts[0m:[93m207[0m:[93m25[0m - [91merror[0m[90m TS18047: [0m'reader.result' is possibly 'null'.

[7m207[0m           let imgInfo = reader.result.toString().split(',')[1];
[7m   [0m [91m                        ~~~~~~~~~~~~~[0m


Error: [96msrc/app/gold-shipment-clock-in/gold-shipment-clock-in.page.ts[0m:[93m219[0m:[93m29[0m - [91merror[0m[90m TS7006: [0mParameter 'imgInfo' implicitly has an 'any' type.

[7m219[0m   multiple_image_upload_tng(imgInfo,photoType) {
[7m   [0m [91m                            ~~~~~~~[0m


Error: [96msrc/app/gold-shipment-clock-in/gold-shipment-clock-in.page.ts[0m:[93m219[0m:[93m37[0m - [91merror[0m[90m TS7006: [0mParameter 'photoType' implicitly has an 'any' type.

[7m219[0m   multiple_image_upload_tng(imgInfo,photoType) {
[7m   [0m [91m                                    ~~~~~~~~~[0m


Error: [96msrc/app/gold-shipment-clock-in/gold-shipment-clock-in.page.ts[0m:[93m227[0m:[93m11[0m - [91merror[0m[90m TS7053: [0mElement implicitly has an 'any' type because expression of type '"status"' can't be used to index type 'Object'.
  Property 'status' does not exist on type 'Object'.

[7m227[0m       if (data['status'] == "OK") {
[7m   [0m [91m          ~~~~~~~~~~~~~~[0m


Error: [96msrc/app/gold-shipment-clock-in/gold-shipment-clock-in.page.ts[0m:[93m229[0m:[93m9[0m - [91merror[0m[90m TS7053: [0mElement implicitly has an 'any' type because expression of type 'any' can't be used to index type 'GoldShipmentClockInPage'.

[7m229[0m         this[photoType] = this[photoType].concat(JSON.parse(data['result']['img_path']));
[7m   [0m [91m        ~~~~~~~~~~~~~~~[0m


Error: [96msrc/app/gold-shipment-clock-in/gold-shipment-clock-in.page.ts[0m:[93m229[0m:[93m27[0m - [91merror[0m[90m TS7053: [0mElement implicitly has an 'any' type because expression of type 'any' can't be used to index type 'GoldShipmentClockInPage'.

[7m229[0m         this[photoType] = this[photoType].concat(JSON.parse(data['result']['img_path']));
[7m   [0m [91m                          ~~~~~~~~~~~~~~~[0m


Error: [96msrc/app/gold-shipment-clock-in/gold-shipment-clock-in.page.ts[0m:[93m229[0m:[93m61[0m - [91merror[0m[90m TS7053: [0mElement implicitly has an 'any' type because expression of type '"result"' can't be used to index type 'Object'.
  Property 'result' does not exist on type 'Object'.

[7m229[0m         this[photoType] = this[photoType].concat(JSON.parse(data['result']['img_path']));
[7m   [0m [91m                                                            ~~~~~~~~~~~~~~[0m


Error: [96msrc/app/gold-shipment-clock-in/gold-shipment-clock-in.page.ts[0m:[93m230[0m:[93m9[0m - [91merror[0m[90m TS7053: [0mElement implicitly has an 'any' type because expression of type 'any' can't be used to index type '{ lowPurityPhoto: boolean; purity916Photo: boolean; highPurityPhoto: boolean; goldBeadPhoto: boolean; totalMixPhoto: boolean; barPhoto: boolean; samplePhoto: boolean; sampleReturnPhoto: boolean; purityPhoto: boolean; outStockPhoto: boolean; balancePhoto: boolean; }'.

[7m230[0m         this.isLoading[photoType] = false;
[7m   [0m [91m        ~~~~~~~~~~~~~~~~~~~~~~~~~[0m


Error: [96msrc/app/gold-shipment-clock-in/gold-shipment-clock-in.page.ts[0m:[93m234[0m:[93m9[0m - [91merror[0m[90m TS7053: [0mElement implicitly has an 'any' type because expression of type 'any' can't be used to index type '{ lowPurityPhoto: boolean; purity916Photo: boolean; highPurityPhoto: boolean; goldBeadPhoto: boolean; totalMixPhoto: boolean; barPhoto: boolean; samplePhoto: boolean; sampleReturnPhoto: boolean; purityPhoto: boolean; outStockPhoto: boolean; balancePhoto: boolean; }'.

[7m234[0m         this.isLoading[photoType] = false;
[7m   [0m [91m        ~~~~~~~~~~~~~~~~~~~~~~~~~[0m


Error: [96msrc/app/gold-shipment-clock-in/gold-shipment-clock-in.page.ts[0m:[93m239[0m:[93m7[0m - [91merror[0m[90m TS7053: [0mElement implicitly has an 'any' type because expression of type 'any' can't be used to index type '{ lowPurityPhoto: boolean; purity916Photo: boolean; highPurityPhoto: boolean; goldBeadPhoto: boolean; totalMixPhoto: boolean; barPhoto: boolean; samplePhoto: boolean; sampleReturnPhoto: boolean; purityPhoto: boolean; outStockPhoto: boolean; balancePhoto: boolean; }'.

[7m239[0m       this.isLoading[photoType] = false;
[7m   [0m [91m      ~~~~~~~~~~~~~~~~~~~~~~~~~[0m


Error: [96msrc/app/gold-shipment-clock-in/gold-shipment-clock-in.page.ts[0m:[93m243[0m:[93m18[0m - [91merror[0m[90m TS7006: [0mParameter 'img_path' implicitly has an 'any' type.

[7m243[0m   delete_img_tng(img_path, type) {
[7m   [0m [91m                 ~~~~~~~~[0m


Error: [96msrc/app/gold-shipment-clock-in/gold-shipment-clock-in.page.ts[0m:[93m243[0m:[93m28[0m - [91merror[0m[90m TS7006: [0mParameter 'type' implicitly has an 'any' type.

[7m243[0m   delete_img_tng(img_path, type) {
[7m   [0m [91m                           ~~~~[0m


Error: [96msrc/app/gold-shipment-clock-in/gold-shipment-clock-in.page.ts[0m:[93m261[0m:[93m23[0m - [91merror[0m[90m TS7053: [0mElement implicitly has an 'any' type because expression of type 'any' can't be used to index type 'GoldShipmentClockInPage'.

[7m261[0m           let index = this[type].indexOf(img_path);
[7m   [0m [91m                      ~~~~~~~~~~[0m


Error: [96msrc/app/gold-shipment-clock-in/gold-shipment-clock-in.page.ts[0m:[93m263[0m:[93m13[0m - [91merror[0m[90m TS7053: [0mElement implicitly has an 'any' type because expression of type 'any' can't be used to index type 'GoldShipmentClockInPage'.

[7m263[0m             this[type].splice(index, 1);
[7m   [0m [91m            ~~~~~~~~~~[0m


Error: [96msrc/app/gold-shipment-clock-in/gold-shipment-clock-in.page.ts[0m:[93m265[0m:[93m15[0m - [91merror[0m[90m TS7053: [0mElement implicitly has an 'any' type because expression of type 'any' can't be used to index type 'GoldShipmentClockInPage'.

[7m265[0m           if (this[type] == img_path) {
[7m   [0m [91m              ~~~~~~~~~~[0m


Error: [96msrc/app/gold-shipment-clock-in/gold-shipment-clock-in.page.ts[0m:[93m266[0m:[93m13[0m - [91merror[0m[90m TS7053: [0mElement implicitly has an 'any' type because expression of type 'any' can't be used to index type 'GoldShipmentClockInPage'.

[7m266[0m             this[type] = '';
[7m   [0m [91m            ~~~~~~~~~~[0m


Error: [96msrc/app/gold-shipment-clock-in/gold-shipment-clock-in.page.ts[0m:[93m342[0m:[93m18[0m - [91merror[0m[90m TS7006: [0mParameter 'imgInfo' implicitly has an 'any' type.

[7m342[0m   apiUploadImage(imgInfo, photoType) {
[7m   [0m [91m                 ~~~~~~~[0m


Error: [96msrc/app/gold-shipment-clock-in/gold-shipment-clock-in.page.ts[0m:[93m342[0m:[93m27[0m - [91merror[0m[90m TS7006: [0mParameter 'photoType' implicitly has an 'any' type.

[7m342[0m   apiUploadImage(imgInfo, photoType) {
[7m   [0m [91m                          ~~~~~~~~~[0m


Error: [96msrc/app/gold-shipment-clock-in/gold-shipment-clock-in.page.ts[0m:[93m350[0m:[93m7[0m - [91merror[0m[90m TS7053: [0mElement implicitly has an 'any' type because expression of type 'any' can't be used to index type '{ lowPurityPhoto: boolean; purity916Photo: boolean; highPurityPhoto: boolean; goldBeadPhoto: boolean; totalMixPhoto: boolean; barPhoto: boolean; samplePhoto: boolean; sampleReturnPhoto: boolean; purityPhoto: boolean; outStockPhoto: boolean; balancePhoto: boolean; }'.

[7m350[0m       this.isLoading[photoType] = false;
[7m   [0m [91m      ~~~~~~~~~~~~~~~~~~~~~~~~~[0m


Error: [96msrc/app/gold-shipment-clock-in/gold-shipment-clock-in.page.ts[0m:[93m351[0m:[93m11[0m - [91merror[0m[90m TS7053: [0mElement implicitly has an 'any' type because expression of type '"status"' can't be used to index type 'Object'.
  Property 'status' does not exist on type 'Object'.

[7m351[0m       if (data['status'] == "OK") {
[7m   [0m [91m          ~~~~~~~~~~~~~~[0m


Error: [96msrc/app/gold-shipment-clock-in/gold-shipment-clock-in.page.ts[0m:[93m352[0m:[93m9[0m - [91merror[0m[90m TS7053: [0mElement implicitly has an 'any' type because expression of type 'any' can't be used to index type 'GoldShipmentClockInPage'.

[7m352[0m         this[photoType].push(data['result']['img_path']);
[7m   [0m [91m        ~~~~~~~~~~~~~~~[0m


Error: [96msrc/app/gold-shipment-clock-in/gold-shipment-clock-in.page.ts[0m:[93m352[0m:[93m30[0m - [91merror[0m[90m TS7053: [0mElement implicitly has an 'any' type because expression of type '"result"' can't be used to index type 'Object'.
  Property 'result' does not exist on type 'Object'.

[7m352[0m         this[photoType].push(data['result']['img_path']);
[7m   [0m [91m                             ~~~~~~~~~~~~~~[0m


Error: [96msrc/app/gold-shipment-clock-in/gold-shipment-clock-in.page.ts[0m:[93m358[0m:[93m7[0m - [91merror[0m[90m TS7053: [0mElement implicitly has an 'any' type because expression of type 'any' can't be used to index type '{ lowPurityPhoto: boolean; purity916Photo: boolean; highPurityPhoto: boolean; goldBeadPhoto: boolean; totalMixPhoto: boolean; barPhoto: boolean; samplePhoto: boolean; sampleReturnPhoto: boolean; purityPhoto: boolean; outStockPhoto: boolean; balancePhoto: boolean; }'.

[7m358[0m       this.isLoading[photoType] = false;
[7m   [0m [91m      ~~~~~~~~~~~~~~~~~~~~~~~~~[0m


Error: [96msrc/app/gold-shipment-clock-in/gold-shipment-clock-in.page.ts[0m:[93m364[0m:[93m5[0m - [91merror[0m[90m TS7053: [0mElement implicitly has an 'any' type because expression of type 'string' can't be used to index type 'GoldShipmentClockInPage'.
  No index signature with a parameter of type 'string' was found on type 'GoldShipmentClockInPage'.

[7m364[0m     this[photoType] = null;
[7m   [0m [91m    ~~~~~~~~~~~~~~~[0m


Error: [96msrc/app/gold-shipment-list/gold-shipment-list.page.ts[0m:[93m28[0m:[93m3[0m - [91merror[0m[90m TS7008: [0mMember 'selectedCustomer' implicitly has an 'any' type.

[7m28[0m   selectedCustomer; any;
[7m  [0m [91m  ~~~~~~~~~~~~~~~~[0m


Error: [96msrc/app/gold-shipment-list/gold-shipment-list.page.ts[0m:[93m28[0m:[93m21[0m - [91merror[0m[90m TS7008: [0mMember 'any' implicitly has an 'any' type.

[7m28[0m   selectedCustomer; any;
[7m  [0m [91m                    ~~~[0m


Error: [96msrc/app/gold-shipment-list/gold-shipment-list.page.ts[0m:[93m89[0m:[93m12[0m - [91merror[0m[90m TS7006: [0mParameter 'event' implicitly has an 'any' type.

[7m89[0m  doRefresh(event) {
[7m  [0m [91m           ~~~~~[0m


Error: [96msrc/app/gold-shipment-list/gold-shipment-list.page.ts[0m:[93m98[0m:[93m15[0m - [91merror[0m[90m TS7006: [0mParameter 'item' implicitly has an 'any' type.

[7m98[0m  sendWhatsapp(item) {
[7m  [0m [91m              ~~~~[0m


Error: [96msrc/app/gold-shipment-list/gold-shipment-list.page.ts[0m:[93m103[0m:[93m10[0m - [91merror[0m[90m TS7006: [0mParameter 'item' implicitly has an 'any' type.

[7m103[0m  openMap(item) {
[7m   [0m [91m         ~~~~[0m


Error: [96msrc/app/gold-shipment/gold-shipment.page.ts[0m:[93m10[0m:[93m8[0m - [91merror[0m[90m TS1259: [0mModule '"/Applications/XAMPP/xamppfiles/htdocs/PWRIDER-CAP/node_modules/@types/big.js/index"' can only be default-imported using the 'allowSyntheticDefaultImports' flag

[7m10[0m import Big from 'big.js';
[7m  [0m [91m       ~~~[0m

  [96mnode_modules/@types/big.js/index.d.ts[0m:[93m352[0m:[93m1[0m
    [7m352[0m export = Big;
    [7m   [0m [96m~~~~~~~~~~~~~[0m
    This module is declared with 'export =', and can only be used with a default import when using the 'allowSyntheticDefaultImports' flag.


Error: [96msrc/app/gold-shipment/gold-shipment.page.ts[0m:[93m197[0m:[93m24[0m - [91merror[0m[90m TS18047: [0m'input.files' is possibly 'null'.

[7m197[0m           const file = input.files[0];
[7m   [0m [91m                       ~~~~~~~~~~~[0m


Error: [96msrc/app/gold-shipment/gold-shipment.page.ts[0m:[93m279[0m:[93m11[0m - [91merror[0m[90m TS7053: [0mElement implicitly has an 'any' type because expression of type '"status"' can't be used to index type 'Object'.
  Property 'status' does not exist on type 'Object'.

[7m279[0m       if (data['status'] === "OK") {
[7m   [0m [91m          ~~~~~~~~~~~~~~[0m


Error: [96msrc/app/gold-shipment/gold-shipment.page.ts[0m:[93m279[0m:[93m11[0m - [91merror[0m[90m TS18048: [0m'data' is possibly 'undefined'.

[7m279[0m       if (data['status'] === "OK") {
[7m   [0m [91m          ~~~~[0m


Error: [96msrc/app/gold-shipment/gold-shipment.page.ts[0m:[93m283[0m:[93m45[0m - [91merror[0m[90m TS7053: [0mElement implicitly has an 'any' type because expression of type '"message"' can't be used to index type 'Object'.
  Property 'message' does not exist on type 'Object'.

[7m283[0m         await this.showErrorAlert(new Error(data['message'] || 'Upload failed'), 'upload image');
[7m   [0m [91m                                            ~~~~~~~~~~~~~~~[0m


Error: [96msrc/app/gold-shipment/gold-shipment.page.ts[0m:[93m283[0m:[93m45[0m - [91merror[0m[90m TS18048: [0m'data' is possibly 'undefined'.

[7m283[0m         await this.showErrorAlert(new Error(data['message'] || 'Upload failed'), 'upload image');
[7m   [0m [91m                                            ~~~~[0m


Error: [96msrc/app/gold-shipment/gold-shipment.page.ts[0m:[93m317[0m:[93m11[0m - [91merror[0m[90m TS7053: [0mElement implicitly has an 'any' type because expression of type '"status"' can't be used to index type 'Object'.
  Property 'status' does not exist on type 'Object'.

[7m317[0m       if (data['status'] === "OK") {
[7m   [0m [91m          ~~~~~~~~~~~~~~[0m


Error: [96msrc/app/gold-shipment/gold-shipment.page.ts[0m:[93m317[0m:[93m11[0m - [91merror[0m[90m TS18048: [0m'data' is possibly 'undefined'.

[7m317[0m       if (data['status'] === "OK") {
[7m   [0m [91m          ~~~~[0m


Error: [96msrc/app/gold-shipment/gold-shipment.page.ts[0m:[93m320[0m:[93m45[0m - [91merror[0m[90m TS7053: [0mElement implicitly has an 'any' type because expression of type '"message"' can't be used to index type 'Object'.
  Property 'message' does not exist on type 'Object'.

[7m320[0m         await this.showErrorAlert(new Error(data['message'] || 'Upload failed'), 'upload multiple images');
[7m   [0m [91m                                            ~~~~~~~~~~~~~~~[0m


Error: [96msrc/app/gold-shipment/gold-shipment.page.ts[0m:[93m320[0m:[93m45[0m - [91merror[0m[90m TS18048: [0m'data' is possibly 'undefined'.

[7m320[0m         await this.showErrorAlert(new Error(data['message'] || 'Upload failed'), 'upload multiple images');
[7m   [0m [91m                                            ~~~~[0m


Error: [96msrc/app/gold-shipment/gold-shipment.page.ts[0m:[93m344[0m:[93m41[0m - [91merror[0m[90m TS7006: [0mParameter 'a' implicitly has an 'any' type.

[7m344[0m           this.detailList.sort(function(a, b) {
[7m   [0m [91m                                        ~[0m


Error: [96msrc/app/gold-shipment/gold-shipment.page.ts[0m:[93m344[0m:[93m44[0m - [91merror[0m[90m TS7006: [0mParameter 'b' implicitly has an 'any' type.

[7m344[0m           this.detailList.sort(function(a, b) {
[7m   [0m [91m                                           ~[0m


Error: [96msrc/app/gold-shipment/gold-shipment.page.ts[0m:[93m388[0m:[93m18[0m - [91merror[0m[90m TS7006: [0mParameter 'imgInfo' implicitly has an 'any' type.

[7m388[0m   apiUploadImage(imgInfo, photoType) {
[7m   [0m [91m                 ~~~~~~~[0m


Error: [96msrc/app/gold-shipment/gold-shipment.page.ts[0m:[93m388[0m:[93m27[0m - [91merror[0m[90m TS7006: [0mParameter 'photoType' implicitly has an 'any' type.

[7m388[0m   apiUploadImage(imgInfo, photoType) {
[7m   [0m [91m                          ~~~~~~~~~[0m


Error: [96msrc/app/gold-shipment/gold-shipment.page.ts[0m:[93m396[0m:[93m7[0m - [91merror[0m[90m TS7053: [0mElement implicitly has an 'any' type because expression of type 'any' can't be used to index type '{ lowPurityPhoto: boolean; purity916Photo: boolean; highPurityPhoto: boolean; goldBeadPhoto: boolean; totalMixPhoto: boolean; barPhoto: boolean; samplePhoto: boolean; sampleReturnPhoto: boolean; purityPhoto: boolean; outStockPhoto: boolean; balancePhoto: boolean; }'.

[7m396[0m       this.isLoading[photoType] = false;
[7m   [0m [91m      ~~~~~~~~~~~~~~~~~~~~~~~~~[0m


Error: [96msrc/app/gold-shipment/gold-shipment.page.ts[0m:[93m397[0m:[93m11[0m - [91merror[0m[90m TS7053: [0mElement implicitly has an 'any' type because expression of type '"status"' can't be used to index type 'Object'.
  Property 'status' does not exist on type 'Object'.

[7m397[0m       if (data['status'] == "OK") {
[7m   [0m [91m          ~~~~~~~~~~~~~~[0m


Error: [96msrc/app/gold-shipment/gold-shipment.page.ts[0m:[93m398[0m:[93m9[0m - [91merror[0m[90m TS7053: [0mElement implicitly has an 'any' type because expression of type 'any' can't be used to index type 'GoldShipmentPage'.

[7m398[0m         this[photoType].push(data['result']['img_path']);
[7m   [0m [91m        ~~~~~~~~~~~~~~~[0m


Error: [96msrc/app/gold-shipment/gold-shipment.page.ts[0m:[93m398[0m:[93m30[0m - [91merror[0m[90m TS7053: [0mElement implicitly has an 'any' type because expression of type '"result"' can't be used to index type 'Object'.
  Property 'result' does not exist on type 'Object'.

[7m398[0m         this[photoType].push(data['result']['img_path']);
[7m   [0m [91m                             ~~~~~~~~~~~~~~[0m


Error: [96msrc/app/gold-shipment/gold-shipment.page.ts[0m:[93m404[0m:[93m7[0m - [91merror[0m[90m TS7053: [0mElement implicitly has an 'any' type because expression of type 'any' can't be used to index type '{ lowPurityPhoto: boolean; purity916Photo: boolean; highPurityPhoto: boolean; goldBeadPhoto: boolean; totalMixPhoto: boolean; barPhoto: boolean; samplePhoto: boolean; sampleReturnPhoto: boolean; purityPhoto: boolean; outStockPhoto: boolean; balancePhoto: boolean; }'.

[7m404[0m       this.isLoading[photoType] = false;
[7m   [0m [91m      ~~~~~~~~~~~~~~~~~~~~~~~~~[0m


Error: [96msrc/app/gold-shipment/gold-shipment.page.ts[0m:[93m409[0m:[93m14[0m - [91merror[0m[90m TS7006: [0mParameter 'img_path' implicitly has an 'any' type.

[7m409[0m   delete_img(img_path) {
[7m   [0m [91m             ~~~~~~~~[0m


Error: [96msrc/app/gold-shipment/gold-shipment.page.ts[0m:[93m444[0m:[93m5[0m - [91merror[0m[90m TS7053: [0mElement implicitly has an 'any' type because expression of type 'string' can't be used to index type 'GoldShipmentPage'.
  No index signature with a parameter of type 'string' was found on type 'GoldShipmentPage'.

[7m444[0m     this[photoType] = null;
[7m   [0m [91m    ~~~~~~~~~~~~~~~[0m


Error: [96msrc/app/gold-shipment/gold-shipment.page.ts[0m:[93m469[0m:[93m30[0m - [91merror[0m[90m TS7053: [0mElement implicitly has an 'any' type because expression of type '"result"' can't be used to index type 'Object'.
  Property 'result' does not exist on type 'Object'.

[7m469[0m         if(this.type == 2 && response['result']['factory_code']){
[7m   [0m [91m                             ~~~~~~~~~~~~~~~~~~[0m


Error: [96msrc/app/gold-shipment/gold-shipment.page.ts[0m:[93m472[0m:[93m55[0m - [91merror[0m[90m TS7053: [0mElement implicitly has an 'any' type because expression of type '"result"' can't be used to index type 'Object'.
  Property 'result' does not exist on type 'Object'.

[7m472[0m             message: 'You have successfully created '+response['result']['factory_code'] + ' MJO!',
[7m   [0m [91m                                                      ~~~~~~~~~~~~~~~~~~[0m


Error: [96msrc/app/gold-shipment/gold-shipment.page.ts[0m:[93m503[0m:[93m29[0m - [91merror[0m[90m TS7006: [0mParameter 'item' implicitly has an 'any' type.

[7m503[0m     this.detailList.forEach(item => {
[7m   [0m [91m                            ~~~~[0m


Error: [96msrc/app/gold-shipment/gold-shipment.page.ts[0m:[93m599[0m:[93m11[0m - [91merror[0m[90m TS7053: [0mElement implicitly has an 'any' type because expression of type '"status"' can't be used to index type 'Object'.
  Property 'status' does not exist on type 'Object'.

[7m599[0m       if (response['status'] === "OK") {
[7m   [0m [91m          ~~~~~~~~~~~~~~~~~~[0m


Error: [96msrc/app/gold-shipment/gold-shipment.page.ts[0m:[93m599[0m:[93m11[0m - [91merror[0m[90m TS18048: [0m'response' is possibly 'undefined'.

[7m599[0m       if (response['status'] === "OK") {
[7m   [0m [91m          ~~~~~~~~[0m


Error: [96msrc/app/gold-shipment/gold-shipment.page.ts[0m:[93m601[0m:[93m25[0m - [91merror[0m[90m TS7053: [0mElement implicitly has an 'any' type because expression of type '"result"' can't be used to index type 'Object'.
  Property 'result' does not exist on type 'Object'.

[7m601[0m         item.image.push(response['result'].img_path);
[7m   [0m [91m                        ~~~~~~~~~~~~~~~~~~[0m


Error: [96msrc/app/gold-shipment/gold-shipment.page.ts[0m:[93m601[0m:[93m25[0m - [91merror[0m[90m TS18048: [0m'response' is possibly 'undefined'.

[7m601[0m         item.image.push(response['result'].img_path);
[7m   [0m [91m                        ~~~~~~~~[0m


Error: [96msrc/app/gold-shipment/gold-shipment.page.ts[0m:[93m603[0m:[93m45[0m - [91merror[0m[90m TS7053: [0mElement implicitly has an 'any' type because expression of type '"message"' can't be used to index type 'Object'.
  Property 'message' does not exist on type 'Object'.

[7m603[0m         await this.showErrorAlert(new Error(response['message'] || 'Upload failed'), 'upload image for item');
[7m   [0m [91m                                            ~~~~~~~~~~~~~~~~~~~[0m


Error: [96msrc/app/gold-shipment/gold-shipment.page.ts[0m:[93m603[0m:[93m45[0m - [91merror[0m[90m TS18048: [0m'response' is possibly 'undefined'.

[7m603[0m         await this.showErrorAlert(new Error(response['message'] || 'Upload failed'), 'upload image for item');
[7m   [0m [91m                                            ~~~~~~~~[0m


Error: [96msrc/app/grn-by-task/grn-by-task.page.ts[0m:[93m25[0m:[93m8[0m - [91merror[0m[90m TS1259: [0mModule '"/Applications/XAMPP/xamppfiles/htdocs/PWRIDER-CAP/node_modules/@types/big.js/index"' can only be default-imported using the 'allowSyntheticDefaultImports' flag

[7m25[0m import Big from 'big.js';
[7m  [0m [91m       ~~~[0m

  [96mnode_modules/@types/big.js/index.d.ts[0m:[93m352[0m:[93m1[0m
    [7m352[0m export = Big;
    [7m   [0m [96m~~~~~~~~~~~~~[0m
    This module is declared with 'export =', and can only be used with a default import when using the 'allowSyntheticDefaultImports' flag.


Error: [96msrc/app/grn-by-task/grn-by-task.page.ts[0m:[93m34[0m:[93m34[0m - [91merror[0m[90m TS2564: [0mProperty 'takeAndGoCheckbox' has no initializer and is not definitely assigned in the constructor.

[7m34[0m  @ViewChild('takeAndGoCheckbox') takeAndGoCheckbox: IonCheckbox;
[7m  [0m [91m                                 ~~~~~~~~~~~~~~~~~[0m


Error: [96msrc/app/grn-by-task/grn-by-task.page.ts[0m:[93m35[0m:[93m34[0m - [91merror[0m[90m TS2564: [0mProperty 'normalGRNCheckbox' has no initializer and is not definitely assigned in the constructor.

[7m35[0m  @ViewChild('normalGRNCheckbox') normalGRNCheckbox: IonCheckbox;
[7m  [0m [91m                                 ~~~~~~~~~~~~~~~~~[0m


Error: [96msrc/app/grn-by-task/grn-by-task.page.ts[0m:[93m70[0m:[93m2[0m - [91merror[0m[90m TS2564: [0mProperty 'itemList' has no initializer and is not definitely assigned in the constructor.

[7m70[0m  itemList: [];
[7m  [0m [91m ~~~~~~~~[0m


Error: [96msrc/app/grn-by-task/grn-by-task.page.ts[0m:[93m86[0m:[93m2[0m - [91merror[0m[90m TS2564: [0mProperty 'warehouseList' has no initializer and is not definitely assigned in the constructor.

[7m86[0m  warehouseList: [];
[7m  [0m [91m ~~~~~~~~~~~~~[0m


Error: [96msrc/app/grn-by-task/grn-by-task.page.ts[0m:[93m102[0m:[93m2[0m - [91merror[0m[90m TS2564: [0mProperty 'customer_balance_XAU' has no initializer and is not definitely assigned in the constructor.

[7m102[0m  customer_balance_XAU: 0;
[7m   [0m [91m ~~~~~~~~~~~~~~~~~~~~[0m


Error: [96msrc/app/grn-by-task/grn-by-task.page.ts[0m:[93m119[0m:[93m2[0m - [91merror[0m[90m TS2564: [0mProperty 'imageUrl_tng' has no initializer and is not definitely assigned in the constructor.

[7m119[0m  imageUrl_tng: '';
[7m   [0m [91m ~~~~~~~~~~~~[0m


Error: [96msrc/app/grn-by-task/grn-by-task.page.ts[0m:[93m217[0m:[93m30[0m - [91merror[0m[90m TS2345: [0mArgument of type 'string | null' is not assignable to parameter of type 'string'.
  Type 'null' is not assignable to type 'string'.

[7m217[0m     const draft = JSON.parse(localStorage.getItem(`grnDraft_${this.task_id}`));
[7m   [0m [91m                             ~~~~~~~~~~~~~~~~~~~~~~~~~~~~~~~~~~~~~~~~~~~~~~~~[0m


Error: [96msrc/app/grn-by-task/grn-by-task.page.ts[0m:[93m260[0m:[93m43[0m - [91merror[0m[90m TS7015: [0mElement implicitly has an 'any' type because index expression is not of type 'number'.

[7m260[0m      this.customer_id = this.customerList['customer_id'];
[7m   [0m [91m                                          ~~~~~~~~~~~~~[0m


Error: [96msrc/app/grn-by-task/grn-by-task.page.ts[0m:[93m261[0m:[93m50[0m - [91merror[0m[90m TS7015: [0mElement implicitly has an 'any' type because index expression is not of type 'number'.

[7m261[0m           this.customer_name = this.customerList['name'];
[7m   [0m [91m                                                 ~~~~~~[0m


Error: [96msrc/app/grn-by-task/grn-by-task.page.ts[0m:[93m265[0m:[93m70[0m - [91merror[0m[90m TS7015: [0mElement implicitly has an 'any' type because index expression is not of type 'number'.

[7m265[0m             this.thisRoundShouldCollectXAUAmount = this.customerList['total_XAU'];
[7m   [0m [91m                                                                     ~~~~~~~~~~~[0m


Error: [96msrc/app/grn-by-task/grn-by-task.page.ts[0m:[93m355[0m:[93m25[0m - [91merror[0m[90m TS2339: [0mProperty 'MultipleImageUrl' does not exist on type 'never'.

[7m355[0m         this.grnList[i].MultipleImageUrl = [];
[7m   [0m [91m                        ~~~~~~~~~~~~~~~~[0m


Error: [96msrc/app/grn-by-task/grn-by-task.page.ts[0m:[93m362[0m:[93m22[0m - [91merror[0m[90m TS7006: [0mParameter 'itemList' implicitly has an 'any' type.

[7m362[0m  append_item_to_list(itemList) {
[7m   [0m [91m                     ~~~~~~~~[0m


Error: [96msrc/app/grn-by-task/grn-by-task.page.ts[0m:[93m396[0m:[93m23[0m - [91merror[0m[90m TS2345: [0mArgument of type '{ item_type: any; item_code: any; gram: number; gold_name: any; gold_pure_id: any; gold_pure_percent: any; XAU_amount: any; barcode: any; pw_barcode: any; purchase_order_id: any; related_po_id: any; is_multiple_image: number; imageUrl: string; MultipleImageUrl: never[]; warehouse_id: string; }' is not assignable to parameter of type 'never'.

[7m396[0m     this.grnList.push(tmp);
[7m   [0m [91m                      ~~~[0m


Error: [96msrc/app/grn-by-task/grn-by-task.page.ts[0m:[93m413[0m:[93m54[0m - [91merror[0m[90m TS2339: [0mProperty 'item_type_id' does not exist on type 'never'.

[7m413[0m      item_type: String(this.customerBItemTypeList[0].item_type_id),
[7m   [0m [91m                                                     ~~~~~~~~~~~~[0m


Error: [96msrc/app/grn-by-task/grn-by-task.page.ts[0m:[93m431[0m:[93m23[0m - [91merror[0m[90m TS2345: [0mArgument of type '{ item_type: string; item_code: never; gram: number; gold_name: never; gold_pure_percent: never; XAU_amount: never; purchase_order_id: any; related_po_id: never; is_multiple_image: number; imageUrl: string; MultipleImageUrl: never[]; warehouse_id: string; }' is not assignable to parameter of type 'never'.

[7m431[0m     this.grnList.push(tmp);
[7m   [0m [91m                      ~~~[0m


Error: [96msrc/app/grn-by-task/grn-by-task.page.ts[0m:[93m443[0m:[93m52[0m - [91merror[0m[90m TS2339: [0mProperty 'item_type_id' does not exist on type 'never'.

[7m443[0m    item_type: String(this.customerBItemTypeList[0].item_type_id),
[7m   [0m [91m                                                   ~~~~~~~~~~~~[0m


Error: [96msrc/app/grn-by-task/grn-by-task.page.ts[0m:[93m461[0m:[93m21[0m - [91merror[0m[90m TS2345: [0mArgument of type '{ item_type: string; item_code: string; gram: number; gold_name: string; gold_pure_percent: string; XAU_amount: number; purchase_order_id: number; related_po_id: null; is_multiple_image: number; imageUrl: string; MultipleImageUrl: never[]; warehouse_id: string; }' is not assignable to parameter of type 'never'.

[7m461[0m   this.grnList.push(tmp);
[7m   [0m [91m                    ~~~[0m


Error: [96msrc/app/grn-by-task/grn-by-task.page.ts[0m:[93m466[0m:[93m19[0m - [91merror[0m[90m TS7006: [0mParameter 'id' implicitly has an 'any' type.

[7m466[0m  async removeList(id) {
[7m   [0m [91m                  ~~[0m


Error: [96msrc/app/grn-by-task/grn-by-task.page.ts[0m:[93m493[0m:[93m20[0m - [91merror[0m[90m TS7006: [0mParameter 'item' implicitly has an 'any' type.

[7m493[0m  async view_detail(item) {
[7m   [0m [91m                   ~~~~[0m


Error: [96msrc/app/grn-by-task/grn-by-task.page.ts[0m:[93m523[0m:[93m14[0m - [91merror[0m[90m TS7006: [0mParameter 'num' implicitly has an 'any' type.

[7m523[0m  no_round_up(num, rounded) {
[7m   [0m [91m             ~~~[0m


Error: [96msrc/app/grn-by-task/grn-by-task.page.ts[0m:[93m523[0m:[93m19[0m - [91merror[0m[90m TS7006: [0mParameter 'rounded' implicitly has an 'any' type.

[7m523[0m  no_round_up(num, rounded) {
[7m   [0m [91m                  ~~~~~~~[0m


Error: [96msrc/app/grn-by-task/grn-by-task.page.ts[0m:[93m551[0m:[93m38[0m - [91merror[0m[90m TS2339: [0mProperty 'gram' does not exist on type 'never'.

[7m551[0m    tmp_total_gram += this.grnList[i].gram;
[7m   [0m [91m                                     ~~~~[0m


Error: [96msrc/app/grn-by-task/grn-by-task.page.ts[0m:[93m552[0m:[93m50[0m - [91merror[0m[90m TS2339: [0mProperty 'XAU_amount' does not exist on type 'never'.

[7m552[0m    tmp_XAU_amount += (parseFloat(this.grnList[i].XAU_amount));
[7m   [0m [91m                                                 ~~~~~~~~~~[0m


Error: [96msrc/app/grn-by-task/grn-by-task.page.ts[0m:[93m586[0m:[93m14[0m - [91merror[0m[90m TS2339: [0mProperty 'gold_pure_percent' does not exist on type 'never'.

[7m586[0m     return b.gold_pure_percent - a.gold_pure_percent;
[7m   [0m [91m             ~~~~~~~~~~~~~~~~~[0m


Error: [96msrc/app/grn-by-task/grn-by-task.page.ts[0m:[93m586[0m:[93m36[0m - [91merror[0m[90m TS2339: [0mProperty 'gold_pure_percent' does not exist on type 'never'.

[7m586[0m     return b.gold_pure_percent - a.gold_pure_percent;
[7m   [0m [91m                                   ~~~~~~~~~~~~~~~~~[0m


Error: [96msrc/app/grn-by-task/grn-by-task.page.ts[0m:[93m606[0m:[93m27[0m - [91merror[0m[90m TS2339: [0mProperty 'showImage' does not exist on type 'never'.

[7m606[0m    delete this.grnList[i].showImage;
[7m   [0m [91m                          ~~~~~~~~~[0m


Error: [96msrc/app/grn-by-task/grn-by-task.page.ts[0m:[93m634[0m:[93m4[0m - [91merror[0m[90m TS7053: [0mElement implicitly has an 'any' type because expression of type '"payment_data"' can't be used to index type '{ company_id: any; token: any; grnList: never[]; remark: any; customer_remark: any; rounding_xau: any; purchase_order_id: any; all_po_id: any; is_grn: boolean; is_tng: boolean; imageUrl_tng: ""; MultipleImageUrl_tng: any; ... 9 more ...; total_XAU: number; }'.
  Property 'payment_data' does not exist on type '{ company_id: any; token: any; grnList: never[]; remark: any; customer_remark: any; rounding_xau: any; purchase_order_id: any; all_po_id: any; is_grn: boolean; is_tng: boolean; imageUrl_tng: ""; MultipleImageUrl_tng: any; ... 9 more ...; total_XAU: number; }'.

[7m634[0m    tobeSubmit['payment_data'] = this.payment;
[7m   [0m [91m   ~~~~~~~~~~~~~~~~~~~~~~~~~~[0m


Error: [96msrc/app/grn-by-task/grn-by-task.page.ts[0m:[93m647[0m:[93m9[0m - [91merror[0m[90m TS7053: [0mElement implicitly has an 'any' type because expression of type '"is_verified_item_weight"' can't be used to index type '{ company_id: any; token: any; grnList: never[]; remark: any; customer_remark: any; rounding_xau: any; purchase_order_id: any; all_po_id: any; is_grn: boolean; is_tng: boolean; imageUrl_tng: ""; MultipleImageUrl_tng: any; ... 9 more ...; total_XAU: number; }'.
  Property 'is_verified_item_weight' does not exist on type '{ company_id: any; token: any; grnList: never[]; remark: any; customer_remark: any; rounding_xau: any; purchase_order_id: any; all_po_id: any; is_grn: boolean; is_tng: boolean; imageUrl_tng: ""; MultipleImageUrl_tng: any; ... 9 more ...; total_XAU: number; }'.

[7m647[0m         tobeSubmit['is_verified_item_weight'] = 0;
[7m   [0m [91m        ~~~~~~~~~~~~~~~~~~~~~~~~~~~~~~~~~~~~~[0m


Error: [96msrc/app/grn-by-task/grn-by-task.page.ts[0m:[93m655[0m:[93m9[0m - [91merror[0m[90m TS7053: [0mElement implicitly has an 'any' type because expression of type '"is_verified_item_weight"' can't be used to index type '{ company_id: any; token: any; grnList: never[]; remark: any; customer_remark: any; rounding_xau: any; purchase_order_id: any; all_po_id: any; is_grn: boolean; is_tng: boolean; imageUrl_tng: ""; MultipleImageUrl_tng: any; ... 9 more ...; total_XAU: number; }'.
  Property 'is_verified_item_weight' does not exist on type '{ company_id: any; token: any; grnList: never[]; remark: any; customer_remark: any; rounding_xau: any; purchase_order_id: any; all_po_id: any; is_grn: boolean; is_tng: boolean; imageUrl_tng: ""; MultipleImageUrl_tng: any; ... 9 more ...; total_XAU: number; }'.

[7m655[0m         tobeSubmit['is_verified_item_weight'] = 1;
[7m   [0m [91m        ~~~~~~~~~~~~~~~~~~~~~~~~~~~~~~~~~~~~~[0m


Error: [96msrc/app/grn-by-task/grn-by-task.page.ts[0m:[93m666[0m:[93m5[0m - [91merror[0m[90m TS7053: [0mElement implicitly has an 'any' type because expression of type '"is_verified_item_weight"' can't be used to index type '{ company_id: any; token: any; grnList: never[]; remark: any; customer_remark: any; rounding_xau: any; purchase_order_id: any; all_po_id: any; is_grn: boolean; is_tng: boolean; imageUrl_tng: ""; MultipleImageUrl_tng: any; ... 9 more ...; total_XAU: number; }'.
  Property 'is_verified_item_weight' does not exist on type '{ company_id: any; token: any; grnList: never[]; remark: any; customer_remark: any; rounding_xau: any; purchase_order_id: any; all_po_id: any; is_grn: boolean; is_tng: boolean; imageUrl_tng: ""; MultipleImageUrl_tng: any; ... 9 more ...; total_XAU: number; }'.

[7m666[0m     tobeSubmit['is_verified_item_weight'] = 0;
[7m   [0m [91m    ~~~~~~~~~~~~~~~~~~~~~~~~~~~~~~~~~~~~~[0m


Error: [96msrc/app/grn-by-task/grn-by-task.page.ts[0m:[93m680[0m:[93m11[0m - [91merror[0m[90m TS7006: [0mParameter 'tobeSubmit' implicitly has an 'any' type.

[7m680[0m  postData(tobeSubmit) {
[7m   [0m [91m          ~~~~~~~~~~[0m


Error: [96msrc/app/grn-by-task/grn-by-task.page.ts[0m:[93m714[0m:[93m24[0m - [91merror[0m[90m TS7006: [0mParameter 'index' implicitly has an 'any' type.

[7m714[0m  async openActionSheet(index) {
[7m   [0m [91m                       ~~~~~[0m


Error: [96msrc/app/grn-by-task/grn-by-task.page.ts[0m:[93m778[0m:[93m72[0m - [91merror[0m[90m TS18046: [0m'error' is of type 'unknown'.

[7m778[0m    await this.presentErrorAlert('Error', 'Failed to capture photo: ' + error.message);
[7m   [0m [91m                                                                       ~~~~~[0m


Error: [96msrc/app/grn-by-task/grn-by-task.page.ts[0m:[93m828[0m:[93m19[0m - [91merror[0m[90m TS18047: [0m'input.files' is possibly 'null'.

[7m828[0m      const file = input.files[0];
[7m   [0m [91m                  ~~~~~~~~~~~[0m


Error: [96msrc/app/grn-by-task/grn-by-task.page.ts[0m:[93m918[0m:[93m8[0m - [91merror[0m[90m TS7053: [0mElement implicitly has an 'any' type because expression of type '"status"' can't be used to index type 'Object'.
  Property 'status' does not exist on type 'Object'.

[7m918[0m    if (data['status'] === "OK") {
[7m   [0m [91m       ~~~~~~~~~~~~~~[0m


Error: [96msrc/app/grn-by-task/grn-by-task.page.ts[0m:[93m918[0m:[93m8[0m - [91merror[0m[90m TS18048: [0m'data' is possibly 'undefined'.

[7m918[0m    if (data['status'] === "OK") {
[7m   [0m [91m       ~~~~[0m


Error: [96msrc/app/grn-by-task/grn-by-task.page.ts[0m:[93m919[0m:[93m33[0m - [91merror[0m[90m TS2339: [0mProperty 'is_multiple_image' does not exist on type 'never'.

[7m919[0m     this.grnList[this.grnIndex].is_multiple_image = 1;
[7m   [0m [91m                                ~~~~~~~~~~~~~~~~~[0m


Error: [96msrc/app/grn-by-task/grn-by-task.page.ts[0m:[93m920[0m:[93m33[0m - [91merror[0m[90m TS2339: [0mProperty 'MultipleImageUrl' does not exist on type 'never'.

[7m920[0m     this.grnList[this.grnIndex].MultipleImageUrl.push(data['result']['img_path']);
[7m   [0m [91m                                ~~~~~~~~~~~~~~~~[0m


Error: [96msrc/app/grn-by-task/grn-by-task.page.ts[0m:[93m920[0m:[93m55[0m - [91merror[0m[90m TS7053: [0mElement implicitly has an 'any' type because expression of type '"result"' can't be used to index type 'Object'.
  Property 'result' does not exist on type 'Object'.

[7m920[0m     this.grnList[this.grnIndex].MultipleImageUrl.push(data['result']['img_path']);
[7m   [0m [91m                                                      ~~~~~~~~~~~~~~[0m


Error: [96msrc/app/grn-by-task/grn-by-task.page.ts[0m:[93m920[0m:[93m55[0m - [91merror[0m[90m TS18048: [0m'data' is possibly 'undefined'.

[7m920[0m     this.grnList[this.grnIndex].MultipleImageUrl.push(data['result']['img_path']);
[7m   [0m [91m                                                      ~~~~[0m


Error: [96msrc/app/grn-by-task/grn-by-task.page.ts[0m:[93m927[0m:[93m21[0m - [91merror[0m[90m TS7053: [0mElement implicitly has an 'any' type because expression of type '"message"' can't be used to index type 'Object'.
  Property 'message' does not exist on type 'Object'.

[7m927[0m     throw new Error(data['message'] || 'Upload failed');
[7m   [0m [91m                    ~~~~~~~~~~~~~~~[0m


Error: [96msrc/app/grn-by-task/grn-by-task.page.ts[0m:[93m927[0m:[93m21[0m - [91merror[0m[90m TS18048: [0m'data' is possibly 'undefined'.

[7m927[0m     throw new Error(data['message'] || 'Upload failed');
[7m   [0m [91m                    ~~~~[0m


Error: [96msrc/app/grn-by-task/grn-by-task.page.ts[0m:[93m963[0m:[93m8[0m - [91merror[0m[90m TS7053: [0mElement implicitly has an 'any' type because expression of type '"status"' can't be used to index type 'Object'.
  Property 'status' does not exist on type 'Object'.

[7m963[0m    if (data['status'] === "OK") {
[7m   [0m [91m       ~~~~~~~~~~~~~~[0m


Error: [96msrc/app/grn-by-task/grn-by-task.page.ts[0m:[93m963[0m:[93m8[0m - [91merror[0m[90m TS18048: [0m'data' is possibly 'undefined'.

[7m963[0m    if (data['status'] === "OK") {
[7m   [0m [91m       ~~~~[0m


Error: [96msrc/app/grn-by-task/grn-by-task.page.ts[0m:[93m964[0m:[93m33[0m - [91merror[0m[90m TS2339: [0mProperty 'is_multiple_image' does not exist on type 'never'.

[7m964[0m     this.grnList[this.grnIndex].is_multiple_image = 1;
[7m   [0m [91m                                ~~~~~~~~~~~~~~~~~[0m


Error: [96msrc/app/grn-by-task/grn-by-task.page.ts[0m:[93m965[0m:[93m33[0m - [91merror[0m[90m TS2339: [0mProperty 'MultipleImageUrl' does not exist on type 'never'.

[7m965[0m     this.grnList[this.grnIndex].MultipleImageUrl = this.grnList[this.grnIndex].MultipleImageUrl.concat(JSON.parse(data['result']['img_path']));
[7m   [0m [91m                                ~~~~~~~~~~~~~~~~[0m


Error: [96msrc/app/grn-by-task/grn-by-task.page.ts[0m:[93m965[0m:[93m80[0m - [91merror[0m[90m TS2339: [0mProperty 'MultipleImageUrl' does not exist on type 'never'.

[7m965[0m     this.grnList[this.grnIndex].MultipleImageUrl = this.grnList[this.grnIndex].MultipleImageUrl.concat(JSON.parse(data['result']['img_path']));
[7m   [0m [91m                                                                               ~~~~~~~~~~~~~~~~[0m


Error: [96msrc/app/grn-by-task/grn-by-task.page.ts[0m:[93m965[0m:[93m115[0m - [91merror[0m[90m TS7053: [0mElement implicitly has an 'any' type because expression of type '"result"' can't be used to index type 'Object'.
  Property 'result' does not exist on type 'Object'.

[7m965[0m     this.grnList[this.grnIndex].MultipleImageUrl = this.grnList[this.grnIndex].MultipleImageUrl.concat(JSON.parse(data['result']['img_path']));
[7m   [0m [91m                                                                                                                  ~~~~~~~~~~~~~~[0m


Error: [96msrc/app/grn-by-task/grn-by-task.page.ts[0m:[93m965[0m:[93m115[0m - [91merror[0m[90m TS18048: [0m'data' is possibly 'undefined'.

[7m965[0m     this.grnList[this.grnIndex].MultipleImageUrl = this.grnList[this.grnIndex].MultipleImageUrl.concat(JSON.parse(data['result']['img_path']));
[7m   [0m [91m                                                                                                                  ~~~~[0m


Error: [96msrc/app/grn-by-task/grn-by-task.page.ts[0m:[93m969[0m:[93m21[0m - [91merror[0m[90m TS7053: [0mElement implicitly has an 'any' type because expression of type '"message"' can't be used to index type 'Object'.
  Property 'message' does not exist on type 'Object'.

[7m969[0m     throw new Error(data['message'] || 'Upload failed');
[7m   [0m [91m                    ~~~~~~~~~~~~~~~[0m


Error: [96msrc/app/grn-by-task/grn-by-task.page.ts[0m:[93m969[0m:[93m21[0m - [91merror[0m[90m TS18048: [0m'data' is possibly 'undefined'.

[7m969[0m     throw new Error(data['message'] || 'Upload failed');
[7m   [0m [91m                    ~~~~[0m


Error: [96msrc/app/grn-by-task/grn-by-task.page.ts[0m:[93m978[0m:[93m28[0m - [91merror[0m[90m TS7006: [0mParameter 'type' implicitly has an 'any' type.

[7m978[0m  async openActionSheet_tng(type) {
[7m   [0m [91m                           ~~~~[0m


Error: [96msrc/app/grn-by-task/grn-by-task.page.ts[0m:[93m1042[0m:[93m72[0m - [91merror[0m[90m TS18046: [0m'error' is of type 'unknown'.

[7m1042[0m    await this.presentErrorAlert('Error', 'Failed to capture photo: ' + error.message);
[7m    [0m [91m                                                                       ~~~~~[0m


Error: [96msrc/app/grn-by-task/grn-by-task.page.ts[0m:[93m1092[0m:[93m19[0m - [91merror[0m[90m TS18047: [0m'input.files' is possibly 'null'.

[7m1092[0m      const file = input.files[0];
[7m    [0m [91m                  ~~~~~~~~~~~[0m


Error: [96msrc/app/grn-by-task/grn-by-task.page.ts[0m:[93m1140[0m:[93m8[0m - [91merror[0m[90m TS7053: [0mElement implicitly has an 'any' type because expression of type '"status"' can't be used to index type 'Object'.
  Property 'status' does not exist on type 'Object'.

[7m1140[0m    if (data['status'] === "OK") {
[7m    [0m [91m       ~~~~~~~~~~~~~~[0m


Error: [96msrc/app/grn-by-task/grn-by-task.page.ts[0m:[93m1140[0m:[93m8[0m - [91merror[0m[90m TS18048: [0m'data' is possibly 'undefined'.

[7m1140[0m    if (data['status'] === "OK") {
[7m    [0m [91m       ~~~~[0m


Error: [96msrc/app/grn-by-task/grn-by-task.page.ts[0m:[93m1145[0m:[93m37[0m - [91merror[0m[90m TS7053: [0mElement implicitly has an 'any' type because expression of type '"result"' can't be used to index type 'Object'.
  Property 'result' does not exist on type 'Object'.

[7m1145[0m      this.MultipleImageUrl_tng.push(data['result']['img_path']);
[7m    [0m [91m                                    ~~~~~~~~~~~~~~[0m


Error: [96msrc/app/grn-by-task/grn-by-task.page.ts[0m:[93m1145[0m:[93m37[0m - [91merror[0m[90m TS18048: [0m'data' is possibly 'undefined'.

[7m1145[0m      this.MultipleImageUrl_tng.push(data['result']['img_path']);
[7m    [0m [91m                                    ~~~~[0m


Error: [96msrc/app/grn-by-task/grn-by-task.page.ts[0m:[93m1147[0m:[93m36[0m - [91merror[0m[90m TS7053: [0mElement implicitly has an 'any' type because expression of type '"result"' can't be used to index type 'Object'.
  Property 'result' does not exist on type 'Object'.

[7m1147[0m      this.MultipleImageUrl_DO.push(data['result']['img_path']);
[7m    [0m [91m                                   ~~~~~~~~~~~~~~[0m


Error: [96msrc/app/grn-by-task/grn-by-task.page.ts[0m:[93m1147[0m:[93m36[0m - [91merror[0m[90m TS18048: [0m'data' is possibly 'undefined'.

[7m1147[0m      this.MultipleImageUrl_DO.push(data['result']['img_path']);
[7m    [0m [91m                                   ~~~~[0m


Error: [96msrc/app/grn-by-task/grn-by-task.page.ts[0m:[93m1149[0m:[93m27[0m - [91merror[0m[90m TS7053: [0mElement implicitly has an 'any' type because expression of type '"result"' can't be used to index type 'Object'.
  Property 'result' does not exist on type 'Object'.

[7m1149[0m      this.payment.image = data['result']['img_path'];
[7m    [0m [91m                          ~~~~~~~~~~~~~~[0m


Error: [96msrc/app/grn-by-task/grn-by-task.page.ts[0m:[93m1149[0m:[93m27[0m - [91merror[0m[90m TS18048: [0m'data' is possibly 'undefined'.

[7m1149[0m      this.payment.image = data['result']['img_path'];
[7m    [0m [91m                          ~~~~[0m


Error: [96msrc/app/grn-by-task/grn-by-task.page.ts[0m:[93m1157[0m:[93m21[0m - [91merror[0m[90m TS7053: [0mElement implicitly has an 'any' type because expression of type '"message"' can't be used to index type 'Object'.
  Property 'message' does not exist on type 'Object'.

[7m1157[0m     throw new Error(data['message'] || 'Upload failed');
[7m    [0m [91m                    ~~~~~~~~~~~~~~~[0m


Error: [96msrc/app/grn-by-task/grn-by-task.page.ts[0m:[93m1157[0m:[93m21[0m - [91merror[0m[90m TS18048: [0m'data' is possibly 'undefined'.

[7m1157[0m     throw new Error(data['message'] || 'Upload failed');
[7m    [0m [91m                    ~~~~[0m


Error: [96msrc/app/grn-by-task/grn-by-task.page.ts[0m:[93m1195[0m:[93m8[0m - [91merror[0m[90m TS7053: [0mElement implicitly has an 'any' type because expression of type '"status"' can't be used to index type 'Object'.
  Property 'status' does not exist on type 'Object'.

[7m1195[0m    if (data['status'] === "OK") {
[7m    [0m [91m       ~~~~~~~~~~~~~~[0m


Error: [96msrc/app/grn-by-task/grn-by-task.page.ts[0m:[93m1195[0m:[93m8[0m - [91merror[0m[90m TS18048: [0m'data' is possibly 'undefined'.

[7m1195[0m    if (data['status'] === "OK") {
[7m    [0m [91m       ~~~~[0m


Error: [96msrc/app/grn-by-task/grn-by-task.page.ts[0m:[93m1200[0m:[93m78[0m - [91merror[0m[90m TS7053: [0mElement implicitly has an 'any' type because expression of type '"result"' can't be used to index type 'Object'.
  Property 'result' does not exist on type 'Object'.

[7m1200[0m      this.MultipleImageUrl_tng = this.MultipleImageUrl_tng.concat(JSON.parse(data['result']['img_path']));
[7m    [0m [91m                                                                             ~~~~~~~~~~~~~~[0m


Error: [96msrc/app/grn-by-task/grn-by-task.page.ts[0m:[93m1200[0m:[93m78[0m - [91merror[0m[90m TS18048: [0m'data' is possibly 'undefined'.

[7m1200[0m      this.MultipleImageUrl_tng = this.MultipleImageUrl_tng.concat(JSON.parse(data['result']['img_path']));
[7m    [0m [91m                                                                             ~~~~[0m


Error: [96msrc/app/grn-by-task/grn-by-task.page.ts[0m:[93m1202[0m:[93m76[0m - [91merror[0m[90m TS7053: [0mElement implicitly has an 'any' type because expression of type '"result"' can't be used to index type 'Object'.
  Property 'result' does not exist on type 'Object'.

[7m1202[0m      this.MultipleImageUrl_DO = this.MultipleImageUrl_DO.concat(JSON.parse(data['result']['img_path']));
[7m    [0m [91m                                                                           ~~~~~~~~~~~~~~[0m


Error: [96msrc/app/grn-by-task/grn-by-task.page.ts[0m:[93m1202[0m:[93m76[0m - [91merror[0m[90m TS18048: [0m'data' is possibly 'undefined'.

[7m1202[0m      this.MultipleImageUrl_DO = this.MultipleImageUrl_DO.concat(JSON.parse(data['result']['img_path']));
[7m    [0m [91m                                                                           ~~~~[0m


Error: [96msrc/app/grn-by-task/grn-by-task.page.ts[0m:[93m1207[0m:[93m21[0m - [91merror[0m[90m TS7053: [0mElement implicitly has an 'any' type because expression of type '"message"' can't be used to index type 'Object'.
  Property 'message' does not exist on type 'Object'.

[7m1207[0m     throw new Error(data['message'] || 'Upload failed');
[7m    [0m [91m                    ~~~~~~~~~~~~~~~[0m


Error: [96msrc/app/grn-by-task/grn-by-task.page.ts[0m:[93m1207[0m:[93m21[0m - [91merror[0m[90m TS18048: [0m'data' is possibly 'undefined'.

[7m1207[0m     throw new Error(data['message'] || 'Upload failed');
[7m    [0m [91m                    ~~~~[0m


Error: [96msrc/app/grn-by-task/grn-by-task.page.ts[0m:[93m1228[0m:[93m48[0m - [91merror[0m[90m TS2339: [0mProperty 'MultipleImageUrl' does not exist on type 'never'.

[7m1228[0m       const index = this.grnList[target_index].MultipleImageUrl.indexOf(img_path);
[7m    [0m [91m                                               ~~~~~~~~~~~~~~~~[0m


Error: [96msrc/app/grn-by-task/grn-by-task.page.ts[0m:[93m1230[0m:[93m35[0m - [91merror[0m[90m TS2339: [0mProperty 'MultipleImageUrl' does not exist on type 'never'.

[7m1230[0m        this.grnList[target_index].MultipleImageUrl.splice(index, 1);
[7m    [0m [91m                                  ~~~~~~~~~~~~~~~~[0m


Error: [96msrc/app/grn-by-task/grn-by-task.page.ts[0m:[93m1232[0m:[93m38[0m - [91merror[0m[90m TS2339: [0mProperty 'showImage' does not exist on type 'never'.

[7m1232[0m       if (this.grnList[target_index].showImage === img_path) {
[7m    [0m [91m                                     ~~~~~~~~~[0m


Error: [96msrc/app/grn-by-task/grn-by-task.page.ts[0m:[93m1233[0m:[93m35[0m - [91merror[0m[90m TS2339: [0mProperty 'showImage' does not exist on type 'never'.

[7m1233[0m        this.grnList[target_index].showImage = '';
[7m    [0m [91m                                  ~~~~~~~~~[0m


Error: [96msrc/app/grn-by-task/grn-by-task.page.ts[0m:[93m1237[0m:[93m17[0m - [91merror[0m[90m TS2339: [0mProperty 'MultipleImageUrl' does not exist on type 'never'.

[7m1237[0m        if (item.MultipleImageUrl.length > 0) {
[7m    [0m [91m                ~~~~~~~~~~~~~~~~[0m


Error: [96msrc/app/grn-by-task/grn-by-task.page.ts[0m:[93m1309[0m:[93m20[0m - [91merror[0m[90m TS7006: [0mParameter 'id' implicitly has an 'any' type.

[7m1309[0m  getWarehouseColor(id) {
[7m    [0m [91m                   ~~[0m


Error: [96msrc/app/grn/grn.page.ts[0m:[93m26[0m:[93m8[0m - [91merror[0m[90m TS1259: [0mModule '"/Applications/XAMPP/xamppfiles/htdocs/PWRIDER-CAP/node_modules/@types/big.js/index"' can only be default-imported using the 'allowSyntheticDefaultImports' flag

[7m26[0m import Big from 'big.js';
[7m  [0m [91m       ~~~[0m

  [96mnode_modules/@types/big.js/index.d.ts[0m:[93m352[0m:[93m1[0m
    [7m352[0m export = Big;
    [7m   [0m [96m~~~~~~~~~~~~~[0m
    This module is declared with 'export =', and can only be used with a default import when using the 'allowSyntheticDefaultImports' flag.


Error: [96msrc/app/grn/grn.page.ts[0m:[93m36[0m:[93m34[0m - [91merror[0m[90m TS2564: [0mProperty 'takeAndGoCheckbox' has no initializer and is not definitely assigned in the constructor.

[7m36[0m  @ViewChild('takeAndGoCheckbox') takeAndGoCheckbox: IonCheckbox;
[7m  [0m [91m                                 ~~~~~~~~~~~~~~~~~[0m


Error: [96msrc/app/grn/grn.page.ts[0m:[93m37[0m:[93m34[0m - [91merror[0m[90m TS2564: [0mProperty 'normalGRNCheckbox' has no initializer and is not definitely assigned in the constructor.

[7m37[0m  @ViewChild('normalGRNCheckbox') normalGRNCheckbox: IonCheckbox;
[7m  [0m [91m                                 ~~~~~~~~~~~~~~~~~[0m


Error: [96msrc/app/grn/grn.page.ts[0m:[93m72[0m:[93m2[0m - [91merror[0m[90m TS2564: [0mProperty 'itemList' has no initializer and is not definitely assigned in the constructor.

[7m72[0m  itemList: [];
[7m  [0m [91m ~~~~~~~~[0m


Error: [96msrc/app/grn/grn.page.ts[0m:[93m88[0m:[93m2[0m - [91merror[0m[90m TS2564: [0mProperty 'warehouseList' has no initializer and is not definitely assigned in the constructor.

[7m88[0m  warehouseList: [];
[7m  [0m [91m ~~~~~~~~~~~~~[0m


Error: [96msrc/app/grn/grn.page.ts[0m:[93m103[0m:[93m2[0m - [91merror[0m[90m TS2564: [0mProperty 'customer_balance_XAU' has no initializer and is not definitely assigned in the constructor.

[7m103[0m  customer_balance_XAU: 0;
[7m   [0m [91m ~~~~~~~~~~~~~~~~~~~~[0m


Error: [96msrc/app/grn/grn.page.ts[0m:[93m120[0m:[93m2[0m - [91merror[0m[90m TS2564: [0mProperty 'imageUrl_tng' has no initializer and is not definitely assigned in the constructor.

[7m120[0m  imageUrl_tng: '';
[7m   [0m [91m ~~~~~~~~~~~~[0m


Error: [96msrc/app/grn/grn.page.ts[0m:[93m182[0m:[93m34[0m - [91merror[0m[90m TS2345: [0mArgument of type 'string | null' is not assignable to parameter of type 'string'.
  Type 'null' is not assignable to type 'string'.

[7m182[0m     const draftData = JSON.parse(savedDraft);
[7m   [0m [91m                                 ~~~~~~~~~~[0m


Error: [96msrc/app/grn/grn.page.ts[0m:[93m255[0m:[93m43[0m - [91merror[0m[90m TS7015: [0mElement implicitly has an 'any' type because index expression is not of type 'number'.

[7m255[0m      this.customer_id = this.customerList['customer_id'];
[7m   [0m [91m                                          ~~~~~~~~~~~~~[0m


Error: [96msrc/app/grn/grn.page.ts[0m:[93m256[0m:[93m50[0m - [91merror[0m[90m TS7015: [0mElement implicitly has an 'any' type because index expression is not of type 'number'.

[7m256[0m           this.customer_name = this.customerList['name'];
[7m   [0m [91m                                                 ~~~~~~[0m


Error: [96msrc/app/grn/grn.page.ts[0m:[93m257[0m:[93m40[0m - [91merror[0m[90m TS2345: [0mArgument of type 'string | null' is not assignable to parameter of type 'string'.
  Type 'null' is not assignable to type 'string'.

[7m257[0m           const draftData = JSON.parse(localStorage.getItem(`orderJob`));
[7m   [0m [91m                                       ~~~~~~~~~~~~~~~~~~~~~~~~~~~~~~~~[0m


Error: [96msrc/app/grn/grn.page.ts[0m:[93m261[0m:[93m72[0m - [91merror[0m[90m TS7015: [0mElement implicitly has an 'any' type because index expression is not of type 'number'.

[7m261[0m               this.thisRoundShouldCollectXAUAmount = this.customerList['total_XAU'];
[7m   [0m [91m                                                                       ~~~~~~~~~~~[0m


Error: [96msrc/app/grn/grn.page.ts[0m:[93m277[0m:[93m70[0m - [91merror[0m[90m TS7015: [0mElement implicitly has an 'any' type because index expression is not of type 'number'.

[7m277[0m             this.thisRoundShouldCollectXAUAmount = this.customerList['total_XAU'];
[7m   [0m [91m                                                                     ~~~~~~~~~~~[0m


Error: [96msrc/app/grn/grn.page.ts[0m:[93m332[0m:[93m13[0m - [91merror[0m[90m TS2339: [0mProperty 'dismissLoading' does not exist on type 'AppComponent'.

[7m332[0m    this.App.dismissLoading();
[7m   [0m [91m            ~~~~~~~~~~~~~~[0m


Error: [96msrc/app/grn/grn.page.ts[0m:[93m362[0m:[93m25[0m - [91merror[0m[90m TS2339: [0mProperty 'MultipleImageUrl' does not exist on type 'never'.

[7m362[0m         this.grnList[i].MultipleImageUrl = [];
[7m   [0m [91m                        ~~~~~~~~~~~~~~~~[0m


Error: [96msrc/app/grn/grn.page.ts[0m:[93m369[0m:[93m22[0m - [91merror[0m[90m TS7006: [0mParameter 'itemList' implicitly has an 'any' type.

[7m369[0m  append_item_to_list(itemList) {
[7m   [0m [91m                     ~~~~~~~~[0m


Error: [96msrc/app/grn/grn.page.ts[0m:[93m403[0m:[93m23[0m - [91merror[0m[90m TS2345: [0mArgument of type '{ item_type: any; item_code: any; gram: number; gold_name: any; gold_pure_id: any; gold_pure_percent: any; XAU_amount: any; barcode: any; pw_barcode: any; purchase_order_id: any; related_po_id: any; is_multiple_image: number; imageUrl: string; MultipleImageUrl: never[]; warehouse_id: string; }' is not assignable to parameter of type 'never'.

[7m403[0m     this.grnList.push(tmp);
[7m   [0m [91m                      ~~~[0m


Error: [96msrc/app/grn/grn.page.ts[0m:[93m420[0m:[93m54[0m - [91merror[0m[90m TS2339: [0mProperty 'item_type_id' does not exist on type 'never'.

[7m420[0m      item_type: String(this.customerBItemTypeList[0].item_type_id),
[7m   [0m [91m                                                     ~~~~~~~~~~~~[0m


Error: [96msrc/app/grn/grn.page.ts[0m:[93m438[0m:[93m23[0m - [91merror[0m[90m TS2345: [0mArgument of type '{ item_type: string; item_code: never; gram: number; gold_name: never; gold_pure_percent: never; XAU_amount: never; purchase_order_id: string | null; related_po_id: never; is_multiple_image: number; imageUrl: string; MultipleImageUrl: never[]; warehouse_id: string; }' is not assignable to parameter of type 'never'.

[7m438[0m     this.grnList.push(tmp);
[7m   [0m [91m                      ~~~[0m


Error: [96msrc/app/grn/grn.page.ts[0m:[93m450[0m:[93m52[0m - [91merror[0m[90m TS2339: [0mProperty 'item_type_id' does not exist on type 'never'.

[7m450[0m    item_type: String(this.customerBItemTypeList[0].item_type_id),
[7m   [0m [91m                                                   ~~~~~~~~~~~~[0m


Error: [96msrc/app/grn/grn.page.ts[0m:[93m468[0m:[93m21[0m - [91merror[0m[90m TS2345: [0mArgument of type '{ item_type: string; item_code: string; gram: number; gold_name: string; gold_pure_percent: string; XAU_amount: number; purchase_order_id: number; related_po_id: null; is_multiple_image: number; imageUrl: string; MultipleImageUrl: never[]; warehouse_id: string; }' is not assignable to parameter of type 'never'.

[7m468[0m   this.grnList.push(tmp);
[7m   [0m [91m                    ~~~[0m


Error: [96msrc/app/grn/grn.page.ts[0m:[93m473[0m:[93m19[0m - [91merror[0m[90m TS7006: [0mParameter 'id' implicitly has an 'any' type.

[7m473[0m  async removeList(id) {
[7m   [0m [91m                  ~~[0m


Error: [96msrc/app/grn/grn.page.ts[0m:[93m500[0m:[93m20[0m - [91merror[0m[90m TS7006: [0mParameter 'item' implicitly has an 'any' type.

[7m500[0m  async view_detail(item) {
[7m   [0m [91m                   ~~~~[0m


Error: [96msrc/app/grn/grn.page.ts[0m:[93m529[0m:[93m14[0m - [91merror[0m[90m TS7006: [0mParameter 'num' implicitly has an 'any' type.

[7m529[0m  no_round_up(num, rounded) {
[7m   [0m [91m             ~~~[0m


Error: [96msrc/app/grn/grn.page.ts[0m:[93m529[0m:[93m19[0m - [91merror[0m[90m TS7006: [0mParameter 'rounded' implicitly has an 'any' type.

[7m529[0m  no_round_up(num, rounded) {
[7m   [0m [91m                  ~~~~~~~[0m


Error: [96msrc/app/grn/grn.page.ts[0m:[93m557[0m:[93m38[0m - [91merror[0m[90m TS2339: [0mProperty 'gram' does not exist on type 'never'.

[7m557[0m    tmp_total_gram += this.grnList[i].gram;
[7m   [0m [91m                                     ~~~~[0m


Error: [96msrc/app/grn/grn.page.ts[0m:[93m558[0m:[93m50[0m - [91merror[0m[90m TS2339: [0mProperty 'XAU_amount' does not exist on type 'never'.

[7m558[0m    tmp_XAU_amount += (parseFloat(this.grnList[i].XAU_amount));
[7m   [0m [91m                                                 ~~~~~~~~~~[0m


Error: [96msrc/app/grn/grn.page.ts[0m:[93m592[0m:[93m14[0m - [91merror[0m[90m TS2339: [0mProperty 'gold_pure_percent' does not exist on type 'never'.

[7m592[0m     return b.gold_pure_percent - a.gold_pure_percent;
[7m   [0m [91m             ~~~~~~~~~~~~~~~~~[0m


Error: [96msrc/app/grn/grn.page.ts[0m:[93m592[0m:[93m36[0m - [91merror[0m[90m TS2339: [0mProperty 'gold_pure_percent' does not exist on type 'never'.

[7m592[0m     return b.gold_pure_percent - a.gold_pure_percent;
[7m   [0m [91m                                   ~~~~~~~~~~~~~~~~~[0m


Error: [96msrc/app/grn/grn.page.ts[0m:[93m613[0m:[93m27[0m - [91merror[0m[90m TS2339: [0mProperty 'showImage' does not exist on type 'never'.

[7m613[0m    delete this.grnList[i].showImage;
[7m   [0m [91m                          ~~~~~~~~~[0m


Error: [96msrc/app/grn/grn.page.ts[0m:[93m639[0m:[93m4[0m - [91merror[0m[90m TS7053: [0mElement implicitly has an 'any' type because expression of type '"payment_data"' can't be used to index type '{ company_id: any; token: any; grnList: never[]; remark: any; customer_remark: any; rounding_xau: any; purchase_order_id: string | null; all_po_id: any; is_grn: boolean; is_tng: boolean; imageUrl_tng: ""; ... 8 more ...; payCash: any; }'.
  Property 'payment_data' does not exist on type '{ company_id: any; token: any; grnList: never[]; remark: any; customer_remark: any; rounding_xau: any; purchase_order_id: string | null; all_po_id: any; is_grn: boolean; is_tng: boolean; imageUrl_tng: ""; ... 8 more ...; payCash: any; }'.

[7m639[0m    tobeSubmit['payment_data'] = this.payment;
[7m   [0m [91m   ~~~~~~~~~~~~~~~~~~~~~~~~~~[0m


Error: [96msrc/app/grn/grn.page.ts[0m:[93m652[0m:[93m9[0m - [91merror[0m[90m TS7053: [0mElement implicitly has an 'any' type because expression of type '"is_verified_item_weight"' can't be used to index type '{ company_id: any; token: any; grnList: never[]; remark: any; customer_remark: any; rounding_xau: any; purchase_order_id: string | null; all_po_id: any; is_grn: boolean; is_tng: boolean; imageUrl_tng: ""; ... 8 more ...; payCash: any; }'.
  Property 'is_verified_item_weight' does not exist on type '{ company_id: any; token: any; grnList: never[]; remark: any; customer_remark: any; rounding_xau: any; purchase_order_id: string | null; all_po_id: any; is_grn: boolean; is_tng: boolean; imageUrl_tng: ""; ... 8 more ...; payCash: any; }'.

[7m652[0m         tobeSubmit['is_verified_item_weight'] = 0;
[7m   [0m [91m        ~~~~~~~~~~~~~~~~~~~~~~~~~~~~~~~~~~~~~[0m


Error: [96msrc/app/grn/grn.page.ts[0m:[93m660[0m:[93m9[0m - [91merror[0m[90m TS7053: [0mElement implicitly has an 'any' type because expression of type '"is_verified_item_weight"' can't be used to index type '{ company_id: any; token: any; grnList: never[]; remark: any; customer_remark: any; rounding_xau: any; purchase_order_id: string | null; all_po_id: any; is_grn: boolean; is_tng: boolean; imageUrl_tng: ""; ... 8 more ...; payCash: any; }'.
  Property 'is_verified_item_weight' does not exist on type '{ company_id: any; token: any; grnList: never[]; remark: any; customer_remark: any; rounding_xau: any; purchase_order_id: string | null; all_po_id: any; is_grn: boolean; is_tng: boolean; imageUrl_tng: ""; ... 8 more ...; payCash: any; }'.

[7m660[0m         tobeSubmit['is_verified_item_weight'] = 1;
[7m   [0m [91m        ~~~~~~~~~~~~~~~~~~~~~~~~~~~~~~~~~~~~~[0m


Error: [96msrc/app/grn/grn.page.ts[0m:[93m671[0m:[93m5[0m - [91merror[0m[90m TS7053: [0mElement implicitly has an 'any' type because expression of type '"total_XAU"' can't be used to index type '{ company_id: any; token: any; grnList: never[]; remark: any; customer_remark: any; rounding_xau: any; purchase_order_id: string | null; all_po_id: any; is_grn: boolean; is_tng: boolean; imageUrl_tng: ""; ... 8 more ...; payCash: any; }'.
  Property 'total_XAU' does not exist on type '{ company_id: any; token: any; grnList: never[]; remark: any; customer_remark: any; rounding_xau: any; purchase_order_id: string | null; all_po_id: any; is_grn: boolean; is_tng: boolean; imageUrl_tng: ""; ... 8 more ...; payCash: any; }'.

[7m671[0m     tobeSubmit['total_XAU'] = this.thisRoundShouldCollectXAUAmount;
[7m   [0m [91m    ~~~~~~~~~~~~~~~~~~~~~~~[0m


Error: [96msrc/app/grn/grn.page.ts[0m:[93m672[0m:[93m5[0m - [91merror[0m[90m TS7053: [0mElement implicitly has an 'any' type because expression of type '"is_verified_item_weight"' can't be used to index type '{ company_id: any; token: any; grnList: never[]; remark: any; customer_remark: any; rounding_xau: any; purchase_order_id: string | null; all_po_id: any; is_grn: boolean; is_tng: boolean; imageUrl_tng: ""; ... 8 more ...; payCash: any; }'.
  Property 'is_verified_item_weight' does not exist on type '{ company_id: any; token: any; grnList: never[]; remark: any; customer_remark: any; rounding_xau: any; purchase_order_id: string | null; all_po_id: any; is_grn: boolean; is_tng: boolean; imageUrl_tng: ""; ... 8 more ...; payCash: any; }'.

[7m672[0m     tobeSubmit['is_verified_item_weight'] = 0;
[7m   [0m [91m    ~~~~~~~~~~~~~~~~~~~~~~~~~~~~~~~~~~~~~[0m


Error: [96msrc/app/grn/grn.page.ts[0m:[93m687[0m:[93m11[0m - [91merror[0m[90m TS7006: [0mParameter 'tobeSubmit' implicitly has an 'any' type.

[7m687[0m  postData(tobeSubmit) {
[7m   [0m [91m          ~~~~~~~~~~[0m


Error: [96msrc/app/grn/grn.page.ts[0m:[93m722[0m:[93m24[0m - [91merror[0m[90m TS7006: [0mParameter 'index' implicitly has an 'any' type.

[7m722[0m  async openActionSheet(index) {
[7m   [0m [91m                       ~~~~~[0m


Error: [96msrc/app/grn/grn.page.ts[0m:[93m782[0m:[93m72[0m - [91merror[0m[90m TS18046: [0m'error' is of type 'unknown'.

[7m782[0m    await this.presentErrorAlert('Error', 'Failed to capture photo: ' + error.message);
[7m   [0m [91m                                                                       ~~~~~[0m


Error: [96msrc/app/grn/grn.page.ts[0m:[93m824[0m:[93m19[0m - [91merror[0m[90m TS18047: [0m'input.files' is possibly 'null'.

[7m824[0m      const file = input.files[0];
[7m   [0m [91m                  ~~~~~~~~~~~[0m


Error: [96msrc/app/grn/grn.page.ts[0m:[93m907[0m:[93m8[0m - [91merror[0m[90m TS7053: [0mElement implicitly has an 'any' type because expression of type '"status"' can't be used to index type 'Object'.
  Property 'status' does not exist on type 'Object'.

[7m907[0m    if (data['status'] === "OK") {
[7m   [0m [91m       ~~~~~~~~~~~~~~[0m


Error: [96msrc/app/grn/grn.page.ts[0m:[93m907[0m:[93m8[0m - [91merror[0m[90m TS18048: [0m'data' is possibly 'undefined'.

[7m907[0m    if (data['status'] === "OK") {
[7m   [0m [91m       ~~~~[0m


Error: [96msrc/app/grn/grn.page.ts[0m:[93m909[0m:[93m33[0m - [91merror[0m[90m TS2339: [0mProperty 'is_multiple_image' does not exist on type 'never'.

[7m909[0m     this.grnList[this.grnIndex].is_multiple_image = 1;
[7m   [0m [91m                                ~~~~~~~~~~~~~~~~~[0m


Error: [96msrc/app/grn/grn.page.ts[0m:[93m910[0m:[93m33[0m - [91merror[0m[90m TS2339: [0mProperty 'MultipleImageUrl' does not exist on type 'never'.

[7m910[0m     this.grnList[this.grnIndex].MultipleImageUrl.push(data['result']['img_path']);
[7m   [0m [91m                                ~~~~~~~~~~~~~~~~[0m


Error: [96msrc/app/grn/grn.page.ts[0m:[93m910[0m:[93m55[0m - [91merror[0m[90m TS7053: [0mElement implicitly has an 'any' type because expression of type '"result"' can't be used to index type 'Object'.
  Property 'result' does not exist on type 'Object'.

[7m910[0m     this.grnList[this.grnIndex].MultipleImageUrl.push(data['result']['img_path']);
[7m   [0m [91m                                                      ~~~~~~~~~~~~~~[0m


Error: [96msrc/app/grn/grn.page.ts[0m:[93m910[0m:[93m55[0m - [91merror[0m[90m TS18048: [0m'data' is possibly 'undefined'.

[7m910[0m     this.grnList[this.grnIndex].MultipleImageUrl.push(data['result']['img_path']);
[7m   [0m [91m                                                      ~~~~[0m


Error: [96msrc/app/grn/grn.page.ts[0m:[93m917[0m:[93m21[0m - [91merror[0m[90m TS7053: [0mElement implicitly has an 'any' type because expression of type '"message"' can't be used to index type 'Object'.
  Property 'message' does not exist on type 'Object'.

[7m917[0m     throw new Error(data['message'] || 'Upload failed');
[7m   [0m [91m                    ~~~~~~~~~~~~~~~[0m


Error: [96msrc/app/grn/grn.page.ts[0m:[93m917[0m:[93m21[0m - [91merror[0m[90m TS18048: [0m'data' is possibly 'undefined'.

[7m917[0m     throw new Error(data['message'] || 'Upload failed');
[7m   [0m [91m                    ~~~~[0m


Error: [96msrc/app/grn/grn.page.ts[0m:[93m951[0m:[93m8[0m - [91merror[0m[90m TS7053: [0mElement implicitly has an 'any' type because expression of type '"status"' can't be used to index type 'Object'.
  Property 'status' does not exist on type 'Object'.

[7m951[0m    if (data['status'] === "OK") {
[7m   [0m [91m       ~~~~~~~~~~~~~~[0m


Error: [96msrc/app/grn/grn.page.ts[0m:[93m951[0m:[93m8[0m - [91merror[0m[90m TS18048: [0m'data' is possibly 'undefined'.

[7m951[0m    if (data['status'] === "OK") {
[7m   [0m [91m       ~~~~[0m


Error: [96msrc/app/grn/grn.page.ts[0m:[93m953[0m:[93m33[0m - [91merror[0m[90m TS2339: [0mProperty 'is_multiple_image' does not exist on type 'never'.

[7m953[0m     this.grnList[this.grnIndex].is_multiple_image = 1;
[7m   [0m [91m                                ~~~~~~~~~~~~~~~~~[0m


Error: [96msrc/app/grn/grn.page.ts[0m:[93m954[0m:[93m33[0m - [91merror[0m[90m TS2339: [0mProperty 'MultipleImageUrl' does not exist on type 'never'.

[7m954[0m     this.grnList[this.grnIndex].MultipleImageUrl = this.grnList[this.grnIndex].MultipleImageUrl.concat(JSON.parse(data['result']['img_path']));
[7m   [0m [91m                                ~~~~~~~~~~~~~~~~[0m


Error: [96msrc/app/grn/grn.page.ts[0m:[93m954[0m:[93m80[0m - [91merror[0m[90m TS2339: [0mProperty 'MultipleImageUrl' does not exist on type 'never'.

[7m954[0m     this.grnList[this.grnIndex].MultipleImageUrl = this.grnList[this.grnIndex].MultipleImageUrl.concat(JSON.parse(data['result']['img_path']));
[7m   [0m [91m                                                                               ~~~~~~~~~~~~~~~~[0m


Error: [96msrc/app/grn/grn.page.ts[0m:[93m954[0m:[93m115[0m - [91merror[0m[90m TS7053: [0mElement implicitly has an 'any' type because expression of type '"result"' can't be used to index type 'Object'.
  Property 'result' does not exist on type 'Object'.

[7m954[0m     this.grnList[this.grnIndex].MultipleImageUrl = this.grnList[this.grnIndex].MultipleImageUrl.concat(JSON.parse(data['result']['img_path']));
[7m   [0m [91m                                                                                                                  ~~~~~~~~~~~~~~[0m


Error: [96msrc/app/grn/grn.page.ts[0m:[93m954[0m:[93m115[0m - [91merror[0m[90m TS18048: [0m'data' is possibly 'undefined'.

[7m954[0m     this.grnList[this.grnIndex].MultipleImageUrl = this.grnList[this.grnIndex].MultipleImageUrl.concat(JSON.parse(data['result']['img_path']));
[7m   [0m [91m                                                                                                                  ~~~~[0m


Error: [96msrc/app/grn/grn.page.ts[0m:[93m958[0m:[93m21[0m - [91merror[0m[90m TS7053: [0mElement implicitly has an 'any' type because expression of type '"message"' can't be used to index type 'Object'.
  Property 'message' does not exist on type 'Object'.

[7m958[0m     throw new Error(data['message'] || 'Upload failed');
[7m   [0m [91m                    ~~~~~~~~~~~~~~~[0m


Error: [96msrc/app/grn/grn.page.ts[0m:[93m958[0m:[93m21[0m - [91merror[0m[90m TS18048: [0m'data' is possibly 'undefined'.

[7m958[0m     throw new Error(data['message'] || 'Upload failed');
[7m   [0m [91m                    ~~~~[0m


Error: [96msrc/app/grn/grn.page.ts[0m:[93m967[0m:[93m28[0m - [91merror[0m[90m TS7006: [0mParameter 'type' implicitly has an 'any' type.

[7m967[0m  async openActionSheet_tng(type) {
[7m   [0m [91m                           ~~~~[0m


Error: [96msrc/app/grn/grn.page.ts[0m:[93m1027[0m:[93m72[0m - [91merror[0m[90m TS18046: [0m'error' is of type 'unknown'.

[7m1027[0m    await this.presentErrorAlert('Error', 'Failed to capture photo: ' + error.message);
[7m    [0m [91m                                                                       ~~~~~[0m


Error: [96msrc/app/grn/grn.page.ts[0m:[93m1069[0m:[93m19[0m - [91merror[0m[90m TS18047: [0m'input.files' is possibly 'null'.

[7m1069[0m      const file = input.files[0];
[7m    [0m [91m                  ~~~~~~~~~~~[0m


Error: [96msrc/app/grn/grn.page.ts[0m:[93m1110[0m:[93m8[0m - [91merror[0m[90m TS7053: [0mElement implicitly has an 'any' type because expression of type '"status"' can't be used to index type 'Object'.
  Property 'status' does not exist on type 'Object'.

[7m1110[0m    if (data['status'] === "OK") {
[7m    [0m [91m       ~~~~~~~~~~~~~~[0m


Error: [96msrc/app/grn/grn.page.ts[0m:[93m1110[0m:[93m8[0m - [91merror[0m[90m TS18048: [0m'data' is possibly 'undefined'.

[7m1110[0m    if (data['status'] === "OK") {
[7m    [0m [91m       ~~~~[0m


Error: [96msrc/app/grn/grn.page.ts[0m:[93m1115[0m:[93m37[0m - [91merror[0m[90m TS7053: [0mElement implicitly has an 'any' type because expression of type '"result"' can't be used to index type 'Object'.
  Property 'result' does not exist on type 'Object'.

[7m1115[0m      this.MultipleImageUrl_tng.push(data['result']['img_path']);
[7m    [0m [91m                                    ~~~~~~~~~~~~~~[0m


Error: [96msrc/app/grn/grn.page.ts[0m:[93m1115[0m:[93m37[0m - [91merror[0m[90m TS18048: [0m'data' is possibly 'undefined'.

[7m1115[0m      this.MultipleImageUrl_tng.push(data['result']['img_path']);
[7m    [0m [91m                                    ~~~~[0m


Error: [96msrc/app/grn/grn.page.ts[0m:[93m1117[0m:[93m36[0m - [91merror[0m[90m TS7053: [0mElement implicitly has an 'any' type because expression of type '"result"' can't be used to index type 'Object'.
  Property 'result' does not exist on type 'Object'.

[7m1117[0m      this.MultipleImageUrl_DO.push(data['result']['img_path']);
[7m    [0m [91m                                   ~~~~~~~~~~~~~~[0m


Error: [96msrc/app/grn/grn.page.ts[0m:[93m1117[0m:[93m36[0m - [91merror[0m[90m TS18048: [0m'data' is possibly 'undefined'.

[7m1117[0m      this.MultipleImageUrl_DO.push(data['result']['img_path']);
[7m    [0m [91m                                   ~~~~[0m


Error: [96msrc/app/grn/grn.page.ts[0m:[93m1119[0m:[93m27[0m - [91merror[0m[90m TS7053: [0mElement implicitly has an 'any' type because expression of type '"result"' can't be used to index type 'Object'.
  Property 'result' does not exist on type 'Object'.

[7m1119[0m      this.payment.image = data['result']['img_path'];
[7m    [0m [91m                          ~~~~~~~~~~~~~~[0m


Error: [96msrc/app/grn/grn.page.ts[0m:[93m1119[0m:[93m27[0m - [91merror[0m[90m TS18048: [0m'data' is possibly 'undefined'.

[7m1119[0m      this.payment.image = data['result']['img_path'];
[7m    [0m [91m                          ~~~~[0m


Error: [96msrc/app/grn/grn.page.ts[0m:[93m1127[0m:[93m21[0m - [91merror[0m[90m TS7053: [0mElement implicitly has an 'any' type because expression of type '"message"' can't be used to index type 'Object'.
  Property 'message' does not exist on type 'Object'.

[7m1127[0m     throw new Error(data['message'] || 'Upload failed');
[7m    [0m [91m                    ~~~~~~~~~~~~~~~[0m


Error: [96msrc/app/grn/grn.page.ts[0m:[93m1127[0m:[93m21[0m - [91merror[0m[90m TS18048: [0m'data' is possibly 'undefined'.

[7m1127[0m     throw new Error(data['message'] || 'Upload failed');
[7m    [0m [91m                    ~~~~[0m


Error: [96msrc/app/grn/grn.page.ts[0m:[93m1163[0m:[93m8[0m - [91merror[0m[90m TS7053: [0mElement implicitly has an 'any' type because expression of type '"status"' can't be used to index type 'Object'.
  Property 'status' does not exist on type 'Object'.

[7m1163[0m    if (data['status'] === "OK") {
[7m    [0m [91m       ~~~~~~~~~~~~~~[0m


Error: [96msrc/app/grn/grn.page.ts[0m:[93m1163[0m:[93m8[0m - [91merror[0m[90m TS18048: [0m'data' is possibly 'undefined'.

[7m1163[0m    if (data['status'] === "OK") {
[7m    [0m [91m       ~~~~[0m


Error: [96msrc/app/grn/grn.page.ts[0m:[93m1168[0m:[93m78[0m - [91merror[0m[90m TS7053: [0mElement implicitly has an 'any' type because expression of type '"result"' can't be used to index type 'Object'.
  Property 'result' does not exist on type 'Object'.

[7m1168[0m      this.MultipleImageUrl_tng = this.MultipleImageUrl_tng.concat(JSON.parse(data['result']['img_path']));
[7m    [0m [91m                                                                             ~~~~~~~~~~~~~~[0m


Error: [96msrc/app/grn/grn.page.ts[0m:[93m1168[0m:[93m78[0m - [91merror[0m[90m TS18048: [0m'data' is possibly 'undefined'.

[7m1168[0m      this.MultipleImageUrl_tng = this.MultipleImageUrl_tng.concat(JSON.parse(data['result']['img_path']));
[7m    [0m [91m                                                                             ~~~~[0m


Error: [96msrc/app/grn/grn.page.ts[0m:[93m1170[0m:[93m76[0m - [91merror[0m[90m TS7053: [0mElement implicitly has an 'any' type because expression of type '"result"' can't be used to index type 'Object'.
  Property 'result' does not exist on type 'Object'.

[7m1170[0m      this.MultipleImageUrl_DO = this.MultipleImageUrl_DO.concat(JSON.parse(data['result']['img_path']));
[7m    [0m [91m                                                                           ~~~~~~~~~~~~~~[0m


Error: [96msrc/app/grn/grn.page.ts[0m:[93m1170[0m:[93m76[0m - [91merror[0m[90m TS18048: [0m'data' is possibly 'undefined'.

[7m1170[0m      this.MultipleImageUrl_DO = this.MultipleImageUrl_DO.concat(JSON.parse(data['result']['img_path']));
[7m    [0m [91m                                                                           ~~~~[0m


Error: [96msrc/app/grn/grn.page.ts[0m:[93m1175[0m:[93m21[0m - [91merror[0m[90m TS7053: [0mElement implicitly has an 'any' type because expression of type '"message"' can't be used to index type 'Object'.
  Property 'message' does not exist on type 'Object'.

[7m1175[0m     throw new Error(data['message'] || 'Upload failed');
[7m    [0m [91m                    ~~~~~~~~~~~~~~~[0m


Error: [96msrc/app/grn/grn.page.ts[0m:[93m1175[0m:[93m21[0m - [91merror[0m[90m TS18048: [0m'data' is possibly 'undefined'.

[7m1175[0m     throw new Error(data['message'] || 'Upload failed');
[7m    [0m [91m                    ~~~~[0m


Error: [96msrc/app/grn/grn.page.ts[0m:[93m1201[0m:[93m20[0m - [91merror[0m[90m TS7006: [0mParameter 'id' implicitly has an 'any' type.

[7m1201[0m  getWarehouseColor(id) {
[7m    [0m [91m                   ~~[0m


Error: [96msrc/app/home/home.page.ts[0m:[93m5[0m:[93m24[0m - [91merror[0m[90m TS2307: [0mCannot find module 'swiper' or its corresponding type declarations.

[7m5[0m import { Swiper } from 'swiper';
[7m [0m [91m                       ~~~~~~~~[0m


Error: [96msrc/app/home/home.page.ts[0m:[93m21[0m:[93m49[0m - [91merror[0m[90m TS2564: [0mProperty 'routerOutlet' has no initializer and is not definitely assigned in the constructor.

[7m21[0m  @ViewChild(IonRouterOutlet, { static: false }) routerOutlet: IonRouterOutlet;
[7m  [0m [91m                                                ~~~~~~~~~~~~[0m


Error: [96msrc/app/home/home.page.ts[0m:[93m46[0m:[93m2[0m - [91merror[0m[90m TS2564: [0mProperty 'collectionList' has no initializer and is not definitely assigned in the constructor.

[7m46[0m  collectionList: [];
[7m  [0m [91m ~~~~~~~~~~~~~~[0m


Error: [96msrc/app/home/home.page.ts[0m:[93m90[0m:[93m2[0m - [91merror[0m[90m TS2564: [0mProperty 'test' has no initializer and is not definitely assigned in the constructor.

[7m90[0m  test: string;
[7m  [0m [91m ~~~~[0m


Error: [96msrc/app/home/home.page.ts[0m:[93m273[0m:[93m5[0m - [91merror[0m[90m TS2322: [0mType 'unknown' is not assignable to type 'number'.

[7m273[0m     this.rider_redeem_task_count = Object.values(TaskList)
[7m   [0m [91m    ~~~~~~~~~~~~~~~~~~~~~~~~~~~~[0m


Error: [96msrc/app/home/home.page.ts[0m:[93m274[0m:[93m35[0m - [91merror[0m[90m TS2339: [0mProperty 'taskTotalCount' does not exist on type '{}'.

[7m274[0m      .filter(item => item && item.taskTotalCount && item.state) // 只计算有效的州属数据
[7m   [0m [91m                                  ~~~~~~~~~~~~~~[0m


Error: [96msrc/app/home/home.page.ts[0m:[93m274[0m:[93m58[0m - [91merror[0m[90m TS2339: [0mProperty 'state' does not exist on type '{}'.

[7m274[0m      .filter(item => item && item.taskTotalCount && item.state) // 只计算有效的州属数据
[7m   [0m [91m                                                         ~~~~~[0m


Error: [96msrc/app/home/home.page.ts[0m:[93m275[0m:[93m29[0m - [91merror[0m[90m TS18046: [0m'sum' is of type 'unknown'.

[7m275[0m      .reduce((sum, item) => sum + (parseInt(item.taskTotalCount) || 0), 0);
[7m   [0m [91m                            ~~~[0m


Error: [96msrc/app/home/home.page.ts[0m:[93m275[0m:[93m45[0m - [91merror[0m[90m TS18046: [0m'item' is of type 'unknown'.

[7m275[0m      .reduce((sum, item) => sum + (parseInt(item.taskTotalCount) || 0), 0);
[7m   [0m [91m                                            ~~~~[0m


Error: [96msrc/app/home/home.page.ts[0m:[93m317[0m:[93m29[0m - [91merror[0m[90m TS2345: [0mArgument of type 'any' is not assignable to parameter of type 'never'.

[7m317[0m         this.riderList.push(tmp_riderList[i]);
[7m   [0m [91m                            ~~~~~~~~~~~~~~~~[0m


Error: [96msrc/app/home/home.page.ts[0m:[93m354[0m:[93m36[0m - [91merror[0m[90m TS2345: [0mArgument of type 'any' is not assignable to parameter of type 'never'.

[7m354[0m         this.riderList_pickup.push(tmp_riderList[i]);
[7m   [0m [91m                                   ~~~~~~~~~~~~~~~~[0m


Error: [96msrc/app/home/home.page.ts[0m:[93m382[0m:[93m12[0m - [91merror[0m[90m TS7006: [0mParameter 'object' implicitly has an 'any' type.

[7m382[0m  slideNext(object, slideView) {
[7m   [0m [91m           ~~~~~~[0m


Error: [96msrc/app/home/home.page.ts[0m:[93m382[0m:[93m20[0m - [91merror[0m[90m TS7006: [0mParameter 'slideView' implicitly has an 'any' type.

[7m382[0m  slideNext(object, slideView) {
[7m   [0m [91m                   ~~~~~~~~~[0m


Error: [96msrc/app/home/home.page.ts[0m:[93m389[0m:[93m12[0m - [91merror[0m[90m TS7006: [0mParameter 'object' implicitly has an 'any' type.

[7m389[0m  slidePrev(object, slideView) {
[7m   [0m [91m           ~~~~~~[0m


Error: [96msrc/app/home/home.page.ts[0m:[93m389[0m:[93m20[0m - [91merror[0m[90m TS7006: [0mParameter 'slideView' implicitly has an 'any' type.

[7m389[0m  slidePrev(object, slideView) {
[7m   [0m [91m                   ~~~~~~~~~[0m


Error: [96msrc/app/home/home.page.ts[0m:[93m396[0m:[93m17[0m - [91merror[0m[90m TS7006: [0mParameter 'object' implicitly has an 'any' type.

[7m396[0m  SlideDidChange(object, slideView) {
[7m   [0m [91m                ~~~~~~[0m


Error: [96msrc/app/home/home.page.ts[0m:[93m396[0m:[93m25[0m - [91merror[0m[90m TS7006: [0mParameter 'slideView' implicitly has an 'any' type.

[7m396[0m  SlideDidChange(object, slideView) {
[7m   [0m [91m                        ~~~~~~~~~[0m


Error: [96msrc/app/home/home.page.ts[0m:[93m401[0m:[93m21[0m - [91merror[0m[90m TS7006: [0mParameter 'object' implicitly has an 'any' type.

[7m401[0m  checkIfNavDisabled(object, slideView) {
[7m   [0m [91m                    ~~~~~~[0m


Error: [96msrc/app/home/home.page.ts[0m:[93m401[0m:[93m29[0m - [91merror[0m[90m TS7006: [0mParameter 'slideView' implicitly has an 'any' type.

[7m401[0m  checkIfNavDisabled(object, slideView) {
[7m   [0m [91m                            ~~~~~~~~~[0m


Error: [96msrc/app/home/home.page.ts[0m:[93m406[0m:[93m19[0m - [91merror[0m[90m TS7006: [0mParameter 'object' implicitly has an 'any' type.

[7m406[0m  checkisBeginning(object, slideView) {
[7m   [0m [91m                  ~~~~~~[0m


Error: [96msrc/app/home/home.page.ts[0m:[93m406[0m:[93m27[0m - [91merror[0m[90m TS7006: [0mParameter 'slideView' implicitly has an 'any' type.

[7m406[0m  checkisBeginning(object, slideView) {
[7m   [0m [91m                          ~~~~~~~~~[0m


Error: [96msrc/app/home/home.page.ts[0m:[93m407[0m:[93m33[0m - [91merror[0m[90m TS7006: [0mParameter 'istrue' implicitly has an 'any' type.

[7m407[0m   slideView.isBeginning().then((istrue) => {
[7m   [0m [91m                                ~~~~~~[0m


Error: [96msrc/app/home/home.page.ts[0m:[93m411[0m:[93m13[0m - [91merror[0m[90m TS7006: [0mParameter 'object' implicitly has an 'any' type.

[7m411[0m  checkisEnd(object, slideView) {
[7m   [0m [91m            ~~~~~~[0m


Error: [96msrc/app/home/home.page.ts[0m:[93m411[0m:[93m21[0m - [91merror[0m[90m TS7006: [0mParameter 'slideView' implicitly has an 'any' type.

[7m411[0m  checkisEnd(object, slideView) {
[7m   [0m [91m                    ~~~~~~~~~[0m


Error: [96msrc/app/home/home.page.ts[0m:[93m412[0m:[93m27[0m - [91merror[0m[90m TS7006: [0mParameter 'istrue' implicitly has an 'any' type.

[7m412[0m   slideView.isEnd().then((istrue) => {
[7m   [0m [91m                          ~~~~~~[0m


Error: [96msrc/app/home/home.page.ts[0m:[93m423[0m:[93m11[0m - [91merror[0m[90m TS7006: [0mParameter 'navigate' implicitly has an 'any' type.

[7m423[0m  navigate(navigate) {
[7m   [0m [91m          ~~~~~~~~[0m


Error: [96msrc/app/home/home.page.ts[0m:[93m431[0m:[93m18[0m - [91merror[0m[90m TS7006: [0mParameter 'tab' implicitly has an 'any' type.

[7m431[0m  set_current_tab(tab){
[7m   [0m [91m                 ~~~[0m


Error: [96msrc/app/home/home.page.ts[0m:[93m440[0m:[93m12[0m - [91merror[0m[90m TS7006: [0mParameter 'event' implicitly has an 'any' type.

[7m440[0m  doRefresh(event) {
[7m   [0m [91m           ~~~~~[0m


Error: [96msrc/app/inbox/inbox.page.ts[0m:[93m4[0m:[93m40[0m - [91merror[0m[90m TS2724: [0m'"@ionic/angular"' has no exported member named 'IonSlides'. Did you mean 'IonicSlides'?

[7m4[0m import { AlertController, IonicModule, IonSlides, LoadingController, IonRouterOutlet, MenuController, NavController } from '@ionic/angular';
[7m [0m [91m                                       ~~~~~~~~~[0m


Error: [96msrc/app/inbox/inbox.page.ts[0m:[93m43[0m:[93m18[0m - [91merror[0m[90m TS7015: [0mElement implicitly has an 'any' type because index expression is not of type 'number'.

[7m43[0m  this.configData['inbox_type'] = this.inbox_type;
[7m  [0m [91m                 ~~~~~~~~~~~~[0m


Error: [96msrc/app/inbox/inbox.page.ts[0m:[93m44[0m:[93m18[0m - [91merror[0m[90m TS7015: [0mElement implicitly has an 'any' type because index expression is not of type 'number'.

[7m44[0m  this.configData['is_read'] = 0;
[7m  [0m [91m                 ~~~~~~~~~[0m


Error: [96msrc/app/inbox/inbox.page.ts[0m:[93m45[0m:[93m18[0m - [91merror[0m[90m TS7015: [0mElement implicitly has an 'any' type because index expression is not of type 'number'.

[7m45[0m  this.configData['mark_as_read'] = 0;
[7m  [0m [91m                 ~~~~~~~~~~~~~~[0m


Error: [96msrc/app/inbox/inbox.page.ts[0m:[93m46[0m:[93m18[0m - [91merror[0m[90m TS7015: [0mElement implicitly has an 'any' type because index expression is not of type 'number'.

[7m46[0m  this.configData['current_tab'] = yearMonth;
[7m  [0m [91m                 ~~~~~~~~~~~~~[0m


Error: [96msrc/app/inbox/inbox.page.ts[0m:[93m51[0m:[93m18[0m - [91merror[0m[90m TS7015: [0mElement implicitly has an 'any' type because index expression is not of type 'number'.

[7m51[0m  this.configData['is_read'] = 0;
[7m  [0m [91m                 ~~~~~~~~~[0m


Error: [96msrc/app/inbox/inbox.page.ts[0m:[93m59[0m:[93m119[0m - [91merror[0m[90m TS7015: [0mElement implicitly has an 'any' type because index expression is not of type 'number'.

[7m59[0m     this.App.api_url + "/appGetInbox/" + localStorage['token'] +'/'+localStorage['login_user_id']+'/'+this.configData['inbox_type']+'/'+this.configData['is_read']+'/'+this.configData['mark_as_read'] + '/app_enable'
[7m  [0m [91m                                                                                                                      ~~~~~~~~~~~~[0m


Error: [96msrc/app/inbox/inbox.page.ts[0m:[93m59[0m:[93m153[0m - [91merror[0m[90m TS7015: [0mElement implicitly has an 'any' type because index expression is not of type 'number'.

[7m59[0m     this.App.api_url + "/appGetInbox/" + localStorage['token'] +'/'+localStorage['login_user_id']+'/'+this.configData['inbox_type']+'/'+this.configData['is_read']+'/'+this.configData['mark_as_read'] + '/app_enable'
[7m  [0m [91m                                                                                                                                                        ~~~~~~~~~[0m


Error: [96msrc/app/inbox/inbox.page.ts[0m:[93m59[0m:[93m184[0m - [91merror[0m[90m TS7015: [0mElement implicitly has an 'any' type because index expression is not of type 'number'.

[7m59[0m     this.App.api_url + "/appGetInbox/" + localStorage['token'] +'/'+localStorage['login_user_id']+'/'+this.configData['inbox_type']+'/'+this.configData['is_read']+'/'+this.configData['mark_as_read'] + '/app_enable'
[7m  [0m [91m                                                                                                                                                                                       ~~~~~~~~~~~~~~[0m


Error: [96msrc/app/inbox/inbox.page.ts[0m:[93m65[0m:[93m22[0m - [91merror[0m[90m TS7015: [0mElement implicitly has an 'any' type because index expression is not of type 'number'.

[7m65[0m      this.configData['mark_as_read'] = 0;
[7m  [0m [91m                     ~~~~~~~~~~~~~~[0m


Error: [96msrc/app/inbox/inbox.page.ts[0m:[93m73[0m:[93m35[0m - [91merror[0m[90m TS7015: [0mElement implicitly has an 'any' type because index expression is not of type 'number'.

[7m73[0m        inboxList: this.inbox_list[key].inboxList,
[7m  [0m [91m                                  ~~~[0m


Error: [96msrc/app/inbox/inbox.page.ts[0m:[93m74[0m:[93m33[0m - [91merror[0m[90m TS7015: [0mElement implicitly has an 'any' type because index expression is not of type 'number'.

[7m74[0m        is_read: this.inbox_list[key].is_read
[7m  [0m [91m                                ~~~[0m


Error: [96msrc/app/inbox/inbox.page.ts[0m:[93m79[0m:[93m6[0m - [91merror[0m[90m TS2322: [0mType '{ key: string; value: { inboxList: any; is_read: any; }; }[]' is not assignable to type 'never[]'.
  Type '{ key: string; value: { inboxList: any; is_read: any; }; }' is not assignable to type 'never'.

[7m79[0m      this.inbox_list = sortedInboxList;
[7m  [0m [91m     ~~~~~~~~~~~~~~~[0m


Error: [96msrc/app/inbox/inbox.page.ts[0m:[93m89[0m:[93m15[0m - [91merror[0m[90m TS7006: [0mParameter 'type' implicitly has an 'any' type.

[7m89[0m  changeStatus(type) {
[7m  [0m [91m              ~~~~[0m


Error: [96msrc/app/inbox/inbox.page.ts[0m:[93m91[0m:[93m20[0m - [91merror[0m[90m TS7015: [0mElement implicitly has an 'any' type because index expression is not of type 'number'.

[7m91[0m    this.configData['is_read'] = 0;
[7m  [0m [91m                   ~~~~~~~~~[0m


Error: [96msrc/app/inbox/inbox.page.ts[0m:[93m93[0m:[93m20[0m - [91merror[0m[90m TS7015: [0mElement implicitly has an 'any' type because index expression is not of type 'number'.

[7m93[0m    this.configData['is_read'] = 1;
[7m  [0m [91m                   ~~~~~~~~~[0m


Error: [96msrc/app/inbox/inbox.page.ts[0m:[93m99[0m:[93m13[0m - [91merror[0m[90m TS7006: [0mParameter 'key' implicitly has an 'any' type.

[7m99[0m  markAsRead(key) {
[7m  [0m [91m            ~~~[0m


Error: [96msrc/app/inbox/inbox.page.ts[0m:[93m100[0m:[93m19[0m - [91merror[0m[90m TS7015: [0mElement implicitly has an 'any' type because index expression is not of type 'number'.

[7m100[0m   this.configData['mark_as_read'] = key;
[7m   [0m [91m                  ~~~~~~~~~~~~~~[0m


Error: [96msrc/app/inbox/inbox.page.ts[0m:[93m105[0m:[93m18[0m - [91merror[0m[90m TS7006: [0mParameter 'tab' implicitly has an 'any' type.

[7m105[0m  set_current_tab(tab){
[7m   [0m [91m                 ~~~[0m


Error: [96msrc/app/inbox/inbox.page.ts[0m:[93m106[0m:[93m29[0m - [91merror[0m[90m TS7015: [0mElement implicitly has an 'any' type because index expression is not of type 'number'.

[7m106[0m   if(tab == this.configData['current_tab']){
[7m   [0m [91m                            ~~~~~~~~~~~~~[0m


Error: [96msrc/app/inbox/inbox.page.ts[0m:[93m107[0m:[93m20[0m - [91merror[0m[90m TS7015: [0mElement implicitly has an 'any' type because index expression is not of type 'number'.

[7m107[0m    this.configData['current_tab'] = '';
[7m   [0m [91m                   ~~~~~~~~~~~~~[0m


Error: [96msrc/app/inbox/inbox.page.ts[0m:[93m109[0m:[93m20[0m - [91merror[0m[90m TS7015: [0mElement implicitly has an 'any' type because index expression is not of type 'number'.

[7m109[0m    this.configData['current_tab'] = tab;
[7m   [0m [91m                   ~~~~~~~~~~~~~[0m


Error: [96msrc/app/inbox/inbox.page.ts[0m:[93m114[0m:[93m13[0m - [91merror[0m[90m TS7006: [0mParameter 'item' implicitly has an 'any' type.

[7m114[0m  submit_now(item,action) {
[7m   [0m [91m            ~~~~[0m


Error: [96msrc/app/inbox/inbox.page.ts[0m:[93m114[0m:[93m18[0m - [91merror[0m[90m TS7006: [0mParameter 'action' implicitly has an 'any' type.

[7m114[0m  submit_now(item,action) {
[7m   [0m [91m                 ~~~~~~[0m


Error: [96msrc/app/inbox/inbox.page.ts[0m:[93m174[0m:[93m25[0m - [91merror[0m[90m TS7006: [0mParameter 'item' implicitly has an 'any' type.

[7m174[0m  qc_confirmation_submit(item,action) {
[7m   [0m [91m                        ~~~~[0m


Error: [96msrc/app/inbox/inbox.page.ts[0m:[93m174[0m:[93m30[0m - [91merror[0m[90m TS7006: [0mParameter 'action' implicitly has an 'any' type.

[7m174[0m  qc_confirmation_submit(item,action) {
[7m   [0m [91m                             ~~~~~~[0m


Error: [96msrc/app/job-log-history/job-log-history.page.ts[0m:[93m49[0m:[93m7[0m - [91merror[0m[90m TS7053: [0mElement implicitly has an 'any' type because expression of type '"status"' can't be used to index type 'Object'.
  Property 'status' does not exist on type 'Object'.

[7m49[0m    if(data['status'] == "OK") {
[7m  [0m [91m      ~~~~~~~~~~~~~~[0m


Error: [96msrc/app/job-log-history/job-log-history.page.ts[0m:[93m51[0m:[93m25[0m - [91merror[0m[90m TS7053: [0mElement implicitly has an 'any' type because expression of type '"result"' can't be used to index type 'Object'.
  Property 'result' does not exist on type 'Object'.

[7m51[0m     this.job_log_list = data['result']['job_log_list'];
[7m  [0m [91m                        ~~~~~~~~~~~~~~[0m


Error: [96msrc/app/job-log/job-log.page.ts[0m:[93m67[0m:[93m12[0m - [91merror[0m[90m TS7006: [0mParameter 'event' implicitly has an 'any' type.

[7m67[0m  doRefresh(event) {
[7m  [0m [91m           ~~~~~[0m


Error: [96msrc/app/login/login.page.ts[0m:[93m170[0m:[93m20[0m - [91merror[0m[90m TS2345: [0mArgument of type '(data: Httprequest) => void' is not assignable to parameter of type '(value: Object) => void'.
  Types of parameters 'data' and 'value' are incompatible.
    The 'Object' type is assignable to very few other types. Did you mean to use the 'any' type instead?
      Type 'Object' is missing the following properties from type 'Httprequest': status, result

[7m170[0m         .subscribe((data:Httprequest) => {
[7m   [0m [91m                   ~~~~~~~~~~~~~~~~~~~~~~~[0m


Error: [96msrc/app/login/login.page.ts[0m:[93m221[0m:[93m20[0m - [91merror[0m[90m TS2345: [0mArgument of type '(data: Httprequest) => void' is not assignable to parameter of type '(value: Object) => void'.
  Types of parameters 'data' and 'value' are incompatible.
    Type 'Object' is not assignable to type 'Httprequest'.
      The 'Object' type is assignable to very few other types. Did you mean to use the 'any' type instead?

[7m221[0m         .subscribe((data:Httprequest) => {
[7m   [0m [91m                   ~~~~~~~~~~~~~~~~~~~~~~~[0m


Error: [96msrc/app/login/login.page.ts[0m:[93m307[0m:[93m15[0m - [91merror[0m[90m TS7053: [0mElement implicitly has an 'any' type because expression of type '"result"' can't be used to index type 'Object'.
  Property 'result' does not exist on type 'Object'.

[7m307[0m           if (data2['result']['is_login'] == true) {
[7m   [0m [91m              ~~~~~~~~~~~~~~~[0m


Error: [96msrc/app/login/login.page.ts[0m:[93m347[0m:[93m14[0m - [91merror[0m[90m TS7006: [0mParameter 'mode' implicitly has an 'any' type.

[7m347[0m   switchMode(mode){
[7m   [0m [91m             ~~~~[0m


Error: [96msrc/app/make-po/make-po.page.ts[0m:[93m122[0m:[93m33[0m - [91merror[0m[90m TS7053: [0mElement implicitly has an 'any' type because expression of type '"gold_per_tael_buy"' can't be used to index type 'Number'.
  Property 'gold_per_tael_buy' does not exist on type 'Number'.

[7m122[0m      this.gold_price_per_tael = this.gold_price['gold_per_tael_buy'];
[7m   [0m [91m                                ~~~~~~~~~~~~~~~~~~~~~~~~~~~~~~~~~~~~[0m


Error: [96msrc/app/make-po/make-po.page.ts[0m:[93m123[0m:[93m33[0m - [91merror[0m[90m TS7053: [0mElement implicitly has an 'any' type because expression of type '"gold_per_gram_buy"' can't be used to index type 'Number'.
  Property 'gold_per_gram_buy' does not exist on type 'Number'.

[7m123[0m      this.gold_price_per_gram = this.gold_price['gold_per_gram_buy'];
[7m   [0m [91m                                ~~~~~~~~~~~~~~~~~~~~~~~~~~~~~~~~~~~~[0m


Error: [96msrc/app/make-po/make-po.page.ts[0m:[93m161[0m:[93m19[0m - [91merror[0m[90m TS7006: [0mParameter 'id' implicitly has an 'any' type.

[7m161[0m  async removeList(id) {
[7m   [0m [91m                  ~~[0m


Error: [96msrc/app/make-po/make-po.page.ts[0m:[93m199[0m:[93m55[0m - [91merror[0m[90m TS2339: [0mProperty 'item_type_id' does not exist on type 'never'.

[7m199[0m   this.item_type=String(this.customerBItemTypeList[0].item_type_id),
[7m   [0m [91m                                                      ~~~~~~~~~~~~[0m


Error: [96msrc/app/make-po/make-po.page.ts[0m:[93m200[0m:[93m20[0m - [91merror[0m[90m TS2345: [0mArgument of type '{ item_code: string; gram: string; gold_name: string; gold_pure_percent: string; XAU_amount: number; }' is not assignable to parameter of type 'never'.

[7m200[0m   this.poList.push(tmp);
[7m   [0m [91m                   ~~~[0m


Error: [96msrc/app/make-po/make-po.page.ts[0m:[93m205[0m:[93m14[0m - [91merror[0m[90m TS7006: [0mParameter 'selectedItem' implicitly has an 'any' type.

[7m205[0m  recalculate(selectedItem){
[7m   [0m [91m             ~~~~~~~~~~~~[0m


Error: [96msrc/app/make-po/make-po.page.ts[0m:[93m217[0m:[93m16[0m - [91merror[0m[90m TS2339: [0mProperty 'id' does not exist on type 'never'.

[7m217[0m    return item.id == selectedItem.item_code;
[7m   [0m [91m               ~~[0m


Error: [96msrc/app/make-po/make-po.page.ts[0m:[93m222[0m:[93m55[0m - [91merror[0m[90m TS2339: [0mProperty 'is_editable' does not exist on type 'never'.

[7m222[0m    selectedItem.is_editable = selectedPresetPurity[0].is_editable;
[7m   [0m [91m                                                      ~~~~~~~~~~~[0m


Error: [96msrc/app/make-po/make-po.page.ts[0m:[93m223[0m:[93m48[0m - [91merror[0m[90m TS2339: [0mProperty 'override_gold_pure_percent' does not exist on type 'never'.

[7m223[0m    var final_percent = selectedPresetPurity[0].override_gold_pure_percent;
[7m   [0m [91m                                               ~~~~~~~~~~~~~~~~~~~~~~~~~~[0m


Error: [96msrc/app/make-po/make-po.page.ts[0m:[93m224[0m:[93m66[0m - [91merror[0m[90m TS2339: [0mProperty 'override_gold_pure_percent' does not exist on type 'never'.

[7m224[0m    if(selectedItem.gold_pure_percent !=  selectedPresetPurity[0].override_gold_pure_percent) {
[7m   [0m [91m                                                                 ~~~~~~~~~~~~~~~~~~~~~~~~~~[0m


Error: [96msrc/app/make-po/make-po.page.ts[0m:[93m228[0m:[93m53[0m - [91merror[0m[90m TS2339: [0mProperty 'gold_name' does not exist on type 'never'.

[7m228[0m    selectedItem.gold_name = selectedPresetPurity[0].gold_name;
[7m   [0m [91m                                                    ~~~~~~~~~[0m


Error: [96msrc/app/make-po/make-po.page.ts[0m:[93m249[0m:[93m20[0m - [91merror[0m[90m TS7006: [0mParameter 'selectedItem' implicitly has an 'any' type.

[7m249[0m  recalculate_jewel(selectedItem) {
[7m   [0m [91m                   ~~~~~~~~~~~~[0m


Error: [96msrc/app/make-po/make-po.page.ts[0m:[93m261[0m:[93m17[0m - [91merror[0m[90m TS2339: [0mProperty 'id' does not exist on type 'never'.

[7m261[0m     return item.id == selectedItem.item_code;
[7m   [0m [91m                ~~[0m


Error: [96msrc/app/make-po/make-po.page.ts[0m:[93m265[0m:[93m56[0m - [91merror[0m[90m TS2339: [0mProperty 'is_editable' does not exist on type 'never'.

[7m265[0m     selectedItem.is_editable = selectedPresetPurity[0].is_editable;
[7m   [0m [91m                                                       ~~~~~~~~~~~[0m


Error: [96msrc/app/make-po/make-po.page.ts[0m:[93m267[0m:[93m54[0m - [91merror[0m[90m TS2339: [0mProperty 'gold_name' does not exist on type 'never'.

[7m267[0m     selectedItem.gold_name = selectedPresetPurity[0].gold_name;
[7m   [0m [91m                                                     ~~~~~~~~~[0m


Error: [96msrc/app/make-po/make-po.page.ts[0m:[93m269[0m:[93m62[0m - [91merror[0m[90m TS2339: [0mProperty 'override_gold_pure_percent' does not exist on type 'never'.

[7m269[0m     selectedItem.gold_pure_percent = selectedPresetPurity[0].override_gold_pure_percent;
[7m   [0m [91m                                                             ~~~~~~~~~~~~~~~~~~~~~~~~~~[0m


Error: [96msrc/app/make-po/make-po.page.ts[0m:[93m290[0m:[93m14[0m - [91merror[0m[90m TS7006: [0mParameter 'num' implicitly has an 'any' type.

[7m290[0m  no_round_up(num, rounded) {
[7m   [0m [91m             ~~~[0m


Error: [96msrc/app/make-po/make-po.page.ts[0m:[93m290[0m:[93m19[0m - [91merror[0m[90m TS7006: [0mParameter 'rounded' implicitly has an 'any' type.

[7m290[0m  no_round_up(num, rounded) {
[7m   [0m [91m                  ~~~~~~~[0m


Error: [96msrc/app/make-po/make-po.page.ts[0m:[93m321[0m:[93m41[0m - [91merror[0m[90m TS7015: [0mElement implicitly has an 'any' type because index expression is not of type 'number'.

[7m321[0m    "pickup_address1": this.customerList['address1'],
[7m   [0m [91m                                        ~~~~~~~~~~[0m


Error: [96msrc/app/make-po/make-po.page.ts[0m:[93m322[0m:[93m41[0m - [91merror[0m[90m TS7015: [0mElement implicitly has an 'any' type because index expression is not of type 'number'.

[7m322[0m    "pickup_address2": this.customerList['address2'],
[7m   [0m [91m                                        ~~~~~~~~~~[0m


Error: [96msrc/app/make-po/make-po.page.ts[0m:[93m323[0m:[93m41[0m - [91merror[0m[90m TS7015: [0mElement implicitly has an 'any' type because index expression is not of type 'number'.

[7m323[0m    "pickup_postcode": this.customerList['postcode'],
[7m   [0m [91m                                        ~~~~~~~~~~[0m


Error: [96msrc/app/make-po/make-po.page.ts[0m:[93m324[0m:[93m37[0m - [91merror[0m[90m TS7015: [0mElement implicitly has an 'any' type because index expression is not of type 'number'.

[7m324[0m    "pickup_city": this.customerList['city'],
[7m   [0m [91m                                    ~~~~~~[0m


Error: [96msrc/app/make-po/make-po.page.ts[0m:[93m325[0m:[93m38[0m - [91merror[0m[90m TS7015: [0mElement implicitly has an 'any' type because index expression is not of type 'number'.

[7m325[0m    "pickup_state": this.customerList['state'],
[7m   [0m [91m                                     ~~~~~~~[0m


Error: [96msrc/app/make-po/make-po.page.ts[0m:[93m367[0m:[93m7[0m - [91merror[0m[90m TS2683: [0m'this' implicitly has type 'any' because it does not have a type annotation.

[7m367[0m   if (this.total_XAU != 0 && this.total_XAU != '' && this.total_XAU != null) {
[7m   [0m [91m      ~~~~[0m

  [96msrc/app/make-po/make-po.page.ts[0m:[93m364[0m:[93m16[0m
    [7m364[0m  priceUpdate = function() {
    [7m   [0m [96m               ~~~~~~~~[0m
    An outer value of 'this' is shadowed by this container.


Error: [96msrc/app/make-po/make-po.page.ts[0m:[93m367[0m:[93m30[0m - [91merror[0m[90m TS2683: [0m'this' implicitly has type 'any' because it does not have a type annotation.

[7m367[0m   if (this.total_XAU != 0 && this.total_XAU != '' && this.total_XAU != null) {
[7m   [0m [91m                             ~~~~[0m

  [96msrc/app/make-po/make-po.page.ts[0m:[93m364[0m:[93m16[0m
    [7m364[0m  priceUpdate = function() {
    [7m   [0m [96m               ~~~~~~~~[0m
    An outer value of 'this' is shadowed by this container.


Error: [96msrc/app/make-po/make-po.page.ts[0m:[93m367[0m:[93m54[0m - [91merror[0m[90m TS2683: [0m'this' implicitly has type 'any' because it does not have a type annotation.

[7m367[0m   if (this.total_XAU != 0 && this.total_XAU != '' && this.total_XAU != null) {
[7m   [0m [91m                                                     ~~~~[0m

  [96msrc/app/make-po/make-po.page.ts[0m:[93m364[0m:[93m16[0m
    [7m364[0m  priceUpdate = function() {
    [7m   [0m [96m               ~~~~~~~~[0m
    An outer value of 'this' is shadowed by this container.


Error: [96msrc/app/make-po/make-po.page.ts[0m:[93m368[0m:[93m21[0m - [91merror[0m[90m TS2683: [0m'this' implicitly has type 'any' because it does not have a type annotation.

[7m368[0m    let XAU_amount = this.total_XAU.toString();
[7m   [0m [91m                    ~~~~[0m

  [96msrc/app/make-po/make-po.page.ts[0m:[93m364[0m:[93m16[0m
    [7m364[0m  priceUpdate = function() {
    [7m   [0m [96m               ~~~~~~~~[0m
    An outer value of 'this' is shadowed by this container.


Error: [96msrc/app/make-po/make-po.page.ts[0m:[93m370[0m:[93m5[0m - [91merror[0m[90m TS2683: [0m'this' implicitly has type 'any' because it does not have a type annotation.

[7m370[0m     this.total_XAU = parseFloat(this.total_XAU.toFixed(3));
[7m   [0m [91m    ~~~~[0m

  [96msrc/app/make-po/make-po.page.ts[0m:[93m364[0m:[93m16[0m
    [7m364[0m  priceUpdate = function() {
    [7m   [0m [96m               ~~~~~~~~[0m
    An outer value of 'this' is shadowed by this container.


Error: [96msrc/app/make-po/make-po.page.ts[0m:[93m370[0m:[93m33[0m - [91merror[0m[90m TS2683: [0m'this' implicitly has type 'any' because it does not have a type annotation.

[7m370[0m     this.total_XAU = parseFloat(this.total_XAU.toFixed(3));
[7m   [0m [91m                                ~~~~[0m

  [96msrc/app/make-po/make-po.page.ts[0m:[93m364[0m:[93m16[0m
    [7m364[0m  priceUpdate = function() {
    [7m   [0m [96m               ~~~~~~~~[0m
    An outer value of 'this' is shadowed by this container.


Error: [96msrc/app/make-po/make-po.page.ts[0m:[93m374[0m:[93m7[0m - [91merror[0m[90m TS2683: [0m'this' implicitly has type 'any' because it does not have a type annotation.

[7m374[0m   if (this.poList.length != 0) {
[7m   [0m [91m      ~~~~[0m

  [96msrc/app/make-po/make-po.page.ts[0m:[93m364[0m:[93m16[0m
    [7m364[0m  priceUpdate = function() {
    [7m   [0m [96m               ~~~~~~~~[0m
    An outer value of 'this' is shadowed by this container.


Error: [96msrc/app/make-po/make-po.page.ts[0m:[93m375[0m:[93m4[0m - [91merror[0m[90m TS2683: [0m'this' implicitly has type 'any' because it does not have a type annotation.

[7m375[0m    this.total_XAU = 0;
[7m   [0m [91m   ~~~~[0m

  [96msrc/app/make-po/make-po.page.ts[0m:[93m364[0m:[93m16[0m
    [7m364[0m  priceUpdate = function() {
    [7m   [0m [96m               ~~~~~~~~[0m
    An outer value of 'this' is shadowed by this container.


Error: [96msrc/app/make-po/make-po.page.ts[0m:[93m376[0m:[93m4[0m - [91merror[0m[90m TS2683: [0m'this' implicitly has type 'any' because it does not have a type annotation.

[7m376[0m    this.est_cost = 0;
[7m   [0m [91m   ~~~~[0m

  [96msrc/app/make-po/make-po.page.ts[0m:[93m364[0m:[93m16[0m
    [7m364[0m  priceUpdate = function() {
    [7m   [0m [96m               ~~~~~~~~[0m
    An outer value of 'this' is shadowed by this container.


Error: [96msrc/app/make-po/make-po.page.ts[0m:[93m377[0m:[93m4[0m - [91merror[0m[90m TS2683: [0m'this' implicitly has type 'any' because it does not have a type annotation.

[7m377[0m    this.total_gram = 0;
[7m   [0m [91m   ~~~~[0m

  [96msrc/app/make-po/make-po.page.ts[0m:[93m364[0m:[93m16[0m
    [7m364[0m  priceUpdate = function() {
    [7m   [0m [96m               ~~~~~~~~[0m
    An outer value of 'this' is shadowed by this container.


Error: [96msrc/app/make-po/make-po.page.ts[0m:[93m379[0m:[93m24[0m - [91merror[0m[90m TS2683: [0m'this' implicitly has type 'any' because it does not have a type annotation.

[7m379[0m    for (var i = 0; i < this.poList.length; i++) {
[7m   [0m [91m                       ~~~~[0m

  [96msrc/app/make-po/make-po.page.ts[0m:[93m364[0m:[93m16[0m
    [7m364[0m  priceUpdate = function() {
    [7m   [0m [96m               ~~~~~~~~[0m
    An outer value of 'this' is shadowed by this container.


Error: [96msrc/app/make-po/make-po.page.ts[0m:[93m380[0m:[93m5[0m - [91merror[0m[90m TS2683: [0m'this' implicitly has type 'any' because it does not have a type annotation.

[7m380[0m     this.total_XAU += this.poList[i].XAU_amount;
[7m   [0m [91m    ~~~~[0m

  [96msrc/app/make-po/make-po.page.ts[0m:[93m364[0m:[93m16[0m
    [7m364[0m  priceUpdate = function() {
    [7m   [0m [96m               ~~~~~~~~[0m
    An outer value of 'this' is shadowed by this container.


Error: [96msrc/app/make-po/make-po.page.ts[0m:[93m380[0m:[93m23[0m - [91merror[0m[90m TS2683: [0m'this' implicitly has type 'any' because it does not have a type annotation.

[7m380[0m     this.total_XAU += this.poList[i].XAU_amount;
[7m   [0m [91m                      ~~~~[0m

  [96msrc/app/make-po/make-po.page.ts[0m:[93m364[0m:[93m16[0m
    [7m364[0m  priceUpdate = function() {
    [7m   [0m [96m               ~~~~~~~~[0m
    An outer value of 'this' is shadowed by this container.


Error: [96msrc/app/make-po/make-po.page.ts[0m:[93m383[0m:[93m5[0m - [91merror[0m[90m TS2683: [0m'this' implicitly has type 'any' because it does not have a type annotation.

[7m383[0m     this.total_gram += this.poList[i].gram;
[7m   [0m [91m    ~~~~[0m

  [96msrc/app/make-po/make-po.page.ts[0m:[93m364[0m:[93m16[0m
    [7m364[0m  priceUpdate = function() {
    [7m   [0m [96m               ~~~~~~~~[0m
    An outer value of 'this' is shadowed by this container.


Error: [96msrc/app/make-po/make-po.page.ts[0m:[93m383[0m:[93m24[0m - [91merror[0m[90m TS2683: [0m'this' implicitly has type 'any' because it does not have a type annotation.

[7m383[0m     this.total_gram += this.poList[i].gram;
[7m   [0m [91m                       ~~~~[0m

  [96msrc/app/make-po/make-po.page.ts[0m:[93m364[0m:[93m16[0m
    [7m364[0m  priceUpdate = function() {
    [7m   [0m [96m               ~~~~~~~~[0m
    An outer value of 'this' is shadowed by this container.


Error: [96msrc/app/make-po/make-po.page.ts[0m:[93m386[0m:[93m4[0m - [91merror[0m[90m TS2683: [0m'this' implicitly has type 'any' because it does not have a type annotation.

[7m386[0m    this.total_XAU = parseFloat(this.total_XAU.toFixed(3));
[7m   [0m [91m   ~~~~[0m

  [96msrc/app/make-po/make-po.page.ts[0m:[93m364[0m:[93m16[0m
    [7m364[0m  priceUpdate = function() {
    [7m   [0m [96m               ~~~~~~~~[0m
    An outer value of 'this' is shadowed by this container.


Error: [96msrc/app/make-po/make-po.page.ts[0m:[93m386[0m:[93m32[0m - [91merror[0m[90m TS2683: [0m'this' implicitly has type 'any' because it does not have a type annotation.

[7m386[0m    this.total_XAU = parseFloat(this.total_XAU.toFixed(3));
[7m   [0m [91m                               ~~~~[0m

  [96msrc/app/make-po/make-po.page.ts[0m:[93m364[0m:[93m16[0m
    [7m364[0m  priceUpdate = function() {
    [7m   [0m [96m               ~~~~~~~~[0m
    An outer value of 'this' is shadowed by this container.


Error: [96msrc/app/make-po/make-po.page.ts[0m:[93m387[0m:[93m7[0m - [91merror[0m[90m TS2683: [0m'this' implicitly has type 'any' because it does not have a type annotation.

[7m387[0m       this.total_XAU = this.total_XAU * 1000;
[7m   [0m [91m      ~~~~[0m

  [96msrc/app/make-po/make-po.page.ts[0m:[93m364[0m:[93m16[0m
    [7m364[0m  priceUpdate = function() {
    [7m   [0m [96m               ~~~~~~~~[0m
    An outer value of 'this' is shadowed by this container.


Error: [96msrc/app/make-po/make-po.page.ts[0m:[93m387[0m:[93m24[0m - [91merror[0m[90m TS2683: [0m'this' implicitly has type 'any' because it does not have a type annotation.

[7m387[0m       this.total_XAU = this.total_XAU * 1000;
[7m   [0m [91m                       ~~~~[0m

  [96msrc/app/make-po/make-po.page.ts[0m:[93m364[0m:[93m16[0m
    [7m364[0m  priceUpdate = function() {
    [7m   [0m [96m               ~~~~~~~~[0m
    An outer value of 'this' is shadowed by this container.


Error: [96msrc/app/make-po/make-po.page.ts[0m:[93m388[0m:[93m7[0m - [91merror[0m[90m TS2683: [0m'this' implicitly has type 'any' because it does not have a type annotation.

[7m388[0m       this.total_XAU = Math.floor(this.total_XAU);
[7m   [0m [91m      ~~~~[0m

  [96msrc/app/make-po/make-po.page.ts[0m:[93m364[0m:[93m16[0m
    [7m364[0m  priceUpdate = function() {
    [7m   [0m [96m               ~~~~~~~~[0m
    An outer value of 'this' is shadowed by this container.


Error: [96msrc/app/make-po/make-po.page.ts[0m:[93m388[0m:[93m35[0m - [91merror[0m[90m TS2683: [0m'this' implicitly has type 'any' because it does not have a type annotation.

[7m388[0m       this.total_XAU = Math.floor(this.total_XAU);
[7m   [0m [91m                                  ~~~~[0m

  [96msrc/app/make-po/make-po.page.ts[0m:[93m364[0m:[93m16[0m
    [7m364[0m  priceUpdate = function() {
    [7m   [0m [96m               ~~~~~~~~[0m
    An outer value of 'this' is shadowed by this container.


Error: [96msrc/app/make-po/make-po.page.ts[0m:[93m389[0m:[93m7[0m - [91merror[0m[90m TS2683: [0m'this' implicitly has type 'any' because it does not have a type annotation.

[7m389[0m       this.total_XAU = this.total_XAU / 1000;
[7m   [0m [91m      ~~~~[0m

  [96msrc/app/make-po/make-po.page.ts[0m:[93m364[0m:[93m16[0m
    [7m364[0m  priceUpdate = function() {
    [7m   [0m [96m               ~~~~~~~~[0m
    An outer value of 'this' is shadowed by this container.


Error: [96msrc/app/make-po/make-po.page.ts[0m:[93m389[0m:[93m24[0m - [91merror[0m[90m TS2683: [0m'this' implicitly has type 'any' because it does not have a type annotation.

[7m389[0m       this.total_XAU = this.total_XAU / 1000;
[7m   [0m [91m                       ~~~~[0m

  [96msrc/app/make-po/make-po.page.ts[0m:[93m364[0m:[93m16[0m
    [7m364[0m  priceUpdate = function() {
    [7m   [0m [96m               ~~~~~~~~[0m
    An outer value of 'this' is shadowed by this container.


Error: [96msrc/app/make-po/make-po.page.ts[0m:[93m393[0m:[93m42[0m - [91merror[0m[90m TS2683: [0m'this' implicitly has type 'any' because it does not have a type annotation.

[7m393[0m             var total_XAU_withoutComma = this.total_XAU.toString().replace(/,/g, '');
[7m   [0m [91m                                         ~~~~[0m

  [96msrc/app/make-po/make-po.page.ts[0m:[93m364[0m:[93m16[0m
    [7m364[0m  priceUpdate = function() {
    [7m   [0m [96m               ~~~~~~~~[0m
    An outer value of 'this' is shadowed by this container.


Error: [96msrc/app/make-po/make-po.page.ts[0m:[93m396[0m:[93m13[0m - [91merror[0m[90m TS2683: [0m'this' implicitly has type 'any' because it does not have a type annotation.

[7m396[0m             this.total_XAU = parseFloat(total_XAU_withoutComma).toFixed(3);
[7m   [0m [91m            ~~~~[0m

  [96msrc/app/make-po/make-po.page.ts[0m:[93m364[0m:[93m16[0m
    [7m364[0m  priceUpdate = function() {
    [7m   [0m [96m               ~~~~~~~~[0m
    An outer value of 'this' is shadowed by this container.


Error: [96msrc/app/make-po/make-po.page.ts[0m:[93m399[0m:[93m4[0m - [91merror[0m[90m TS2683: [0m'this' implicitly has type 'any' because it does not have a type annotation.

[7m399[0m    this.total_XAU_display = this.total_XAU.toLocaleString("en-US", {
[7m   [0m [91m   ~~~~[0m

  [96msrc/app/make-po/make-po.page.ts[0m:[93m364[0m:[93m16[0m
    [7m364[0m  priceUpdate = function() {
    [7m   [0m [96m               ~~~~~~~~[0m
    An outer value of 'this' is shadowed by this container.


Error: [96msrc/app/make-po/make-po.page.ts[0m:[93m399[0m:[93m29[0m - [91merror[0m[90m TS2683: [0m'this' implicitly has type 'any' because it does not have a type annotation.

[7m399[0m    this.total_XAU_display = this.total_XAU.toLocaleString("en-US", {
[7m   [0m [91m                            ~~~~[0m

  [96msrc/app/make-po/make-po.page.ts[0m:[93m364[0m:[93m16[0m
    [7m364[0m  priceUpdate = function() {
    [7m   [0m [96m               ~~~~~~~~[0m
    An outer value of 'this' is shadowed by this container.


Error: [96msrc/app/make-po/make-po.page.ts[0m:[93m404[0m:[93m35[0m - [91merror[0m[90m TS2683: [0m'this' implicitly has type 'any' because it does not have a type annotation.

[7m404[0m   console.log('total_XAU_display',this.total_XAU_display);
[7m   [0m [91m                                  ~~~~[0m

  [96msrc/app/make-po/make-po.page.ts[0m:[93m364[0m:[93m16[0m
    [7m364[0m  priceUpdate = function() {
    [7m   [0m [96m               ~~~~~~~~[0m
    An outer value of 'this' is shadowed by this container.


Error: [96msrc/app/make-po/make-po.page.ts[0m:[93m405[0m:[93m28[0m - [91merror[0m[90m TS2683: [0m'this' implicitly has type 'any' because it does not have a type annotation.

[7m405[0m   console.log('total_gram',this.total_gram);
[7m   [0m [91m                           ~~~~[0m

  [96msrc/app/make-po/make-po.page.ts[0m:[93m364[0m:[93m16[0m
    [7m364[0m  priceUpdate = function() {
    [7m   [0m [96m               ~~~~~~~~[0m
    An outer value of 'this' is shadowed by this container.


Error: [96msrc/app/make-po/make-po.page.ts[0m:[93m407[0m:[93m7[0m - [91merror[0m[90m TS2683: [0m'this' implicitly has type 'any' because it does not have a type annotation.

[7m407[0m   if (this.total_XAU != '') {
[7m   [0m [91m      ~~~~[0m

  [96msrc/app/make-po/make-po.page.ts[0m:[93m364[0m:[93m16[0m
    [7m364[0m  priceUpdate = function() {
    [7m   [0m [96m               ~~~~~~~~[0m
    An outer value of 'this' is shadowed by this container.


Error: [96msrc/app/make-po/make-po.page.ts[0m:[93m408[0m:[93m32[0m - [91merror[0m[90m TS2683: [0m'this' implicitly has type 'any' because it does not have a type annotation.

[7m408[0m    var gold_price = parseFloat(this.gold_price_per_tael) + parseFloat(this.premium_fee);
[7m   [0m [91m                               ~~~~[0m

  [96msrc/app/make-po/make-po.page.ts[0m:[93m364[0m:[93m16[0m
    [7m364[0m  priceUpdate = function() {
    [7m   [0m [96m               ~~~~~~~~[0m
    An outer value of 'this' is shadowed by this container.


Error: [96msrc/app/make-po/make-po.page.ts[0m:[93m408[0m:[93m71[0m - [91merror[0m[90m TS2683: [0m'this' implicitly has type 'any' because it does not have a type annotation.

[7m408[0m    var gold_price = parseFloat(this.gold_price_per_tael) + parseFloat(this.premium_fee);
[7m   [0m [91m                                                                      ~~~~[0m

  [96msrc/app/make-po/make-po.page.ts[0m:[93m364[0m:[93m16[0m
    [7m364[0m  priceUpdate = function() {
    [7m   [0m [96m               ~~~~~~~~[0m
    An outer value of 'this' is shadowed by this container.


Error: [96msrc/app/make-po/make-po.page.ts[0m:[93m416[0m:[93m4[0m - [91merror[0m[90m TS2683: [0m'this' implicitly has type 'any' because it does not have a type annotation.

[7m416[0m    this.est_cost = parseFloat(this.total_XAU) * parseFloat(gold_price.toString());
[7m   [0m [91m   ~~~~[0m

  [96msrc/app/make-po/make-po.page.ts[0m:[93m364[0m:[93m16[0m
    [7m364[0m  priceUpdate = function() {
    [7m   [0m [96m               ~~~~~~~~[0m
    An outer value of 'this' is shadowed by this container.


Error: [96msrc/app/make-po/make-po.page.ts[0m:[93m416[0m:[93m31[0m - [91merror[0m[90m TS2683: [0m'this' implicitly has type 'any' because it does not have a type annotation.

[7m416[0m    this.est_cost = parseFloat(this.total_XAU) * parseFloat(gold_price.toString());
[7m   [0m [91m                              ~~~~[0m

  [96msrc/app/make-po/make-po.page.ts[0m:[93m364[0m:[93m16[0m
    [7m364[0m  priceUpdate = function() {
    [7m   [0m [96m               ~~~~~~~~[0m
    An outer value of 'this' is shadowed by this container.


Error: [96msrc/app/make-po/make-po.page.ts[0m:[93m419[0m:[93m31[0m - [91merror[0m[90m TS2683: [0m'this' implicitly has type 'any' because it does not have a type annotation.

[7m419[0m    var est_costWithoutComma = this.est_cost.toString().replace(',', '');
[7m   [0m [91m                              ~~~~[0m

  [96msrc/app/make-po/make-po.page.ts[0m:[93m364[0m:[93m16[0m
    [7m364[0m  priceUpdate = function() {
    [7m   [0m [96m               ~~~~~~~~[0m
    An outer value of 'this' is shadowed by this container.


Error: [96msrc/app/make-po/make-po.page.ts[0m:[93m422[0m:[93m13[0m - [91merror[0m[90m TS2683: [0m'this' implicitly has type 'any' because it does not have a type annotation.

[7m422[0m             this.est_cost = parseFloat(est_costWithoutComma).toFixed(2);
[7m   [0m [91m            ~~~~[0m

  [96msrc/app/make-po/make-po.page.ts[0m:[93m364[0m:[93m16[0m
    [7m364[0m  priceUpdate = function() {
    [7m   [0m [96m               ~~~~~~~~[0m
    An outer value of 'this' is shadowed by this container.


Error: [96msrc/app/make-po/make-po.page.ts[0m:[93m425[0m:[93m5[0m - [91merror[0m[90m TS2683: [0m'this' implicitly has type 'any' because it does not have a type annotation.

[7m425[0m     this.est_cost = this.est_cost.toLocaleString("en-US", {
[7m   [0m [91m    ~~~~[0m

  [96msrc/app/make-po/make-po.page.ts[0m:[93m364[0m:[93m16[0m
    [7m364[0m  priceUpdate = function() {
    [7m   [0m [96m               ~~~~~~~~[0m
    An outer value of 'this' is shadowed by this container.


Error: [96msrc/app/make-po/make-po.page.ts[0m:[93m425[0m:[93m21[0m - [91merror[0m[90m TS2683: [0m'this' implicitly has type 'any' because it does not have a type annotation.

[7m425[0m     this.est_cost = this.est_cost.toLocaleString("en-US", {
[7m   [0m [91m                    ~~~~[0m

  [96msrc/app/make-po/make-po.page.ts[0m:[93m364[0m:[93m16[0m
    [7m364[0m  priceUpdate = function() {
    [7m   [0m [96m               ~~~~~~~~[0m
    An outer value of 'this' is shadowed by this container.


Error: [96msrc/app/make-po/make-po.page.ts[0m:[93m437[0m:[93m3[0m - [91merror[0m[90m TS2683: [0m'this' implicitly has type 'any' because it does not have a type annotation.

[7m437[0m   this.premium_fee = 0;
[7m   [0m [91m  ~~~~[0m

  [96msrc/app/make-po/make-po.page.ts[0m:[93m435[0m:[93m18[0m
    [7m435[0m  check_premium = function() {
    [7m   [0m [96m                 ~~~~~~~~[0m
    An outer value of 'this' is shadowed by this container.


Error: [96msrc/app/make-po/make-po.page.ts[0m:[93m439[0m:[93m7[0m - [91merror[0m[90m TS2683: [0m'this' implicitly has type 'any' because it does not have a type annotation.

[7m439[0m   if (this.customerBItemTypeList) {
[7m   [0m [91m      ~~~~[0m

  [96msrc/app/make-po/make-po.page.ts[0m:[93m435[0m:[93m18[0m
    [7m435[0m  check_premium = function() {
    [7m   [0m [96m                 ~~~~~~~~[0m
    An outer value of 'this' is shadowed by this container.


Error: [96msrc/app/make-po/make-po.page.ts[0m:[93m441[0m:[93m24[0m - [91merror[0m[90m TS2683: [0m'this' implicitly has type 'any' because it does not have a type annotation.

[7m441[0m    for (let i = 0; i < this.customerBItemTypeList.length; i++) {
[7m   [0m [91m                       ~~~~[0m

  [96msrc/app/make-po/make-po.page.ts[0m:[93m435[0m:[93m18[0m
    [7m435[0m  check_premium = function() {
    [7m   [0m [96m                 ~~~~~~~~[0m
    An outer value of 'this' is shadowed by this container.


Error: [96msrc/app/make-po/make-po.page.ts[0m:[93m442[0m:[93m9[0m - [91merror[0m[90m TS2683: [0m'this' implicitly has type 'any' because it does not have a type annotation.

[7m442[0m     if (this.item_type == this.customerBItemTypeList[i].item_type_id) {
[7m   [0m [91m        ~~~~[0m

  [96msrc/app/make-po/make-po.page.ts[0m:[93m435[0m:[93m18[0m
    [7m435[0m  check_premium = function() {
    [7m   [0m [96m                 ~~~~~~~~[0m
    An outer value of 'this' is shadowed by this container.


Error: [96msrc/app/make-po/make-po.page.ts[0m:[93m442[0m:[93m27[0m - [91merror[0m[90m TS2683: [0m'this' implicitly has type 'any' because it does not have a type annotation.

[7m442[0m     if (this.item_type == this.customerBItemTypeList[i].item_type_id) {
[7m   [0m [91m                          ~~~~[0m

  [96msrc/app/make-po/make-po.page.ts[0m:[93m435[0m:[93m18[0m
    [7m435[0m  check_premium = function() {
    [7m   [0m [96m                 ~~~~~~~~[0m
    An outer value of 'this' is shadowed by this container.


Error: [96msrc/app/make-po/make-po.page.ts[0m:[93m443[0m:[93m6[0m - [91merror[0m[90m TS2683: [0m'this' implicitly has type 'any' because it does not have a type annotation.

[7m443[0m      this.premium_fee = this.customerBItemTypeList[i].premium;
[7m   [0m [91m     ~~~~[0m

  [96msrc/app/make-po/make-po.page.ts[0m:[93m435[0m:[93m18[0m
    [7m435[0m  check_premium = function() {
    [7m   [0m [96m                 ~~~~~~~~[0m
    An outer value of 'this' is shadowed by this container.


Error: [96msrc/app/make-po/make-po.page.ts[0m:[93m443[0m:[93m25[0m - [91merror[0m[90m TS2683: [0m'this' implicitly has type 'any' because it does not have a type annotation.

[7m443[0m      this.premium_fee = this.customerBItemTypeList[i].premium;
[7m   [0m [91m                        ~~~~[0m

  [96msrc/app/make-po/make-po.page.ts[0m:[93m435[0m:[93m18[0m
    [7m435[0m  check_premium = function() {
    [7m   [0m [96m                 ~~~~~~~~[0m
    An outer value of 'this' is shadowed by this container.


Error: [96msrc/app/make-po/make-po.page.ts[0m:[93m447[0m:[93m4[0m - [91merror[0m[90m TS2683: [0m'this' implicitly has type 'any' because it does not have a type annotation.

[7m447[0m    this.premium_fee = 0;
[7m   [0m [91m   ~~~~[0m

  [96msrc/app/make-po/make-po.page.ts[0m:[93m435[0m:[93m18[0m
    [7m435[0m  check_premium = function() {
    [7m   [0m [96m                 ~~~~~~~~[0m
    An outer value of 'this' is shadowed by this container.


Error: [96msrc/app/make-po/make-po.page.ts[0m:[93m449[0m:[93m3[0m - [91merror[0m[90m TS2683: [0m'this' implicitly has type 'any' because it does not have a type annotation.

[7m449[0m   this.priceUpdate();
[7m   [0m [91m  ~~~~[0m

  [96msrc/app/make-po/make-po.page.ts[0m:[93m435[0m:[93m18[0m
    [7m435[0m  check_premium = function() {
    [7m   [0m [96m                 ~~~~~~~~[0m
    An outer value of 'this' is shadowed by this container.


Error: [96msrc/app/make-po/make-po.page.ts[0m:[93m458[0m:[93m28[0m - [91merror[0m[90m TS2339: [0mProperty 'user_id' does not exist on type 'never'.

[7m458[0m    if(this.userNameList[i].user_id == this.user_id) {
[7m   [0m [91m                           ~~~~~~~[0m


Error: [96msrc/app/melting-job-list/melting-job-list.page.ts[0m:[93m28[0m:[93m3[0m - [91merror[0m[90m TS7008: [0mMember 'selectedCustomer' implicitly has an 'any' type.

[7m28[0m   selectedCustomer; any;
[7m  [0m [91m  ~~~~~~~~~~~~~~~~[0m


Error: [96msrc/app/melting-job-list/melting-job-list.page.ts[0m:[93m28[0m:[93m21[0m - [91merror[0m[90m TS7008: [0mMember 'any' implicitly has an 'any' type.

[7m28[0m   selectedCustomer; any;
[7m  [0m [91m                    ~~~[0m


Error: [96msrc/app/melting-job-list/melting-job-list.page.ts[0m:[93m70[0m:[93m48[0m - [91merror[0m[90m TS7006: [0mParameter 'item' implicitly has an 'any' type.

[7m70[0m       this.filteredList = this.dataList.filter(item => item.status == 0);
[7m  [0m [91m                                               ~~~~[0m


Error: [96msrc/app/melting-job-list/melting-job-list.page.ts[0m:[93m75[0m:[93m7[0m - [91merror[0m[90m TS2322: [0mType 'any[]' is not assignable to type 'never[]'.
  Type 'any' is not assignable to type 'never'.

[7m75[0m       this.filteredList = [...this.dataList];
[7m  [0m [91m      ~~~~~~~~~~~~~~~~~[0m


Error: [96msrc/app/melting-job-list/melting-job-list.page.ts[0m:[93m93[0m:[93m11[0m - [91merror[0m[90m TS2322: [0mType 'any[]' is not assignable to type 'never[]'.

[7m93[0m           this.filteredList = [...this.dataList];
[7m  [0m [91m          ~~~~~~~~~~~~~~~~~[0m


Error: [96msrc/app/melting-job-list/melting-job-list.page.ts[0m:[93m105[0m:[93m12[0m - [91merror[0m[90m TS7006: [0mParameter 'event' implicitly has an 'any' type.

[7m105[0m  doRefresh(event) {
[7m   [0m [91m           ~~~~~[0m


Error: [96msrc/app/melting-job-list/melting-job-list.page.ts[0m:[93m114[0m:[93m15[0m - [91merror[0m[90m TS7006: [0mParameter 'item' implicitly has an 'any' type.

[7m114[0m  sendWhatsapp(item) {
[7m   [0m [91m              ~~~~[0m


Error: [96msrc/app/melting-job-list/melting-job-list.page.ts[0m:[93m119[0m:[93m10[0m - [91merror[0m[90m TS7006: [0mParameter 'item' implicitly has an 'any' type.

[7m119[0m  openMap(item) {
[7m   [0m [91m         ~~~~[0m


Error: [96msrc/app/melting-job-wizard-list/melting-job-wizard-list.page.ts[0m:[93m28[0m:[93m3[0m - [91merror[0m[90m TS7008: [0mMember 'selectedCustomer' implicitly has an 'any' type.

[7m28[0m   selectedCustomer; any;
[7m  [0m [91m  ~~~~~~~~~~~~~~~~[0m


Error: [96msrc/app/melting-job-wizard-list/melting-job-wizard-list.page.ts[0m:[93m28[0m:[93m21[0m - [91merror[0m[90m TS7008: [0mMember 'any' implicitly has an 'any' type.

[7m28[0m   selectedCustomer; any;
[7m  [0m [91m                    ~~~[0m


Error: [96msrc/app/melting-job-wizard-list/melting-job-wizard-list.page.ts[0m:[93m89[0m:[93m12[0m - [91merror[0m[90m TS7006: [0mParameter 'event' implicitly has an 'any' type.

[7m89[0m  doRefresh(event) {
[7m  [0m [91m           ~~~~~[0m


Error: [96msrc/app/melting-job-wizard-list/melting-job-wizard-list.page.ts[0m:[93m98[0m:[93m15[0m - [91merror[0m[90m TS7006: [0mParameter 'item' implicitly has an 'any' type.

[7m98[0m  sendWhatsapp(item) {
[7m  [0m [91m              ~~~~[0m


Error: [96msrc/app/melting-job-wizard-list/melting-job-wizard-list.page.ts[0m:[93m103[0m:[93m10[0m - [91merror[0m[90m TS7006: [0mParameter 'item' implicitly has an 'any' type.

[7m103[0m  openMap(item) {
[7m   [0m [91m         ~~~~[0m


Error: [96msrc/app/melting-job-wizard/melting-job-wizard.page.ts[0m:[93m11[0m:[93m8[0m - [91merror[0m[90m TS1259: [0mModule '"/Applications/XAMPP/xamppfiles/htdocs/PWRIDER-CAP/node_modules/@types/big.js/index"' can only be default-imported using the 'allowSyntheticDefaultImports' flag

[7m11[0m import Big from 'big.js';
[7m  [0m [91m       ~~~[0m

  [96mnode_modules/@types/big.js/index.d.ts[0m:[93m352[0m:[93m1[0m
    [7m352[0m export = Big;
    [7m   [0m [96m~~~~~~~~~~~~~[0m
    This module is declared with 'export =', and can only be used with a default import when using the 'allowSyntheticDefaultImports' flag.


Error: [96msrc/app/melting-job-wizard/melting-job-wizard.page.ts[0m:[93m338[0m:[93m14[0m - [91merror[0m[90m TS7053: [0mElement implicitly has an 'any' type because expression of type '"status"' can't be used to index type 'Object'.
  Property 'status' does not exist on type 'Object'.

[7m338[0m           if(response['status'] == 'ERROR'){
[7m   [0m [91m             ~~~~~~~~~~~~~~~~~~[0m


Error: [96msrc/app/melting-job-wizard/melting-job-wizard.page.ts[0m:[93m339[0m:[93m67[0m - [91merror[0m[90m TS7053: [0mElement implicitly has an 'any' type because expression of type '"result"' can't be used to index type 'Object'.
  Property 'result' does not exist on type 'Object'.

[7m339[0m             console.error('Error submitting melting job wizard:', response['result']);
[7m   [0m [91m                                                                  ~~~~~~~~~~~~~~~~~~[0m


Error: [96msrc/app/melting-job-wizard/melting-job-wizard.page.ts[0m:[93m340[0m:[93m34[0m - [91merror[0m[90m TS7053: [0mElement implicitly has an 'any' type because expression of type '"result"' can't be used to index type 'Object'.
  Property 'result' does not exist on type 'Object'.

[7m340[0m             this.showErrorAlert( response['result'],'submitting melting job wizard');
[7m   [0m [91m                                 ~~~~~~~~~~~~~~~~~~[0m


Error: [96msrc/app/melting-job-wizard/melting-job-wizard.page.ts[0m:[93m376[0m:[93m29[0m - [91merror[0m[90m TS7006: [0mParameter 'value' implicitly has an 'any' type.

[7m376[0m     const validateNumber = (value) => {
[7m   [0m [91m                            ~~~~~[0m


Error: [96msrc/app/melting-job-wizard/melting-job-wizard.page.ts[0m:[93m388[0m:[93m27[0m - [91merror[0m[90m TS7006: [0mParameter 'weight' implicitly has an 'any' type.

[7m388[0m     const calculateXAU = (weight, percentage) => {
[7m   [0m [91m                          ~~~~~~[0m


Error: [96msrc/app/melting-job-wizard/melting-job-wizard.page.ts[0m:[93m388[0m:[93m35[0m - [91merror[0m[90m TS7006: [0mParameter 'percentage' implicitly has an 'any' type.

[7m388[0m     const calculateXAU = (weight, percentage) => {
[7m   [0m [91m                                  ~~~~~~~~~~[0m


Error: [96msrc/app/melting-job-wizard/melting-job-wizard.page.ts[0m:[93m423[0m:[93m26[0m - [91merror[0m[90m TS7006: [0mParameter 'gold_shipment_id' implicitly has an 'any' type.

[7m423[0m   getGoldShipmentDetails(gold_shipment_id) {
[7m   [0m [91m                         ~~~~~~~~~~~~~~~~[0m


Error: [96msrc/app/melting-job-wizard/melting-job-wizard.page.ts[0m:[93m467[0m:[93m29[0m - [91merror[0m[90m TS7006: [0mParameter 'mode' implicitly has an 'any' type.

[7m467[0m   async openActionSheet_tng(mode) {
[7m   [0m [91m                            ~~~~[0m


Error: [96msrc/app/melting-job-wizard/melting-job-wizard.page.ts[0m:[93m570[0m:[93m26[0m - [91merror[0m[90m TS18047: [0m'input.files' is possibly 'null'.

[7m570[0m             const file = input.files[0];
[7m   [0m [91m                         ~~~~~~~~~~~[0m


Error: [96msrc/app/melting-job-wizard/melting-job-wizard.page.ts[0m:[93m661[0m:[93m11[0m - [91merror[0m[90m TS7053: [0mElement implicitly has an 'any' type because expression of type '"status"' can't be used to index type 'Object'.
  Property 'status' does not exist on type 'Object'.

[7m661[0m       if (data['status'] === "OK") {
[7m   [0m [91m          ~~~~~~~~~~~~~~[0m


Error: [96msrc/app/melting-job-wizard/melting-job-wizard.page.ts[0m:[93m661[0m:[93m11[0m - [91merror[0m[90m TS18048: [0m'data' is possibly 'undefined'.

[7m661[0m       if (data['status'] === "OK") {
[7m   [0m [91m          ~~~~[0m


Error: [96msrc/app/melting-job-wizard/melting-job-wizard.page.ts[0m:[93m665[0m:[93m35[0m - [91merror[0m[90m TS7053: [0mElement implicitly has an 'any' type because expression of type '"result"' can't be used to index type 'Object'.
  Property 'result' does not exist on type 'Object'.

[7m665[0m           this.issued_by_img.push(data['result']['img_path']);
[7m   [0m [91m                                  ~~~~~~~~~~~~~~[0m


Error: [96msrc/app/melting-job-wizard/melting-job-wizard.page.ts[0m:[93m665[0m:[93m35[0m - [91merror[0m[90m TS18048: [0m'data' is possibly 'undefined'.

[7m665[0m           this.issued_by_img.push(data['result']['img_path']);
[7m   [0m [91m                                  ~~~~[0m


Error: [96msrc/app/melting-job-wizard/melting-job-wizard.page.ts[0m:[93m667[0m:[93m36[0m - [91merror[0m[90m TS7053: [0mElement implicitly has an 'any' type because expression of type '"result"' can't be used to index type 'Object'.
  Property 'result' does not exist on type 'Object'.

[7m667[0m           this.checked_by_img.push(data['result']['img_path']);
[7m   [0m [91m                                   ~~~~~~~~~~~~~~[0m


Error: [96msrc/app/melting-job-wizard/melting-job-wizard.page.ts[0m:[93m667[0m:[93m36[0m - [91merror[0m[90m TS18048: [0m'data' is possibly 'undefined'.

[7m667[0m           this.checked_by_img.push(data['result']['img_path']);
[7m   [0m [91m                                   ~~~~[0m


Error: [96msrc/app/melting-job-wizard/melting-job-wizard.page.ts[0m:[93m709[0m:[93m11[0m - [91merror[0m[90m TS7053: [0mElement implicitly has an 'any' type because expression of type '"status"' can't be used to index type 'Object'.
  Property 'status' does not exist on type 'Object'.

[7m709[0m       if (data['status'] === "OK") {
[7m   [0m [91m          ~~~~~~~~~~~~~~[0m


Error: [96msrc/app/melting-job-wizard/melting-job-wizard.page.ts[0m:[93m709[0m:[93m11[0m - [91merror[0m[90m TS18048: [0m'data' is possibly 'undefined'.

[7m709[0m       if (data['status'] === "OK") {
[7m   [0m [91m          ~~~~[0m


Error: [96msrc/app/melting-job-wizard/melting-job-wizard.page.ts[0m:[93m712[0m:[93m35[0m - [91merror[0m[90m TS7053: [0mElement implicitly has an 'any' type because expression of type '"result"' can't be used to index type 'Object'.
  Property 'result' does not exist on type 'Object'.

[7m712[0m           this.issued_by_img.push(data['result']['img_path']);
[7m   [0m [91m                                  ~~~~~~~~~~~~~~[0m


Error: [96msrc/app/melting-job-wizard/melting-job-wizard.page.ts[0m:[93m712[0m:[93m35[0m - [91merror[0m[90m TS18048: [0m'data' is possibly 'undefined'.

[7m712[0m           this.issued_by_img.push(data['result']['img_path']);
[7m   [0m [91m                                  ~~~~[0m


Error: [96msrc/app/melting-job-wizard/melting-job-wizard.page.ts[0m:[93m714[0m:[93m36[0m - [91merror[0m[90m TS7053: [0mElement implicitly has an 'any' type because expression of type '"result"' can't be used to index type 'Object'.
  Property 'result' does not exist on type 'Object'.

[7m714[0m           this.checked_by_img.push(data['result']['img_path']);
[7m   [0m [91m                                   ~~~~~~~~~~~~~~[0m


Error: [96msrc/app/melting-job-wizard/melting-job-wizard.page.ts[0m:[93m714[0m:[93m36[0m - [91merror[0m[90m TS18048: [0m'data' is possibly 'undefined'.

[7m714[0m           this.checked_by_img.push(data['result']['img_path']);
[7m   [0m [91m                                   ~~~~[0m


Error: [96msrc/app/melting-job-wizard/melting-job-wizard.page.ts[0m:[93m792[0m:[93m24[0m - [91merror[0m[90m TS18047: [0m'input.files' is possibly 'null'.

[7m792[0m           const file = input.files[0];
[7m   [0m [91m                       ~~~~~~~~~~~[0m


Error: [96msrc/app/melting-job-wizard/melting-job-wizard.page.ts[0m:[93m823[0m:[93m11[0m - [91merror[0m[90m TS7053: [0mElement implicitly has an 'any' type because expression of type '"status"' can't be used to index type 'Object'.
  Property 'status' does not exist on type 'Object'.

[7m823[0m       if (response['status'] === "OK") {
[7m   [0m [91m          ~~~~~~~~~~~~~~~~~~[0m


Error: [96msrc/app/melting-job-wizard/melting-job-wizard.page.ts[0m:[93m823[0m:[93m11[0m - [91merror[0m[90m TS18048: [0m'response' is possibly 'undefined'.

[7m823[0m       if (response['status'] === "OK") {
[7m   [0m [91m          ~~~~~~~~[0m


Error: [96msrc/app/melting-job-wizard/melting-job-wizard.page.ts[0m:[93m825[0m:[93m19[0m - [91merror[0m[90m TS7053: [0mElement implicitly has an 'any' type because expression of type '"result"' can't be used to index type 'Object'.
  Property 'result' does not exist on type 'Object'.

[7m825[0m         item.push(response['result'].img_path);
[7m   [0m [91m                  ~~~~~~~~~~~~~~~~~~[0m


Error: [96msrc/app/melting-job-wizard/melting-job-wizard.page.ts[0m:[93m825[0m:[93m19[0m - [91merror[0m[90m TS18048: [0m'response' is possibly 'undefined'.

[7m825[0m         item.push(response['result'].img_path);
[7m   [0m [91m                  ~~~~~~~~[0m


Error: [96msrc/app/melting-job-wizard/melting-job-wizard.page.ts[0m:[93m827[0m:[93m49[0m - [91merror[0m[90m TS7053: [0mElement implicitly has an 'any' type because expression of type '"message"' can't be used to index type 'Object'.
  Property 'message' does not exist on type 'Object'.

[7m827[0m         console.error('Error uploading image:', response['message']);
[7m   [0m [91m                                                ~~~~~~~~~~~~~~~~~~~[0m


Error: [96msrc/app/melting-job-wizard/melting-job-wizard.page.ts[0m:[93m827[0m:[93m49[0m - [91merror[0m[90m TS18048: [0m'response' is possibly 'undefined'.

[7m827[0m         console.error('Error uploading image:', response['message']);
[7m   [0m [91m                                                ~~~~~~~~[0m


Error: [96msrc/app/melting-job-wizard/melting-job-wizard.page.ts[0m:[93m828[0m:[93m45[0m - [91merror[0m[90m TS7053: [0mElement implicitly has an 'any' type because expression of type '"message"' can't be used to index type 'Object'.
  Property 'message' does not exist on type 'Object'.

[7m828[0m         await this.showErrorAlert(new Error(response['message'] || 'Upload failed'), 'upload image for item');
[7m   [0m [91m                                            ~~~~~~~~~~~~~~~~~~~[0m


Error: [96msrc/app/melting-job-wizard/melting-job-wizard.page.ts[0m:[93m828[0m:[93m45[0m - [91merror[0m[90m TS18048: [0m'response' is possibly 'undefined'.

[7m828[0m         await this.showErrorAlert(new Error(response['message'] || 'Upload failed'), 'upload image for item');
[7m   [0m [91m                                            ~~~~~~~~[0m


Error: [96msrc/app/melting-job/melting-job.page.ts[0m:[93m10[0m:[93m8[0m - [91merror[0m[90m TS1259: [0mModule '"/Applications/XAMPP/xamppfiles/htdocs/PWRIDER-CAP/node_modules/@types/big.js/index"' can only be default-imported using the 'allowSyntheticDefaultImports' flag

[7m10[0m import Big from 'big.js';
[7m  [0m [91m       ~~~[0m

  [96mnode_modules/@types/big.js/index.d.ts[0m:[93m352[0m:[93m1[0m
    [7m352[0m export = Big;
    [7m   [0m [96m~~~~~~~~~~~~~[0m
    This module is declared with 'export =', and can only be used with a default import when using the 'allowSyntheticDefaultImports' flag.


Error: [96msrc/app/melting-job/melting-job.page.ts[0m:[93m305[0m:[93m14[0m - [91merror[0m[90m TS7053: [0mElement implicitly has an 'any' type because expression of type '"status"' can't be used to index type 'Object'.
  Property 'status' does not exist on type 'Object'.

[7m305[0m           if(response['status'] == 'ERROR'){
[7m   [0m [91m             ~~~~~~~~~~~~~~~~~~[0m


Error: [96msrc/app/melting-job/melting-job.page.ts[0m:[93m306[0m:[93m57[0m - [91merror[0m[90m TS7053: [0mElement implicitly has an 'any' type because expression of type '"result"' can't be used to index type 'Object'.
  Property 'result' does not exist on type 'Object'.

[7m306[0m             console.error('Error submitting shipment:', response['result']);
[7m   [0m [91m                                                        ~~~~~~~~~~~~~~~~~~[0m


Error: [96msrc/app/melting-job/melting-job.page.ts[0m:[93m307[0m:[93m34[0m - [91merror[0m[90m TS7053: [0mElement implicitly has an 'any' type because expression of type '"result"' can't be used to index type 'Object'.
  Property 'result' does not exist on type 'Object'.

[7m307[0m             this.showErrorAlert( response['result'],'submitting shipment');
[7m   [0m [91m                                 ~~~~~~~~~~~~~~~~~~[0m


Error: [96msrc/app/melting-job/melting-job.page.ts[0m:[93m344[0m:[93m29[0m - [91merror[0m[90m TS7006: [0mParameter 'value' implicitly has an 'any' type.

[7m344[0m     const validateNumber = (value) => {
[7m   [0m [91m                            ~~~~~[0m


Error: [96msrc/app/melting-job/melting-job.page.ts[0m:[93m356[0m:[93m27[0m - [91merror[0m[90m TS7006: [0mParameter 'weight' implicitly has an 'any' type.

[7m356[0m     const calculateXAU = (weight, percentage) => {
[7m   [0m [91m                          ~~~~~~[0m


Error: [96msrc/app/melting-job/melting-job.page.ts[0m:[93m356[0m:[93m35[0m - [91merror[0m[90m TS7006: [0mParameter 'percentage' implicitly has an 'any' type.

[7m356[0m     const calculateXAU = (weight, percentage) => {
[7m   [0m [91m                                  ~~~~~~~~~~[0m


Error: [96msrc/app/melting-job/melting-job.page.ts[0m:[93m391[0m:[93m26[0m - [91merror[0m[90m TS7006: [0mParameter 'gold_shipment_id' implicitly has an 'any' type.

[7m391[0m   getGoldShipmentDetails(gold_shipment_id) {
[7m   [0m [91m                         ~~~~~~~~~~~~~~~~[0m


Error: [96msrc/app/melting-job/melting-job.page.ts[0m:[93m435[0m:[93m29[0m - [91merror[0m[90m TS7006: [0mParameter 'mode' implicitly has an 'any' type.

[7m435[0m   async openActionSheet_tng(mode) {
[7m   [0m [91m                            ~~~~[0m


Error: [96msrc/app/melting-job/melting-job.page.ts[0m:[93m501[0m:[93m75[0m - [91merror[0m[90m TS18046: [0m'error' is of type 'unknown'.

[7m501[0m       await this.presentErrorAlert('Error', 'Failed to capture photo: ' + error.message);
[7m   [0m [91m                                                                          ~~~~~[0m


Error: [96msrc/app/melting-job/melting-job.page.ts[0m:[93m542[0m:[93m24[0m - [91merror[0m[90m TS18047: [0m'input.files' is possibly 'null'.

[7m542[0m           const file = input.files[0];
[7m   [0m [91m                       ~~~~~~~~~~~[0m


Error: [96msrc/app/melting-job/melting-job.page.ts[0m:[93m550[0m:[93m29[0m - [91merror[0m[90m TS18047: [0m'reader.result' is possibly 'null'.

[7m550[0m             const imgInfo = reader.result.toString().split(',')[1];
[7m   [0m [91m                            ~~~~~~~~~~~~~[0m


Error: [96msrc/app/melting-job/melting-job.page.ts[0m:[93m636[0m:[93m11[0m - [91merror[0m[90m TS7053: [0mElement implicitly has an 'any' type because expression of type '"status"' can't be used to index type 'Object'.
  Property 'status' does not exist on type 'Object'.

[7m636[0m       if (data['status'] === "OK") {
[7m   [0m [91m          ~~~~~~~~~~~~~~[0m


Error: [96msrc/app/melting-job/melting-job.page.ts[0m:[93m636[0m:[93m11[0m - [91merror[0m[90m TS18048: [0m'data' is possibly 'undefined'.

[7m636[0m       if (data['status'] === "OK") {
[7m   [0m [91m          ~~~~[0m


Error: [96msrc/app/melting-job/melting-job.page.ts[0m:[93m640[0m:[93m35[0m - [91merror[0m[90m TS7053: [0mElement implicitly has an 'any' type because expression of type '"result"' can't be used to index type 'Object'.
  Property 'result' does not exist on type 'Object'.

[7m640[0m           this.issued_by_img.push(data['result']['img_path']);
[7m   [0m [91m                                  ~~~~~~~~~~~~~~[0m


Error: [96msrc/app/melting-job/melting-job.page.ts[0m:[93m640[0m:[93m35[0m - [91merror[0m[90m TS18048: [0m'data' is possibly 'undefined'.

[7m640[0m           this.issued_by_img.push(data['result']['img_path']);
[7m   [0m [91m                                  ~~~~[0m


Error: [96msrc/app/melting-job/melting-job.page.ts[0m:[93m642[0m:[93m36[0m - [91merror[0m[90m TS7053: [0mElement implicitly has an 'any' type because expression of type '"result"' can't be used to index type 'Object'.
  Property 'result' does not exist on type 'Object'.

[7m642[0m           this.checked_by_img.push(data['result']['img_path']);
[7m   [0m [91m                                   ~~~~~~~~~~~~~~[0m


Error: [96msrc/app/melting-job/melting-job.page.ts[0m:[93m642[0m:[93m36[0m - [91merror[0m[90m TS18048: [0m'data' is possibly 'undefined'.

[7m642[0m           this.checked_by_img.push(data['result']['img_path']);
[7m   [0m [91m                                   ~~~~[0m


Error: [96msrc/app/melting-job/melting-job.page.ts[0m:[93m644[0m:[93m42[0m - [91merror[0m[90m TS7053: [0mElement implicitly has an 'any' type because expression of type '"result"' can't be used to index type 'Object'.
  Property 'result' does not exist on type 'Object'.

[7m644[0m           this.scrapbar_scale_image.push(data['result']['img_path']);
[7m   [0m [91m                                         ~~~~~~~~~~~~~~[0m


Error: [96msrc/app/melting-job/melting-job.page.ts[0m:[93m644[0m:[93m42[0m - [91merror[0m[90m TS18048: [0m'data' is possibly 'undefined'.

[7m644[0m           this.scrapbar_scale_image.push(data['result']['img_path']);
[7m   [0m [91m                                         ~~~~[0m


Error: [96msrc/app/melting-job/melting-job.page.ts[0m:[93m646[0m:[93m40[0m - [91merror[0m[90m TS7053: [0mElement implicitly has an 'any' type because expression of type '"result"' can't be used to index type 'Object'.
  Property 'result' does not exist on type 'Object'.

[7m646[0m           this.assay_sample_image.push(data['result']['img_path']);
[7m   [0m [91m                                       ~~~~~~~~~~~~~~[0m


Error: [96msrc/app/melting-job/melting-job.page.ts[0m:[93m646[0m:[93m40[0m - [91merror[0m[90m TS18048: [0m'data' is possibly 'undefined'.

[7m646[0m           this.assay_sample_image.push(data['result']['img_path']);
[7m   [0m [91m                                       ~~~~[0m


Error: [96msrc/app/melting-job/melting-job.page.ts[0m:[93m648[0m:[93m37[0m - [91merror[0m[90m TS7053: [0mElement implicitly has an 'any' type because expression of type '"result"' can't be used to index type 'Object'.
  Property 'result' does not exist on type 'Object'.

[7m648[0m           this.bar_final_image.push(data['result']['img_path']);
[7m   [0m [91m                                    ~~~~~~~~~~~~~~[0m


Error: [96msrc/app/melting-job/melting-job.page.ts[0m:[93m648[0m:[93m37[0m - [91merror[0m[90m TS18048: [0m'data' is possibly 'undefined'.

[7m648[0m           this.bar_final_image.push(data['result']['img_path']);
[7m   [0m [91m                                    ~~~~[0m


Error: [96msrc/app/melting-job/melting-job.page.ts[0m:[93m650[0m:[93m40[0m - [91merror[0m[90m TS7053: [0mElement implicitly has an 'any' type because expression of type '"result"' can't be used to index type 'Object'.
  Property 'result' does not exist on type 'Object'.

[7m650[0m           this.final_purity_image.push(data['result']['img_path']);
[7m   [0m [91m                                       ~~~~~~~~~~~~~~[0m


Error: [96msrc/app/melting-job/melting-job.page.ts[0m:[93m650[0m:[93m40[0m - [91merror[0m[90m TS18048: [0m'data' is possibly 'undefined'.

[7m650[0m           this.final_purity_image.push(data['result']['img_path']);
[7m   [0m [91m                                       ~~~~[0m


Error: [96msrc/app/melting-job/melting-job.page.ts[0m:[93m657[0m:[93m25[0m - [91merror[0m[90m TS7053: [0mElement implicitly has an 'any' type because expression of type '"message"' can't be used to index type 'Object'.
  Property 'message' does not exist on type 'Object'.

[7m657[0m         throw new Error(data['message'] || 'Upload failed');
[7m   [0m [91m                        ~~~~~~~~~~~~~~~[0m


Error: [96msrc/app/melting-job/melting-job.page.ts[0m:[93m657[0m:[93m25[0m - [91merror[0m[90m TS18048: [0m'data' is possibly 'undefined'.

[7m657[0m         throw new Error(data['message'] || 'Upload failed');
[7m   [0m [91m                        ~~~~[0m


Error: [96msrc/app/melting-job/melting-job.page.ts[0m:[93m691[0m:[93m11[0m - [91merror[0m[90m TS7053: [0mElement implicitly has an 'any' type because expression of type '"status"' can't be used to index type 'Object'.
  Property 'status' does not exist on type 'Object'.

[7m691[0m       if (data['status'] === "OK") {
[7m   [0m [91m          ~~~~~~~~~~~~~~[0m


Error: [96msrc/app/melting-job/melting-job.page.ts[0m:[93m691[0m:[93m11[0m - [91merror[0m[90m TS18048: [0m'data' is possibly 'undefined'.

[7m691[0m       if (data['status'] === "OK") {
[7m   [0m [91m          ~~~~[0m


Error: [96msrc/app/melting-job/melting-job.page.ts[0m:[93m693[0m:[93m38[0m - [91merror[0m[90m TS7053: [0mElement implicitly has an 'any' type because expression of type '"result"' can't be used to index type 'Object'.
  Property 'result' does not exist on type 'Object'.

[7m693[0m         const newImages = JSON.parse(data['result']['img_path']);
[7m   [0m [91m                                     ~~~~~~~~~~~~~~[0m


Error: [96msrc/app/melting-job/melting-job.page.ts[0m:[93m693[0m:[93m38[0m - [91merror[0m[90m TS18048: [0m'data' is possibly 'undefined'.

[7m693[0m         const newImages = JSON.parse(data['result']['img_path']);
[7m   [0m [91m                                     ~~~~[0m


Error: [96msrc/app/melting-job/melting-job.page.ts[0m:[93m709[0m:[93m25[0m - [91merror[0m[90m TS7053: [0mElement implicitly has an 'any' type because expression of type '"message"' can't be used to index type 'Object'.
  Property 'message' does not exist on type 'Object'.

[7m709[0m         throw new Error(data['message'] || 'Upload failed');
[7m   [0m [91m                        ~~~~~~~~~~~~~~~[0m


Error: [96msrc/app/melting-job/melting-job.page.ts[0m:[93m709[0m:[93m25[0m - [91merror[0m[90m TS18048: [0m'data' is possibly 'undefined'.

[7m709[0m         throw new Error(data['message'] || 'Upload failed');
[7m   [0m [91m                        ~~~~[0m


Error: [96msrc/app/melting-job/melting-job.page.ts[0m:[93m728[0m:[93m11[0m - [91merror[0m[90m TS7053: [0mElement implicitly has an 'any' type because expression of type '"status"' can't be used to index type 'Object'.
  Property 'status' does not exist on type 'Object'.

[7m728[0m       if (data['status'] == "OK") {
[7m   [0m [91m          ~~~~~~~~~~~~~~[0m


Error: [96msrc/app/melting-job/melting-job.page.ts[0m:[93m734[0m:[93m35[0m - [91merror[0m[90m TS7053: [0mElement implicitly has an 'any' type because expression of type '"result"' can't be used to index type 'Object'.
  Property 'result' does not exist on type 'Object'.

[7m734[0m           this.issued_by_img.push(data['result']['img_path']);
[7m   [0m [91m                                  ~~~~~~~~~~~~~~[0m


Error: [96msrc/app/melting-job/melting-job.page.ts[0m:[93m736[0m:[93m36[0m - [91merror[0m[90m TS7053: [0mElement implicitly has an 'any' type because expression of type '"result"' can't be used to index type 'Object'.
  Property 'result' does not exist on type 'Object'.

[7m736[0m           this.checked_by_img.push(data['result']['img_path']);
[7m   [0m [91m                                   ~~~~~~~~~~~~~~[0m


Error: [96msrc/app/melting-job/melting-job.page.ts[0m:[93m759[0m:[93m11[0m - [91merror[0m[90m TS7053: [0mElement implicitly has an 'any' type because expression of type '"status"' can't be used to index type 'Object'.
  Property 'status' does not exist on type 'Object'.

[7m759[0m       if (data['status'] == "OK") {
[7m   [0m [91m          ~~~~~~~~~~~~~~[0m


Error: [96msrc/app/melting-job/melting-job.page.ts[0m:[93m761[0m:[93m31[0m - [91merror[0m[90m TS7053: [0mElement implicitly has an 'any' type because expression of type '"result"' can't be used to index type 'Object'.
  Property 'result' does not exist on type 'Object'.

[7m761[0m         let haha = JSON.parse(data['result']['img_path']);
[7m   [0m [91m                              ~~~~~~~~~~~~~~[0m


Error: [96msrc/app/melting-job/melting-job.page.ts[0m:[93m775[0m:[93m18[0m - [91merror[0m[90m TS7006: [0mParameter 'img_path' implicitly has an 'any' type.

[7m775[0m   delete_img_tng(img_path, type) {
[7m   [0m [91m                 ~~~~~~~~[0m


Error: [96msrc/app/melting-job/melting-job.page.ts[0m:[93m775[0m:[93m28[0m - [91merror[0m[90m TS7006: [0mParameter 'type' implicitly has an 'any' type.

[7m775[0m   delete_img_tng(img_path, type) {
[7m   [0m [91m                           ~~~~[0m


Error: [96msrc/app/melting-job/melting-job.page.ts[0m:[93m872[0m:[93m75[0m - [91merror[0m[90m TS18046: [0m'error' is of type 'unknown'.

[7m872[0m       await this.presentErrorAlert('Error', 'Failed to capture photo: ' + error.message);
[7m   [0m [91m                                                                          ~~~~~[0m


Error: [96msrc/app/melting-job/melting-job.page.ts[0m:[93m886[0m:[93m20[0m - [91merror[0m[90m TS18047: [0m'input.files' is possibly 'null'.

[7m886[0m       const file = input.files[0];
[7m   [0m [91m                   ~~~~~~~~~~~[0m


Error: [96msrc/app/melting-job/melting-job.page.ts[0m:[93m894[0m:[93m25[0m - [91merror[0m[90m TS18047: [0m'reader.result' is possibly 'null'.

[7m894[0m         const imgInfo = reader.result.toString().split(',')[1];
[7m   [0m [91m                        ~~~~~~~~~~~~~[0m


Error: [96msrc/app/modal-add-change-request/modal-add-change-request.page.ts[0m:[93m18[0m:[93m8[0m - [91merror[0m[90m TS1259: [0mModule '"/Applications/XAMPP/xamppfiles/htdocs/PWRIDER-CAP/node_modules/@types/big.js/index"' can only be default-imported using the 'allowSyntheticDefaultImports' flag

[7m18[0m import Big from 'big.js';
[7m  [0m [91m       ~~~[0m

  [96mnode_modules/@types/big.js/index.d.ts[0m:[93m352[0m:[93m1[0m
    [7m352[0m export = Big;
    [7m   [0m [96m~~~~~~~~~~~~~[0m
    This module is declared with 'export =', and can only be used with a default import when using the 'allowSyntheticDefaultImports' flag.


Error: [96msrc/app/modal-add-change-request/modal-add-change-request.page.ts[0m:[93m28[0m:[93m22[0m - [91merror[0m[90m TS7008: [0mMember 'modalData' implicitly has an 'any' type.

[7m28[0m  @Input("modalData") modalData;
[7m  [0m [91m                     ~~~~~~~~~[0m


Error: [96msrc/app/modal-add-change-request/modal-add-change-request.page.ts[0m:[93m29[0m:[93m26[0m - [91merror[0m[90m TS7008: [0mMember 'modalDataList' implicitly has an 'any' type.

[7m29[0m  @Input("modalDataList") modalDataList;
[7m  [0m [91m                         ~~~~~~~~~~~~~[0m


Error: [96msrc/app/modal-add-change-request/modal-add-change-request.page.ts[0m:[93m30[0m:[93m26[0m - [91merror[0m[90m TS7008: [0mMember 'selectedIndex' implicitly has an 'any' type.

[7m30[0m  @Input("selectedIndex") selectedIndex;
[7m  [0m [91m                         ~~~~~~~~~~~~~[0m


Error: [96msrc/app/modal-add-change-request/modal-add-change-request.page.ts[0m:[93m31[0m:[93m22[0m - [91merror[0m[90m TS7008: [0mMember 'grnDetail' implicitly has an 'any' type.

[7m31[0m  @Input("grnDetail") grnDetail;
[7m  [0m [91m                     ~~~~~~~~~[0m


Error: [96msrc/app/modal-add-change-request/modal-add-change-request.page.ts[0m:[93m32[0m:[93m35[0m - [91merror[0m[90m TS7008: [0mMember 'customerGoldPurityList' implicitly has an 'any' type.

[7m32[0m  @Input("customerGoldPurityList") customerGoldPurityList;
[7m  [0m [91m                                  ~~~~~~~~~~~~~~~~~~~~~~[0m


Error: [96msrc/app/modal-add-change-request/modal-add-change-request.page.ts[0m:[93m33[0m:[93m34[0m - [91merror[0m[90m TS7008: [0mMember 'customerBItemTypeList' implicitly has an 'any' type.

[7m33[0m  @Input("customerBItemTypeList") customerBItemTypeList;
[7m  [0m [91m                                 ~~~~~~~~~~~~~~~~~~~~~[0m


Error: [96msrc/app/modal-add-change-request/modal-add-change-request.page.ts[0m:[93m34[0m:[93m63[0m - [91merror[0m[90m TS2564: [0mProperty 'gramInput' has no initializer and is not definitely assigned in the constructor.

[7m34[0m  @ViewChild('gramInput', { static: false, read: ElementRef }) gramInput: ElementRef;
[7m  [0m [91m                                                              ~~~~~~~~~[0m


Error: [96msrc/app/modal-add-change-request/modal-add-change-request.page.ts[0m:[93m99[0m:[93m14[0m - [91merror[0m[90m TS7006: [0mParameter 'selected_item' implicitly has an 'any' type.

[7m99[0m  recalculate(selected_item) {
[7m  [0m [91m             ~~~~~~~~~~~~~[0m


Error: [96msrc/app/modal-add-change-request/modal-add-change-request.page.ts[0m:[93m102[0m:[93m66[0m - [91merror[0m[90m TS7006: [0mParameter 'gold' implicitly has an 'any' type.

[7m102[0m    var selectedGold_pure_id = this.customerGoldPurityList.filter(gold => {
[7m   [0m [91m                                                                 ~~~~[0m


Error: [96msrc/app/modal-add-change-request/modal-add-change-request.page.ts[0m:[93m106[0m:[93m65[0m - [91merror[0m[90m TS7006: [0mParameter 'gold_type' implicitly has an 'any' type.

[7m106[0m    var selectedItem_type_id = this.customerBItemTypeList.filter(gold_type => {
[7m   [0m [91m                                                                ~~~~~~~~~[0m


Error: [96msrc/app/modal-add-change-request/modal-add-change-request.page.ts[0m:[93m120[0m:[93m75[0m - [91merror[0m[90m TS7006: [0mParameter 'item' implicitly has an 'any' type.

[7m120[0m   var selectedPresetPurity = this.customerGoldPurityList.filter(function (item) {
[7m   [0m [91m                                                                          ~~~~[0m


Error: [96msrc/app/modal-add-change-request/modal-add-change-request.page.ts[0m:[93m145[0m:[93m14[0m - [91merror[0m[90m TS7006: [0mParameter 'num' implicitly has an 'any' type.

[7m145[0m  no_round_up(num, rounded) {
[7m   [0m [91m             ~~~[0m


Error: [96msrc/app/modal-add-change-request/modal-add-change-request.page.ts[0m:[93m145[0m:[93m19[0m - [91merror[0m[90m TS7006: [0mParameter 'rounded' implicitly has an 'any' type.

[7m145[0m  no_round_up(num, rounded) {
[7m   [0m [91m                  ~~~~~~~[0m


Error: [96msrc/app/modal-claim-cart/modal-claim-cart.page.ts[0m:[93m14[0m:[93m8[0m - [91merror[0m[90m TS1259: [0mModule '"/Applications/XAMPP/xamppfiles/htdocs/PWRIDER-CAP/node_modules/@types/big.js/index"' can only be default-imported using the 'allowSyntheticDefaultImports' flag

[7m14[0m import Big from 'big.js';
[7m  [0m [91m       ~~~[0m

  [96mnode_modules/@types/big.js/index.d.ts[0m:[93m352[0m:[93m1[0m
    [7m352[0m export = Big;
    [7m   [0m [96m~~~~~~~~~~~~~[0m
    This module is declared with 'export =', and can only be used with a default import when using the 'allowSyntheticDefaultImports' flag.


Error: [96msrc/app/modal-claim-cart/modal-claim-cart.page.ts[0m:[93m24[0m:[93m22[0m - [91merror[0m[90m TS7008: [0mMember 'modalData' implicitly has an 'any' type.

[7m24[0m  @Input("modalData") modalData;
[7m  [0m [91m                     ~~~~~~~~~[0m


Error: [96msrc/app/modal-claim-cart/modal-claim-cart.page.ts[0m:[93m45[0m:[93m27[0m - [91merror[0m[90m TS7006: [0mParameter 'task' implicitly has an 'any' type.

[7m45[0m   this.modalData.forEach((task, key) => {
[7m  [0m [91m                          ~~~~[0m


Error: [96msrc/app/modal-claim-cart/modal-claim-cart.page.ts[0m:[93m45[0m:[93m33[0m - [91merror[0m[90m TS7006: [0mParameter 'key' implicitly has an 'any' type.

[7m45[0m   this.modalData.forEach((task, key) => {
[7m  [0m [91m                                ~~~[0m


Error: [96msrc/app/modal-claim-cart/modal-claim-cart.page.ts[0m:[93m54[0m:[93m20[0m - [91merror[0m[90m TS7006: [0mParameter 'task_id' implicitly has an 'any' type.

[7m54[0m  udpateTaskJobDate(task_id,mode) {
[7m  [0m [91m                   ~~~~~~~[0m


Error: [96msrc/app/modal-claim-cart/modal-claim-cart.page.ts[0m:[93m54[0m:[93m28[0m - [91merror[0m[90m TS7006: [0mParameter 'mode' implicitly has an 'any' type.

[7m54[0m  udpateTaskJobDate(task_id,mode) {
[7m  [0m [91m                           ~~~~[0m


Error: [96msrc/app/modal-claim-cart/modal-claim-cart.page.ts[0m:[93m66[0m:[93m27[0m - [91merror[0m[90m TS7006: [0mParameter 'task' implicitly has an 'any' type.

[7m66[0m   this.modalData.forEach((task, key) => {
[7m  [0m [91m                          ~~~~[0m


Error: [96msrc/app/modal-claim-cart/modal-claim-cart.page.ts[0m:[93m66[0m:[93m33[0m - [91merror[0m[90m TS7006: [0mParameter 'key' implicitly has an 'any' type.

[7m66[0m   this.modalData.forEach((task, key) => {
[7m  [0m [91m                                ~~~[0m


Error: [96msrc/app/modal-claim-cart/modal-claim-cart.page.ts[0m:[93m73[0m:[93m13[0m - [91merror[0m[90m TS7006: [0mParameter 'task_id' implicitly has an 'any' type.

[7m73[0m  removeTask(task_id) {
[7m  [0m [91m            ~~~~~~~[0m


Error: [96msrc/app/modal-claim-cart/modal-claim-cart.page.ts[0m:[93m76[0m:[93m27[0m - [91merror[0m[90m TS7006: [0mParameter 'task' implicitly has an 'any' type.

[7m76[0m   this.modalData.forEach((task, key) => {
[7m  [0m [91m                          ~~~~[0m


Error: [96msrc/app/modal-claim-cart/modal-claim-cart.page.ts[0m:[93m76[0m:[93m33[0m - [91merror[0m[90m TS7006: [0mParameter 'key' implicitly has an 'any' type.

[7m76[0m   this.modalData.forEach((task, key) => {
[7m  [0m [91m                                ~~~[0m


Error: [96msrc/app/modal-claim-cart/modal-claim-cart.page.ts[0m:[93m84[0m:[93m29[0m - [91merror[0m[90m TS7006: [0mParameter 'task' implicitly has an 'any' type.

[7m84[0m     this.modalData.forEach((task, key) => {
[7m  [0m [91m                            ~~~~[0m


Error: [96msrc/app/modal-claim-cart/modal-claim-cart.page.ts[0m:[93m84[0m:[93m35[0m - [91merror[0m[90m TS7006: [0mParameter 'key' implicitly has an 'any' type.

[7m84[0m     this.modalData.forEach((task, key) => {
[7m  [0m [91m                                  ~~~[0m


Error: [96msrc/app/modal-customer-list/modal-customer-list.page.ts[0m:[93m19[0m:[93m8[0m - [91merror[0m[90m TS1259: [0mModule '"/Applications/XAMPP/xamppfiles/htdocs/PWRIDER-CAP/node_modules/@types/big.js/index"' can only be default-imported using the 'allowSyntheticDefaultImports' flag

[7m19[0m import Big from 'big.js';
[7m  [0m [91m       ~~~[0m

  [96mnode_modules/@types/big.js/index.d.ts[0m:[93m352[0m:[93m1[0m
    [7m352[0m export = Big;
    [7m   [0m [96m~~~~~~~~~~~~~[0m
    This module is declared with 'export =', and can only be used with a default import when using the 'allowSyntheticDefaultImports' flag.


Error: [96msrc/app/modal-customer-list/modal-customer-list.page.ts[0m:[93m28[0m:[93m23[0m - [91merror[0m[90m TS7008: [0mMember 'modalData' implicitly has an 'any' type.

[7m28[0m   @Input("modalData") modalData;
[7m  [0m [91m                      ~~~~~~~~~[0m


Error: [96msrc/app/modal-customer-list/modal-customer-list.page.ts[0m:[93m29[0m:[93m22[0m - [91merror[0m[90m TS7008: [0mMember 'itemList' implicitly has an 'any' type.

[7m29[0m   @Input("itemList") itemList;
[7m  [0m [91m                     ~~~~~~~~[0m


Error: [96msrc/app/modal-customer-list/modal-customer-list.page.ts[0m:[93m30[0m:[93m19[0m - [91merror[0m[90m TS7008: [0mMember 'index' implicitly has an 'any' type.

[7m30[0m   @Input("index") index;
[7m  [0m [91m                  ~~~~~[0m


Error: [96msrc/app/modal-customer-list/modal-customer-list.page.ts[0m:[93m31[0m:[93m28[0m - [91merror[0m[90m TS7008: [0mMember 'goldPurityList' implicitly has an 'any' type.

[7m31[0m   @Input("goldPurityList") goldPurityList;
[7m  [0m [91m                           ~~~~~~~~~~~~~~[0m


Error: [96msrc/app/modal-customer-list/modal-customer-list.page.ts[0m:[93m32[0m:[93m27[0m - [91merror[0m[90m TS7008: [0mMember 'bItemTypeList' implicitly has an 'any' type.

[7m32[0m   @Input("bItemTypeList") bItemTypeList;
[7m  [0m [91m                          ~~~~~~~~~~~~~[0m


Error: [96msrc/app/modal-customer-list/modal-customer-list.page.ts[0m:[93m33[0m:[93m18[0m - [91merror[0m[90m TS7008: [0mMember 'type' implicitly has an 'any' type.

[7m33[0m   @Input("type") type;
[7m  [0m [91m                 ~~~~[0m


Error: [96msrc/app/modal-customer-list/modal-customer-list.page.ts[0m:[93m74[0m:[93m19[0m - [91merror[0m[90m TS7006: [0mParameter 'selectedItem' implicitly has an 'any' type.

[7m74[0m  async deleteItem(selectedItem){
[7m  [0m [91m                  ~~~~~~~~~~~~[0m


Error: [96msrc/app/modal-customer-list/modal-customer-list.page.ts[0m:[93m105[0m:[93m21[0m - [91merror[0m[90m TS7006: [0mParameter 'item' implicitly has an 'any' type.

[7m105[0m  selectedGoldPurity(item,index){
[7m   [0m [91m                    ~~~~[0m


Error: [96msrc/app/modal-customer-list/modal-customer-list.page.ts[0m:[93m105[0m:[93m26[0m - [91merror[0m[90m TS7006: [0mParameter 'index' implicitly has an 'any' type.

[7m105[0m  selectedGoldPurity(item,index){
[7m   [0m [91m                         ~~~~~[0m


Error: [96msrc/app/modal-customer-list/modal-customer-list.page.ts[0m:[93m106[0m:[93m55[0m - [91merror[0m[90m TS7006: [0mParameter 'i' implicitly has an 'any' type.

[7m106[0m   var foundedGP = this.goldPurityList.filter(function(i) {
[7m   [0m [91m                                                      ~[0m


Error: [96msrc/app/modal-customer-list/modal-customer-list.page.ts[0m:[93m111[0m:[93m50[0m - [91merror[0m[90m TS7006: [0mParameter 'i' implicitly has an 'any' type.

[7m111[0m   var foundedSGP = this.itemList.filter(function(i) {
[7m   [0m [91m                                                 ~[0m


Error: [96msrc/app/modal-customer-list/modal-customer-list.page.ts[0m:[93m127[0m:[93m19[0m - [91merror[0m[90m TS7006: [0mParameter 'item' implicitly has an 'any' type.

[7m127[0m  selectedItemType(item,type){
[7m   [0m [91m                  ~~~~[0m


Error: [96msrc/app/modal-customer-list/modal-customer-list.page.ts[0m:[93m127[0m:[93m24[0m - [91merror[0m[90m TS7006: [0mParameter 'type' implicitly has an 'any' type.

[7m127[0m  selectedItemType(item,type){
[7m   [0m [91m                       ~~~~[0m


Error: [96msrc/app/modal-customer-list/modal-customer-list.page.ts[0m:[93m130[0m:[93m61[0m - [91merror[0m[90m TS7006: [0mParameter 'i' implicitly has an 'any' type.

[7m130[0m    var foundedItemType = this.bItemTypeList.filter(function(i) {
[7m   [0m [91m                                                            ~[0m


Error: [96msrc/app/modal-customer-list/modal-customer-list.page.ts[0m:[93m135[0m:[93m57[0m - [91merror[0m[90m TS7006: [0mParameter 'i' implicitly has an 'any' type.

[7m135[0m    var foundedSItemType = this.itemList.filter(function(i) {
[7m   [0m [91m                                                        ~[0m


Error: [96msrc/app/modal-customer-list/modal-customer-list.page.ts[0m:[93m148[0m:[93m61[0m - [91merror[0m[90m TS7006: [0mParameter 'i' implicitly has an 'any' type.

[7m148[0m    var foundedItemType = this.bItemTypeList.filter(function(i) {
[7m   [0m [91m                                                            ~[0m


Error: [96msrc/app/modal-customer-list/modal-customer-list.page.ts[0m:[93m157[0m:[93m27[0m - [91merror[0m[90m TS7006: [0mParameter 'item' implicitly has an 'any' type.

[7m157[0m  calculate_price_per_gram(item,type){
[7m   [0m [91m                          ~~~~[0m


Error: [96msrc/app/modal-customer-list/modal-customer-list.page.ts[0m:[93m157[0m:[93m32[0m - [91merror[0m[90m TS7006: [0mParameter 'type' implicitly has an 'any' type.

[7m157[0m  calculate_price_per_gram(item,type){
[7m   [0m [91m                               ~~~~[0m


Error: [96msrc/app/modal-customer-list/modal-customer-list.page.ts[0m:[93m189[0m:[93m18[0m - [91merror[0m[90m TS7006: [0mParameter 'title' implicitly has an 'any' type.

[7m189[0m  async showAlert(title, msg) {
[7m   [0m [91m                 ~~~~~[0m


Error: [96msrc/app/modal-customer-list/modal-customer-list.page.ts[0m:[93m189[0m:[93m25[0m - [91merror[0m[90m TS7006: [0mParameter 'msg' implicitly has an 'any' type.

[7m189[0m  async showAlert(title, msg) {
[7m   [0m [91m                        ~~~[0m


Error: [96msrc/app/modal-exchange-items/modal-exchange-items.page.ts[0m:[93m21[0m:[93m8[0m - [91merror[0m[90m TS1259: [0mModule '"/Applications/XAMPP/xamppfiles/htdocs/PWRIDER-CAP/node_modules/@types/big.js/index"' can only be default-imported using the 'allowSyntheticDefaultImports' flag

[7m21[0m import Big from 'big.js';
[7m  [0m [91m       ~~~[0m

  [96mnode_modules/@types/big.js/index.d.ts[0m:[93m352[0m:[93m1[0m
    [7m352[0m export = Big;
    [7m   [0m [96m~~~~~~~~~~~~~[0m
    This module is declared with 'export =', and can only be used with a default import when using the 'allowSyntheticDefaultImports' flag.


Error: [96msrc/app/modal-exchange-items/modal-exchange-items.page.ts[0m:[93m69[0m:[93m36[0m - [91merror[0m[90m TS7015: [0mElement implicitly has an 'any' type because index expression is not of type 'number'.

[7m69[0m     this.prodcut_code = this.items['prodcut_code'];
[7m  [0m [91m                                   ~~~~~~~~~~~~~~[0m


Error: [96msrc/app/modal-exchange-items/modal-exchange-items.page.ts[0m:[93m70[0m:[93m34[0m - [91merror[0m[90m TS7015: [0mElement implicitly has an 'any' type because index expression is not of type 'number'.

[7m70[0m     this.product_id = this.items['product_id'];
[7m  [0m [91m                                 ~~~~~~~~~~~~[0m


Error: [96msrc/app/modal-exchange-items/modal-exchange-items.page.ts[0m:[93m71[0m:[93m36[0m - [91merror[0m[90m TS7015: [0mElement implicitly has an 'any' type because index expression is not of type 'number'.

[7m71[0m     this.gold_pure_id = this.items['gold_pure_id'];
[7m  [0m [91m                                   ~~~~~~~~~~~~~~[0m


Error: [96msrc/app/modal-exchange-items/modal-exchange-items.page.ts[0m:[93m72[0m:[93m28[0m - [91merror[0m[90m TS7015: [0mElement implicitly has an 'any' type because index expression is not of type 'number'.

[7m72[0m     this.code = this.items['code'];
[7m  [0m [91m                           ~~~~~~[0m


Error: [96msrc/app/modal-exchange-items/modal-exchange-items.page.ts[0m:[93m73[0m:[93m34[0m - [91merror[0m[90m TS7015: [0mElement implicitly has an 'any' type because index expression is not of type 'number'.

[7m73[0m     this.percentage = this.items['percentage'];
[7m  [0m [91m                                 ~~~~~~~~~~~~[0m


Error: [96msrc/app/modal-exchange-items/modal-exchange-items.page.ts[0m:[93m74[0m:[93m36[0m - [91merror[0m[90m TS7015: [0mElement implicitly has an 'any' type because index expression is not of type 'number'.

[7m74[0m     this.item_type_id = this.items['item_type_id'];
[7m  [0m [91m                                   ~~~~~~~~~~~~~~[0m


Error: [96msrc/app/modal-exchange-items/modal-exchange-items.page.ts[0m:[93m75[0m:[93m38[0m - [91merror[0m[90m TS7015: [0mElement implicitly has an 'any' type because index expression is not of type 'number'.

[7m75[0m     this.item_type_name = this.items['item_type_name'];
[7m  [0m [91m                                     ~~~~~~~~~~~~~~~~[0m


Error: [96msrc/app/modal-exchange-items/modal-exchange-items.page.ts[0m:[93m76[0m:[93m30[0m - [91merror[0m[90m TS7015: [0mElement implicitly has an 'any' type because index expression is not of type 'number'.

[7m76[0m     this.weight = this.items['weight'];
[7m  [0m [91m                             ~~~~~~~~[0m


Error: [96msrc/app/modal-exchange-items/modal-exchange-items.page.ts[0m:[93m77[0m:[93m31[0m - [91merror[0m[90m TS7015: [0mElement implicitly has an 'any' type because index expression is not of type 'number'.

[7m77[0m     this.barcode = this.items['barcode'];
[7m  [0m [91m                              ~~~~~~~~~[0m


Error: [96msrc/app/modal-exchange-items/modal-exchange-items.page.ts[0m:[93m78[0m:[93m34[0m - [91merror[0m[90m TS7015: [0mElement implicitly has an 'any' type because index expression is not of type 'number'.

[7m78[0m     this.pw_barcode = this.items['pw_barcode'];
[7m  [0m [91m                                 ~~~~~~~~~~~~[0m


Error: [96msrc/app/modal-exchange-items/modal-exchange-items.page.ts[0m:[93m79[0m:[93m35[0m - [91merror[0m[90m TS7015: [0mElement implicitly has an 'any' type because index expression is not of type 'number'.

[7m79[0m     this.is_editable = this.items['is_editable'];
[7m  [0m [91m                                  ~~~~~~~~~~~~~[0m


Error: [96msrc/app/modal-exchange-items/modal-exchange-items.page.ts[0m:[93m80[0m:[93m30[0m - [91merror[0m[90m TS7015: [0mElement implicitly has an 'any' type because index expression is not of type 'number'.

[7m80[0m     this.remark = this.items['remark'];
[7m  [0m [91m                             ~~~~~~~~[0m


Error: [96msrc/app/modal-exchange-items/modal-exchange-items.page.ts[0m:[93m81[0m:[93m33[0m - [91merror[0m[90m TS7015: [0mElement implicitly has an 'any' type because index expression is not of type 'number'.

[7m81[0m     this.gold_name = this.items['gold_name'];
[7m  [0m [91m                                ~~~~~~~~~~~[0m


Error: [96msrc/app/modal-exchange-items/modal-exchange-items.page.ts[0m:[93m82[0m:[93m43[0m - [91merror[0m[90m TS7015: [0mElement implicitly has an 'any' type because index expression is not of type 'number'.

[7m82[0m     this.customer_percentage = this.items['customer_percentage'];
[7m  [0m [91m                                          ~~~~~~~~~~~~~~~~~~~~~[0m


Error: [96msrc/app/modal-exchange-items/modal-exchange-items.page.ts[0m:[93m83[0m:[93m36[0m - [91merror[0m[90m TS7015: [0mElement implicitly has an 'any' type because index expression is not of type 'number'.

[7m83[0m     this.customer_XAU = this.items['customer_XAU'];
[7m  [0m [91m                                   ~~~~~~~~~~~~~~[0m


Error: [96msrc/app/modal-exchange-items/modal-exchange-items.page.ts[0m:[93m84[0m:[93m29[0m - [91merror[0m[90m TS7015: [0mElement implicitly has an 'any' type because index expression is not of type 'number'.

[7m84[0m     this.image = this.items['image'] ? this.items['image'] : [];
[7m  [0m [91m                            ~~~~~~~[0m


Error: [96msrc/app/modal-exchange-items/modal-exchange-items.page.ts[0m:[93m84[0m:[93m51[0m - [91merror[0m[90m TS7015: [0mElement implicitly has an 'any' type because index expression is not of type 'number'.

[7m84[0m     this.image = this.items['image'] ? this.items['image'] : [];
[7m  [0m [91m                                                  ~~~~~~~[0m


Error: [96msrc/app/modal-exchange-items/modal-exchange-items.page.ts[0m:[93m147[0m:[93m16[0m - [91merror[0m[90m TS7015: [0mElement implicitly has an 'any' type because index expression is not of type 'number'.

[7m147[0m     this.items['weight'] = this.weight;
[7m   [0m [91m               ~~~~~~~~[0m


Error: [96msrc/app/modal-exchange-items/modal-exchange-items.page.ts[0m:[93m148[0m:[93m16[0m - [91merror[0m[90m TS7015: [0mElement implicitly has an 'any' type because index expression is not of type 'number'.

[7m148[0m     this.items['percentage'] = this.percentage;
[7m   [0m [91m               ~~~~~~~~~~~~[0m


Error: [96msrc/app/modal-exchange-items/modal-exchange-items.page.ts[0m:[93m149[0m:[93m16[0m - [91merror[0m[90m TS7015: [0mElement implicitly has an 'any' type because index expression is not of type 'number'.

[7m149[0m     this.items['gold_pure_id'] = this.gold_pure_id;
[7m   [0m [91m               ~~~~~~~~~~~~~~[0m


Error: [96msrc/app/modal-exchange-items/modal-exchange-items.page.ts[0m:[93m150[0m:[93m16[0m - [91merror[0m[90m TS7015: [0mElement implicitly has an 'any' type because index expression is not of type 'number'.

[7m150[0m     this.items['item_type_id'] = this.item_type_id;
[7m   [0m [91m               ~~~~~~~~~~~~~~[0m


Error: [96msrc/app/modal-exchange-items/modal-exchange-items.page.ts[0m:[93m151[0m:[93m16[0m - [91merror[0m[90m TS7015: [0mElement implicitly has an 'any' type because index expression is not of type 'number'.

[7m151[0m     this.items['XAU'] = this.XAU;
[7m   [0m [91m               ~~~~~[0m


Error: [96msrc/app/modal-exchange-items/modal-exchange-items.page.ts[0m:[93m152[0m:[93m16[0m - [91merror[0m[90m TS7015: [0mElement implicitly has an 'any' type because index expression is not of type 'number'.

[7m152[0m     this.items['barcode'] = this.barcode;
[7m   [0m [91m               ~~~~~~~~~[0m


Error: [96msrc/app/modal-exchange-items/modal-exchange-items.page.ts[0m:[93m153[0m:[93m16[0m - [91merror[0m[90m TS7015: [0mElement implicitly has an 'any' type because index expression is not of type 'number'.

[7m153[0m     this.items['pw_barcode'] = this.pw_barcode;
[7m   [0m [91m               ~~~~~~~~~~~~[0m


Error: [96msrc/app/modal-exchange-items/modal-exchange-items.page.ts[0m:[93m154[0m:[93m16[0m - [91merror[0m[90m TS7015: [0mElement implicitly has an 'any' type because index expression is not of type 'number'.

[7m154[0m     this.items['is_editable'] = this.is_editable;
[7m   [0m [91m               ~~~~~~~~~~~~~[0m


Error: [96msrc/app/modal-exchange-items/modal-exchange-items.page.ts[0m:[93m155[0m:[93m16[0m - [91merror[0m[90m TS7015: [0mElement implicitly has an 'any' type because index expression is not of type 'number'.

[7m155[0m     this.items['customer_percentage'] = this.customer_percentage;
[7m   [0m [91m               ~~~~~~~~~~~~~~~~~~~~~[0m


Error: [96msrc/app/modal-exchange-items/modal-exchange-items.page.ts[0m:[93m156[0m:[93m16[0m - [91merror[0m[90m TS7015: [0mElement implicitly has an 'any' type because index expression is not of type 'number'.

[7m156[0m     this.items['customer_XAU'] = this.customer_XAU;
[7m   [0m [91m               ~~~~~~~~~~~~~~[0m


Error: [96msrc/app/modal-exchange-items/modal-exchange-items.page.ts[0m:[93m157[0m:[93m16[0m - [91merror[0m[90m TS7015: [0mElement implicitly has an 'any' type because index expression is not of type 'number'.

[7m157[0m     this.items['gold_name'] = this.gold_name;
[7m   [0m [91m               ~~~~~~~~~~~[0m


Error: [96msrc/app/modal-exchange-items/modal-exchange-items.page.ts[0m:[93m158[0m:[93m16[0m - [91merror[0m[90m TS7015: [0mElement implicitly has an 'any' type because index expression is not of type 'number'.

[7m158[0m     this.items['remark'] = this.remark;
[7m   [0m [91m               ~~~~~~~~[0m


Error: [96msrc/app/modal-exchange-items/modal-exchange-items.page.ts[0m:[93m159[0m:[93m16[0m - [91merror[0m[90m TS7015: [0mElement implicitly has an 'any' type because index expression is not of type 'number'.

[7m159[0m     this.items['item_type_name'] = this.item_type_name;
[7m   [0m [91m               ~~~~~~~~~~~~~~~~[0m


Error: [96msrc/app/modal-exchange-items/modal-exchange-items.page.ts[0m:[93m160[0m:[93m16[0m - [91merror[0m[90m TS7015: [0mElement implicitly has an 'any' type because index expression is not of type 'number'.

[7m160[0m     this.items['image'] = this.image ? this.image : [];
[7m   [0m [91m               ~~~~~~~[0m


Error: [96msrc/app/modal-exchange-items/modal-exchange-items.page.ts[0m:[93m166[0m:[93m14[0m - [91merror[0m[90m TS7006: [0mParameter 'item' implicitly has an 'any' type.

[7m166[0m   deleteItem(item) {
[7m   [0m [91m             ~~~~[0m


Error: [96msrc/app/modal-exchange-items/modal-exchange-items.page.ts[0m:[93m224[0m:[93m67[0m - [91merror[0m[90m TS18046: [0m'err' is of type 'unknown'.

[7m224[0m       await this.showAlert("Error", 'Failed to capture photo: ' + err.message);
[7m   [0m [91m                                                                  ~~~[0m


Error: [96msrc/app/modal-exchange-items/modal-exchange-items.page.ts[0m:[93m257[0m:[93m20[0m - [91merror[0m[90m TS18047: [0m'input.files' is possibly 'null'.

[7m257[0m         let file = input.files[0];
[7m   [0m [91m                   ~~~~~~~~~~~[0m


Error: [96msrc/app/modal-exchange-items/modal-exchange-items.page.ts[0m:[93m261[0m:[93m25[0m - [91merror[0m[90m TS18047: [0m'reader.result' is possibly 'null'.

[7m261[0m           let imgInfo = reader.result.toString().split(',')[1];
[7m   [0m [91m                        ~~~~~~~~~~~~~[0m


Error: [96msrc/app/modal-exchange-items/modal-exchange-items.page.ts[0m:[93m342[0m:[93m11[0m - [91merror[0m[90m TS7053: [0mElement implicitly has an 'any' type because expression of type '"status"' can't be used to index type 'Object'.
  Property 'status' does not exist on type 'Object'.

[7m342[0m       if (response['status'] === "OK") {
[7m   [0m [91m          ~~~~~~~~~~~~~~~~~~[0m


Error: [96msrc/app/modal-exchange-items/modal-exchange-items.page.ts[0m:[93m342[0m:[93m11[0m - [91merror[0m[90m TS18048: [0m'response' is possibly 'undefined'.

[7m342[0m       if (response['status'] === "OK") {
[7m   [0m [91m          ~~~~~~~~[0m


Error: [96msrc/app/modal-exchange-items/modal-exchange-items.page.ts[0m:[93m343[0m:[93m25[0m - [91merror[0m[90m TS7053: [0mElement implicitly has an 'any' type because expression of type '"result"' can't be used to index type 'Object'.
  Property 'result' does not exist on type 'Object'.

[7m343[0m         this.image.push(response['result']['img_path']);
[7m   [0m [91m                        ~~~~~~~~~~~~~~~~~~[0m


Error: [96msrc/app/modal-exchange-items/modal-exchange-items.page.ts[0m:[93m343[0m:[93m25[0m - [91merror[0m[90m TS18048: [0m'response' is possibly 'undefined'.

[7m343[0m         this.image.push(response['result']['img_path']);
[7m   [0m [91m                        ~~~~~~~~[0m


Error: [96msrc/app/modal-exchange-items/modal-exchange-items.page.ts[0m:[93m398[0m:[93m11[0m - [91merror[0m[90m TS7053: [0mElement implicitly has an 'any' type because expression of type '"status"' can't be used to index type 'Object'.
  Property 'status' does not exist on type 'Object'.

[7m398[0m       if (response['status'] === "OK") {
[7m   [0m [91m          ~~~~~~~~~~~~~~~~~~[0m


Error: [96msrc/app/modal-exchange-items/modal-exchange-items.page.ts[0m:[93m398[0m:[93m11[0m - [91merror[0m[90m TS18048: [0m'response' is possibly 'undefined'.

[7m398[0m       if (response['status'] === "OK") {
[7m   [0m [91m          ~~~~~~~~[0m


Error: [96msrc/app/modal-exchange-items/modal-exchange-items.page.ts[0m:[93m400[0m:[93m39[0m - [91merror[0m[90m TS7053: [0mElement implicitly has an 'any' type because expression of type '"result"' can't be used to index type 'Object'.
  Property 'result' does not exist on type 'Object'.

[7m400[0m           const imgPaths = JSON.parse(response['result']['img_path']);
[7m   [0m [91m                                      ~~~~~~~~~~~~~~~~~~[0m


Error: [96msrc/app/modal-exchange-items/modal-exchange-items.page.ts[0m:[93m400[0m:[93m39[0m - [91merror[0m[90m TS18048: [0m'response' is possibly 'undefined'.

[7m400[0m           const imgPaths = JSON.parse(response['result']['img_path']);
[7m   [0m [91m                                      ~~~~~~~~[0m


Error: [96msrc/app/modal-gold-shipment-detail/modal-gold-shipment-detail.page.ts[0m:[93m21[0m:[93m8[0m - [91merror[0m[90m TS1259: [0mModule '"/Applications/XAMPP/xamppfiles/htdocs/PWRIDER-CAP/node_modules/@types/big.js/index"' can only be default-imported using the 'allowSyntheticDefaultImports' flag

[7m21[0m import Big from 'big.js';
[7m  [0m [91m       ~~~[0m

  [96mnode_modules/@types/big.js/index.d.ts[0m:[93m352[0m:[93m1[0m
    [7m352[0m export = Big;
    [7m   [0m [96m~~~~~~~~~~~~~[0m
    This module is declared with 'export =', and can only be used with a default import when using the 'allowSyntheticDefaultImports' flag.


Error: [96msrc/app/modal-gold-shipment-detail/modal-gold-shipment-detail.page.ts[0m:[93m67[0m:[93m36[0m - [91merror[0m[90m TS7015: [0mElement implicitly has an 'any' type because index expression is not of type 'number'.

[7m67[0m     this.prodcut_code = this.items['prodcut_code'];
[7m  [0m [91m                                   ~~~~~~~~~~~~~~[0m


Error: [96msrc/app/modal-gold-shipment-detail/modal-gold-shipment-detail.page.ts[0m:[93m68[0m:[93m34[0m - [91merror[0m[90m TS7015: [0mElement implicitly has an 'any' type because index expression is not of type 'number'.

[7m68[0m     this.product_id = this.items['product_id'];
[7m  [0m [91m                                 ~~~~~~~~~~~~[0m


Error: [96msrc/app/modal-gold-shipment-detail/modal-gold-shipment-detail.page.ts[0m:[93m69[0m:[93m36[0m - [91merror[0m[90m TS7015: [0mElement implicitly has an 'any' type because index expression is not of type 'number'.

[7m69[0m     this.gold_pure_id = this.items['gold_pure_id'];
[7m  [0m [91m                                   ~~~~~~~~~~~~~~[0m


Error: [96msrc/app/modal-gold-shipment-detail/modal-gold-shipment-detail.page.ts[0m:[93m70[0m:[93m28[0m - [91merror[0m[90m TS7015: [0mElement implicitly has an 'any' type because index expression is not of type 'number'.

[7m70[0m     this.code = this.items['code'];
[7m  [0m [91m                           ~~~~~~[0m


Error: [96msrc/app/modal-gold-shipment-detail/modal-gold-shipment-detail.page.ts[0m:[93m71[0m:[93m34[0m - [91merror[0m[90m TS7015: [0mElement implicitly has an 'any' type because index expression is not of type 'number'.

[7m71[0m     this.percentage = this.items['percentage'];
[7m  [0m [91m                                 ~~~~~~~~~~~~[0m


Error: [96msrc/app/modal-gold-shipment-detail/modal-gold-shipment-detail.page.ts[0m:[93m72[0m:[93m36[0m - [91merror[0m[90m TS7015: [0mElement implicitly has an 'any' type because index expression is not of type 'number'.

[7m72[0m     this.item_type_id = this.items['item_type_id'];
[7m  [0m [91m                                   ~~~~~~~~~~~~~~[0m


Error: [96msrc/app/modal-gold-shipment-detail/modal-gold-shipment-detail.page.ts[0m:[93m73[0m:[93m38[0m - [91merror[0m[90m TS7015: [0mElement implicitly has an 'any' type because index expression is not of type 'number'.

[7m73[0m     this.item_type_name = this.items['item_type_name'];
[7m  [0m [91m                                     ~~~~~~~~~~~~~~~~[0m


Error: [96msrc/app/modal-gold-shipment-detail/modal-gold-shipment-detail.page.ts[0m:[93m74[0m:[93m30[0m - [91merror[0m[90m TS7015: [0mElement implicitly has an 'any' type because index expression is not of type 'number'.

[7m74[0m     this.weight = this.items['weight'];
[7m  [0m [91m                             ~~~~~~~~[0m


Error: [96msrc/app/modal-gold-shipment-detail/modal-gold-shipment-detail.page.ts[0m:[93m75[0m:[93m31[0m - [91merror[0m[90m TS7015: [0mElement implicitly has an 'any' type because index expression is not of type 'number'.

[7m75[0m     this.barcode = this.items['barcode'];
[7m  [0m [91m                              ~~~~~~~~~[0m


Error: [96msrc/app/modal-gold-shipment-detail/modal-gold-shipment-detail.page.ts[0m:[93m76[0m:[93m34[0m - [91merror[0m[90m TS7015: [0mElement implicitly has an 'any' type because index expression is not of type 'number'.

[7m76[0m     this.pw_barcode = this.items['pw_barcode'];
[7m  [0m [91m                                 ~~~~~~~~~~~~[0m


Error: [96msrc/app/modal-gold-shipment-detail/modal-gold-shipment-detail.page.ts[0m:[93m77[0m:[93m30[0m - [91merror[0m[90m TS7015: [0mElement implicitly has an 'any' type because index expression is not of type 'number'.

[7m77[0m     this.remark = this.items['remark'];
[7m  [0m [91m                             ~~~~~~~~[0m


Error: [96msrc/app/modal-gold-shipment-detail/modal-gold-shipment-detail.page.ts[0m:[93m78[0m:[93m33[0m - [91merror[0m[90m TS7015: [0mElement implicitly has an 'any' type because index expression is not of type 'number'.

[7m78[0m     this.gold_name = this.items['gold_name'];
[7m  [0m [91m                                ~~~~~~~~~~~[0m


Error: [96msrc/app/modal-gold-shipment-detail/modal-gold-shipment-detail.page.ts[0m:[93m79[0m:[93m29[0m - [91merror[0m[90m TS7015: [0mElement implicitly has an 'any' type because index expression is not of type 'number'.

[7m79[0m     this.image = this.items['image'] ? this.items['image'] : [];
[7m  [0m [91m                            ~~~~~~~[0m


Error: [96msrc/app/modal-gold-shipment-detail/modal-gold-shipment-detail.page.ts[0m:[93m79[0m:[93m51[0m - [91merror[0m[90m TS7015: [0mElement implicitly has an 'any' type because index expression is not of type 'number'.

[7m79[0m     this.image = this.items['image'] ? this.items['image'] : [];
[7m  [0m [91m                                                  ~~~~~~~[0m


Error: [96msrc/app/modal-gold-shipment-detail/modal-gold-shipment-detail.page.ts[0m:[93m80[0m:[93m39[0m - [91merror[0m[90m TS7015: [0mElement implicitly has an 'any' type because index expression is not of type 'number'.

[7m80[0m     this.out_stock_image = this.items['out_stock_image'] ? this.items['out_stock_image'] : [];
[7m  [0m [91m                                      ~~~~~~~~~~~~~~~~~[0m


Error: [96msrc/app/modal-gold-shipment-detail/modal-gold-shipment-detail.page.ts[0m:[93m80[0m:[93m71[0m - [91merror[0m[90m TS7015: [0mElement implicitly has an 'any' type because index expression is not of type 'number'.

[7m80[0m     this.out_stock_image = this.items['out_stock_image'] ? this.items['out_stock_image'] : [];
[7m  [0m [91m                                                                      ~~~~~~~~~~~~~~~~~[0m


Error: [96msrc/app/modal-gold-shipment-detail/modal-gold-shipment-detail.page.ts[0m:[93m81[0m:[93m43[0m - [91merror[0m[90m TS7015: [0mElement implicitly has an 'any' type because index expression is not of type 'number'.

[7m81[0m     this.customer_percentage = this.items['customer_percentage'];
[7m  [0m [91m                                          ~~~~~~~~~~~~~~~~~~~~~[0m


Error: [96msrc/app/modal-gold-shipment-detail/modal-gold-shipment-detail.page.ts[0m:[93m82[0m:[93m36[0m - [91merror[0m[90m TS7015: [0mElement implicitly has an 'any' type because index expression is not of type 'number'.

[7m82[0m     this.customer_XAU = this.items['customer_XAU'];
[7m  [0m [91m                                   ~~~~~~~~~~~~~~[0m


Error: [96msrc/app/modal-gold-shipment-detail/modal-gold-shipment-detail.page.ts[0m:[93m132[0m:[93m16[0m - [91merror[0m[90m TS7015: [0mElement implicitly has an 'any' type because index expression is not of type 'number'.

[7m132[0m     this.items['weight'] = this.weight;
[7m   [0m [91m               ~~~~~~~~[0m


Error: [96msrc/app/modal-gold-shipment-detail/modal-gold-shipment-detail.page.ts[0m:[93m133[0m:[93m16[0m - [91merror[0m[90m TS7015: [0mElement implicitly has an 'any' type because index expression is not of type 'number'.

[7m133[0m     this.items['percentage'] = this.percentage;
[7m   [0m [91m               ~~~~~~~~~~~~[0m


Error: [96msrc/app/modal-gold-shipment-detail/modal-gold-shipment-detail.page.ts[0m:[93m134[0m:[93m16[0m - [91merror[0m[90m TS7015: [0mElement implicitly has an 'any' type because index expression is not of type 'number'.

[7m134[0m     this.items['gold_pure_id'] = this.gold_pure_id;
[7m   [0m [91m               ~~~~~~~~~~~~~~[0m


Error: [96msrc/app/modal-gold-shipment-detail/modal-gold-shipment-detail.page.ts[0m:[93m135[0m:[93m16[0m - [91merror[0m[90m TS7015: [0mElement implicitly has an 'any' type because index expression is not of type 'number'.

[7m135[0m     this.items['item_type_id'] = this.item_type_id;
[7m   [0m [91m               ~~~~~~~~~~~~~~[0m


Error: [96msrc/app/modal-gold-shipment-detail/modal-gold-shipment-detail.page.ts[0m:[93m136[0m:[93m16[0m - [91merror[0m[90m TS7015: [0mElement implicitly has an 'any' type because index expression is not of type 'number'.

[7m136[0m     this.items['XAU'] = this.XAU;
[7m   [0m [91m               ~~~~~[0m


Error: [96msrc/app/modal-gold-shipment-detail/modal-gold-shipment-detail.page.ts[0m:[93m137[0m:[93m16[0m - [91merror[0m[90m TS7015: [0mElement implicitly has an 'any' type because index expression is not of type 'number'.

[7m137[0m     this.items['barcode'] = this.barcode;
[7m   [0m [91m               ~~~~~~~~~[0m


Error: [96msrc/app/modal-gold-shipment-detail/modal-gold-shipment-detail.page.ts[0m:[93m138[0m:[93m16[0m - [91merror[0m[90m TS7015: [0mElement implicitly has an 'any' type because index expression is not of type 'number'.

[7m138[0m     this.items['pw_barcode'] = this.pw_barcode;
[7m   [0m [91m               ~~~~~~~~~~~~[0m


Error: [96msrc/app/modal-gold-shipment-detail/modal-gold-shipment-detail.page.ts[0m:[93m139[0m:[93m16[0m - [91merror[0m[90m TS7015: [0mElement implicitly has an 'any' type because index expression is not of type 'number'.

[7m139[0m     this.items['customer_percentage'] = this.customer_percentage;
[7m   [0m [91m               ~~~~~~~~~~~~~~~~~~~~~[0m


Error: [96msrc/app/modal-gold-shipment-detail/modal-gold-shipment-detail.page.ts[0m:[93m140[0m:[93m16[0m - [91merror[0m[90m TS7015: [0mElement implicitly has an 'any' type because index expression is not of type 'number'.

[7m140[0m     this.items['customer_XAU'] = this.customer_XAU;
[7m   [0m [91m               ~~~~~~~~~~~~~~[0m


Error: [96msrc/app/modal-gold-shipment-detail/modal-gold-shipment-detail.page.ts[0m:[93m141[0m:[93m16[0m - [91merror[0m[90m TS7015: [0mElement implicitly has an 'any' type because index expression is not of type 'number'.

[7m141[0m     this.items['gold_name'] = this.gold_name;
[7m   [0m [91m               ~~~~~~~~~~~[0m


Error: [96msrc/app/modal-gold-shipment-detail/modal-gold-shipment-detail.page.ts[0m:[93m142[0m:[93m16[0m - [91merror[0m[90m TS7015: [0mElement implicitly has an 'any' type because index expression is not of type 'number'.

[7m142[0m     this.items['remark'] = this.remark;
[7m   [0m [91m               ~~~~~~~~[0m


Error: [96msrc/app/modal-gold-shipment-detail/modal-gold-shipment-detail.page.ts[0m:[93m143[0m:[93m16[0m - [91merror[0m[90m TS7015: [0mElement implicitly has an 'any' type because index expression is not of type 'number'.

[7m143[0m     this.items['image'] = this.image ? this.image : [];
[7m   [0m [91m               ~~~~~~~[0m


Error: [96msrc/app/modal-gold-shipment-detail/modal-gold-shipment-detail.page.ts[0m:[93m144[0m:[93m16[0m - [91merror[0m[90m TS7015: [0mElement implicitly has an 'any' type because index expression is not of type 'number'.

[7m144[0m     this.items['out_stock_image'] = this.out_stock_image ? this.out_stock_image : [];
[7m   [0m [91m               ~~~~~~~~~~~~~~~~~[0m


Error: [96msrc/app/modal-gold-shipment-detail/modal-gold-shipment-detail.page.ts[0m:[93m145[0m:[93m16[0m - [91merror[0m[90m TS7015: [0mElement implicitly has an 'any' type because index expression is not of type 'number'.

[7m145[0m     this.items['item_type_name'] = this.item_type_name;
[7m   [0m [91m               ~~~~~~~~~~~~~~~~[0m


Error: [96msrc/app/modal-gold-shipment-detail/modal-gold-shipment-detail.page.ts[0m:[93m202[0m:[93m67[0m - [91merror[0m[90m TS18046: [0m'err' is of type 'unknown'.

[7m202[0m       await this.showAlert("Error", 'Failed to capture photo: ' + err.message);
[7m   [0m [91m                                                                  ~~~[0m


Error: [96msrc/app/modal-gold-shipment-detail/modal-gold-shipment-detail.page.ts[0m:[93m242[0m:[93m20[0m - [91merror[0m[90m TS18047: [0m'input.files' is possibly 'null'.

[7m242[0m         let file = input.files[0];
[7m   [0m [91m                   ~~~~~~~~~~~[0m


Error: [96msrc/app/modal-gold-shipment-detail/modal-gold-shipment-detail.page.ts[0m:[93m250[0m:[93m25[0m - [91merror[0m[90m TS18047: [0m'reader.result' is possibly 'null'.

[7m250[0m           let imgInfo = reader.result.toString().split(',')[1];
[7m   [0m [91m                        ~~~~~~~~~~~~~[0m


Error: [96msrc/app/modal-grn/modal-grn.page.ts[0m:[93m21[0m:[93m8[0m - [91merror[0m[90m TS1259: [0mModule '"/Applications/XAMPP/xamppfiles/htdocs/PWRIDER-CAP/node_modules/@types/big.js/index"' can only be default-imported using the 'allowSyntheticDefaultImports' flag

[7m21[0m import Big from 'big.js';
[7m  [0m [91m       ~~~[0m

  [96mnode_modules/@types/big.js/index.d.ts[0m:[93m352[0m:[93m1[0m
    [7m352[0m export = Big;
    [7m   [0m [96m~~~~~~~~~~~~~[0m
    This module is declared with 'export =', and can only be used with a default import when using the 'allowSyntheticDefaultImports' flag.


Error: [96msrc/app/modal-grn/modal-grn.page.ts[0m:[93m30[0m:[93m20[0m - [91merror[0m[90m TS7008: [0mMember 'is_grn' implicitly has an 'any' type.

[7m30[0m   @Input("is_grn") is_grn;
[7m  [0m [91m                   ~~~~~~[0m


Error: [96msrc/app/modal-grn/modal-grn.page.ts[0m:[93m31[0m:[93m27[0m - [91merror[0m[90m TS7008: [0mMember 'modalDataList' implicitly has an 'any' type.

[7m31[0m   @Input("modalDataList") modalDataList;
[7m  [0m [91m                          ~~~~~~~~~~~~~[0m


Error: [96msrc/app/modal-grn/modal-grn.page.ts[0m:[93m32[0m:[93m23[0m - [91merror[0m[90m TS7008: [0mMember 'modalData' implicitly has an 'any' type.

[7m32[0m   @Input("modalData") modalData;
[7m  [0m [91m                      ~~~~~~~~~[0m


Error: [96msrc/app/modal-grn/modal-grn.page.ts[0m:[93m33[0m:[93m23[0m - [91merror[0m[90m TS7008: [0mMember 'all_po_id' implicitly has an 'any' type.

[7m33[0m   @Input("all_po_id") all_po_id;
[7m  [0m [91m                      ~~~~~~~~~[0m


Error: [96msrc/app/modal-grn/modal-grn.page.ts[0m:[93m34[0m:[93m22[0m - [91merror[0m[90m TS7008: [0mMember 'itemList' implicitly has an 'any' type.

[7m34[0m   @Input("itemList") itemList;
[7m  [0m [91m                     ~~~~~~~~[0m


Error: [96msrc/app/modal-grn/modal-grn.page.ts[0m:[93m35[0m:[93m36[0m - [91merror[0m[90m TS7008: [0mMember 'customerGoldPurityList' implicitly has an 'any' type.

[7m35[0m   @Input("customerGoldPurityList") customerGoldPurityList;
[7m  [0m [91m                                   ~~~~~~~~~~~~~~~~~~~~~~[0m


Error: [96msrc/app/modal-grn/modal-grn.page.ts[0m:[93m36[0m:[93m27[0m - [91merror[0m[90m TS7008: [0mMember 'warehouseList' implicitly has an 'any' type.

[7m36[0m   @Input("warehouseList") warehouseList;
[7m  [0m [91m                          ~~~~~~~~~~~~~[0m


Error: [96msrc/app/modal-grn/modal-grn.page.ts[0m:[93m37[0m:[93m35[0m - [91merror[0m[90m TS7008: [0mMember 'customerBItemTypeList' implicitly has an 'any' type.

[7m37[0m   @Input("customerBItemTypeList") customerBItemTypeList;
[7m  [0m [91m                                  ~~~~~~~~~~~~~~~~~~~~~[0m


Error: [96msrc/app/modal-grn/modal-grn.page.ts[0m:[93m38[0m:[93m64[0m - [91merror[0m[90m TS2564: [0mProperty 'gramInput' has no initializer and is not definitely assigned in the constructor.

[7m38[0m   @ViewChild('gramInput', { static: false, read: ElementRef }) gramInput: ElementRef;
[7m  [0m [91m                                                               ~~~~~~~~~[0m


Error: [96msrc/app/modal-grn/modal-grn.page.ts[0m:[93m76[0m:[93m43[0m - [91merror[0m[90m TS7006: [0mParameter 'x' implicitly has an 'any' type.

[7m76[0m  let index = this.modalDataList.findIndex(x => x.item_code == this.modalData.item_code && x.gold_pure_percent == this.modalData.gold_pure_percent && x.gram == this.modalData.gram);
[7m  [0m [91m                                          ~[0m


Error: [96msrc/app/modal-grn/modal-grn.page.ts[0m:[93m104[0m:[93m20[0m - [91merror[0m[90m TS7006: [0mParameter 'selectedItem' implicitly has an 'any' type.

[7m104[0m   async deleteItem(selectedItem){
[7m   [0m [91m                   ~~~~~~~~~~~~[0m


Error: [96msrc/app/modal-grn/modal-grn.page.ts[0m:[93m137[0m:[93m15[0m - [91merror[0m[90m TS7006: [0mParameter 'selectedItem' implicitly has an 'any' type.

[7m137[0m   recalculate(selectedItem){
[7m   [0m [91m              ~~~~~~~~~~~~[0m


Error: [96msrc/app/modal-grn/modal-grn.page.ts[0m:[93m161[0m:[93m76[0m - [91merror[0m[90m TS7006: [0mParameter 'item' implicitly has an 'any' type.

[7m161[0m     var selectedPresetPurity = this.customerGoldPurityList.filter(function(item){
[7m   [0m [91m                                                                           ~~~~[0m


Error: [96msrc/app/modal-grn/modal-grn.page.ts[0m:[93m189[0m:[93m20[0m - [91merror[0m[90m TS7006: [0mParameter 'selectedItem' implicitly has an 'any' type.

[7m189[0m  recalculate_jewel(selectedItem) {
[7m   [0m [91m                   ~~~~~~~~~~~~[0m


Error: [96msrc/app/modal-grn/modal-grn.page.ts[0m:[93m202[0m:[93m75[0m - [91merror[0m[90m TS7006: [0mParameter 'item' implicitly has an 'any' type.

[7m202[0m   var selectedPresetPurity = this.customerGoldPurityList.filter(function (item) {
[7m   [0m [91m                                                                          ~~~~[0m


Error: [96msrc/app/modal-grn/modal-grn.page.ts[0m:[93m225[0m:[93m14[0m - [91merror[0m[90m TS7006: [0mParameter 'num' implicitly has an 'any' type.

[7m225[0m  no_round_up(num, rounded) {
[7m   [0m [91m             ~~~[0m


Error: [96msrc/app/modal-grn/modal-grn.page.ts[0m:[93m225[0m:[93m19[0m - [91merror[0m[90m TS7006: [0mParameter 'rounded' implicitly has an 'any' type.

[7m225[0m  no_round_up(num, rounded) {
[7m   [0m [91m                  ~~~~~~~[0m


Error: [96msrc/app/modal-grn/modal-grn.page.ts[0m:[93m258[0m:[93m59[0m - [91merror[0m[90m TS18046: [0m'err' is of type 'unknown'.

[7m258[0m    this.showAlert("Error", "Failed to capture photo: " + (err.message || "Unknown error"));
[7m   [0m [91m                                                          ~~~[0m


Error: [96msrc/app/modal-grn/modal-grn.page.ts[0m:[93m286[0m:[93m58[0m - [91merror[0m[90m TS18046: [0m'err' is of type 'unknown'.

[7m286[0m     this.showAlert("Error", "Failed to pick images: " + (err.message || "Unknown error"));
[7m   [0m [91m                                                         ~~~[0m


Error: [96msrc/app/modal-grn/modal-grn.page.ts[0m:[93m299[0m:[93m17[0m - [91merror[0m[90m TS18047: [0m'input.files' is possibly 'null'.

[7m299[0m      let file = input.files[0];
[7m   [0m [91m                ~~~~~~~~~~~[0m


Error: [96msrc/app/modal-grn/modal-grn.page.ts[0m:[93m308[0m:[93m21[0m - [91merror[0m[90m TS18047: [0m'reader.result' is possibly 'null'.

[7m308[0m       let imgInfo = reader.result.toString().split(',')[1];
[7m   [0m [91m                    ~~~~~~~~~~~~~[0m


Error: [96msrc/app/modal-grn/modal-grn.page.ts[0m:[93m375[0m:[93m18[0m - [91merror[0m[90m TS7006: [0mParameter 'title' implicitly has an 'any' type.

[7m375[0m  async showAlert(title, msg) {
[7m   [0m [91m                 ~~~~~[0m


Error: [96msrc/app/modal-grn/modal-grn.page.ts[0m:[93m375[0m:[93m25[0m - [91merror[0m[90m TS7006: [0mParameter 'msg' implicitly has an 'any' type.

[7m375[0m  async showAlert(title, msg) {
[7m   [0m [91m                        ~~~[0m


Error: [96msrc/app/modal-grn/modal-grn.page.ts[0m:[93m391[0m:[93m19[0m - [91merror[0m[90m TS7006: [0mParameter 'imgInfo' implicitly has an 'any' type.

[7m391[0m  api_upload_image(imgInfo) {
[7m   [0m [91m                  ~~~~~~~[0m


Error: [96msrc/app/modal-grn/modal-grn.page.ts[0m:[93m428[0m:[93m21[0m - [91merror[0m[90m TS7006: [0mParameter 'tobeSubmit' implicitly has an 'any' type.

[7m428[0m    one_image_upload(tobeSubmit){
[7m   [0m [91m                    ~~~~~~~~~~[0m


Error: [96msrc/app/modal-grn/modal-grn.page.ts[0m:[93m434[0m:[93m9[0m - [91merror[0m[90m TS7053: [0mElement implicitly has an 'any' type because expression of type '"status"' can't be used to index type 'Object'.
  Property 'status' does not exist on type 'Object'.

[7m434[0m     if (data['status'] == "OK") {
[7m   [0m [91m        ~~~~~~~~~~~~~~[0m


Error: [96msrc/app/modal-grn/modal-grn.page.ts[0m:[93m444[0m:[93m15[0m - [91merror[0m[90m TS7053: [0mElement implicitly has an 'any' type because expression of type '"result"' can't be used to index type 'Object'.
  Property 'result' does not exist on type 'Object'.

[7m444[0m      'image': data['result']['img_path'],
[7m   [0m [91m              ~~~~~~~~~~~~~~[0m


Error: [96msrc/app/modal-grn/modal-grn.page.ts[0m:[93m466[0m:[93m29[0m - [91merror[0m[90m TS7006: [0mParameter 'imgInfo' implicitly has an 'any' type.

[7m466[0m   api_upload_multiple_image(imgInfo) {
[7m   [0m [91m                            ~~~~~~~[0m


Error: [96msrc/app/modal-grn/modal-grn.page.ts[0m:[93m503[0m:[93m25[0m - [91merror[0m[90m TS7006: [0mParameter 'tobeSubmit' implicitly has an 'any' type.

[7m503[0m   multiple_image_upload(tobeSubmit) {
[7m   [0m [91m                        ~~~~~~~~~~[0m


Error: [96msrc/app/modal-grn/modal-grn.page.ts[0m:[93m510[0m:[93m13[0m - [91merror[0m[90m TS7053: [0mElement implicitly has an 'any' type because expression of type '"status"' can't be used to index type 'Object'.
  Property 'status' does not exist on type 'Object'.

[7m510[0m         if (data['status'] == "OK") {
[7m   [0m [91m            ~~~~~~~~~~~~~~[0m


Error: [96msrc/app/modal-grn/modal-grn.page.ts[0m:[93m518[0m:[93m48[0m - [91merror[0m[90m TS7053: [0mElement implicitly has an 'any' type because expression of type '"result"' can't be used to index type 'Object'.
  Property 'result' does not exist on type 'Object'.

[7m518[0m           console.log('Received image paths:', data['result']['img_path']);
[7m   [0m [91m                                               ~~~~~~~~~~~~~~[0m


Error: [96msrc/app/modal-grn/modal-grn.page.ts[0m:[93m522[0m:[93m39[0m - [91merror[0m[90m TS7053: [0mElement implicitly has an 'any' type because expression of type '"result"' can't be used to index type 'Object'.
  Property 'result' does not exist on type 'Object'.

[7m522[0m             let imgPaths = JSON.parse(data['result']['img_path']);
[7m   [0m [91m                                      ~~~~~~~~~~~~~~[0m


Error: [96msrc/app/modal-grn/modal-grn.page.ts[0m:[93m523[0m:[93m31[0m - [91merror[0m[90m TS7006: [0mParameter 'path' implicitly has an 'any' type.

[7m523[0m             imgPaths.forEach((path) => {
[7m   [0m [91m                              ~~~~[0m


Error: [96msrc/app/modal-grn/modal-grn.page.ts[0m:[93m550[0m:[93m14[0m - [91merror[0m[90m TS7006: [0mParameter 'img_path' implicitly has an 'any' type.

[7m550[0m   delete_img(img_path) {
[7m   [0m [91m             ~~~~~~~~[0m


Error: [96msrc/app/modal-grn/modal-grn.page.ts[0m:[93m568[0m:[93m79[0m - [91merror[0m[90m TS7006: [0mParameter 'item' implicitly has an 'any' type.

[7m568[0m      let index = this.modalDataList[this.grnIndex].MultipleImageUrl.findIndex(item => item.image === img_path.image);
[7m   [0m [91m                                                                              ~~~~[0m


Error: [96msrc/app/modal-grn/modal-grn.page.ts[0m:[93m586[0m:[93m11[0m - [91merror[0m[90m TS7006: [0mParameter 'img_path' implicitly has an 'any' type.

[7m586[0m  show_img(img_path) {
[7m   [0m [91m          ~~~~~~~~[0m


Error: [96msrc/app/modal-header/modal-header.component.ts[0m:[93m10[0m:[93m12[0m - [91merror[0m[90m TS2564: [0mProperty 'pageSource' has no initializer and is not definitely assigned in the constructor.

[7m10[0m   @Input() pageSource: string;
[7m  [0m [91m           ~~~~~~~~~~[0m


Error: [96msrc/app/modal-header/modal-header.component.ts[0m:[93m11[0m:[93m12[0m - [91merror[0m[90m TS2564: [0mProperty 'mode' has no initializer and is not definitely assigned in the constructor.

[7m11[0m   @Input() mode: string;
[7m  [0m [91m           ~~~~[0m


Error: [96msrc/app/modal-pending-order/modal-pending-order.page.ts[0m:[93m21[0m:[93m23[0m - [91merror[0m[90m TS7008: [0mMember 'modalData' implicitly has an 'any' type.

[7m21[0m   @Input("modalData") modalData;
[7m  [0m [91m                      ~~~~~~~~~[0m


Error: [96msrc/app/modal-pending-reweight/modal-pending-reweight.page.ts[0m:[93m21[0m:[93m8[0m - [91merror[0m[90m TS1259: [0mModule '"/Applications/XAMPP/xamppfiles/htdocs/PWRIDER-CAP/node_modules/@types/big.js/index"' can only be default-imported using the 'allowSyntheticDefaultImports' flag

[7m21[0m import Big from 'big.js';
[7m  [0m [91m       ~~~[0m

  [96mnode_modules/@types/big.js/index.d.ts[0m:[93m352[0m:[93m1[0m
    [7m352[0m export = Big;
    [7m   [0m [96m~~~~~~~~~~~~~[0m
    This module is declared with 'export =', and can only be used with a default import when using the 'allowSyntheticDefaultImports' flag.


Error: [96msrc/app/modal-pending-reweight/modal-pending-reweight.page.ts[0m:[93m30[0m:[93m23[0m - [91merror[0m[90m TS7008: [0mMember 'modalData' implicitly has an 'any' type.

[7m30[0m   @Input("modalData") modalData;
[7m  [0m [91m                      ~~~~~~~~~[0m


Error: [96msrc/app/modal-pending-reweight/modal-pending-reweight.page.ts[0m:[93m31[0m:[93m19[0m - [91merror[0m[90m TS7008: [0mMember 'po_id' implicitly has an 'any' type.

[7m31[0m   @Input("po_id") po_id;
[7m  [0m [91m                  ~~~~~[0m


Error: [96msrc/app/modal-pending-reweight/modal-pending-reweight.page.ts[0m:[93m32[0m:[93m22[0m - [91merror[0m[90m TS7008: [0mMember 'itemList' implicitly has an 'any' type.

[7m32[0m   @Input("itemList") itemList;
[7m  [0m [91m                     ~~~~~~~~[0m


Error: [96msrc/app/modal-pending-reweight/modal-pending-reweight.page.ts[0m:[93m33[0m:[93m27[0m - [91merror[0m[90m TS7008: [0mMember 'modalDataList' implicitly has an 'any' type.

[7m33[0m   @Input("modalDataList") modalDataList;
[7m  [0m [91m                          ~~~~~~~~~~~~~[0m


Error: [96msrc/app/modal-pending-reweight/modal-pending-reweight.page.ts[0m:[93m34[0m:[93m27[0m - [91merror[0m[90m TS7008: [0mMember 'warehouseList' implicitly has an 'any' type.

[7m34[0m   @Input("warehouseList") warehouseList;
[7m  [0m [91m                          ~~~~~~~~~~~~~[0m


Error: [96msrc/app/modal-pending-reweight/modal-pending-reweight.page.ts[0m:[93m35[0m:[93m36[0m - [91merror[0m[90m TS7008: [0mMember 'customerGoldPurityList' implicitly has an 'any' type.

[7m35[0m   @Input("customerGoldPurityList") customerGoldPurityList;
[7m  [0m [91m                                   ~~~~~~~~~~~~~~~~~~~~~~[0m


Error: [96msrc/app/modal-pending-reweight/modal-pending-reweight.page.ts[0m:[93m36[0m:[93m35[0m - [91merror[0m[90m TS7008: [0mMember 'customerBItemTypeList' implicitly has an 'any' type.

[7m36[0m   @Input("customerBItemTypeList") customerBItemTypeList;
[7m  [0m [91m                                  ~~~~~~~~~~~~~~~~~~~~~[0m


Error: [96msrc/app/modal-pending-reweight/modal-pending-reweight.page.ts[0m:[93m37[0m:[93m64[0m - [91merror[0m[90m TS2564: [0mProperty 'gramInput' has no initializer and is not definitely assigned in the constructor.

[7m37[0m   @ViewChild('gramInput', { static: false, read: ElementRef }) gramInput: ElementRef;
[7m  [0m [91m                                                               ~~~~~~~~~[0m


Error: [96msrc/app/modal-pending-reweight/modal-pending-reweight.page.ts[0m:[93m69[0m:[93m44[0m - [91merror[0m[90m TS7006: [0mParameter 'x' implicitly has an 'any' type.

[7m69[0m   let index = this.modalDataList.findIndex(x => x.item_no == this.modalData.item_no);
[7m  [0m [91m                                           ~[0m


Error: [96msrc/app/modal-pending-reweight/modal-pending-reweight.page.ts[0m:[93m97[0m:[93m19[0m - [91merror[0m[90m TS7006: [0mParameter 'selectedItem' implicitly has an 'any' type.

[7m97[0m  async deleteItem(selectedItem){
[7m  [0m [91m                  ~~~~~~~~~~~~[0m


Error: [96msrc/app/modal-pending-reweight/modal-pending-reweight.page.ts[0m:[93m130[0m:[93m14[0m - [91merror[0m[90m TS7006: [0mParameter 'selectedItem' implicitly has an 'any' type.

[7m130[0m  recalculate(selectedItem){
[7m   [0m [91m             ~~~~~~~~~~~~[0m


Error: [96msrc/app/modal-pending-reweight/modal-pending-reweight.page.ts[0m:[93m153[0m:[93m74[0m - [91merror[0m[90m TS7006: [0mParameter 'item' implicitly has an 'any' type.

[7m153[0m   var selectedPresetPurity = this.customerGoldPurityList.filter(function(item){
[7m   [0m [91m                                                                         ~~~~[0m


Error: [96msrc/app/modal-pending-reweight/modal-pending-reweight.page.ts[0m:[93m207[0m:[93m20[0m - [91merror[0m[90m TS7006: [0mParameter 'selectedItem' implicitly has an 'any' type.

[7m207[0m  recalculate_jewel(selectedItem) {
[7m   [0m [91m                   ~~~~~~~~~~~~[0m


Error: [96msrc/app/modal-pending-reweight/modal-pending-reweight.page.ts[0m:[93m222[0m:[93m75[0m - [91merror[0m[90m TS7006: [0mParameter 'item' implicitly has an 'any' type.

[7m222[0m   var selectedPresetPurity = this.customerGoldPurityList.filter(function (item) {
[7m   [0m [91m                                                                          ~~~~[0m


Error: [96msrc/app/modal-pending-reweight/modal-pending-reweight.page.ts[0m:[93m267[0m:[93m14[0m - [91merror[0m[90m TS7006: [0mParameter 'num' implicitly has an 'any' type.

[7m267[0m  no_round_up(num, rounded) {
[7m   [0m [91m             ~~~[0m


Error: [96msrc/app/modal-pending-reweight/modal-pending-reweight.page.ts[0m:[93m267[0m:[93m19[0m - [91merror[0m[90m TS7006: [0mParameter 'rounded' implicitly has an 'any' type.

[7m267[0m  no_round_up(num, rounded) {
[7m   [0m [91m                  ~~~~~~~[0m


Error: [96msrc/app/modal-pending-reweight/modal-pending-reweight.page.ts[0m:[93m314[0m:[93m64[0m - [91merror[0m[90m TS18046: [0m'err' is of type 'unknown'.

[7m314[0m    await this.showAlert("Error", 'Failed to capture photo: ' + err.message);
[7m   [0m [91m                                                               ~~~[0m


Error: [96msrc/app/modal-pending-reweight/modal-pending-reweight.page.ts[0m:[93m358[0m:[93m16[0m - [91merror[0m[90m TS18047: [0m'input.files' is possibly 'null'.

[7m358[0m     let file = input.files[0];
[7m   [0m [91m               ~~~~~~~~~~~[0m


Error: [96msrc/app/modal-pending-reweight/modal-pending-reweight.page.ts[0m:[93m367[0m:[93m20[0m - [91merror[0m[90m TS18047: [0m'reader.result' is possibly 'null'.

[7m367[0m      let imgInfo = reader.result.toString().split(',')[1];
[7m   [0m [91m                   ~~~~~~~~~~~~~[0m


Error: [96msrc/app/modal-pending-reweight/modal-pending-reweight.page.ts[0m:[93m438[0m:[93m18[0m - [91merror[0m[90m TS7006: [0mParameter 'title' implicitly has an 'any' type.

[7m438[0m  async showAlert(title, msg) {
[7m   [0m [91m                 ~~~~~[0m


Error: [96msrc/app/modal-pending-reweight/modal-pending-reweight.page.ts[0m:[93m438[0m:[93m25[0m - [91merror[0m[90m TS7006: [0mParameter 'msg' implicitly has an 'any' type.

[7m438[0m  async showAlert(title, msg) {
[7m   [0m [91m                        ~~~[0m


Error: [96msrc/app/modal-pending-reweight/modal-pending-reweight.page.ts[0m:[93m455[0m:[93m19[0m - [91merror[0m[90m TS7006: [0mParameter 'imgInfo' implicitly has an 'any' type.

[7m455[0m  api_upload_image(imgInfo) {
[7m   [0m [91m                  ~~~~~~~[0m


Error: [96msrc/app/modal-pending-reweight/modal-pending-reweight.page.ts[0m:[93m502[0m:[93m20[0m - [91merror[0m[90m TS7006: [0mParameter 'tobeSubmit' implicitly has an 'any' type.

[7m502[0m   one_image_upload(tobeSubmit) {
[7m   [0m [91m                   ~~~~~~~~~~[0m


Error: [96msrc/app/modal-pending-reweight/modal-pending-reweight.page.ts[0m:[93m537[0m:[93m28[0m - [91merror[0m[90m TS7006: [0mParameter 'imgInfo' implicitly has an 'any' type.

[7m537[0m  api_upload_multiple_image(imgInfo) {
[7m   [0m [91m                           ~~~~~~~[0m


Error: [96msrc/app/modal-pending-reweight/modal-pending-reweight.page.ts[0m:[93m584[0m:[93m25[0m - [91merror[0m[90m TS7006: [0mParameter 'tobeSubmit' implicitly has an 'any' type.

[7m584[0m   multiple_image_upload(tobeSubmit) {
[7m   [0m [91m                        ~~~~~~~~~~[0m


Error: [96msrc/app/modal-pending-reweight/modal-pending-reweight.page.ts[0m:[93m595[0m:[93m27[0m - [91merror[0m[90m TS7006: [0mParameter 'path' implicitly has an 'any' type.

[7m595[0m         imgPaths.forEach((path) => {
[7m   [0m [91m                          ~~~~[0m


Error: [96msrc/app/modal-pending-reweight/modal-pending-reweight.page.ts[0m:[93m624[0m:[93m13[0m - [91merror[0m[90m TS7006: [0mParameter 'img_path' implicitly has an 'any' type.

[7m624[0m  delete_img(img_path) {
[7m   [0m [91m            ~~~~~~~~[0m


Error: [96msrc/app/modal-photo-viewer/modal-photo-viewer.page.ts[0m:[93m14[0m:[93m12[0m - [91merror[0m[90m TS2564: [0mProperty 'uploadCallback' has no initializer and is not definitely assigned in the constructor.

[7m14[0m   @Input() uploadCallback: (item: any, base64Image: string) => Promise<void>;
[7m  [0m [91m           ~~~~~~~~~~~~~~[0m


Error: [96msrc/app/modal-photo-viewer/modal-photo-viewer.page.ts[0m:[93m15[0m:[93m12[0m - [91merror[0m[90m TS2564: [0mProperty 'deleteCallback' has no initializer and is not definitely assigned in the constructor.

[7m15[0m   @Input() deleteCallback: (item: any, imgPath: string) => Promise<void>;
[7m  [0m [91m           ~~~~~~~~~~~~~~[0m


Error: [96msrc/app/modal-punching/modal-punching.page.ts[0m:[93m11[0m:[93m23[0m - [91merror[0m[90m TS7008: [0mMember 'modalData' implicitly has an 'any' type.

[7m11[0m   @Input("modalData") modalData;
[7m  [0m [91m                      ~~~~~~~~~[0m


Error: [96msrc/app/modal-qc/modal-qc.page.ts[0m:[93m21[0m:[93m8[0m - [91merror[0m[90m TS1259: [0mModule '"/Applications/XAMPP/xamppfiles/htdocs/PWRIDER-CAP/node_modules/@types/big.js/index"' can only be default-imported using the 'allowSyntheticDefaultImports' flag

[7m21[0m import Big from 'big.js';
[7m  [0m [91m       ~~~[0m

  [96mnode_modules/@types/big.js/index.d.ts[0m:[93m352[0m:[93m1[0m
    [7m352[0m export = Big;
    [7m   [0m [96m~~~~~~~~~~~~~[0m
    This module is declared with 'export =', and can only be used with a default import when using the 'allowSyntheticDefaultImports' flag.


Error: [96msrc/app/modal-qc/modal-qc.page.ts[0m:[93m30[0m:[93m23[0m - [91merror[0m[90m TS7008: [0mMember 'modalData' implicitly has an 'any' type.

[7m30[0m   @Input("modalData") modalData;
[7m  [0m [91m                      ~~~~~~~~~[0m


Error: [96msrc/app/modal-qc/modal-qc.page.ts[0m:[93m31[0m:[93m19[0m - [91merror[0m[90m TS7008: [0mMember 'po_id' implicitly has an 'any' type.

[7m31[0m   @Input("po_id") po_id;
[7m  [0m [91m                  ~~~~~[0m


Error: [96msrc/app/modal-qc/modal-qc.page.ts[0m:[93m32[0m:[93m22[0m - [91merror[0m[90m TS7008: [0mMember 'itemList' implicitly has an 'any' type.

[7m32[0m   @Input("itemList") itemList;
[7m  [0m [91m                     ~~~~~~~~[0m


Error: [96msrc/app/modal-qc/modal-qc.page.ts[0m:[93m33[0m:[93m27[0m - [91merror[0m[90m TS7008: [0mMember 'modalDataList' implicitly has an 'any' type.

[7m33[0m   @Input("modalDataList") modalDataList;
[7m  [0m [91m                          ~~~~~~~~~~~~~[0m


Error: [96msrc/app/modal-qc/modal-qc.page.ts[0m:[93m34[0m:[93m36[0m - [91merror[0m[90m TS7008: [0mMember 'customerGoldPurityList' implicitly has an 'any' type.

[7m34[0m   @Input("customerGoldPurityList") customerGoldPurityList;
[7m  [0m [91m                                   ~~~~~~~~~~~~~~~~~~~~~~[0m


Error: [96msrc/app/modal-qc/modal-qc.page.ts[0m:[93m35[0m:[93m35[0m - [91merror[0m[90m TS7008: [0mMember 'customerBItemTypeList' implicitly has an 'any' type.

[7m35[0m   @Input("customerBItemTypeList") customerBItemTypeList;
[7m  [0m [91m                                  ~~~~~~~~~~~~~~~~~~~~~[0m


Error: [96msrc/app/modal-qc/modal-qc.page.ts[0m:[93m36[0m:[93m64[0m - [91merror[0m[90m TS2564: [0mProperty 'gramInput' has no initializer and is not definitely assigned in the constructor.

[7m36[0m   @ViewChild('gramInput', { static: false, read: ElementRef }) gramInput: ElementRef;
[7m  [0m [91m                                                               ~~~~~~~~~[0m


Error: [96msrc/app/modal-qc/modal-qc.page.ts[0m:[93m68[0m:[93m44[0m - [91merror[0m[90m TS7006: [0mParameter 'x' implicitly has an 'any' type.

[7m68[0m   let index = this.modalDataList.findIndex(x => x.item_no == this.modalData.item_no);
[7m  [0m [91m                                           ~[0m


Error: [96msrc/app/modal-qc/modal-qc.page.ts[0m:[93m95[0m:[93m19[0m - [91merror[0m[90m TS7006: [0mParameter 'selectedItem' implicitly has an 'any' type.

[7m95[0m  async deleteItem(selectedItem){
[7m  [0m [91m                  ~~~~~~~~~~~~[0m


Error: [96msrc/app/modal-qc/modal-qc.page.ts[0m:[93m130[0m:[93m14[0m - [91merror[0m[90m TS7006: [0mParameter 'selectedItem' implicitly has an 'any' type.

[7m130[0m  recalculate(selectedItem){
[7m   [0m [91m             ~~~~~~~~~~~~[0m


Error: [96msrc/app/modal-qc/modal-qc.page.ts[0m:[93m148[0m:[93m74[0m - [91merror[0m[90m TS7006: [0mParameter 'item' implicitly has an 'any' type.

[7m148[0m   var selectedPresetPurity = this.customerGoldPurityList.filter(function(item){
[7m   [0m [91m                                                                         ~~~~[0m


Error: [96msrc/app/modal-qc/modal-qc.page.ts[0m:[93m181[0m:[93m20[0m - [91merror[0m[90m TS7006: [0mParameter 'selectedItem' implicitly has an 'any' type.

[7m181[0m  recalculate_jewel(selectedItem) {
[7m   [0m [91m                   ~~~~~~~~~~~~[0m


Error: [96msrc/app/modal-qc/modal-qc.page.ts[0m:[93m196[0m:[93m75[0m - [91merror[0m[90m TS7006: [0mParameter 'item' implicitly has an 'any' type.

[7m196[0m   var selectedPresetPurity = this.customerGoldPurityList.filter(function (item) {
[7m   [0m [91m                                                                          ~~~~[0m


Error: [96msrc/app/modal-qc/modal-qc.page.ts[0m:[93m224[0m:[93m14[0m - [91merror[0m[90m TS7006: [0mParameter 'num' implicitly has an 'any' type.

[7m224[0m  no_round_up(num, rounded) {
[7m   [0m [91m             ~~~[0m


Error: [96msrc/app/modal-qc/modal-qc.page.ts[0m:[93m224[0m:[93m19[0m - [91merror[0m[90m TS7006: [0mParameter 'rounded' implicitly has an 'any' type.

[7m224[0m  no_round_up(num, rounded) {
[7m   [0m [91m                  ~~~~~~~[0m


Error: [96msrc/app/modal-qc/modal-qc.page.ts[0m:[93m261[0m:[93m64[0m - [91merror[0m[90m TS18046: [0m'err' is of type 'unknown'.

[7m261[0m    await this.showAlert("Error", 'Failed to capture photo: ' + err.message);
[7m   [0m [91m                                                               ~~~[0m


Error: [96msrc/app/modal-qc/modal-qc.page.ts[0m:[93m298[0m:[93m16[0m - [91merror[0m[90m TS18047: [0m'input.files' is possibly 'null'.

[7m298[0m     let file = input.files[0];
[7m   [0m [91m               ~~~~~~~~~~~[0m


Error: [96msrc/app/modal-qc/modal-qc.page.ts[0m:[93m306[0m:[93m20[0m - [91merror[0m[90m TS18047: [0m'reader.result' is possibly 'null'.

[7m306[0m      let imgInfo = reader.result.toString().split(',')[1];
[7m   [0m [91m                   ~~~~~~~~~~~~~[0m


Error: [96msrc/app/modal-qc/modal-qc.page.ts[0m:[93m376[0m:[93m18[0m - [91merror[0m[90m TS7006: [0mParameter 'title' implicitly has an 'any' type.

[7m376[0m  async showAlert(title, msg) {
[7m   [0m [91m                 ~~~~~[0m


Error: [96msrc/app/modal-qc/modal-qc.page.ts[0m:[93m376[0m:[93m25[0m - [91merror[0m[90m TS7006: [0mParameter 'msg' implicitly has an 'any' type.

[7m376[0m  async showAlert(title, msg) {
[7m   [0m [91m                        ~~~[0m


Error: [96msrc/app/modal-qc/modal-qc.page.ts[0m:[93m393[0m:[93m19[0m - [91merror[0m[90m TS7006: [0mParameter 'imgInfo' implicitly has an 'any' type.

[7m393[0m  api_upload_image(imgInfo) {
[7m   [0m [91m                  ~~~~~~~[0m


Error: [96msrc/app/modal-qc/modal-qc.page.ts[0m:[93m440[0m:[93m20[0m - [91merror[0m[90m TS7006: [0mParameter 'tobeSubmit' implicitly has an 'any' type.

[7m440[0m   one_image_upload(tobeSubmit) {
[7m   [0m [91m                   ~~~~~~~~~~[0m


Error: [96msrc/app/modal-qc/modal-qc.page.ts[0m:[93m475[0m:[93m28[0m - [91merror[0m[90m TS7006: [0mParameter 'imgInfo' implicitly has an 'any' type.

[7m475[0m  api_upload_multiple_image(imgInfo) {
[7m   [0m [91m                           ~~~~~~~[0m


Error: [96msrc/app/modal-qc/modal-qc.page.ts[0m:[93m522[0m:[93m25[0m - [91merror[0m[90m TS7006: [0mParameter 'tobeSubmit' implicitly has an 'any' type.

[7m522[0m   multiple_image_upload(tobeSubmit) {
[7m   [0m [91m                        ~~~~~~~~~~[0m


Error: [96msrc/app/modal-qc/modal-qc.page.ts[0m:[93m533[0m:[93m27[0m - [91merror[0m[90m TS7006: [0mParameter 'path' implicitly has an 'any' type.

[7m533[0m         imgPaths.forEach((path) => {
[7m   [0m [91m                          ~~~~[0m


Error: [96msrc/app/modal-qc/modal-qc.page.ts[0m:[93m562[0m:[93m13[0m - [91merror[0m[90m TS7006: [0mParameter 'img_path' implicitly has an 'any' type.

[7m562[0m  delete_img(img_path) {
[7m   [0m [91m            ~~~~~~~~[0m


Error: [96msrc/app/modal-signature/modal-signature.page.ts[0m:[93m19[0m:[93m41[0m - [91merror[0m[90m TS7008: [0mMember 'signaturePadElement' implicitly has an 'any' type.

[7m19[0m  @ViewChild('canvas', { static: true }) signaturePadElement;
[7m  [0m [91m                                        ~~~~~~~~~~~~~~~~~~~[0m


Error: [96msrc/app/modal-signature/modal-signature.page.ts[0m:[93m31[0m:[93m2[0m - [91merror[0m[90m TS2564: [0mProperty 'canvasWidth' has no initializer and is not definitely assigned in the constructor.

[7m31[0m  canvasWidth: number;
[7m  [0m [91m ~~~~~~~~~~~[0m


Error: [96msrc/app/modal-signature/modal-signature.page.ts[0m:[93m32[0m:[93m2[0m - [91merror[0m[90m TS2564: [0mProperty 'canvasHeight' has no initializer and is not definitely assigned in the constructor.

[7m32[0m  canvasHeight: number;
[7m  [0m [91m ~~~~~~~~~~~~[0m


Error: [96msrc/app/modal-task-action-add-collaborator/modal-task-action-add-collaborator.page.ts[0m:[93m11[0m:[93m12[0m - [91merror[0m[90m TS2564: [0mProperty 'userList' has no initializer and is not definitely assigned in the constructor.

[7m11[0m   @Input() userList: any[];
[7m  [0m [91m           ~~~~~~~~[0m


Error: [96msrc/app/modal-task-action-add-collaborator/modal-task-action-add-collaborator.page.ts[0m:[93m13[0m:[93m12[0m - [91merror[0m[90m TS2564: [0mProperty 'date' has no initializer and is not definitely assigned in the constructor.

[7m13[0m   @Input() date: string;
[7m  [0m [91m           ~~~~[0m


Error: [96msrc/app/modal-task-action-add-collaborator/modal-task-action-add-collaborator.page.ts[0m:[93m14[0m:[93m12[0m - [91merror[0m[90m TS2564: [0mProperty 'api_url' has no initializer and is not definitely assigned in the constructor.

[7m14[0m   @Input() api_url: string;
[7m  [0m [91m           ~~~~~~~[0m


Error: [96msrc/app/modal-task-action-add-collaborator/modal-task-action-add-collaborator.page.ts[0m:[93m15[0m:[93m3[0m - [91merror[0m[90m TS2564: [0mProperty 'taskItemTransferTo' has no initializer and is not definitely assigned in the constructor.

[7m15[0m   taskItemTransferTo: string;
[7m  [0m [91m  ~~~~~~~~~~~~~~~~~~[0m


Error: [96msrc/app/modal-task-action-add-collaborator/modal-task-action-add-collaborator.page.ts[0m:[93m46[0m:[93m16[0m - [91merror[0m[90m TS7006: [0mParameter 'user' implicitly has an 'any' type.

[7m46[0m   deselectUser(user) {
[7m  [0m [91m               ~~~~[0m


Error: [96msrc/app/modal-task-action-add-collaborator/modal-task-action-add-collaborator.page.ts[0m:[93m52[0m:[93m16[0m - [91merror[0m[90m TS7006: [0mParameter 'userId' implicitly has an 'any' type.

[7m52[0m   onUserSelect(userId) {
[7m  [0m [91m               ~~~~~~[0m


Error: [96msrc/app/modal-task-action-otw/modal-task-action-otw.page.ts[0m:[93m15[0m:[93m12[0m - [91merror[0m[90m TS2564: [0mProperty 'api_url' has no initializer and is not definitely assigned in the constructor.

[7m15[0m   @Input() api_url: string;
[7m  [0m [91m           ~~~~~~~[0m


Error: [96msrc/app/modal-task-action-otw/modal-task-action-otw.page.ts[0m:[93m100[0m:[93m67[0m - [91merror[0m[90m TS18046: [0m'err' is of type 'unknown'.

[7m100[0m       await this.showAlert("Error", 'Failed to capture photo: ' + err.message);
[7m   [0m [91m                                                                  ~~~[0m


Error: [96msrc/app/modal-task-action-otw/modal-task-action-otw.page.ts[0m:[93m127[0m:[93m68[0m - [91merror[0m[90m TS18046: [0m'err' is of type 'unknown'.

[7m127[0m         await this.showAlert("Error", 'Failed to pick images: ' + (err.message || "Unknown error"));
[7m   [0m [91m                                                                   ~~~[0m


Error: [96msrc/app/modal-task-action-otw/modal-task-action-otw.page.ts[0m:[93m140[0m:[93m22[0m - [91merror[0m[90m TS18047: [0m'input.files' is possibly 'null'.

[7m140[0m           let file = input.files[0];
[7m   [0m [91m                     ~~~~~~~~~~~[0m


Error: [96msrc/app/modal-task-action-otw/modal-task-action-otw.page.ts[0m:[93m149[0m:[93m27[0m - [91merror[0m[90m TS18047: [0m'reader.result' is possibly 'null'.

[7m149[0m             let imgInfo = reader.result.toString().split(',')[1];
[7m   [0m [91m                          ~~~~~~~~~~~~~[0m


Error: [96msrc/app/modal-task-action-otw/modal-task-action-otw.page.ts[0m:[93m235[0m:[93m11[0m - [91merror[0m[90m TS7053: [0mElement implicitly has an 'any' type because expression of type '"status"' can't be used to index type 'Object'.
  Property 'status' does not exist on type 'Object'.

[7m235[0m       if (response['status'] === "OK") {
[7m   [0m [91m          ~~~~~~~~~~~~~~~~~~[0m


Error: [96msrc/app/modal-task-action-otw/modal-task-action-otw.page.ts[0m:[93m235[0m:[93m11[0m - [91merror[0m[90m TS18048: [0m'response' is possibly 'undefined'.

[7m235[0m       if (response['status'] === "OK") {
[7m   [0m [91m          ~~~~~~~~[0m


Error: [96msrc/app/modal-task-action-otw/modal-task-action-otw.page.ts[0m:[93m237[0m:[93m53[0m - [91merror[0m[90m TS7053: [0mElement implicitly has an 'any' type because expression of type '"result"' can't be used to index type 'Object'.
  Property 'result' does not exist on type 'Object'.

[7m237[0m         console.log('Image uploaded successfully:', response['result']['img_path']);
[7m   [0m [91m                                                    ~~~~~~~~~~~~~~~~~~[0m


Error: [96msrc/app/modal-task-action-otw/modal-task-action-otw.page.ts[0m:[93m237[0m:[93m53[0m - [91merror[0m[90m TS18048: [0m'response' is possibly 'undefined'.

[7m237[0m         console.log('Image uploaded successfully:', response['result']['img_path']);
[7m   [0m [91m                                                    ~~~~~~~~[0m


Error: [96msrc/app/modal-task-action-otw/modal-task-action-otw.page.ts[0m:[93m289[0m:[93m11[0m - [91merror[0m[90m TS7053: [0mElement implicitly has an 'any' type because expression of type '"status"' can't be used to index type 'Object'.
  Property 'status' does not exist on type 'Object'.

[7m289[0m       if (response['status'] === "OK") {
[7m   [0m [91m          ~~~~~~~~~~~~~~~~~~[0m


Error: [96msrc/app/modal-task-action-otw/modal-task-action-otw.page.ts[0m:[93m289[0m:[93m11[0m - [91merror[0m[90m TS18048: [0m'response' is possibly 'undefined'.

[7m289[0m       if (response['status'] === "OK") {
[7m   [0m [91m          ~~~~~~~~[0m


Error: [96msrc/app/modal-task-action-otw/modal-task-action-otw.page.ts[0m:[93m291[0m:[93m39[0m - [91merror[0m[90m TS7053: [0mElement implicitly has an 'any' type because expression of type '"result"' can't be used to index type 'Object'.
  Property 'result' does not exist on type 'Object'.

[7m291[0m           const imgPaths = JSON.parse(response['result']['img_path']);
[7m   [0m [91m                                      ~~~~~~~~~~~~~~~~~~[0m


Error: [96msrc/app/modal-task-action-otw/modal-task-action-otw.page.ts[0m:[93m291[0m:[93m39[0m - [91merror[0m[90m TS18048: [0m'response' is possibly 'undefined'.

[7m291[0m           const imgPaths = JSON.parse(response['result']['img_path']);
[7m   [0m [91m                                      ~~~~~~~~[0m


Error: [96msrc/app/modal-task-action-scheduled/modal-task-action-scheduled.page.ts[0m:[93m15[0m:[93m12[0m - [91merror[0m[90m TS2564: [0mProperty 'userList' has no initializer and is not definitely assigned in the constructor.

[7m15[0m   @Input() userList: any[];
[7m  [0m [91m           ~~~~~~~~[0m


Error: [96msrc/app/modal-task-action-scheduled/modal-task-action-scheduled.page.ts[0m:[93m17[0m:[93m12[0m - [91merror[0m[90m TS2564: [0mProperty 'job_date' has no initializer and is not definitely assigned in the constructor.

[7m17[0m   @Input() job_date: string;
[7m  [0m [91m           ~~~~~~~~[0m


Error: [96msrc/app/modal-task-action-scheduled/modal-task-action-scheduled.page.ts[0m:[93m20[0m:[93m12[0m - [91merror[0m[90m TS2564: [0mProperty 'api_url' has no initializer and is not definitely assigned in the constructor.

[7m20[0m   @Input() api_url: string;
[7m  [0m [91m           ~~~~~~~[0m


Error: [96msrc/app/modal-task-action-scheduled/modal-task-action-scheduled.page.ts[0m:[93m21[0m:[93m12[0m - [91merror[0m[90m TS2564: [0mProperty 'title' has no initializer and is not definitely assigned in the constructor.

[7m21[0m   @Input() title: string;
[7m  [0m [91m           ~~~~~[0m


Error: [96msrc/app/modal-task-action-scheduled/modal-task-action-scheduled.page.ts[0m:[93m138[0m:[93m14[0m - [91merror[0m[90m TS7006: [0mParameter 'taskList' implicitly has an 'any' type.

[7m138[0m   chosenTask(taskList) {
[7m   [0m [91m             ~~~~~~~~[0m


Error: [96msrc/app/modal-task-action-scheduled/modal-task-action-scheduled.page.ts[0m:[93m141[0m:[93m23[0m - [91merror[0m[90m TS7006: [0mParameter 'task' implicitly has an 'any' type.

[7m141[0m     taskList.forEach((task) => {
[7m   [0m [91m                      ~~~~[0m


Error: [96msrc/app/modal-task-action-scheduled/modal-task-action-scheduled.page.ts[0m:[93m150[0m:[93m24[0m - [91merror[0m[90m TS7006: [0mParameter 'imgInfo' implicitly has an 'any' type.

[7m150[0m   api_upload_image_tng(imgInfo) {
[7m   [0m [91m                       ~~~~~~~[0m


Error: [96msrc/app/modal-task-action-scheduled/modal-task-action-scheduled.page.ts[0m:[93m182[0m:[93m24[0m - [91merror[0m[90m TS7006: [0mParameter 'tobeSubmit' implicitly has an 'any' type.

[7m182[0m   one_image_upload_tng(tobeSubmit) {
[7m   [0m [91m                       ~~~~~~~~~~[0m


Error: [96msrc/app/modal-task-action-scheduled/modal-task-action-scheduled.page.ts[0m:[93m185[0m:[93m11[0m - [91merror[0m[90m TS7053: [0mElement implicitly has an 'any' type because expression of type '"status"' can't be used to index type 'Object'.
  Property 'status' does not exist on type 'Object'.

[7m185[0m       if (data['status'] == "OK") {
[7m   [0m [91m          ~~~~~~~~~~~~~~[0m


Error: [96msrc/app/modal-task-action-scheduled/modal-task-action-scheduled.page.ts[0m:[93m186[0m:[93m22[0m - [91merror[0m[90m TS7053: [0mElement implicitly has an 'any' type because expression of type '"result"' can't be used to index type 'Object'.
  Property 'result' does not exist on type 'Object'.

[7m186[0m         this.photo = data['result']['img_path'];
[7m   [0m [91m                     ~~~~~~~~~~~~~~[0m


Error: [96msrc/app/modal-task-action/modal-task-action.page.ts[0m:[93m23[0m:[93m12[0m - [91merror[0m[90m TS2564: [0mProperty 'selectedTasks' has no initializer and is not definitely assigned in the constructor.

[7m23[0m   @Input() selectedTasks: any[];
[7m  [0m [91m           ~~~~~~~~~~~~~[0m


Error: [96msrc/app/modal-task-action/modal-task-action.page.ts[0m:[93m24[0m:[93m12[0m - [91merror[0m[90m TS2564: [0mProperty 'userList' has no initializer and is not definitely assigned in the constructor.

[7m24[0m   @Input() userList: any[];
[7m  [0m [91m           ~~~~~~~~[0m


Error: [96msrc/app/modal-task-action/modal-task-action.page.ts[0m:[93m25[0m:[93m12[0m - [91merror[0m[90m TS2564: [0mProperty 'api_url' has no initializer and is not definitely assigned in the constructor.

[7m25[0m   @Input() api_url: string;
[7m  [0m [91m           ~~~~~~~[0m


Error: [96msrc/app/modal-task-detail/modal-task-detail.page.ts[0m:[93m24[0m:[93m22[0m - [91merror[0m[90m TS7008: [0mMember 'orderList' implicitly has an 'any' type.

[7m24[0m  @Input("orderList") orderList;
[7m  [0m [91m                     ~~~~~~~~~[0m


Error: [96msrc/app/modal-task-detail/modal-task-detail.page.ts[0m:[93m25[0m:[93m17[0m - [91merror[0m[90m TS7008: [0mMember 'task' implicitly has an 'any' type.

[7m25[0m  @Input("task") task;
[7m  [0m [91m                ~~~~[0m


Error: [96msrc/app/modal-task/modal-task.page.ts[0m:[93m21[0m:[93m8[0m - [91merror[0m[90m TS1259: [0mModule '"/Applications/XAMPP/xamppfiles/htdocs/PWRIDER-CAP/node_modules/@types/big.js/index"' can only be default-imported using the 'allowSyntheticDefaultImports' flag

[7m21[0m import Big from 'big.js';
[7m  [0m [91m       ~~~[0m

  [96mnode_modules/@types/big.js/index.d.ts[0m:[93m352[0m:[93m1[0m
    [7m352[0m export = Big;
    [7m   [0m [96m~~~~~~~~~~~~~[0m
    This module is declared with 'export =', and can only be used with a default import when using the 'allowSyntheticDefaultImports' flag.


Error: [96msrc/app/modal-task/modal-task.page.ts[0m:[93m30[0m:[93m23[0m - [91merror[0m[90m TS7008: [0mMember 'modalData' implicitly has an 'any' type.

[7m30[0m   @Input("modalData") modalData;
[7m  [0m [91m                      ~~~~~~~~~[0m


Error: [96msrc/app/modal-task/modal-task.page.ts[0m:[93m31[0m:[93m22[0m - [91merror[0m[90m TS7008: [0mMember 'itemList' implicitly has an 'any' type.

[7m31[0m   @Input("itemList") itemList;
[7m  [0m [91m                     ~~~~~~~~[0m


Error: [96msrc/app/modal-task/modal-task.page.ts[0m:[93m32[0m:[93m19[0m - [91merror[0m[90m TS7008: [0mMember 'index' implicitly has an 'any' type.

[7m32[0m   @Input("index") index;
[7m  [0m [91m                  ~~~~~[0m


Error: [96msrc/app/modal-task/modal-task.page.ts[0m:[93m34[0m:[93m36[0m - [91merror[0m[90m TS7008: [0mMember 'customerGoldPurityList' implicitly has an 'any' type.

[7m34[0m   @Input("customerGoldPurityList") customerGoldPurityList;
[7m  [0m [91m                                   ~~~~~~~~~~~~~~~~~~~~~~[0m


Error: [96msrc/app/modal-task/modal-task.page.ts[0m:[93m35[0m:[93m64[0m - [91merror[0m[90m TS2564: [0mProperty 'gramInput' has no initializer and is not definitely assigned in the constructor.

[7m35[0m   @ViewChild('gramInput', { static: false, read: ElementRef }) gramInput: ElementRef;
[7m  [0m [91m                                                               ~~~~~~~~~[0m


Error: [96msrc/app/modal-task/modal-task.page.ts[0m:[93m95[0m:[93m19[0m - [91merror[0m[90m TS7006: [0mParameter 'selectedItem' implicitly has an 'any' type.

[7m95[0m  async deleteItem(selectedItem){
[7m  [0m [91m                  ~~~~~~~~~~~~[0m


Error: [96msrc/app/modal-task/modal-task.page.ts[0m:[93m127[0m:[93m14[0m - [91merror[0m[90m TS7006: [0mParameter 'item' implicitly has an 'any' type.

[7m127[0m  recalculate(item) {
[7m   [0m [91m             ~~~~[0m


Error: [96msrc/app/modal-task/modal-task.page.ts[0m:[93m140[0m:[93m75[0m - [91merror[0m[90m TS7006: [0mParameter 'gold' implicitly has an 'any' type.

[7m140[0m   var selectedPresetPurity = this.customerGoldPurityList.filter(function (gold) {
[7m   [0m [91m                                                                          ~~~~[0m


Error: [96msrc/app/modal-task/modal-task.page.ts[0m:[93m175[0m:[93m20[0m - [91merror[0m[90m TS7006: [0mParameter 'selectedItem' implicitly has an 'any' type.

[7m175[0m  recalculate_jewel(selectedItem) {
[7m   [0m [91m                   ~~~~~~~~~~~~[0m


Error: [96msrc/app/modal-task/modal-task.page.ts[0m:[93m190[0m:[93m75[0m - [91merror[0m[90m TS7006: [0mParameter 'item' implicitly has an 'any' type.

[7m190[0m   var selectedPresetPurity = this.customerGoldPurityList.filter(function (item) {
[7m   [0m [91m                                                                          ~~~~[0m


Error: [96msrc/app/modal-task/modal-task.page.ts[0m:[93m226[0m:[93m14[0m - [91merror[0m[90m TS7006: [0mParameter 'num' implicitly has an 'any' type.

[7m226[0m  no_round_up(num, rounded) {
[7m   [0m [91m             ~~~[0m


Error: [96msrc/app/modal-task/modal-task.page.ts[0m:[93m226[0m:[93m19[0m - [91merror[0m[90m TS7006: [0mParameter 'rounded' implicitly has an 'any' type.

[7m226[0m  no_round_up(num, rounded) {
[7m   [0m [91m                  ~~~~~~~[0m


Error: [96msrc/app/modal-task/modal-task.page.ts[0m:[93m265[0m:[93m64[0m - [91merror[0m[90m TS18046: [0m'err' is of type 'unknown'.

[7m265[0m    await this.showAlert("Error", 'Failed to capture photo: ' + err.message);
[7m   [0m [91m                                                               ~~~[0m


Error: [96msrc/app/modal-task/modal-task.page.ts[0m:[93m303[0m:[93m16[0m - [91merror[0m[90m TS18047: [0m'input.files' is possibly 'null'.

[7m303[0m     let file = input.files[0];
[7m   [0m [91m               ~~~~~~~~~~~[0m


Error: [96msrc/app/modal-task/modal-task.page.ts[0m:[93m311[0m:[93m20[0m - [91merror[0m[90m TS18047: [0m'reader.result' is possibly 'null'.

[7m311[0m      let imgInfo = reader.result.toString().split(',')[1];
[7m   [0m [91m                   ~~~~~~~~~~~~~[0m


Error: [96msrc/app/modal-task/modal-task.page.ts[0m:[93m372[0m:[93m18[0m - [91merror[0m[90m TS7006: [0mParameter 'title' implicitly has an 'any' type.

[7m372[0m  async showAlert(title, msg) {
[7m   [0m [91m                 ~~~~~[0m


Error: [96msrc/app/modal-task/modal-task.page.ts[0m:[93m372[0m:[93m25[0m - [91merror[0m[90m TS7006: [0mParameter 'msg' implicitly has an 'any' type.

[7m372[0m  async showAlert(title, msg) {
[7m   [0m [91m                        ~~~[0m


Error: [96msrc/app/modal-task/modal-task.page.ts[0m:[93m389[0m:[93m19[0m - [91merror[0m[90m TS7006: [0mParameter 'imgInfo' implicitly has an 'any' type.

[7m389[0m  api_upload_image(imgInfo) {
[7m   [0m [91m                  ~~~~~~~[0m


Error: [96msrc/app/modal-task/modal-task.page.ts[0m:[93m436[0m:[93m20[0m - [91merror[0m[90m TS7006: [0mParameter 'tobeSubmit' implicitly has an 'any' type.

[7m436[0m   one_image_upload(tobeSubmit) {
[7m   [0m [91m                   ~~~~~~~~~~[0m


Error: [96msrc/app/modal-task/modal-task.page.ts[0m:[93m462[0m:[93m28[0m - [91merror[0m[90m TS7006: [0mParameter 'imgInfo' implicitly has an 'any' type.

[7m462[0m  api_upload_multiple_image(imgInfo) {
[7m   [0m [91m                           ~~~~~~~[0m


Error: [96msrc/app/modal-task/modal-task.page.ts[0m:[93m509[0m:[93m25[0m - [91merror[0m[90m TS7006: [0mParameter 'tobeSubmit' implicitly has an 'any' type.

[7m509[0m   multiple_image_upload(tobeSubmit) {
[7m   [0m [91m                        ~~~~~~~~~~[0m


Error: [96msrc/app/modal-task/modal-task.page.ts[0m:[93m533[0m:[93m13[0m - [91merror[0m[90m TS7006: [0mParameter 'img_path' implicitly has an 'any' type.

[7m533[0m  delete_img(img_path) {
[7m   [0m [91m            ~~~~~~~~[0m


Error: [96msrc/app/modal-test/modal-test.page.ts[0m:[93m21[0m:[93m8[0m - [91merror[0m[90m TS1259: [0mModule '"/Applications/XAMPP/xamppfiles/htdocs/PWRIDER-CAP/node_modules/@types/big.js/index"' can only be default-imported using the 'allowSyntheticDefaultImports' flag

[7m21[0m import Big from 'big.js';
[7m  [0m [91m       ~~~[0m

  [96mnode_modules/@types/big.js/index.d.ts[0m:[93m352[0m:[93m1[0m
    [7m352[0m export = Big;
    [7m   [0m [96m~~~~~~~~~~~~~[0m
    This module is declared with 'export =', and can only be used with a default import when using the 'allowSyntheticDefaultImports' flag.


Error: [96msrc/app/modal-test/modal-test.page.ts[0m:[93m30[0m:[93m26[0m - [91merror[0m[90m TS2564: [0mProperty 'searchbar' has no initializer and is not definitely assigned in the constructor.

[7m30[0m  @ViewChild('searchbar') searchbar: IonSearchbar;
[7m  [0m [91m                         ~~~~~~~~~[0m


Error: [96msrc/app/modal-test/modal-test.page.ts[0m:[93m45[0m:[93m63[0m - [91merror[0m[90m TS2564: [0mProperty 'gramInput' has no initializer and is not definitely assigned in the constructor.

[7m45[0m  @ViewChild('gramInput', { static: false, read: ElementRef }) gramInput: ElementRef;
[7m  [0m [91m                                                              ~~~~~~~~~[0m


Error: [96msrc/app/modal-test/modal-test.page.ts[0m:[93m75[0m:[93m44[0m - [91merror[0m[90m TS7006: [0mParameter 'x' implicitly has an 'any' type.

[7m75[0m   let index = this.modalDataList.findIndex(x => x.item_no == this.modalData.item_no);
[7m  [0m [91m                                           ~[0m


Error: [96msrc/app/modal-test/modal-test.page.ts[0m:[93m102[0m:[93m19[0m - [91merror[0m[90m TS7006: [0mParameter 'selectedItem' implicitly has an 'any' type.

[7m102[0m  async deleteItem(selectedItem){
[7m   [0m [91m                  ~~~~~~~~~~~~[0m


Error: [96msrc/app/modal-test/modal-test.page.ts[0m:[93m166[0m:[93m14[0m - [91merror[0m[90m TS7006: [0mParameter 'selectedItem' implicitly has an 'any' type.

[7m166[0m  recalculate(selectedItem){
[7m   [0m [91m             ~~~~~~~~~~~~[0m


Error: [96msrc/app/modal-test/modal-test.page.ts[0m:[93m187[0m:[93m74[0m - [91merror[0m[90m TS7006: [0mParameter 'item' implicitly has an 'any' type.

[7m187[0m   var selectedPresetPurity = this.customerGoldPurityList.filter(function(item){
[7m   [0m [91m                                                                         ~~~~[0m


Error: [96msrc/app/modal-test/modal-test.page.ts[0m:[93m220[0m:[93m20[0m - [91merror[0m[90m TS7006: [0mParameter 'selectedItem' implicitly has an 'any' type.

[7m220[0m  recalculate_jewel(selectedItem) {
[7m   [0m [91m                   ~~~~~~~~~~~~[0m


Error: [96msrc/app/modal-test/modal-test.page.ts[0m:[93m233[0m:[93m75[0m - [91merror[0m[90m TS7006: [0mParameter 'item' implicitly has an 'any' type.

[7m233[0m   var selectedPresetPurity = this.customerGoldPurityList.filter(function (item) {
[7m   [0m [91m                                                                          ~~~~[0m


Error: [96msrc/app/modal-test/modal-test.page.ts[0m:[93m278[0m:[93m14[0m - [91merror[0m[90m TS7006: [0mParameter 'num' implicitly has an 'any' type.

[7m278[0m  no_round_up(num, rounded) {
[7m   [0m [91m             ~~~[0m


Error: [96msrc/app/modal-test/modal-test.page.ts[0m:[93m278[0m:[93m19[0m - [91merror[0m[90m TS7006: [0mParameter 'rounded' implicitly has an 'any' type.

[7m278[0m  no_round_up(num, rounded) {
[7m   [0m [91m                  ~~~~~~~[0m


Error: [96msrc/app/modal-test/modal-test.page.ts[0m:[93m319[0m:[93m64[0m - [91merror[0m[90m TS18046: [0m'err' is of type 'unknown'.

[7m319[0m    await this.showAlert("Error", 'Failed to capture photo: ' + err.message);
[7m   [0m [91m                                                               ~~~[0m


Error: [96msrc/app/modal-test/modal-test.page.ts[0m:[93m375[0m:[93m16[0m - [91merror[0m[90m TS18047: [0m'input.files' is possibly 'null'.

[7m375[0m     let file = input.files[0];
[7m   [0m [91m               ~~~~~~~~~~~[0m


Error: [96msrc/app/modal-test/modal-test.page.ts[0m:[93m383[0m:[93m20[0m - [91merror[0m[90m TS18047: [0m'reader.result' is possibly 'null'.

[7m383[0m      let imgInfo = reader.result.toString().split(',')[1];
[7m   [0m [91m                   ~~~~~~~~~~~~~[0m


Error: [96msrc/app/modal-test/modal-test.page.ts[0m:[93m394[0m:[93m18[0m - [91merror[0m[90m TS7006: [0mParameter 'title' implicitly has an 'any' type.

[7m394[0m  async showAlert(title, msg) {
[7m   [0m [91m                 ~~~~~[0m


Error: [96msrc/app/modal-test/modal-test.page.ts[0m:[93m394[0m:[93m25[0m - [91merror[0m[90m TS7006: [0mParameter 'msg' implicitly has an 'any' type.

[7m394[0m  async showAlert(title, msg) {
[7m   [0m [91m                        ~~~[0m


Error: [96msrc/app/modal-test/modal-test.page.ts[0m:[93m410[0m:[93m19[0m - [91merror[0m[90m TS7006: [0mParameter 'imgInfo' implicitly has an 'any' type.

[7m410[0m  api_upload_image(imgInfo) {
[7m   [0m [91m                  ~~~~~~~[0m


Error: [96msrc/app/modal-test/modal-test.page.ts[0m:[93m457[0m:[93m20[0m - [91merror[0m[90m TS7006: [0mParameter 'tobeSubmit' implicitly has an 'any' type.

[7m457[0m   one_image_upload(tobeSubmit) {
[7m   [0m [91m                   ~~~~~~~~~~[0m


Error: [96msrc/app/modal-test/modal-test.page.ts[0m:[93m492[0m:[93m28[0m - [91merror[0m[90m TS7006: [0mParameter 'imgInfo' implicitly has an 'any' type.

[7m492[0m  api_upload_multiple_image(imgInfo) {
[7m   [0m [91m                           ~~~~~~~[0m


Error: [96msrc/app/modal-test/modal-test.page.ts[0m:[93m525[0m:[93m25[0m - [91merror[0m[90m TS7006: [0mParameter 'tobeSubmit' implicitly has an 'any' type.

[7m525[0m   multiple_image_upload(tobeSubmit) {
[7m   [0m [91m                        ~~~~~~~~~~[0m


Error: [96msrc/app/modal-test/modal-test.page.ts[0m:[93m528[0m:[93m11[0m - [91merror[0m[90m TS7053: [0mElement implicitly has an 'any' type because expression of type '"status"' can't be used to index type 'Object'.
  Property 'status' does not exist on type 'Object'.

[7m528[0m       if (data['status'] == "OK") {
[7m   [0m [91m          ~~~~~~~~~~~~~~[0m


Error: [96msrc/app/modal-test/modal-test.page.ts[0m:[93m532[0m:[93m22[0m - [91merror[0m[90m TS7053: [0mElement implicitly has an 'any' type because expression of type '"result"' can't be used to index type 'Object'.
  Property 'result' does not exist on type 'Object'.

[7m532[0m          console.log(data['result']['img_path'], typeof data['result']['img_path']); // Log for debugging
[7m   [0m [91m                     ~~~~~~~~~~~~~~[0m


Error: [96msrc/app/modal-test/modal-test.page.ts[0m:[93m532[0m:[93m57[0m - [91merror[0m[90m TS7053: [0mElement implicitly has an 'any' type because expression of type '"result"' can't be used to index type 'Object'.
  Property 'result' does not exist on type 'Object'.

[7m532[0m          console.log(data['result']['img_path'], typeof data['result']['img_path']); // Log for debugging
[7m   [0m [91m                                                        ~~~~~~~~~~~~~~[0m


Error: [96msrc/app/modal-test/modal-test.page.ts[0m:[93m535[0m:[93m9[0m - [91merror[0m[90m TS7053: [0mElement implicitly has an 'any' type because expression of type '"result"' can't be used to index type 'Object'.
  Property 'result' does not exist on type 'Object'.

[7m535[0m         data['result']['img_path'] = JSON.parse(data['result']['img_path']);
[7m   [0m [91m        ~~~~~~~~~~~~~~[0m


Error: [96msrc/app/modal-test/modal-test.page.ts[0m:[93m535[0m:[93m49[0m - [91merror[0m[90m TS7053: [0mElement implicitly has an 'any' type because expression of type '"result"' can't be used to index type 'Object'.
  Property 'result' does not exist on type 'Object'.

[7m535[0m         data['result']['img_path'] = JSON.parse(data['result']['img_path']);
[7m   [0m [91m                                                ~~~~~~~~~~~~~~[0m


Error: [96msrc/app/modal-test/modal-test.page.ts[0m:[93m537[0m:[93m24[0m - [91merror[0m[90m TS7053: [0mElement implicitly has an 'any' type because expression of type '"result"' can't be used to index type 'Object'.
  Property 'result' does not exist on type 'Object'.

[7m537[0m         let imgPaths = data['result']['img_path'];
[7m   [0m [91m                       ~~~~~~~~~~~~~~[0m


Error: [96msrc/app/modal-test/modal-test.page.ts[0m:[93m538[0m:[93m27[0m - [91merror[0m[90m TS7006: [0mParameter 'path' implicitly has an 'any' type.

[7m538[0m         imgPaths.forEach((path) => {
[7m   [0m [91m                          ~~~~[0m


Error: [96msrc/app/modal-test/modal-test.page.ts[0m:[93m556[0m:[93m13[0m - [91merror[0m[90m TS7006: [0mParameter 'img_path' implicitly has an 'any' type.

[7m556[0m  delete_img(img_path) {
[7m   [0m [91m            ~~~~~~~~[0m


Error: [96msrc/app/modal-weight/modal-weight.page.ts[0m:[93m20[0m:[93m8[0m - [91merror[0m[90m TS1259: [0mModule '"/Applications/XAMPP/xamppfiles/htdocs/PWRIDER-CAP/node_modules/@types/big.js/index"' can only be default-imported using the 'allowSyntheticDefaultImports' flag

[7m20[0m import Big from 'big.js';
[7m  [0m [91m       ~~~[0m

  [96mnode_modules/@types/big.js/index.d.ts[0m:[93m352[0m:[93m1[0m
    [7m352[0m export = Big;
    [7m   [0m [96m~~~~~~~~~~~~~[0m
    This module is declared with 'export =', and can only be used with a default import when using the 'allowSyntheticDefaultImports' flag.


Error: [96msrc/app/modal-weight/modal-weight.page.ts[0m:[93m29[0m:[93m22[0m - [91merror[0m[90m TS7008: [0mMember 'modalData' implicitly has an 'any' type.

[7m29[0m  @Input("modalData") modalData;
[7m  [0m [91m                     ~~~~~~~~~[0m


Error: [96msrc/app/modal-weight/modal-weight.page.ts[0m:[93m30[0m:[93m19[0m - [91merror[0m[90m TS7008: [0mMember 'po_id' implicitly has an 'any' type.

[7m30[0m   @Input("po_id") po_id;
[7m  [0m [91m                  ~~~~~[0m


Error: [96msrc/app/modal-weight/modal-weight.page.ts[0m:[93m31[0m:[93m23[0m - [91merror[0m[90m TS7008: [0mMember 'all_po_id' implicitly has an 'any' type.

[7m31[0m   @Input("all_po_id") all_po_id;
[7m  [0m [91m                      ~~~~~~~~~[0m


Error: [96msrc/app/modal-weight/modal-weight.page.ts[0m:[93m32[0m:[93m22[0m - [91merror[0m[90m TS7008: [0mMember 'itemList' implicitly has an 'any' type.

[7m32[0m   @Input("itemList") itemList;
[7m  [0m [91m                     ~~~~~~~~[0m


Error: [96msrc/app/modal-weight/modal-weight.page.ts[0m:[93m33[0m:[93m26[0m - [91merror[0m[90m TS7008: [0mMember 'modalDataList' implicitly has an 'any' type.

[7m33[0m  @Input("modalDataList") modalDataList;
[7m  [0m [91m                         ~~~~~~~~~~~~~[0m


Error: [96msrc/app/modal-weight/modal-weight.page.ts[0m:[93m34[0m:[93m26[0m - [91merror[0m[90m TS7008: [0mMember 'warehouseList' implicitly has an 'any' type.

[7m34[0m  @Input("warehouseList") warehouseList;
[7m  [0m [91m                         ~~~~~~~~~~~~~[0m


Error: [96msrc/app/modal-weight/modal-weight.page.ts[0m:[93m35[0m:[93m35[0m - [91merror[0m[90m TS7008: [0mMember 'customerGoldPurityList' implicitly has an 'any' type.

[7m35[0m  @Input("customerGoldPurityList") customerGoldPurityList;
[7m  [0m [91m                                  ~~~~~~~~~~~~~~~~~~~~~~[0m


Error: [96msrc/app/modal-weight/modal-weight.page.ts[0m:[93m36[0m:[93m34[0m - [91merror[0m[90m TS7008: [0mMember 'customerBItemTypeList' implicitly has an 'any' type.

[7m36[0m  @Input("customerBItemTypeList") customerBItemTypeList;
[7m  [0m [91m                                 ~~~~~~~~~~~~~~~~~~~~~[0m


Error: [96msrc/app/modal-weight/modal-weight.page.ts[0m:[93m37[0m:[93m63[0m - [91merror[0m[90m TS2564: [0mProperty 'gramInput' has no initializer and is not definitely assigned in the constructor.

[7m37[0m  @ViewChild('gramInput', { static: false, read: ElementRef }) gramInput: ElementRef;
[7m  [0m [91m                                                              ~~~~~~~~~[0m


Error: [96msrc/app/modal-weight/modal-weight.page.ts[0m:[93m70[0m:[93m44[0m - [91merror[0m[90m TS7006: [0mParameter 'x' implicitly has an 'any' type.

[7m70[0m   let index = this.modalDataList.findIndex(x => x.item_no == this.modalData.item_no);
[7m  [0m [91m                                           ~[0m


Error: [96msrc/app/modal-weight/modal-weight.page.ts[0m:[93m97[0m:[93m19[0m - [91merror[0m[90m TS7006: [0mParameter 'selectedItem' implicitly has an 'any' type.

[7m97[0m  async deleteItem(selectedItem){
[7m  [0m [91m                  ~~~~~~~~~~~~[0m


Error: [96msrc/app/modal-weight/modal-weight.page.ts[0m:[93m130[0m:[93m16[0m - [91merror[0m[90m TS7006: [0mParameter 'selectedItem' implicitly has an 'any' type.

[7m130[0m    recalculate(selectedItem){
[7m   [0m [91m               ~~~~~~~~~~~~[0m


Error: [96msrc/app/modal-weight/modal-weight.page.ts[0m:[93m149[0m:[93m74[0m - [91merror[0m[90m TS7006: [0mParameter 'item' implicitly has an 'any' type.

[7m149[0m   var selectedPresetPurity = this.customerGoldPurityList.filter(function(item){
[7m   [0m [91m                                                                         ~~~~[0m


Error: [96msrc/app/modal-weight/modal-weight.page.ts[0m:[93m178[0m:[93m20[0m - [91merror[0m[90m TS7006: [0mParameter 'selectedItem' implicitly has an 'any' type.

[7m178[0m  recalculate_jewel(selectedItem) {
[7m   [0m [91m                   ~~~~~~~~~~~~[0m


Error: [96msrc/app/modal-weight/modal-weight.page.ts[0m:[93m191[0m:[93m75[0m - [91merror[0m[90m TS7006: [0mParameter 'item' implicitly has an 'any' type.

[7m191[0m   var selectedPresetPurity = this.customerGoldPurityList.filter(function (item) {
[7m   [0m [91m                                                                          ~~~~[0m


Error: [96msrc/app/modal-weight/modal-weight.page.ts[0m:[93m239[0m:[93m14[0m - [91merror[0m[90m TS7006: [0mParameter 'num' implicitly has an 'any' type.

[7m239[0m  no_round_up(num, rounded) {
[7m   [0m [91m             ~~~[0m


Error: [96msrc/app/modal-weight/modal-weight.page.ts[0m:[93m239[0m:[93m19[0m - [91merror[0m[90m TS7006: [0mParameter 'rounded' implicitly has an 'any' type.

[7m239[0m  no_round_up(num, rounded) {
[7m   [0m [91m                  ~~~~~~~[0m


Error: [96msrc/app/modal-weight/modal-weight.page.ts[0m:[93m279[0m:[93m64[0m - [91merror[0m[90m TS18046: [0m'err' is of type 'unknown'.

[7m279[0m    await this.showAlert("Error", 'Failed to capture photo: ' + err.message);
[7m   [0m [91m                                                               ~~~[0m


Error: [96msrc/app/modal-weight/modal-weight.page.ts[0m:[93m307[0m:[93m64[0m - [91merror[0m[90m TS18046: [0m'err' is of type 'unknown'.

[7m307[0m     await this.showAlert("Error", 'Failed to pick images: ' + (err.message || "Unknown error"));
[7m   [0m [91m                                                               ~~~[0m


Error: [96msrc/app/modal-weight/modal-weight.page.ts[0m:[93m319[0m:[93m17[0m - [91merror[0m[90m TS18047: [0m'input.files' is possibly 'null'.

[7m319[0m      let file = input.files[0];
[7m   [0m [91m                ~~~~~~~~~~~[0m


Error: [96msrc/app/modal-weight/modal-weight.page.ts[0m:[93m328[0m:[93m21[0m - [91merror[0m[90m TS18047: [0m'reader.result' is possibly 'null'.

[7m328[0m       let imgInfo = reader.result.toString().split(',')[1];
[7m   [0m [91m                    ~~~~~~~~~~~~~[0m


Error: [96msrc/app/modal-weight/modal-weight.page.ts[0m:[93m404[0m:[93m18[0m - [91merror[0m[90m TS7006: [0mParameter 'title' implicitly has an 'any' type.

[7m404[0m  async showAlert(title, msg) {
[7m   [0m [91m                 ~~~~~[0m


Error: [96msrc/app/modal-weight/modal-weight.page.ts[0m:[93m404[0m:[93m25[0m - [91merror[0m[90m TS7006: [0mParameter 'msg' implicitly has an 'any' type.

[7m404[0m  async showAlert(title, msg) {
[7m   [0m [91m                        ~~~[0m


Error: [96msrc/app/modal-weight/modal-weight.page.ts[0m:[93m420[0m:[93m19[0m - [91merror[0m[90m TS7006: [0mParameter 'imgInfo' implicitly has an 'any' type.

[7m420[0m  api_upload_image(imgInfo) {
[7m   [0m [91m                  ~~~~~~~[0m


Error: [96msrc/app/modal-weight/modal-weight.page.ts[0m:[93m467[0m:[93m20[0m - [91merror[0m[90m TS7006: [0mParameter 'tobeSubmit' implicitly has an 'any' type.

[7m467[0m   one_image_upload(tobeSubmit) {
[7m   [0m [91m                   ~~~~~~~~~~[0m


Error: [96msrc/app/modal-weight/modal-weight.page.ts[0m:[93m502[0m:[93m28[0m - [91merror[0m[90m TS7006: [0mParameter 'imgInfo' implicitly has an 'any' type.

[7m502[0m  api_upload_multiple_image(imgInfo) {
[7m   [0m [91m                           ~~~~~~~[0m


Error: [96msrc/app/modal-weight/modal-weight.page.ts[0m:[93m549[0m:[93m25[0m - [91merror[0m[90m TS7006: [0mParameter 'tobeSubmit' implicitly has an 'any' type.

[7m549[0m   multiple_image_upload(tobeSubmit) {
[7m   [0m [91m                        ~~~~~~~~~~[0m


Error: [96msrc/app/modal-weight/modal-weight.page.ts[0m:[93m560[0m:[93m27[0m - [91merror[0m[90m TS7006: [0mParameter 'path' implicitly has an 'any' type.

[7m560[0m         imgPaths.forEach((path) => {
[7m   [0m [91m                          ~~~~[0m


Error: [96msrc/app/modal-weight/modal-weight.page.ts[0m:[93m589[0m:[93m13[0m - [91merror[0m[90m TS7006: [0mParameter 'img_path' implicitly has an 'any' type.

[7m589[0m  delete_img(img_path) {
[7m   [0m [91m            ~~~~~~~~[0m


Error: [96msrc/app/mytab/mytab.component.ts[0m:[93m42[0m:[93m12[0m - [91merror[0m[90m TS7006: [0mParameter 'navigate' implicitly has an 'any' type.

[7m42[0m   navigate(navigate){
[7m  [0m [91m           ~~~~~~~~[0m


Error: [96msrc/app/mytab/mytab.component.ts[0m:[93m51[0m:[93m18[0m - [91merror[0m[90m TS2345: [0mArgument of type '(data: Httprequest) => void' is not assignable to parameter of type '(value: Object) => void'.
  Types of parameters 'data' and 'value' are incompatible.
    Type 'Object' is not assignable to type 'Httprequest'.
      The 'Object' type is assignable to very few other types. Did you mean to use the 'any' type instead?

[7m51[0m       .subscribe((data:Httprequest) => {
[7m  [0m [91m                 ~~~~~~~~~~~~~~~~~~~~~~~[0m


Error: [96msrc/app/mytab/mytab.component.ts[0m:[93m62[0m:[93m50[0m - [91merror[0m[90m TS7053: [0mElement implicitly has an 'any' type because expression of type '"sales_order_id"' can't be used to index type '{ token: string; user_id: string; name: string; email: string; phone: string; email_verified: string; phone_verified: string; avatar: string; join_date: string; qrCode: string; }'.
  Property 'sales_order_id' does not exist on type '{ token: string; user_id: string; name: string; email: string; phone: string; email_verified: string; phone_verified: string; avatar: string; join_date: string; qrCode: string; }'.

[7m62[0m           this.router.navigate(['result-detail/'+data['result']['sales_order_id']]);
[7m  [0m [91m                                                 ~~~~~~~~~~~~~~~~~~~~~~~~~~~~~~~~[0m


Error: [96msrc/app/pending-order/pending-order.page.ts[0m:[93m29[0m:[93m2[0m - [91merror[0m[90m TS2564: [0mProperty 'inlineCount' has no initializer and is not definitely assigned in the constructor.

[7m29[0m  inlineCount:0;
[7m  [0m [91m ~~~~~~~~~~~[0m


Error: [96msrc/app/pending-order/pending-order.page.ts[0m:[93m32[0m:[93m2[0m - [91merror[0m[90m TS2564: [0mProperty 'pendingJobList' has no initializer and is not definitely assigned in the constructor.

[7m32[0m  pendingJobList: [];
[7m  [0m [91m ~~~~~~~~~~~~~~[0m


Error: [96msrc/app/pending-order/pending-order.page.ts[0m:[93m72[0m:[93m13[0m - [91merror[0m[90m TS7006: [0mParameter 'event' implicitly has an 'any' type.

[7m72[0m   doRefresh(event) {
[7m  [0m [91m            ~~~~~[0m


Error: [96msrc/app/pending-order/pending-order.page.ts[0m:[93m79[0m:[93m25[0m - [91merror[0m[90m TS7006: [0mParameter 'item' implicitly has an 'any' type.

[7m79[0m  async logistic_request(item,type) {
[7m  [0m [91m                        ~~~~[0m


Error: [96msrc/app/pending-order/pending-order.page.ts[0m:[93m79[0m:[93m30[0m - [91merror[0m[90m TS7006: [0mParameter 'type' implicitly has an 'any' type.

[7m79[0m  async logistic_request(item,type) {
[7m  [0m [91m                             ~~~~[0m


Error: [96msrc/app/pending-order/pending-order.page.ts[0m:[93m138[0m:[93m13[0m - [91merror[0m[90m TS7006: [0mParameter 'item' implicitly has an 'any' type.

[7m138[0m  submit_now(item){
[7m   [0m [91m            ~~~~[0m


Error: [96msrc/app/pending-order/pending-order.page.ts[0m:[93m196[0m:[93m14[0m - [91merror[0m[90m TS7006: [0mParameter 'item' implicitly has an 'any' type.

[7m196[0m  getItemData(item) {
[7m   [0m [91m             ~~~~[0m


Error: [96msrc/app/pending-order/pending-order.page.ts[0m:[93m216[0m:[93m20[0m - [91merror[0m[90m TS7006: [0mParameter 'tab' implicitly has an 'any' type.

[7m216[0m    set_current_tab(tab,type){
[7m   [0m [91m                   ~~~[0m


Error: [96msrc/app/pending-order/pending-order.page.ts[0m:[93m216[0m:[93m24[0m - [91merror[0m[90m TS7006: [0mParameter 'type' implicitly has an 'any' type.

[7m216[0m    set_current_tab(tab,type){
[7m   [0m [91m                       ~~~~[0m


Error: [96msrc/app/personal-dashboard/personal-dashboard.page.ts[0m:[93m34[0m:[93m3[0m - [91merror[0m[90m TS2564: [0mProperty 'pending_count' has no initializer and is not definitely assigned in the constructor.

[7m34[0m   pending_count: 0;
[7m  [0m [91m  ~~~~~~~~~~~~~[0m


Error: [96msrc/app/personal-dashboard/personal-dashboard.page.ts[0m:[93m35[0m:[93m3[0m - [91merror[0m[90m TS2564: [0mProperty 'scheduled_count' has no initializer and is not definitely assigned in the constructor.

[7m35[0m   scheduled_count: 0;
[7m  [0m [91m  ~~~~~~~~~~~~~~~[0m


Error: [96msrc/app/personal-dashboard/personal-dashboard.page.ts[0m:[93m165[0m:[93m13[0m - [91merror[0m[90m TS7006: [0mParameter 'event' implicitly has an 'any' type.

[7m165[0m   doRefresh(event) {
[7m   [0m [91m            ~~~~~[0m


Error: [96msrc/app/personal-dashboard/personal-dashboard.page.ts[0m:[93m217[0m:[93m37[0m - [91merror[0m[90m TS7006: [0mParameter 'task' implicitly has an 'any' type.

[7m217[0m     this.scheduledTaskList.forEach((task, index) => {
[7m   [0m [91m                                    ~~~~[0m


Error: [96msrc/app/personal-dashboard/personal-dashboard.page.ts[0m:[93m217[0m:[93m43[0m - [91merror[0m[90m TS7006: [0mParameter 'index' implicitly has an 'any' type.

[7m217[0m     this.scheduledTaskList.forEach((task, index) => {
[7m   [0m [91m                                          ~~~~~[0m


Error: [96msrc/app/personal-dashboard/personal-dashboard.page.ts[0m:[93m242[0m:[93m20[0m - [91merror[0m[90m TS7006: [0mParameter 'task' implicitly has an 'any' type.

[7m242[0m   async taskAction(task){
[7m   [0m [91m                   ~~~~[0m


Error: [96msrc/app/personal-dashboard/personal-dashboard.page.ts[0m:[93m265[0m:[93m29[0m - [91merror[0m[90m TS7006: [0mParameter 'title' implicitly has an 'any' type.

[7m265[0m   async createCustomizeTask(title){
[7m   [0m [91m                            ~~~~~[0m


Error: [96msrc/app/personal-dashboard/personal-dashboard.page.ts[0m:[93m317[0m:[93m17[0m - [91merror[0m[90m TS7006: [0mParameter 'title' implicitly has an 'any' type.

[7m317[0m   customizeTask(title){
[7m   [0m [91m                ~~~~~[0m


Error: [96msrc/app/pickup-detail-task/pickup-detail-task.page.ts[0m:[93m26[0m:[93m45[0m - [91merror[0m[90m TS2564: [0mProperty 'searchbar' has no initializer and is not definitely assigned in the constructor.

[7m26[0m  @ViewChild("autofocus", { static: false }) searchbar: IonSearchbar;
[7m  [0m [91m                                            ~~~~~~~~~[0m


Error: [96msrc/app/pickup-detail-task/pickup-detail-task.page.ts[0m:[93m106[0m:[93m24[0m - [91merror[0m[90m TS7006: [0mParameter 'type' implicitly has an 'any' type.

[7m106[0m  async openActionSheet(type) {
[7m   [0m [91m                       ~~~~[0m


Error: [96msrc/app/pickup-detail-task/pickup-detail-task.page.ts[0m:[93m165[0m:[93m75[0m - [91merror[0m[90m TS18046: [0m'error' is of type 'unknown'.

[7m165[0m       await this.presentErrorAlert('Error', 'Failed to capture photo: ' + error.message);
[7m   [0m [91m                                                                          ~~~~~[0m


Error: [96msrc/app/pickup-detail-task/pickup-detail-task.page.ts[0m:[93m208[0m:[93m36[0m - [91merror[0m[90m TS2769: [0mNo overload matches this call.
  Overload 1 of 4, '(iterable: Iterable<File> | ArrayLike<File>): File[]', gave the following error.
    Argument of type 'FileList | null' is not assignable to parameter of type 'Iterable<File> | ArrayLike<File>'.
      Type 'null' is not assignable to type 'Iterable<File> | ArrayLike<File>'.
  Overload 2 of 4, '(arrayLike: ArrayLike<File>): File[]', gave the following error.
    Argument of type 'FileList | null' is not assignable to parameter of type 'ArrayLike<File>'.
      Type 'null' is not assignable to type 'ArrayLike<File>'.

[7m208[0m           const files = Array.from(input.files);
[7m   [0m [91m                                   ~~~~~~~~~~~[0m



Error: [96msrc/app/pickup-detail-task/pickup-detail-task.page.ts[0m:[93m302[0m:[93m11[0m - [91merror[0m[90m TS7053: [0mElement implicitly has an 'any' type because expression of type '"status"' can't be used to index type 'Object'.
  Property 'status' does not exist on type 'Object'.

[7m302[0m       if (data['status'] === "OK") {
[7m   [0m [91m          ~~~~~~~~~~~~~~[0m


Error: [96msrc/app/pickup-detail-task/pickup-detail-task.page.ts[0m:[93m302[0m:[93m11[0m - [91merror[0m[90m TS18048: [0m'data' is possibly 'undefined'.

[7m302[0m       if (data['status'] === "OK") {
[7m   [0m [91m          ~~~~[0m


Error: [96msrc/app/pickup-detail-task/pickup-detail-task.page.ts[0m:[93m303[0m:[93m25[0m - [91merror[0m[90m TS7053: [0mElement implicitly has an 'any' type because expression of type '"result"' can't be used to index type 'Object'.
  Property 'result' does not exist on type 'Object'.

[7m303[0m         this.imageUrl = data['result']['img_path'];
[7m   [0m [91m                        ~~~~~~~~~~~~~~[0m


Error: [96msrc/app/pickup-detail-task/pickup-detail-task.page.ts[0m:[93m303[0m:[93m25[0m - [91merror[0m[90m TS18048: [0m'data' is possibly 'undefined'.

[7m303[0m         this.imageUrl = data['result']['img_path'];
[7m   [0m [91m                        ~~~~[0m


Error: [96msrc/app/pickup-detail-task/pickup-detail-task.page.ts[0m:[93m310[0m:[93m25[0m - [91merror[0m[90m TS7053: [0mElement implicitly has an 'any' type because expression of type '"message"' can't be used to index type 'Object'.
  Property 'message' does not exist on type 'Object'.

[7m310[0m         throw new Error(data['message'] || 'Upload failed');
[7m   [0m [91m                        ~~~~~~~~~~~~~~~[0m


Error: [96msrc/app/pickup-detail-task/pickup-detail-task.page.ts[0m:[93m310[0m:[93m25[0m - [91merror[0m[90m TS18048: [0m'data' is possibly 'undefined'.

[7m310[0m         throw new Error(data['message'] || 'Upload failed');
[7m   [0m [91m                        ~~~~[0m


Error: [96msrc/app/pickup-detail-task/pickup-detail-task.page.ts[0m:[93m346[0m:[93m11[0m - [91merror[0m[90m TS7053: [0mElement implicitly has an 'any' type because expression of type '"status"' can't be used to index type 'Object'.
  Property 'status' does not exist on type 'Object'.

[7m346[0m       if (data['status'] === "OK") {
[7m   [0m [91m          ~~~~~~~~~~~~~~[0m


Error: [96msrc/app/pickup-detail-task/pickup-detail-task.page.ts[0m:[93m346[0m:[93m11[0m - [91merror[0m[90m TS18048: [0m'data' is possibly 'undefined'.

[7m346[0m       if (data['status'] === "OK") {
[7m   [0m [91m          ~~~~[0m


Error: [96msrc/app/pickup-detail-task/pickup-detail-task.page.ts[0m:[93m347[0m:[93m44[0m - [91merror[0m[90m TS7053: [0mElement implicitly has an 'any' type because expression of type '"result"' can't be used to index type 'Object'.
  Property 'result' does not exist on type 'Object'.

[7m347[0m         this.MultipleImageUrl = JSON.parse(data['result']['img_path']);
[7m   [0m [91m                                           ~~~~~~~~~~~~~~[0m


Error: [96msrc/app/pickup-detail-task/pickup-detail-task.page.ts[0m:[93m347[0m:[93m44[0m - [91merror[0m[90m TS18048: [0m'data' is possibly 'undefined'.

[7m347[0m         this.MultipleImageUrl = JSON.parse(data['result']['img_path']);
[7m   [0m [91m                                           ~~~~[0m


Error: [96msrc/app/pickup-detail-task/pickup-detail-task.page.ts[0m:[93m350[0m:[93m25[0m - [91merror[0m[90m TS7053: [0mElement implicitly has an 'any' type because expression of type '"message"' can't be used to index type 'Object'.
  Property 'message' does not exist on type 'Object'.

[7m350[0m         throw new Error(data['message'] || 'Upload failed');
[7m   [0m [91m                        ~~~~~~~~~~~~~~~[0m


Error: [96msrc/app/pickup-detail-task/pickup-detail-task.page.ts[0m:[93m350[0m:[93m25[0m - [91merror[0m[90m TS18048: [0m'data' is possibly 'undefined'.

[7m350[0m         throw new Error(data['message'] || 'Upload failed');
[7m   [0m [91m                        ~~~~[0m


Error: [96msrc/app/pickup-detail-task/pickup-detail-task.page.ts[0m:[93m358[0m:[93m13[0m - [91merror[0m[90m TS7006: [0mParameter 'is_multiple' implicitly has an 'any' type.

[7m358[0m  delete_img(is_multiple, img_path) {
[7m   [0m [91m            ~~~~~~~~~~~[0m


Error: [96msrc/app/pickup-detail-task/pickup-detail-task.page.ts[0m:[93m358[0m:[93m26[0m - [91merror[0m[90m TS7006: [0mParameter 'img_path' implicitly has an 'any' type.

[7m358[0m  delete_img(is_multiple, img_path) {
[7m   [0m [91m                         ~~~~~~~~[0m


Error: [96msrc/app/pickup-detail-task/pickup-detail-task.page.ts[0m:[93m379[0m:[93m49[0m - [91merror[0m[90m TS2345: [0mArgument of type 'any' is not assignable to parameter of type 'never'.

[7m379[0m       let index = this.MultipleImageUrl.indexOf(img_path);
[7m   [0m [91m                                                ~~~~~~~~[0m


Error: [96msrc/app/pickup-detail-task/pickup-detail-task.page.ts[0m:[93m406[0m:[93m8[0m - [91merror[0m[90m TS7053: [0mElement implicitly has an 'any' type because expression of type '"status"' can't be used to index type 'Object'.
  Property 'status' does not exist on type 'Object'.

[7m406[0m    if (data['status'] == "OK") {
[7m   [0m [91m       ~~~~~~~~~~~~~~[0m


Error: [96msrc/app/pickup-detail-task/pickup-detail-task.page.ts[0m:[93m412[0m:[93m39[0m - [91merror[0m[90m TS7053: [0mElement implicitly has an 'any' type because expression of type '"result"' can't be used to index type 'Object'.
  Property 'result' does not exist on type 'Object'.

[7m412[0m     this.App.presentAlert_default('', data['result'], "../../assets/attention2-icon.svg");
[7m   [0m [91m                                      ~~~~~~~~~~~~~~[0m


Error: [96msrc/app/pickup-detail/pickup-detail.page.ts[0m:[93m27[0m:[93m45[0m - [91merror[0m[90m TS2564: [0mProperty 'searchbar' has no initializer and is not definitely assigned in the constructor.

[7m27[0m  @ViewChild("autofocus", { static: false }) searchbar: IonSearchbar;
[7m  [0m [91m                                            ~~~~~~~~~[0m


Error: [96msrc/app/pickup-detail/pickup-detail.page.ts[0m:[93m109[0m:[93m24[0m - [91merror[0m[90m TS7006: [0mParameter 'type' implicitly has an 'any' type.

[7m109[0m  async openActionSheet(type) {
[7m   [0m [91m                       ~~~~[0m


Error: [96msrc/app/pickup-detail/pickup-detail.page.ts[0m:[93m182[0m:[93m10[0m - [91merror[0m[90m TS2339: [0mProperty 'statusBar' does not exist on type 'PickupDetailPage'.

[7m182[0m     this.statusBar.overlaysWebView(true);
[7m   [0m [91m         ~~~~~~~~~[0m


Error: [96msrc/app/pickup-detail/pickup-detail.page.ts[0m:[93m183[0m:[93m10[0m - [91merror[0m[90m TS2339: [0mProperty 'statusBar' does not exist on type 'PickupDetailPage'.

[7m183[0m     this.statusBar.overlaysWebView(false);
[7m   [0m [91m         ~~~~~~~~~[0m


Error: [96msrc/app/pickup-detail/pickup-detail.page.ts[0m:[93m205[0m:[93m10[0m - [91merror[0m[90m TS2339: [0mProperty 'statusBar' does not exist on type 'PickupDetailPage'.

[7m205[0m     this.statusBar.overlaysWebView(true);
[7m   [0m [91m         ~~~~~~~~~[0m


Error: [96msrc/app/pickup-detail/pickup-detail.page.ts[0m:[93m206[0m:[93m10[0m - [91merror[0m[90m TS2339: [0mProperty 'statusBar' does not exist on type 'PickupDetailPage'.

[7m206[0m     this.statusBar.overlaysWebView(false);
[7m   [0m [91m         ~~~~~~~~~[0m


Error: [96msrc/app/pickup-detail/pickup-detail.page.ts[0m:[93m207[0m:[93m16[0m - [91merror[0m[90m TS18047: [0m'input.files' is possibly 'null'.

[7m207[0m     let file = input.files[0];
[7m   [0m [91m               ~~~~~~~~~~~[0m


Error: [96msrc/app/pickup-detail/pickup-detail.page.ts[0m:[93m211[0m:[93m20[0m - [91merror[0m[90m TS18047: [0m'reader.result' is possibly 'null'.

[7m211[0m      let imgInfo = reader.result.toString().split(',')[1];
[7m   [0m [91m                   ~~~~~~~~~~~~~[0m


Error: [96msrc/app/pickup-detail/pickup-detail.page.ts[0m:[93m241[0m:[93m19[0m - [91merror[0m[90m TS7006: [0mParameter 'imgInfo' implicitly has an 'any' type.

[7m241[0m  api_upload_image(imgInfo) {
[7m   [0m [91m                  ~~~~~~~[0m


Error: [96msrc/app/pickup-detail/pickup-detail.page.ts[0m:[93m275[0m:[93m21[0m - [91merror[0m[90m TS7006: [0mParameter 'tobeSubmit' implicitly has an 'any' type.

[7m275[0m    one_image_upload(tobeSubmit) {
[7m   [0m [91m                    ~~~~~~~~~~[0m


Error: [96msrc/app/pickup-detail/pickup-detail.page.ts[0m:[93m278[0m:[93m8[0m - [91merror[0m[90m TS7053: [0mElement implicitly has an 'any' type because expression of type '"status"' can't be used to index type 'Object'.
  Property 'status' does not exist on type 'Object'.

[7m278[0m    if (data['status'] == "OK") {
[7m   [0m [91m       ~~~~~~~~~~~~~~[0m


Error: [96msrc/app/pickup-detail/pickup-detail.page.ts[0m:[93m280[0m:[93m21[0m - [91merror[0m[90m TS7053: [0mElement implicitly has an 'any' type because expression of type '"result"' can't be used to index type 'Object'.
  Property 'result' does not exist on type 'Object'.

[7m280[0m     this.imageUrl = data['result']['img_path'];
[7m   [0m [91m                    ~~~~~~~~~~~~~~[0m


Error: [96msrc/app/pickup-detail/pickup-detail.page.ts[0m:[93m293[0m:[93m28[0m - [91merror[0m[90m TS7006: [0mParameter 'imgInfo' implicitly has an 'any' type.

[7m293[0m  api_upload_multiple_image(imgInfo) {
[7m   [0m [91m                           ~~~~~~~[0m


Error: [96msrc/app/pickup-detail/pickup-detail.page.ts[0m:[93m327[0m:[93m26[0m - [91merror[0m[90m TS7006: [0mParameter 'tobeSubmit' implicitly has an 'any' type.

[7m327[0m    multiple_image_upload(tobeSubmit) {
[7m   [0m [91m                         ~~~~~~~~~~[0m


Error: [96msrc/app/pickup-detail/pickup-detail.page.ts[0m:[93m330[0m:[93m8[0m - [91merror[0m[90m TS7053: [0mElement implicitly has an 'any' type because expression of type '"status"' can't be used to index type 'Object'.
  Property 'status' does not exist on type 'Object'.

[7m330[0m    if (data['status'] == "OK") {
[7m   [0m [91m       ~~~~~~~~~~~~~~[0m


Error: [96msrc/app/pickup-detail/pickup-detail.page.ts[0m:[93m332[0m:[93m40[0m - [91merror[0m[90m TS7053: [0mElement implicitly has an 'any' type because expression of type '"result"' can't be used to index type 'Object'.
  Property 'result' does not exist on type 'Object'.

[7m332[0m     this.MultipleImageUrl = JSON.parse(data['result']['img_path']);
[7m   [0m [91m                                       ~~~~~~~~~~~~~~[0m


Error: [96msrc/app/pickup-detail/pickup-detail.page.ts[0m:[93m356[0m:[93m8[0m - [91merror[0m[90m TS7053: [0mElement implicitly has an 'any' type because expression of type '"status"' can't be used to index type 'Object'.
  Property 'status' does not exist on type 'Object'.

[7m356[0m    if (data['status'] == "OK") {
[7m   [0m [91m       ~~~~~~~~~~~~~~[0m


Error: [96msrc/app/pickup-detail/pickup-detail.page.ts[0m:[93m358[0m:[93m40[0m - [91merror[0m[90m TS7053: [0mElement implicitly has an 'any' type because expression of type '"result"' can't be used to index type 'Object'.
  Property 'result' does not exist on type 'Object'.

[7m358[0m     this.MultipleImageUrl = JSON.parse(data['result']['img_path']);
[7m   [0m [91m                                       ~~~~~~~~~~~~~~[0m


Error: [96msrc/app/pickup-detail/pickup-detail.page.ts[0m:[93m382[0m:[93m8[0m - [91merror[0m[90m TS7053: [0mElement implicitly has an 'any' type because expression of type '"status"' can't be used to index type 'Object'.
  Property 'status' does not exist on type 'Object'.

[7m382[0m    if (data['status'] == "OK") {
[7m   [0m [91m       ~~~~~~~~~~~~~~[0m


Error: [96msrc/app/pickup-detail/pickup-detail.page.ts[0m:[93m384[0m:[93m27[0m - [91merror[0m[90m TS7053: [0mElement implicitly has an 'any' type because expression of type '"result"' can't be used to index type 'Object'.
  Property 'result' does not exist on type 'Object'.

[7m384[0m     let haha = JSON.parse(data['result']['img_path']);
[7m   [0m [91m                          ~~~~~~~~~~~~~~[0m


Error: [96msrc/app/pickup-detail/pickup-detail.page.ts[0m:[93m398[0m:[93m13[0m - [91merror[0m[90m TS7006: [0mParameter 'is_multiple' implicitly has an 'any' type.

[7m398[0m  delete_img(is_multiple, img_path) {
[7m   [0m [91m            ~~~~~~~~~~~[0m


Error: [96msrc/app/pickup-detail/pickup-detail.page.ts[0m:[93m398[0m:[93m26[0m - [91merror[0m[90m TS7006: [0mParameter 'img_path' implicitly has an 'any' type.

[7m398[0m  delete_img(is_multiple, img_path) {
[7m   [0m [91m                         ~~~~~~~~[0m


Error: [96msrc/app/pickup-detail/pickup-detail.page.ts[0m:[93m420[0m:[93m49[0m - [91merror[0m[90m TS2345: [0mArgument of type 'any' is not assignable to parameter of type 'never'.

[7m420[0m       let index = this.MultipleImageUrl.indexOf(img_path);
[7m   [0m [91m                                                ~~~~~~~~[0m


Error: [96msrc/app/pickup-detail/pickup-detail.page.ts[0m:[93m448[0m:[93m8[0m - [91merror[0m[90m TS7053: [0mElement implicitly has an 'any' type because expression of type '"status"' can't be used to index type 'Object'.
  Property 'status' does not exist on type 'Object'.

[7m448[0m    if (data['status'] == "OK") {
[7m   [0m [91m       ~~~~~~~~~~~~~~[0m


Error: [96msrc/app/pickup-detail/pickup-detail.page.ts[0m:[93m455[0m:[93m39[0m - [91merror[0m[90m TS7053: [0mElement implicitly has an 'any' type because expression of type '"result"' can't be used to index type 'Object'.
  Property 'result' does not exist on type 'Object'.

[7m455[0m     this.App.presentAlert_default('', data['result'], "../../assets/attention2-icon.svg");
[7m   [0m [91m                                      ~~~~~~~~~~~~~~[0m


Error: [96msrc/app/pickup-order/pickup-order.page.ts[0m:[93m16[0m:[93m31[0m - [91merror[0m[90m TS2564: [0mProperty 'reorderGroup' has no initializer and is not definitely assigned in the constructor.

[7m16[0m   @ViewChild(IonReorderGroup) reorderGroup: IonReorderGroup;
[7m  [0m [91m                              ~~~~~~~~~~~~[0m


Error: [96msrc/app/pickup-order/pickup-order.page.ts[0m:[93m89[0m:[93m7[0m - [91merror[0m[90m TS7053: [0mElement implicitly has an 'any' type because expression of type '"status"' can't be used to index type 'Object'.
  Property 'status' does not exist on type 'Object'.

[7m89[0m    if(data['status'] == "OK") {
[7m  [0m [91m      ~~~~~~~~~~~~~~[0m


Error: [96msrc/app/pickup/pickup.page.ts[0m:[93m23[0m:[93m46[0m - [91merror[0m[90m TS2564: [0mProperty 'searchbar' has no initializer and is not definitely assigned in the constructor.

[7m23[0m   @ViewChild("autofocus", { static: false }) searchbar: IonSearchbar;
[7m  [0m [91m                                             ~~~~~~~~~[0m


Error: [96msrc/app/pickup/pickup.page.ts[0m:[93m74[0m:[93m37[0m - [91merror[0m[90m TS2345: [0mArgument of type 'any' is not assignable to parameter of type 'never'.

[7m74[0m                 this.riderList.push(tmp_riderList[i]);
[7m  [0m [91m                                    ~~~~~~~~~~~~~~~~[0m


Error: [96msrc/app/pickup/pickup.page.ts[0m:[93m97[0m:[93m16[0m - [91merror[0m[90m TS7006: [0mParameter 'item' implicitly has an 'any' type.

[7m97[0m   sendWhatsapp(item){
[7m  [0m [91m               ~~~~[0m


Error: [96msrc/app/pickup/pickup.page.ts[0m:[93m102[0m:[93m13[0m - [91merror[0m[90m TS7006: [0mParameter 'event' implicitly has an 'any' type.

[7m102[0m   doRefresh(event) {
[7m   [0m [91m            ~~~~~[0m


Error: [96msrc/app/pickup/pickup.page.ts[0m:[93m110[0m:[93m11[0m - [91merror[0m[90m TS7006: [0mParameter 'item' implicitly has an 'any' type.

[7m110[0m   openMap(item){
[7m   [0m [91m          ~~~~[0m


Error: [96msrc/app/pickup/pickup.page.ts[0m:[93m123[0m:[93m11[0m - [91merror[0m[90m TS7006: [0mParameter 'item' implicitly has an 'any' type.

[7m123[0m   details(item) {
[7m   [0m [91m          ~~~~[0m


Error: [96msrc/app/profile/profile.page.ts[0m:[93m188[0m:[93m19[0m - [91merror[0m[90m TS4111: [0mProperty 'email' comes from an index signature, so it must be accessed with ['email'].

[7m188[0m      localStorage.email = user.email;
[7m   [0m [91m                  ~~~~~[0m


Error: [96msrc/app/profile/profile.page.ts[0m:[93m190[0m:[93m19[0m - [91merror[0m[90m TS4111: [0mProperty 'password' comes from an index signature, so it must be accessed with ['password'].

[7m190[0m      localStorage.password = user.password;
[7m   [0m [91m                  ~~~~~~~~[0m


Error: [96msrc/app/profile/profile.page.ts[0m:[93m191[0m:[93m19[0m - [91merror[0m[90m TS4111: [0mProperty 'address' comes from an index signature, so it must be accessed with ['address'].

[7m191[0m      localStorage.address = user.address;
[7m   [0m [91m                  ~~~~~~~[0m


Error: [96msrc/app/profile/profile.page.ts[0m:[93m193[0m:[93m19[0m - [91merror[0m[90m TS4111: [0mProperty 'created_date' comes from an index signature, so it must be accessed with ['created_date'].

[7m193[0m      localStorage.created_date = user.created_date;
[7m   [0m [91m                  ~~~~~~~~~~~~[0m


Error: [96msrc/app/profile/profile.page.ts[0m:[93m220[0m:[93m13[0m - [91merror[0m[90m TS7006: [0mParameter 'mode' implicitly has an 'any' type.

[7m220[0m  switchMode(mode) {
[7m   [0m [91m            ~~~~[0m


Error: [96msrc/app/punch-card/punch-card.page.ts[0m:[93m77[0m:[93m20[0m - [91merror[0m[90m TS7006: [0mParameter 'item' implicitly has an 'any' type.

[7m77[0m  async view_detail(item) {
[7m  [0m [91m                   ~~~~[0m


Error: [96msrc/app/punching/punching.page.ts[0m:[93m98[0m:[93m25[0m - [91merror[0m[90m TS7006: [0mParameter 'imgInfo' implicitly has an 'any' type.

[7m98[0m  async api_upload_image(imgInfo) {
[7m  [0m [91m                        ~~~~~~~[0m


Error: [96msrc/app/punching/punching.page.ts[0m:[93m139[0m:[93m25[0m - [91merror[0m[90m TS7006: [0mParameter 'tobeSubmit' implicitly has an 'any' type.

[7m139[0m  async one_image_upload(tobeSubmit) {
[7m   [0m [91m                        ~~~~~~~~~~[0m


Error: [96msrc/app/punching/punching.page.ts[0m:[93m143[0m:[93m8[0m - [91merror[0m[90m TS7053: [0mElement implicitly has an 'any' type because expression of type '"status"' can't be used to index type 'Object'.
  Property 'status' does not exist on type 'Object'.

[7m143[0m    if (data['status'] === "OK") {
[7m   [0m [91m       ~~~~~~~~~~~~~~[0m


Error: [96msrc/app/punching/punching.page.ts[0m:[93m143[0m:[93m8[0m - [91merror[0m[90m TS18048: [0m'data' is possibly 'undefined'.

[7m143[0m    if (data['status'] === "OK") {
[7m   [0m [91m       ~~~~[0m


Error: [96msrc/app/punching/punching.page.ts[0m:[93m145[0m:[93m28[0m - [91merror[0m[90m TS7053: [0mElement implicitly has an 'any' type because expression of type '"result"' can't be used to index type 'Object'.
  Property 'result' does not exist on type 'Object'.

[7m145[0m     this.formData.selfie = data['result']['img_path'];
[7m   [0m [91m                           ~~~~~~~~~~~~~~[0m


Error: [96msrc/app/punching/punching.page.ts[0m:[93m145[0m:[93m28[0m - [91merror[0m[90m TS18048: [0m'data' is possibly 'undefined'.

[7m145[0m     this.formData.selfie = data['result']['img_path'];
[7m   [0m [91m                           ~~~~[0m


Error: [96msrc/app/punching/punching.page.ts[0m:[93m164[0m:[93m36[0m - [91merror[0m[90m TS18047: [0m'resp' is possibly 'null'.

[7m164[0m    this.formData.geolocation_lat = resp.latitude.toString();
[7m   [0m [91m                                   ~~~~[0m


Error: [96msrc/app/punching/punching.page.ts[0m:[93m165[0m:[93m36[0m - [91merror[0m[90m TS18047: [0m'resp' is possibly 'null'.

[7m165[0m    this.formData.geolocation_lng = resp.longitude.toString();
[7m   [0m [91m                                   ~~~~[0m


Error: [96msrc/app/qc-detail/qc-detail.page.ts[0m:[93m177[0m:[93m34[0m - [91merror[0m[90m TS2339: [0mProperty 'gold_pure_id' does not exist on type 'never'.

[7m177[0m         let item_code = tmp_item.gold_pure_id;
[7m   [0m [91m                                 ~~~~~~~~~~~~[0m


Error: [96msrc/app/qc-detail/qc-detail.page.ts[0m:[93m178[0m:[93m21[0m - [91merror[0m[90m TS2339: [0mProperty 'customer_gold_pure_id' does not exist on type 'never'.

[7m178[0m         if(tmp_item.customer_gold_pure_id != 0){
[7m   [0m [91m                    ~~~~~~~~~~~~~~~~~~~~~[0m


Error: [96msrc/app/qc-detail/qc-detail.page.ts[0m:[93m179[0m:[93m32[0m - [91merror[0m[90m TS2339: [0mProperty 'customer_gold_pure_id' does not exist on type 'never'.

[7m179[0m           item_code = tmp_item.customer_gold_pure_id;
[7m   [0m [91m                               ~~~~~~~~~~~~~~~~~~~~~[0m


Error: [96msrc/app/qc-detail/qc-detail.page.ts[0m:[93m184[0m:[93m32[0m - [91merror[0m[90m TS2339: [0mProperty 'item_type_id' does not exist on type 'never'.

[7m184[0m           item_type : tmp_item.item_type_id,
[7m   [0m [91m                               ~~~~~~~~~~~~[0m


Error: [96msrc/app/qc-detail/qc-detail.page.ts[0m:[93m186[0m:[93m43[0m - [91merror[0m[90m TS2339: [0mProperty 'weight' does not exist on type 'never'.

[7m186[0m           gram      : parseFloat(tmp_item.weight),
[7m   [0m [91m                                          ~~~~~~[0m


Error: [96msrc/app/qc-detail/qc-detail.page.ts[0m:[93m188[0m:[93m40[0m - [91merror[0m[90m TS2339: [0mProperty 'gold_name' does not exist on type 'never'.

[7m188[0m           gold_name         : tmp_item.gold_name,
[7m   [0m [91m                                       ~~~~~~~~~[0m


Error: [96msrc/app/qc-detail/qc-detail.page.ts[0m:[93m189[0m:[93m40[0m - [91merror[0m[90m TS2339: [0mProperty 'gold_pure_percentage' does not exist on type 'never'.

[7m189[0m           gold_pure_percent : tmp_item.gold_pure_percentage,
[7m   [0m [91m                                       ~~~~~~~~~~~~~~~~~~~~[0m


Error: [96msrc/app/qc-detail/qc-detail.page.ts[0m:[93m190[0m:[93m40[0m - [91merror[0m[90m TS2339: [0mProperty 'XAU' does not exist on type 'never'.

[7m190[0m           XAU_amount        : tmp_item.XAU,
[7m   [0m [91m                                       ~~~[0m


Error: [96msrc/app/qc-detail/qc-detail.page.ts[0m:[93m195[0m:[93m45[0m - [91merror[0m[90m TS2339: [0mProperty 'is_multiple_image' does not exist on type 'never'.

[7m195[0m           item_is_multiple_image : tmp_item.is_multiple_image,
[7m   [0m [91m                                            ~~~~~~~~~~~~~~~~~[0m


Error: [96msrc/app/qc-detail/qc-detail.page.ts[0m:[93m196[0m:[93m33[0m - [91merror[0m[90m TS2339: [0mProperty 'image' does not exist on type 'never'.

[7m196[0m           item_image : tmp_item.image,
[7m   [0m [91m                                ~~~~~[0m


Error: [96msrc/app/qc-detail/qc-detail.page.ts[0m:[93m197[0m:[93m42[0m - [91merror[0m[90m TS2339: [0mProperty 'multiple_image' does not exist on type 'never'.

[7m197[0m           item_multiple_image : tmp_item.multiple_image,
[7m   [0m [91m                                         ~~~~~~~~~~~~~~[0m


Error: [96msrc/app/qc-detail/qc-detail.page.ts[0m:[93m198[0m:[93m30[0m - [91merror[0m[90m TS2339: [0mProperty 'barcode' does not exist on type 'never'.

[7m198[0m           barcode : tmp_item.barcode,
[7m   [0m [91m                             ~~~~~~~[0m


Error: [96msrc/app/qc-detail/qc-detail.page.ts[0m:[93m199[0m:[93m33[0m - [91merror[0m[90m TS2339: [0mProperty 'pw_barcode' does not exist on type 'never'.

[7m199[0m           pw_barcode : tmp_item.pw_barcode,
[7m   [0m [91m                                ~~~~~~~~~~[0m


Error: [96msrc/app/qc-detail/qc-detail.page.ts[0m:[93m207[0m:[93m52[0m - [91merror[0m[90m TS2339: [0mProperty 'goods_received_note_detail_id' does not exist on type 'never'.

[7m207[0m           goods_received_note_detail_id : tmp_item.goods_received_note_detail_id,
[7m   [0m [91m                                                   ~~~~~~~~~~~~~~~~~~~~~~~~~~~~~[0m


Error: [96msrc/app/qc-detail/qc-detail.page.ts[0m:[93m208[0m:[93m40[0m - [91merror[0m[90m TS2339: [0mProperty 'purchase_order_id' does not exist on type 'never'.

[7m208[0m           purchase_order_id : tmp_item.purchase_order_id,
[7m   [0m [91m                                       ~~~~~~~~~~~~~~~~~[0m


Error: [96msrc/app/qc-detail/qc-detail.page.ts[0m:[93m209[0m:[93m32[0m - [91merror[0m[90m TS2339: [0mProperty 'is_deleted' does not exist on type 'never'.

[7m209[0m           is_deleted: tmp_item.is_deleted,
[7m   [0m [91m                               ~~~~~~~~~~[0m


Error: [96msrc/app/qc-detail/qc-detail.page.ts[0m:[93m212[0m:[93m27[0m - [91merror[0m[90m TS2345: [0mArgument of type '{ item_type: any; item_code: any; gram: number; gold_name: any; gold_pure_percent: any; XAU_amount: any; goods_received_note_id: string | null; item_is_multiple_image: any; item_image: any; ... 9 more ...; is_deleted: any; }' is not assignable to parameter of type 'never'.

[7m212[0m         this.grnList.push(tmp);
[7m   [0m [91m                          ~~~[0m


Error: [96msrc/app/qc-detail/qc-detail.page.ts[0m:[93m245[0m:[93m67[0m - [91merror[0m[90m TS2339: [0mProperty 'purchase_order_id' does not exist on type 'never'.

[7m245[0m     tmp['purchase_order_id'] = this.collectionDetails.itemList[0].purchase_order_id;
[7m   [0m [91m                                                                  ~~~~~~~~~~~~~~~~~[0m


Error: [96msrc/app/qc-detail/qc-detail.page.ts[0m:[93m247[0m:[93m23[0m - [91merror[0m[90m TS2345: [0mArgument of type '{ item_type: string; item_code: string; gram: number; gold_name: string; gold_pure_percent: string; XAU_amount: number; purchase_order_id: number; goods_received_note_detail_id: number; goods_received_note_id: string | null; ... 4 more ...; is_checked: number; }' is not assignable to parameter of type 'never'.

[7m247[0m     this.grnList.push(tmp);
[7m   [0m [91m                      ~~~[0m


Error: [96msrc/app/qc-detail/qc-detail.page.ts[0m:[93m251[0m:[93m15[0m - [91merror[0m[90m TS7006: [0mParameter 'selectedItem' implicitly has an 'any' type.

[7m251[0m   recalculate(selectedItem){
[7m   [0m [91m              ~~~~~~~~~~~~[0m


Error: [96msrc/app/qc-detail/qc-detail.page.ts[0m:[93m263[0m:[93m21[0m - [91merror[0m[90m TS2339: [0mProperty 'id' does not exist on type 'never'.

[7m263[0m         return item.id == selectedItem.item_code;
[7m   [0m [91m                    ~~[0m


Error: [96msrc/app/qc-detail/qc-detail.page.ts[0m:[93m268[0m:[93m53[0m - [91merror[0m[90m TS2339: [0mProperty 'override_gold_pure_percent' does not exist on type 'never'.

[7m268[0m         var final_percent = selectedPresetPurity[0].override_gold_pure_percent;
[7m   [0m [91m                                                    ~~~~~~~~~~~~~~~~~~~~~~~~~~[0m


Error: [96msrc/app/qc-detail/qc-detail.page.ts[0m:[93m269[0m:[93m71[0m - [91merror[0m[90m TS2339: [0mProperty 'override_gold_pure_percent' does not exist on type 'never'.

[7m269[0m         if(selectedItem.gold_pure_percent !=  selectedPresetPurity[0].override_gold_pure_percent) {
[7m   [0m [91m                                                                      ~~~~~~~~~~~~~~~~~~~~~~~~~~[0m


Error: [96msrc/app/qc-detail/qc-detail.page.ts[0m:[93m273[0m:[93m58[0m - [91merror[0m[90m TS2339: [0mProperty 'gold_name' does not exist on type 'never'.

[7m273[0m         selectedItem.gold_name = selectedPresetPurity[0].gold_name;
[7m   [0m [91m                                                         ~~~~~~~~~[0m


Error: [96msrc/app/qc-detail/qc-detail.page.ts[0m:[93m301[0m:[93m26[0m - [91merror[0m[90m TS2339: [0mProperty 'is_checked' does not exist on type 'never'.

[7m301[0m       if(this.grnList[i].is_checked == 1){
[7m   [0m [91m                         ~~~~~~~~~~[0m


Error: [96msrc/app/qc-detail/qc-detail.page.ts[0m:[93m302[0m:[93m43[0m - [91merror[0m[90m TS2339: [0mProperty 'gram' does not exist on type 'never'.

[7m302[0m         tmp_total_gram += this.grnList[i].gram;
[7m   [0m [91m                                          ~~~~[0m


Error: [96msrc/app/qc-detail/qc-detail.page.ts[0m:[93m303[0m:[93m54[0m - [91merror[0m[90m TS2339: [0mProperty 'XAU_amount' does not exist on type 'never'.

[7m303[0m         tmp_XAU_amount += parseFloat(this.grnList[i].XAU_amount);
[7m   [0m [91m                                                     ~~~~~~~~~~[0m


Error: [96msrc/app/qc-detail/qc-detail.page.ts[0m:[93m326[0m:[93m15[0m - [91merror[0m[90m TS7006: [0mParameter 'num' implicitly has an 'any' type.

[7m326[0m   no_round_up(num,rounded){
[7m   [0m [91m              ~~~[0m


Error: [96msrc/app/qc-detail/qc-detail.page.ts[0m:[93m326[0m:[93m19[0m - [91merror[0m[90m TS7006: [0mParameter 'rounded' implicitly has an 'any' type.

[7m326[0m   no_round_up(num,rounded){
[7m   [0m [91m                  ~~~~~~~[0m


Error: [96msrc/app/qc-detail/qc-detail.page.ts[0m:[93m378[0m:[93m20[0m - [91merror[0m[90m TS7006: [0mParameter 'id' implicitly has an 'any' type.

[7m378[0m   async removeList(id){
[7m   [0m [91m                   ~~[0m


Error: [96msrc/app/qc-detail/qc-detail.page.ts[0m:[93m396[0m:[93m30[0m - [91merror[0m[90m TS2339: [0mProperty 'is_deleted' does not exist on type 'never'.

[7m396[0m             this.grnList[id].is_deleted = "1";
[7m   [0m [91m                             ~~~~~~~~~~[0m


Error: [96msrc/app/qc-detail/qc-detail.page.ts[0m:[93m397[0m:[93m30[0m - [91merror[0m[90m TS2339: [0mProperty 'is_checked' does not exist on type 'never'.

[7m397[0m             this.grnList[id].is_checked = "0";
[7m   [0m [91m                             ~~~~~~~~~~[0m


Error: [96msrc/app/qc-detail/qc-detail.page.ts[0m:[93m410[0m:[93m25[0m - [91merror[0m[90m TS7006: [0mParameter 'index' implicitly has an 'any' type.

[7m410[0m   async openActionSheet(index) {
[7m   [0m [91m                        ~~~~~[0m


Error: [96msrc/app/qc-detail/qc-detail.page.ts[0m:[93m472[0m:[93m75[0m - [91merror[0m[90m TS18046: [0m'error' is of type 'unknown'.

[7m472[0m       await this.presentErrorAlert('Error', 'Failed to capture photo: ' + error.message);
[7m   [0m [91m                                                                          ~~~~~[0m


Error: [96msrc/app/qc-detail/qc-detail.page.ts[0m:[93m520[0m:[93m24[0m - [91merror[0m[90m TS18047: [0m'input.files' is possibly 'null'.

[7m520[0m           const file = input.files[0];
[7m   [0m [91m                       ~~~~~~~~~~~[0m


Error: [96msrc/app/qc-detail/qc-detail.page.ts[0m:[93m618[0m:[93m11[0m - [91merror[0m[90m TS7053: [0mElement implicitly has an 'any' type because expression of type '"status"' can't be used to index type 'Object'.
  Property 'status' does not exist on type 'Object'.

[7m618[0m       if (data['status'] === "OK") {
[7m   [0m [91m          ~~~~~~~~~~~~~~[0m


Error: [96msrc/app/qc-detail/qc-detail.page.ts[0m:[93m618[0m:[93m11[0m - [91merror[0m[90m TS18048: [0m'data' is possibly 'undefined'.

[7m618[0m       if (data['status'] === "OK") {
[7m   [0m [91m          ~~~~[0m


Error: [96msrc/app/qc-detail/qc-detail.page.ts[0m:[93m619[0m:[93m37[0m - [91merror[0m[90m TS2339: [0mProperty 'is_multiple_image' does not exist on type 'never'.

[7m619[0m         this.grnList[this.grnIndex].is_multiple_image = 0;
[7m   [0m [91m                                    ~~~~~~~~~~~~~~~~~[0m


Error: [96msrc/app/qc-detail/qc-detail.page.ts[0m:[93m620[0m:[93m37[0m - [91merror[0m[90m TS2339: [0mProperty 'imageUrl' does not exist on type 'never'.

[7m620[0m         this.grnList[this.grnIndex].imageUrl = data['result']['img_path'];
[7m   [0m [91m                                    ~~~~~~~~[0m


Error: [96msrc/app/qc-detail/qc-detail.page.ts[0m:[93m620[0m:[93m48[0m - [91merror[0m[90m TS7053: [0mElement implicitly has an 'any' type because expression of type '"result"' can't be used to index type 'Object'.
  Property 'result' does not exist on type 'Object'.

[7m620[0m         this.grnList[this.grnIndex].imageUrl = data['result']['img_path'];
[7m   [0m [91m                                               ~~~~~~~~~~~~~~[0m


Error: [96msrc/app/qc-detail/qc-detail.page.ts[0m:[93m620[0m:[93m48[0m - [91merror[0m[90m TS18048: [0m'data' is possibly 'undefined'.

[7m620[0m         this.grnList[this.grnIndex].imageUrl = data['result']['img_path'];
[7m   [0m [91m                                               ~~~~[0m


Error: [96msrc/app/qc-detail/qc-detail.page.ts[0m:[93m622[0m:[93m25[0m - [91merror[0m[90m TS7053: [0mElement implicitly has an 'any' type because expression of type '"message"' can't be used to index type 'Object'.
  Property 'message' does not exist on type 'Object'.

[7m622[0m         throw new Error(data['message'] || 'Upload failed');
[7m   [0m [91m                        ~~~~~~~~~~~~~~~[0m


Error: [96msrc/app/qc-detail/qc-detail.page.ts[0m:[93m622[0m:[93m25[0m - [91merror[0m[90m TS18048: [0m'data' is possibly 'undefined'.

[7m622[0m         throw new Error(data['message'] || 'Upload failed');
[7m   [0m [91m                        ~~~~[0m


Error: [96msrc/app/qc-detail/qc-detail.page.ts[0m:[93m658[0m:[93m11[0m - [91merror[0m[90m TS7053: [0mElement implicitly has an 'any' type because expression of type '"status"' can't be used to index type 'Object'.
  Property 'status' does not exist on type 'Object'.

[7m658[0m       if (data['status'] === "OK") {
[7m   [0m [91m          ~~~~~~~~~~~~~~[0m


Error: [96msrc/app/qc-detail/qc-detail.page.ts[0m:[93m658[0m:[93m11[0m - [91merror[0m[90m TS18048: [0m'data' is possibly 'undefined'.

[7m658[0m       if (data['status'] === "OK") {
[7m   [0m [91m          ~~~~[0m


Error: [96msrc/app/qc-detail/qc-detail.page.ts[0m:[93m659[0m:[93m37[0m - [91merror[0m[90m TS2339: [0mProperty 'is_multiple_image' does not exist on type 'never'.

[7m659[0m         this.grnList[this.grnIndex].is_multiple_image = 1;
[7m   [0m [91m                                    ~~~~~~~~~~~~~~~~~[0m


Error: [96msrc/app/qc-detail/qc-detail.page.ts[0m:[93m660[0m:[93m37[0m - [91merror[0m[90m TS2339: [0mProperty 'MultipleImageUrl' does not exist on type 'never'.

[7m660[0m         this.grnList[this.grnIndex].MultipleImageUrl = JSON.parse(data['result']['img_path']);
[7m   [0m [91m                                    ~~~~~~~~~~~~~~~~[0m


Error: [96msrc/app/qc-detail/qc-detail.page.ts[0m:[93m660[0m:[93m67[0m - [91merror[0m[90m TS7053: [0mElement implicitly has an 'any' type because expression of type '"result"' can't be used to index type 'Object'.
  Property 'result' does not exist on type 'Object'.

[7m660[0m         this.grnList[this.grnIndex].MultipleImageUrl = JSON.parse(data['result']['img_path']);
[7m   [0m [91m                                                                  ~~~~~~~~~~~~~~[0m


Error: [96msrc/app/qc-detail/qc-detail.page.ts[0m:[93m660[0m:[93m67[0m - [91merror[0m[90m TS18048: [0m'data' is possibly 'undefined'.

[7m660[0m         this.grnList[this.grnIndex].MultipleImageUrl = JSON.parse(data['result']['img_path']);
[7m   [0m [91m                                                                  ~~~~[0m


Error: [96msrc/app/qc-detail/qc-detail.page.ts[0m:[93m662[0m:[93m25[0m - [91merror[0m[90m TS7053: [0mElement implicitly has an 'any' type because expression of type '"message"' can't be used to index type 'Object'.
  Property 'message' does not exist on type 'Object'.

[7m662[0m         throw new Error(data['message'] || 'Upload failed');
[7m   [0m [91m                        ~~~~~~~~~~~~~~~[0m


Error: [96msrc/app/qc-detail/qc-detail.page.ts[0m:[93m662[0m:[93m25[0m - [91merror[0m[90m TS18048: [0m'data' is possibly 'undefined'.

[7m662[0m         throw new Error(data['message'] || 'Upload failed');
[7m   [0m [91m                        ~~~~[0m


Error: [96msrc/app/qc-detail/qc-detail.page.ts[0m:[93m682[0m:[93m7[0m - [91merror[0m[90m TS7053: [0mElement implicitly has an 'any' type because expression of type '"status"' can't be used to index type 'Object'.
  Property 'status' does not exist on type 'Object'.

[7m682[0m    if(data['status'] == "OK") {
[7m   [0m [91m      ~~~~~~~~~~~~~~[0m


Error: [96msrc/app/qc-detail/qc-detail.page.ts[0m:[93m685[0m:[93m37[0m - [91merror[0m[90m TS2339: [0mProperty 'is_multiple_image' does not exist on type 'never'.

[7m685[0m         this.grnList[this.grnIndex].is_multiple_image = 1;
[7m   [0m [91m                                    ~~~~~~~~~~~~~~~~~[0m


Error: [96msrc/app/qc-detail/qc-detail.page.ts[0m:[93m686[0m:[93m37[0m - [91merror[0m[90m TS2339: [0mProperty 'MultipleImageUrl' does not exist on type 'never'.

[7m686[0m         this.grnList[this.grnIndex].MultipleImageUrl = JSON.parse(data['result']['img_path']);
[7m   [0m [91m                                    ~~~~~~~~~~~~~~~~[0m


Error: [96msrc/app/qc-detail/qc-detail.page.ts[0m:[93m686[0m:[93m67[0m - [91merror[0m[90m TS7053: [0mElement implicitly has an 'any' type because expression of type '"result"' can't be used to index type 'Object'.
  Property 'result' does not exist on type 'Object'.

[7m686[0m         this.grnList[this.grnIndex].MultipleImageUrl = JSON.parse(data['result']['img_path']);
[7m   [0m [91m                                                                  ~~~~~~~~~~~~~~[0m


Error: [96msrc/app/qc-detail/qc-detail.page.ts[0m:[93m709[0m:[93m7[0m - [91merror[0m[90m TS7053: [0mElement implicitly has an 'any' type because expression of type '"status"' can't be used to index type 'Object'.
  Property 'status' does not exist on type 'Object'.

[7m709[0m    if(data['status'] == "OK") {
[7m   [0m [91m      ~~~~~~~~~~~~~~[0m


Error: [96msrc/app/qc-detail/qc-detail.page.ts[0m:[93m714[0m:[93m31[0m - [91merror[0m[90m TS7053: [0mElement implicitly has an 'any' type because expression of type '"result"' can't be used to index type 'Object'.
  Property 'result' does not exist on type 'Object'.

[7m714[0m         let haha = JSON.parse(data['result']['img_path']);
[7m   [0m [91m                              ~~~~~~~~~~~~~~[0m


Error: [96msrc/app/qc-detail/qc-detail.page.ts[0m:[93m716[0m:[93m33[0m - [91merror[0m[90m TS2339: [0mProperty 'is_multiple_image' does not exist on type 'never'.

[7m716[0m     this.grnList[this.grnIndex].is_multiple_image = 0;
[7m   [0m [91m                                ~~~~~~~~~~~~~~~~~[0m


Error: [96msrc/app/qc-detail/qc-detail.page.ts[0m:[93m717[0m:[93m37[0m - [91merror[0m[90m TS2339: [0mProperty 'imageUrl' does not exist on type 'never'.

[7m717[0m         this.grnList[this.grnIndex].imageUrl = haha[0];
[7m   [0m [91m                                    ~~~~~~~~[0m


Error: [96msrc/app/qc-detail/qc-detail.page.ts[0m:[93m729[0m:[93m13[0m - [91merror[0m[90m TS7006: [0mParameter 'is_multiple' implicitly has an 'any' type.

[7m729[0m  delete_img(is_multiple,img_path,target_index){
[7m   [0m [91m            ~~~~~~~~~~~[0m


Error: [96msrc/app/qc-detail/qc-detail.page.ts[0m:[93m729[0m:[93m25[0m - [91merror[0m[90m TS7006: [0mParameter 'img_path' implicitly has an 'any' type.

[7m729[0m  delete_img(is_multiple,img_path,target_index){
[7m   [0m [91m                        ~~~~~~~~[0m


Error: [96msrc/app/qc-detail/qc-detail.page.ts[0m:[93m729[0m:[93m34[0m - [91merror[0m[90m TS7006: [0mParameter 'target_index' implicitly has an 'any' type.

[7m729[0m  delete_img(is_multiple,img_path,target_index){
[7m   [0m [91m                                 ~~~~~~~~~~~~[0m


Error: [96msrc/app/qc-detail/qc-detail.page.ts[0m:[93m748[0m:[93m35[0m - [91merror[0m[90m TS2339: [0mProperty 'imageUrl' does not exist on type 'never'.

[7m748[0m        this.grnList[target_index].imageUrl = '';
[7m   [0m [91m                                  ~~~~~~~~[0m


Error: [96msrc/app/qc-detail/qc-detail.page.ts[0m:[93m751[0m:[93m47[0m - [91merror[0m[90m TS2339: [0mProperty 'MultipleImageUrl' does not exist on type 'never'.

[7m751[0m        let index = this.grnList[target_index].MultipleImageUrl.indexOf(img_path);
[7m   [0m [91m                                              ~~~~~~~~~~~~~~~~[0m


Error: [96msrc/app/qc-detail/qc-detail.page.ts[0m:[93m753[0m:[93m36[0m - [91merror[0m[90m TS2339: [0mProperty 'MultipleImageUrl' does not exist on type 'never'.

[7m753[0m         this.grnList[target_index].MultipleImageUrl.splice(index,1);
[7m   [0m [91m                                   ~~~~~~~~~~~~~~~~[0m


Error: [96msrc/app/qc/qc.page.ts[0m:[93m74[0m:[93m13[0m - [91merror[0m[90m TS7006: [0mParameter 'event' implicitly has an 'any' type.

[7m74[0m   doRefresh(event) {
[7m  [0m [91m            ~~~~~[0m


Error: [96msrc/app/qc/qc.page.ts[0m:[93m83[0m:[93m16[0m - [91merror[0m[90m TS7006: [0mParameter 'item' implicitly has an 'any' type.

[7m83[0m   sendWhatsapp(item){
[7m  [0m [91m               ~~~~[0m


Error: [96msrc/app/qc/qc.page.ts[0m:[93m88[0m:[93m11[0m - [91merror[0m[90m TS7006: [0mParameter 'item' implicitly has an 'any' type.

[7m88[0m   openMap(item){
[7m  [0m [91m          ~~~~[0m


Error: [96msrc/app/qc/qc.page.ts[0m:[93m101[0m:[93m11[0m - [91merror[0m[90m TS7006: [0mParameter 'item' implicitly has an 'any' type.

[7m101[0m   details(item) {
[7m   [0m [91m          ~~~~[0m


Error: [96msrc/app/redeem-task/redeem-task.page.ts[0m:[93m29[0m:[93m2[0m - [91merror[0m[90m TS2564: [0mProperty 'total_cart' has no initializer and is not definitely assigned in the constructor.

[7m29[0m  total_cart: 0;
[7m  [0m [91m ~~~~~~~~~~[0m


Error: [96msrc/app/redeem-task/redeem-task.page.ts[0m:[93m110[0m:[93m9[0m - [91merror[0m[90m TS7034: [0mVariable 'result' implicitly has type 'any[]' in some locations where its type cannot be determined.

[7m110[0m   const result = [];
[7m   [0m [91m        ~~~~~~[0m


Error: [96msrc/app/redeem-task/redeem-task.page.ts[0m:[93m120[0m:[93m10[0m - [91merror[0m[90m TS7005: [0mVariable 'result' implicitly has an 'any[]' type.

[7m120[0m   return result.reduce((acc, item, index) => {
[7m   [0m [91m         ~~~~~~[0m


Error: [96msrc/app/redeem-task/redeem-task.page.ts[0m:[93m126[0m:[93m12[0m - [91merror[0m[90m TS7006: [0mParameter 'event' implicitly has an 'any' type.

[7m126[0m  doRefresh(event) {
[7m   [0m [91m           ~~~~~[0m


Error: [96msrc/app/redeem-task/redeem-task.page.ts[0m:[93m133[0m:[93m21[0m - [91merror[0m[90m TS7006: [0mParameter 'task' implicitly has an 'any' type.

[7m133[0m  async getOrderList(task) {
[7m   [0m [91m                    ~~~~[0m


Error: [96msrc/app/redeem-task/redeem-task.page.ts[0m:[93m172[0m:[93m11[0m - [91merror[0m[90m TS7006: [0mParameter 'item' implicitly has an 'any' type.

[7m172[0m  bookTask(item, status) {
[7m   [0m [91m          ~~~~[0m


Error: [96msrc/app/redeem-task/redeem-task.page.ts[0m:[93m172[0m:[93m17[0m - [91merror[0m[90m TS7006: [0mParameter 'status' implicitly has an 'any' type.

[7m172[0m  bookTask(item, status) {
[7m   [0m [91m                ~~~~~~[0m


Error: [96msrc/app/redeem-task/redeem-task.page.ts[0m:[93m216[0m:[93m18[0m - [91merror[0m[90m TS7006: [0mParameter 'item' implicitly has an 'any' type.

[7m216[0m  async view_cart(item) {
[7m   [0m [91m                 ~~~~[0m


Error: [96msrc/app/redeem-task/redeem-task.page.ts[0m:[93m229[0m:[93m41[0m - [91merror[0m[90m TS7006: [0mParameter 'task_id' implicitly has an 'any' type.

[7m229[0m     cart_data.data.deleted_ids.forEach((task_id) => {
[7m   [0m [91m                                        ~~~~~~~[0m


Error: [96msrc/app/redeem-task/redeem-task.page.ts[0m:[93m240[0m:[93m20[0m - [91merror[0m[90m TS7006: [0mParameter 'claimCart' implicitly has an 'any' type.

[7m240[0m  async confirmCart(claimCart) {
[7m   [0m [91m                   ~~~~~~~~~[0m


Error: [96msrc/app/redeem-task/redeem-task.page.ts[0m:[93m250[0m:[93m22[0m - [91merror[0m[90m TS7006: [0mParameter 'cart_task' implicitly has an 'any' type.

[7m250[0m   claimCart.forEach((cart_task, key) => {
[7m   [0m [91m                     ~~~~~~~~~[0m


Error: [96msrc/app/redeem-task/redeem-task.page.ts[0m:[93m250[0m:[93m33[0m - [91merror[0m[90m TS7006: [0mParameter 'key' implicitly has an 'any' type.

[7m250[0m   claimCart.forEach((cart_task, key) => {
[7m   [0m [91m                                ~~~[0m


Error: [96msrc/app/request-order/request-order.page.ts[0m:[93m26[0m:[93m2[0m - [91merror[0m[90m TS2564: [0mProperty 'inlineCount' has no initializer and is not definitely assigned in the constructor.

[7m26[0m  inlineCount:0;
[7m  [0m [91m ~~~~~~~~~~~[0m


Error: [96msrc/app/request-order/request-order.page.ts[0m:[93m29[0m:[93m2[0m - [91merror[0m[90m TS2564: [0mProperty 'requestOrderList' has no initializer and is not definitely assigned in the constructor.

[7m29[0m  requestOrderList: [];
[7m  [0m [91m ~~~~~~~~~~~~~~~~[0m


Error: [96msrc/app/request-order/request-order.page.ts[0m:[93m58[0m:[93m13[0m - [91merror[0m[90m TS7006: [0mParameter 'event' implicitly has an 'any' type.

[7m58[0m   doRefresh(event) {
[7m  [0m [91m            ~~~~~[0m


Error: [96msrc/app/request-order/request-order.page.ts[0m:[93m88[0m:[93m13[0m - [91merror[0m[90m TS7006: [0mParameter 'item' implicitly has an 'any' type.

[7m88[0m  submit_now(item,action){
[7m  [0m [91m            ~~~~[0m


Error: [96msrc/app/request-order/request-order.page.ts[0m:[93m88[0m:[93m18[0m - [91merror[0m[90m TS7006: [0mParameter 'action' implicitly has an 'any' type.

[7m88[0m  submit_now(item,action){
[7m  [0m [91m                 ~~~~~~[0m


Error: [96msrc/app/request-order/request-order.page.ts[0m:[93m145[0m:[93m18[0m - [91merror[0m[90m TS7006: [0mParameter 'tab' implicitly has an 'any' type.

[7m145[0m  set_current_tab(tab,type){
[7m   [0m [91m                 ~~~[0m


Error: [96msrc/app/request-order/request-order.page.ts[0m:[93m145[0m:[93m22[0m - [91merror[0m[90m TS7006: [0mParameter 'type' implicitly has an 'any' type.

[7m145[0m  set_current_tab(tab,type){
[7m   [0m [91m                     ~~~~[0m


Error: [96msrc/app/result-detail/result-detail.page.ts[0m:[93m149[0m:[93m24[0m - [91merror[0m[90m TS7006: [0mParameter 'type' implicitly has an 'any' type.

[7m149[0m  async openActionSheet(type) {
[7m   [0m [91m                       ~~~~[0m


Error: [96msrc/app/result-detail/result-detail.page.ts[0m:[93m213[0m:[93m72[0m - [91merror[0m[90m TS18046: [0m'error' is of type 'unknown'.

[7m213[0m    await this.presentErrorAlert('Error', 'Failed to capture photo: ' + error.message);
[7m   [0m [91m                                                                       ~~~~~[0m


Error: [96msrc/app/result-detail/result-detail.page.ts[0m:[93m256[0m:[93m19[0m - [91merror[0m[90m TS18047: [0m'input.files' is possibly 'null'.

[7m256[0m      const file = input.files[0];
[7m   [0m [91m                  ~~~~~~~~~~~[0m


Error: [96msrc/app/result-detail/result-detail.page.ts[0m:[93m345[0m:[93m8[0m - [91merror[0m[90m TS7053: [0mElement implicitly has an 'any' type because expression of type '"status"' can't be used to index type 'Object'.
  Property 'status' does not exist on type 'Object'.

[7m345[0m    if (data['status'] === "OK") {
[7m   [0m [91m       ~~~~~~~~~~~~~~[0m


Error: [96msrc/app/result-detail/result-detail.page.ts[0m:[93m345[0m:[93m8[0m - [91merror[0m[90m TS18048: [0m'data' is possibly 'undefined'.

[7m345[0m    if (data['status'] === "OK") {
[7m   [0m [91m       ~~~~[0m


Error: [96msrc/app/result-detail/result-detail.page.ts[0m:[93m347[0m:[93m33[0m - [91merror[0m[90m TS2345: [0mArgument of type 'any' is not assignable to parameter of type 'never'.

[7m347[0m      this.MultipleImageUrl.push(data['result']['img_path']);
[7m   [0m [91m                                ~~~~~~~~~~~~~~~~~~~~~~~~~~[0m


Error: [96msrc/app/result-detail/result-detail.page.ts[0m:[93m347[0m:[93m33[0m - [91merror[0m[90m TS7053: [0mElement implicitly has an 'any' type because expression of type '"result"' can't be used to index type 'Object'.
  Property 'result' does not exist on type 'Object'.

[7m347[0m      this.MultipleImageUrl.push(data['result']['img_path']);
[7m   [0m [91m                                ~~~~~~~~~~~~~~[0m


Error: [96msrc/app/result-detail/result-detail.page.ts[0m:[93m347[0m:[93m33[0m - [91merror[0m[90m TS18048: [0m'data' is possibly 'undefined'.

[7m347[0m      this.MultipleImageUrl.push(data['result']['img_path']);
[7m   [0m [91m                                ~~~~[0m


Error: [96msrc/app/result-detail/result-detail.page.ts[0m:[93m350[0m:[93m36[0m - [91merror[0m[90m TS2345: [0mArgument of type 'string' is not assignable to parameter of type 'never'.

[7m350[0m         this.MultipleImageUrl.push(this.imageUrl);
[7m   [0m [91m                                   ~~~~~~~~~~~~~[0m


Error: [96msrc/app/result-detail/result-detail.page.ts[0m:[93m351[0m:[93m34[0m - [91merror[0m[90m TS2345: [0mArgument of type 'any' is not assignable to parameter of type 'never'.

[7m351[0m       this.MultipleImageUrl.push(data['result']['img_path']);
[7m   [0m [91m                                 ~~~~~~~~~~~~~~~~~~~~~~~~~~[0m


Error: [96msrc/app/result-detail/result-detail.page.ts[0m:[93m351[0m:[93m34[0m - [91merror[0m[90m TS7053: [0mElement implicitly has an 'any' type because expression of type '"result"' can't be used to index type 'Object'.
  Property 'result' does not exist on type 'Object'.

[7m351[0m       this.MultipleImageUrl.push(data['result']['img_path']);
[7m   [0m [91m                                 ~~~~~~~~~~~~~~[0m


Error: [96msrc/app/result-detail/result-detail.page.ts[0m:[93m351[0m:[93m34[0m - [91merror[0m[90m TS18048: [0m'data' is possibly 'undefined'.

[7m351[0m       this.MultipleImageUrl.push(data['result']['img_path']);
[7m   [0m [91m                                 ~~~~[0m


Error: [96msrc/app/result-detail/result-detail.page.ts[0m:[93m355[0m:[93m23[0m - [91merror[0m[90m TS7053: [0mElement implicitly has an 'any' type because expression of type '"result"' can't be used to index type 'Object'.
  Property 'result' does not exist on type 'Object'.

[7m355[0m       this.imageUrl = data['result']['img_path'];
[7m   [0m [91m                      ~~~~~~~~~~~~~~[0m


Error: [96msrc/app/result-detail/result-detail.page.ts[0m:[93m355[0m:[93m23[0m - [91merror[0m[90m TS18048: [0m'data' is possibly 'undefined'.

[7m355[0m       this.imageUrl = data['result']['img_path'];
[7m   [0m [91m                      ~~~~[0m


Error: [96msrc/app/result-detail/result-detail.page.ts[0m:[93m363[0m:[93m21[0m - [91merror[0m[90m TS7053: [0mElement implicitly has an 'any' type because expression of type '"message"' can't be used to index type 'Object'.
  Property 'message' does not exist on type 'Object'.

[7m363[0m     throw new Error(data['message'] || 'Upload failed');
[7m   [0m [91m                    ~~~~~~~~~~~~~~~[0m


Error: [96msrc/app/result-detail/result-detail.page.ts[0m:[93m363[0m:[93m21[0m - [91merror[0m[90m TS18048: [0m'data' is possibly 'undefined'.

[7m363[0m     throw new Error(data['message'] || 'Upload failed');
[7m   [0m [91m                    ~~~~[0m


Error: [96msrc/app/result-detail/result-detail.page.ts[0m:[93m399[0m:[93m8[0m - [91merror[0m[90m TS7053: [0mElement implicitly has an 'any' type because expression of type '"status"' can't be used to index type 'Object'.
  Property 'status' does not exist on type 'Object'.

[7m399[0m    if (data['status'] === "OK") {
[7m   [0m [91m       ~~~~~~~~~~~~~~[0m


Error: [96msrc/app/result-detail/result-detail.page.ts[0m:[93m399[0m:[93m8[0m - [91merror[0m[90m TS18048: [0m'data' is possibly 'undefined'.

[7m399[0m    if (data['status'] === "OK") {
[7m   [0m [91m       ~~~~[0m


Error: [96msrc/app/result-detail/result-detail.page.ts[0m:[93m401[0m:[93m37[0m - [91merror[0m[90m TS7053: [0mElement implicitly has an 'any' type because expression of type '"result"' can't be used to index type 'Object'.
  Property 'result' does not exist on type 'Object'.

[7m401[0m      const newImageArr = JSON.parse(data['result']['img_path']);
[7m   [0m [91m                                    ~~~~~~~~~~~~~~[0m


Error: [96msrc/app/result-detail/result-detail.page.ts[0m:[93m401[0m:[93m37[0m - [91merror[0m[90m TS18048: [0m'data' is possibly 'undefined'.

[7m401[0m      const newImageArr = JSON.parse(data['result']['img_path']);
[7m   [0m [91m                                    ~~~~[0m


Error: [96msrc/app/result-detail/result-detail.page.ts[0m:[93m405[0m:[93m34[0m - [91merror[0m[90m TS2345: [0mArgument of type 'string' is not assignable to parameter of type 'never'.

[7m405[0m       this.MultipleImageUrl.push(this.imageUrl);
[7m   [0m [91m                                 ~~~~~~~~~~~~~[0m


Error: [96msrc/app/result-detail/result-detail.page.ts[0m:[93m407[0m:[93m38[0m - [91merror[0m[90m TS7053: [0mElement implicitly has an 'any' type because expression of type '"result"' can't be used to index type 'Object'.
  Property 'result' does not exist on type 'Object'.

[7m407[0m       const newImageArr = JSON.parse(data['result']['img_path']);
[7m   [0m [91m                                     ~~~~~~~~~~~~~~[0m


Error: [96msrc/app/result-detail/result-detail.page.ts[0m:[93m407[0m:[93m38[0m - [91merror[0m[90m TS18048: [0m'data' is possibly 'undefined'.

[7m407[0m       const newImageArr = JSON.parse(data['result']['img_path']);
[7m   [0m [91m                                     ~~~~[0m


Error: [96msrc/app/result-detail/result-detail.page.ts[0m:[93m411[0m:[93m42[0m - [91merror[0m[90m TS7053: [0mElement implicitly has an 'any' type because expression of type '"result"' can't be used to index type 'Object'.
  Property 'result' does not exist on type 'Object'.

[7m411[0m       this.MultipleImageUrl = JSON.parse(data['result']['img_path']);
[7m   [0m [91m                                         ~~~~~~~~~~~~~~[0m


Error: [96msrc/app/result-detail/result-detail.page.ts[0m:[93m411[0m:[93m42[0m - [91merror[0m[90m TS18048: [0m'data' is possibly 'undefined'.

[7m411[0m       this.MultipleImageUrl = JSON.parse(data['result']['img_path']);
[7m   [0m [91m                                         ~~~~[0m


Error: [96msrc/app/result-detail/result-detail.page.ts[0m:[93m416[0m:[93m21[0m - [91merror[0m[90m TS7053: [0mElement implicitly has an 'any' type because expression of type '"message"' can't be used to index type 'Object'.
  Property 'message' does not exist on type 'Object'.

[7m416[0m     throw new Error(data['message'] || 'Upload failed');
[7m   [0m [91m                    ~~~~~~~~~~~~~~~[0m


Error: [96msrc/app/result-detail/result-detail.page.ts[0m:[93m416[0m:[93m21[0m - [91merror[0m[90m TS18048: [0m'data' is possibly 'undefined'.

[7m416[0m     throw new Error(data['message'] || 'Upload failed');
[7m   [0m [91m                    ~~~~[0m


Error: [96msrc/app/result-detail/result-detail.page.ts[0m:[93m440[0m:[93m52[0m - [91merror[0m[90m TS2345: [0mArgument of type 'string' is not assignable to parameter of type 'never'.

[7m440[0m        const index = this.MultipleImageUrl.indexOf(img_path);
[7m   [0m [91m                                                   ~~~~~~~~[0m


Error: [96msrc/app/result-detail/result-detail.page.ts[0m:[93m475[0m:[93m8[0m - [91merror[0m[90m TS7053: [0mElement implicitly has an 'any' type because expression of type '"status"' can't be used to index type 'Object'.
  Property 'status' does not exist on type 'Object'.

[7m475[0m    if (data['status'] === "OK") {
[7m   [0m [91m       ~~~~~~~~~~~~~~[0m


Error: [96msrc/app/result-detail/result-detail.page.ts[0m:[93m475[0m:[93m8[0m - [91merror[0m[90m TS18048: [0m'data' is possibly 'undefined'.

[7m475[0m    if (data['status'] === "OK") {
[7m   [0m [91m       ~~~~[0m


Error: [96msrc/app/result-detail/result-detail.page.ts[0m:[93m479[0m:[93m21[0m - [91merror[0m[90m TS7053: [0mElement implicitly has an 'any' type because expression of type '"result"' can't be used to index type 'Object'.
  Property 'result' does not exist on type 'Object'.

[7m479[0m     throw new Error(data['result'] || 'Submission failed');
[7m   [0m [91m                    ~~~~~~~~~~~~~~[0m


Error: [96msrc/app/result-detail/result-detail.page.ts[0m:[93m479[0m:[93m21[0m - [91merror[0m[90m TS18048: [0m'data' is possibly 'undefined'.

[7m479[0m     throw new Error(data['result'] || 'Submission failed');
[7m   [0m [91m                    ~~~~[0m


Error: [96msrc/app/result-detail/result-detail.page.ts[0m:[93m483[0m:[93m44[0m - [91merror[0m[90m TS18046: [0m'error' is of type 'unknown'.

[7m483[0m    await this.App.presentAlert_default("", error.message || "Connection Error", "../../assets/attention2-icon.svg");
[7m   [0m [91m                                           ~~~~~[0m


Error: [96msrc/app/result/result.page.ts[0m:[93m49[0m:[93m13[0m - [91merror[0m[90m TS7006: [0mParameter 'event' implicitly has an 'any' type.

[7m49[0m   doRefresh(event) {
[7m  [0m [91m            ~~~~~[0m


Error: [96msrc/app/result/result.page.ts[0m:[93m87[0m:[93m11[0m - [91merror[0m[90m TS7006: [0mParameter 'item' implicitly has an 'any' type.

[7m87[0m   details(item) {
[7m  [0m [91m          ~~~~[0m


Error: [96msrc/app/scan/scan.page.ts[0m:[93m158[0m:[93m25[0m - [91merror[0m[90m TS7006: [0mParameter 'type' implicitly has an 'any' type.

[7m158[0m   async openActionSheet(type) {
[7m   [0m [91m                        ~~~~[0m


Error: [96msrc/app/scan/scan.page.ts[0m:[93m218[0m:[93m26[0m - [91merror[0m[90m TS7006: [0mParameter 'imgInfo' implicitly has an 'any' type.

[7m218[0m   async api_upload_image(imgInfo) {
[7m   [0m [91m                         ~~~~~~~[0m


Error: [96msrc/app/scan/scan.page.ts[0m:[93m259[0m:[93m26[0m - [91merror[0m[90m TS7006: [0mParameter 'tobeSubmit' implicitly has an 'any' type.

[7m259[0m   async one_image_upload(tobeSubmit) {
[7m   [0m [91m                         ~~~~~~~~~~[0m


Error: [96msrc/app/scan/scan.page.ts[0m:[93m263[0m:[93m11[0m - [91merror[0m[90m TS7053: [0mElement implicitly has an 'any' type because expression of type '"status"' can't be used to index type 'Object'.
  Property 'status' does not exist on type 'Object'.

[7m263[0m       if (data['status'] === "OK") {
[7m   [0m [91m          ~~~~~~~~~~~~~~[0m


Error: [96msrc/app/scan/scan.page.ts[0m:[93m263[0m:[93m11[0m - [91merror[0m[90m TS18048: [0m'data' is possibly 'undefined'.

[7m263[0m       if (data['status'] === "OK") {
[7m   [0m [91m          ~~~~[0m


Error: [96msrc/app/scan/scan.page.ts[0m:[93m265[0m:[93m50[0m - [91merror[0m[90m TS7053: [0mElement implicitly has an 'any' type because expression of type '"result"' can't be used to index type 'Object'.
  Property 'result' does not exist on type 'Object'.

[7m265[0m         this.router.navigate(['result-detail/' + data['result']['sales_order_id']]);
[7m   [0m [91m                                                 ~~~~~~~~~~~~~~[0m


Error: [96msrc/app/scan/scan.page.ts[0m:[93m265[0m:[93m50[0m - [91merror[0m[90m TS18048: [0m'data' is possibly 'undefined'.

[7m265[0m         this.router.navigate(['result-detail/' + data['result']['sales_order_id']]);
[7m   [0m [91m                                                 ~~~~[0m


Error: [96msrc/app/services/native-adapter.service.ts[0m:[93m99[0m:[93m43[0m - [91merror[0m[90m TS2339: [0mProperty 'scan' does not exist on type 'BarcodeScannerPlugin'.

[7m99[0m       const result = await BarcodeScanner.scan();
[7m  [0m [91m                                          ~~~~[0m


Error: [96msrc/app/services/native-adapter.service.ts[0m:[93m122[0m:[93m17[0m - [91merror[0m[90m TS2339: [0mProperty 'openUrl' does not exist on type 'AppPlugin'.

[7m122[0m       await App.openUrl({ url });
[7m   [0m [91m                ~~~~~~~[0m


Error: [96msrc/app/setting/setting.page.ts[0m:[93m58[0m:[93m21[0m - [91merror[0m[90m TS4111: [0mProperty 'chatNote' comes from an index signature, so it must be accessed with ['chatNote'].

[7m58[0m     if(localStorage.chatNote != null){
[7m  [0m [91m                    ~~~~~~~~[0m


Error: [96msrc/app/setting/setting.page.ts[0m:[93m59[0m:[93m23[0m - [91merror[0m[90m TS4111: [0mProperty 'chatNote' comes from an index signature, so it must be accessed with ['chatNote'].

[7m59[0m       if(localStorage.chatNote == 0 || localStorage.chatNote == false){
[7m  [0m [91m                      ~~~~~~~~[0m


Error: [96msrc/app/setting/setting.page.ts[0m:[93m59[0m:[93m53[0m - [91merror[0m[90m TS4111: [0mProperty 'chatNote' comes from an index signature, so it must be accessed with ['chatNote'].

[7m59[0m       if(localStorage.chatNote == 0 || localStorage.chatNote == false){
[7m  [0m [91m                                                    ~~~~~~~~[0m


Error: [96msrc/app/setting/setting.page.ts[0m:[93m64[0m:[93m21[0m - [91merror[0m[90m TS4111: [0mProperty 'pushNote' comes from an index signature, so it must be accessed with ['pushNote'].

[7m64[0m     if(localStorage.pushNote != null){
[7m  [0m [91m                    ~~~~~~~~[0m


Error: [96msrc/app/setting/setting.page.ts[0m:[93m65[0m:[93m23[0m - [91merror[0m[90m TS4111: [0mProperty 'pushNote' comes from an index signature, so it must be accessed with ['pushNote'].

[7m65[0m       if(localStorage.pushNote == 0 || localStorage.pushNote == false){
[7m  [0m [91m                      ~~~~~~~~[0m


Error: [96msrc/app/setting/setting.page.ts[0m:[93m65[0m:[93m53[0m - [91merror[0m[90m TS4111: [0mProperty 'pushNote' comes from an index signature, so it must be accessed with ['pushNote'].

[7m65[0m       if(localStorage.pushNote == 0 || localStorage.pushNote == false){
[7m  [0m [91m                                                    ~~~~~~~~[0m


Error: [96msrc/app/setting/setting.page.ts[0m:[93m70[0m:[93m21[0m - [91merror[0m[90m TS4111: [0mProperty 'vouchNote' comes from an index signature, so it must be accessed with ['vouchNote'].

[7m70[0m     if(localStorage.vouchNote != null){
[7m  [0m [91m                    ~~~~~~~~~[0m


Error: [96msrc/app/setting/setting.page.ts[0m:[93m71[0m:[93m23[0m - [91merror[0m[90m TS4111: [0mProperty 'vouchNote' comes from an index signature, so it must be accessed with ['vouchNote'].

[7m71[0m       if(localStorage.vouchNote == 0 || localStorage.vouchNote == false){
[7m  [0m [91m                      ~~~~~~~~~[0m


Error: [96msrc/app/setting/setting.page.ts[0m:[93m71[0m:[93m54[0m - [91merror[0m[90m TS4111: [0mProperty 'vouchNote' comes from an index signature, so it must be accessed with ['vouchNote'].

[7m71[0m       if(localStorage.vouchNote == 0 || localStorage.vouchNote == false){
[7m  [0m [91m                                                     ~~~~~~~~~[0m


Error: [96msrc/app/setting/setting.page.ts[0m:[93m83[0m:[93m15[0m - [91merror[0m[90m TS7006: [0mParameter 'event' implicitly has an 'any' type.

[7m83[0m   onSwipeLeft(event){
[7m  [0m [91m              ~~~~~[0m


Error: [96msrc/app/setting/setting.page.ts[0m:[93m92[0m:[93m26[0m - [91merror[0m[90m TS2552: [0mCannot find name 'Httprequest'. Did you mean 'XMLHttpRequest'?

[7m92[0m         .subscribe((data:Httprequest) => {
[7m  [0m [91m                         ~~~~~~~~~~~[0m

  [96mnode_modules/typescript/lib/lib.dom.d.ts[0m:[93m26601[0m:[93m13[0m
    [7m26601[0m declare var XMLHttpRequest: {
    [7m     [0m [96m            ~~~~~~~~~~~~~~[0m
    'XMLHttpRequest' is declared here.


Error: [96msrc/app/setting/setting.page.ts[0m:[93m108[0m:[93m26[0m - [91merror[0m[90m TS4111: [0mProperty 'email' comes from an index signature, so it must be accessed with ['email'].

[7m108[0m             localStorage.email = data.result.email;
[7m   [0m [91m                         ~~~~~[0m


Error: [96msrc/app/setting/setting.page.ts[0m:[93m109[0m:[93m26[0m - [91merror[0m[90m TS4111: [0mProperty 'phone' comes from an index signature, so it must be accessed with ['phone'].

[7m109[0m             localStorage.phone = data.result.phone;
[7m   [0m [91m                         ~~~~~[0m


Error: [96msrc/app/setting/setting.page.ts[0m:[93m110[0m:[93m26[0m - [91merror[0m[90m TS4111: [0mProperty 'avatar' comes from an index signature, so it must be accessed with ['avatar'].

[7m110[0m             localStorage.avatar = data.result.avatar;
[7m   [0m [91m                         ~~~~~~[0m


Error: [96msrc/app/setting/setting.page.ts[0m:[93m112[0m:[93m26[0m - [91merror[0m[90m TS4111: [0mProperty 'phone_verified' comes from an index signature, so it must be accessed with ['phone_verified'].

[7m112[0m             localStorage.phone_verified = data.result.phone_verified;
[7m   [0m [91m                         ~~~~~~~~~~~~~~[0m


Error: [96msrc/app/setting/setting.page.ts[0m:[93m113[0m:[93m26[0m - [91merror[0m[90m TS4111: [0mProperty 'join_date' comes from an index signature, so it must be accessed with ['join_date'].

[7m113[0m             localStorage.join_date = data.result.join_date;
[7m   [0m [91m                         ~~~~~~~~~[0m


Error: [96msrc/app/setting/setting.page.ts[0m:[93m115[0m:[93m26[0m - [91merror[0m[90m TS4111: [0mProperty 'vouchNote' comes from an index signature, so it must be accessed with ['vouchNote'].

[7m115[0m             localStorage.vouchNote = data['result']['pushDetail']['voucher_enabled'];
[7m   [0m [91m                         ~~~~~~~~~[0m


Error: [96msrc/app/setting/setting.page.ts[0m:[93m116[0m:[93m26[0m - [91merror[0m[90m TS4111: [0mProperty 'pushNote' comes from an index signature, so it must be accessed with ['pushNote'].

[7m116[0m             localStorage.pushNote = data['result']['pushDetail']['push_enabled'];
[7m   [0m [91m                         ~~~~~~~~[0m


Error: [96msrc/app/setting/setting.page.ts[0m:[93m117[0m:[93m26[0m - [91merror[0m[90m TS4111: [0mProperty 'chatNote' comes from an index signature, so it must be accessed with ['chatNote'].

[7m117[0m             localStorage.chatNote = data['result']['pushDetail']['chat_enabled'];
[7m   [0m [91m                         ~~~~~~~~[0m


Error: [96msrc/app/setting/setting.page.ts[0m:[93m120[0m:[93m29[0m - [91merror[0m[90m TS4111: [0mProperty 'chatNote' comes from an index signature, so it must be accessed with ['chatNote'].

[7m120[0m             if(localStorage.chatNote != null){
[7m   [0m [91m                            ~~~~~~~~[0m


Error: [96msrc/app/setting/setting.page.ts[0m:[93m121[0m:[93m31[0m - [91merror[0m[90m TS4111: [0mProperty 'chatNote' comes from an index signature, so it must be accessed with ['chatNote'].

[7m121[0m               if(localStorage.chatNote == 0 || localStorage.chatNote == false){
[7m   [0m [91m                              ~~~~~~~~[0m


Error: [96msrc/app/setting/setting.page.ts[0m:[93m121[0m:[93m61[0m - [91merror[0m[90m TS4111: [0mProperty 'chatNote' comes from an index signature, so it must be accessed with ['chatNote'].

[7m121[0m               if(localStorage.chatNote == 0 || localStorage.chatNote == false){
[7m   [0m [91m                                                            ~~~~~~~~[0m


Error: [96msrc/app/setting/setting.page.ts[0m:[93m126[0m:[93m29[0m - [91merror[0m[90m TS4111: [0mProperty 'pushNote' comes from an index signature, so it must be accessed with ['pushNote'].

[7m126[0m             if(localStorage.pushNote != null){
[7m   [0m [91m                            ~~~~~~~~[0m


Error: [96msrc/app/setting/setting.page.ts[0m:[93m127[0m:[93m31[0m - [91merror[0m[90m TS4111: [0mProperty 'pushNote' comes from an index signature, so it must be accessed with ['pushNote'].

[7m127[0m               if(localStorage.pushNote == 0 || localStorage.pushNote == false){
[7m   [0m [91m                              ~~~~~~~~[0m


Error: [96msrc/app/setting/setting.page.ts[0m:[93m127[0m:[93m61[0m - [91merror[0m[90m TS4111: [0mProperty 'pushNote' comes from an index signature, so it must be accessed with ['pushNote'].

[7m127[0m               if(localStorage.pushNote == 0 || localStorage.pushNote == false){
[7m   [0m [91m                                                            ~~~~~~~~[0m


Error: [96msrc/app/setting/setting.page.ts[0m:[93m132[0m:[93m29[0m - [91merror[0m[90m TS4111: [0mProperty 'vouchNote' comes from an index signature, so it must be accessed with ['vouchNote'].

[7m132[0m             if(localStorage.vouchNote != null){
[7m   [0m [91m                            ~~~~~~~~~[0m


Error: [96msrc/app/setting/setting.page.ts[0m:[93m133[0m:[93m31[0m - [91merror[0m[90m TS4111: [0mProperty 'vouchNote' comes from an index signature, so it must be accessed with ['vouchNote'].

[7m133[0m               if(localStorage.vouchNote == 0 || localStorage.vouchNote == false){
[7m   [0m [91m                              ~~~~~~~~~[0m


Error: [96msrc/app/setting/setting.page.ts[0m:[93m133[0m:[93m62[0m - [91merror[0m[90m TS4111: [0mProperty 'vouchNote' comes from an index signature, so it must be accessed with ['vouchNote'].

[7m133[0m               if(localStorage.vouchNote == 0 || localStorage.vouchNote == false){
[7m   [0m [91m                                                             ~~~~~~~~~[0m


Error: [96msrc/app/setting/setting.page.ts[0m:[93m154[0m:[93m13[0m - [91merror[0m[90m TS7006: [0mParameter 'item' implicitly has an 'any' type.

[7m154[0m   resetNote(item,event){
[7m   [0m [91m            ~~~~[0m


Error: [96msrc/app/setting/setting.page.ts[0m:[93m154[0m:[93m18[0m - [91merror[0m[90m TS7006: [0mParameter 'event' implicitly has an 'any' type.

[7m154[0m   resetNote(item,event){
[7m   [0m [91m                 ~~~~~[0m


Error: [96msrc/app/setting/setting.page.ts[0m:[93m171[0m:[93m12[0m - [91merror[0m[90m TS7053: [0mElement implicitly has an 'any' type because expression of type '"status"' can't be used to index type 'Object'.
  Property 'status' does not exist on type 'Object'.

[7m171[0m         if(data['status'] == "OK") {
[7m   [0m [91m           ~~~~~~~~~~~~~~[0m


Error: [96msrc/app/setting/setting.page.ts[0m:[93m174[0m:[93m29[0m - [91merror[0m[90m TS7053: [0mElement implicitly has an 'any' type because expression of type '"result"' can't be used to index type 'Object'.
  Property 'result' does not exist on type 'Object'.

[7m174[0m             this.chatNote = data['result']['data']['chat_enabled'];
[7m   [0m [91m                            ~~~~~~~~~~~~~~[0m


Error: [96msrc/app/setting/setting.page.ts[0m:[93m175[0m:[93m16[0m - [91merror[0m[90m TS7053: [0mElement implicitly has an 'any' type because expression of type '"result"' can't be used to index type 'Object'.
  Property 'result' does not exist on type 'Object'.

[7m175[0m             if(data['result']['data']['chat_enabled'] == false){
[7m   [0m [91m               ~~~~~~~~~~~~~~[0m


Error: [96msrc/app/setting/setting.page.ts[0m:[93m176[0m:[93m28[0m - [91merror[0m[90m TS4111: [0mProperty 'chatNote' comes from an index signature, so it must be accessed with ['chatNote'].

[7m176[0m               localStorage.chatNote = 0;
[7m   [0m [91m                           ~~~~~~~~[0m


Error: [96msrc/app/setting/setting.page.ts[0m:[93m178[0m:[93m28[0m - [91merror[0m[90m TS4111: [0mProperty 'chatNote' comes from an index signature, so it must be accessed with ['chatNote'].

[7m178[0m               localStorage.chatNote = 1;
[7m   [0m [91m                           ~~~~~~~~[0m


Error: [96msrc/app/setting/setting.page.ts[0m:[93m182[0m:[93m29[0m - [91merror[0m[90m TS7053: [0mElement implicitly has an 'any' type because expression of type '"result"' can't be used to index type 'Object'.
  Property 'result' does not exist on type 'Object'.

[7m182[0m             this.pushNote = data['result']['data']['push_enabled'];
[7m   [0m [91m                            ~~~~~~~~~~~~~~[0m


Error: [96msrc/app/setting/setting.page.ts[0m:[93m183[0m:[93m16[0m - [91merror[0m[90m TS7053: [0mElement implicitly has an 'any' type because expression of type '"result"' can't be used to index type 'Object'.
  Property 'result' does not exist on type 'Object'.

[7m183[0m             if(data['result']['data']['push_enabled'] == false){
[7m   [0m [91m               ~~~~~~~~~~~~~~[0m


Error: [96msrc/app/setting/setting.page.ts[0m:[93m184[0m:[93m28[0m - [91merror[0m[90m TS4111: [0mProperty 'pushNote' comes from an index signature, so it must be accessed with ['pushNote'].

[7m184[0m               localStorage.pushNote = 0;
[7m   [0m [91m                           ~~~~~~~~[0m


Error: [96msrc/app/setting/setting.page.ts[0m:[93m186[0m:[93m28[0m - [91merror[0m[90m TS4111: [0mProperty 'pushNote' comes from an index signature, so it must be accessed with ['pushNote'].

[7m186[0m               localStorage.pushNote = 1;
[7m   [0m [91m                           ~~~~~~~~[0m


Error: [96msrc/app/setting/setting.page.ts[0m:[93m190[0m:[93m30[0m - [91merror[0m[90m TS7053: [0mElement implicitly has an 'any' type because expression of type '"result"' can't be used to index type 'Object'.
  Property 'result' does not exist on type 'Object'.

[7m190[0m             this.vouchNote = data['result']['data']['voucher_enabled'];
[7m   [0m [91m                             ~~~~~~~~~~~~~~[0m


Error: [96msrc/app/setting/setting.page.ts[0m:[93m191[0m:[93m16[0m - [91merror[0m[90m TS7053: [0mElement implicitly has an 'any' type because expression of type '"result"' can't be used to index type 'Object'.
  Property 'result' does not exist on type 'Object'.

[7m191[0m             if(data['result']['data']['voucher_enabled'] == false){
[7m   [0m [91m               ~~~~~~~~~~~~~~[0m


Error: [96msrc/app/setting/setting.page.ts[0m:[93m192[0m:[93m28[0m - [91merror[0m[90m TS4111: [0mProperty 'vouchNote' comes from an index signature, so it must be accessed with ['vouchNote'].

[7m192[0m               localStorage.vouchNote = 0;
[7m   [0m [91m                           ~~~~~~~~~[0m


Error: [96msrc/app/setting/setting.page.ts[0m:[93m194[0m:[93m28[0m - [91merror[0m[90m TS4111: [0mProperty 'vouchNote' comes from an index signature, so it must be accessed with ['vouchNote'].

[7m194[0m               localStorage.vouchNote = 1;
[7m   [0m [91m                           ~~~~~~~~~[0m


Error: [96msrc/app/setting/setting.page.ts[0m:[93m199[0m:[93m41[0m - [91merror[0m[90m TS7053: [0mElement implicitly has an 'any' type because expression of type '"status"' can't be used to index type 'Object'.
  Property 'status' does not exist on type 'Object'.

[7m199[0m           this.App.presentAlert_default(data['status'],data['result'],"../../assets/attention-icon.svg");
[7m   [0m [91m                                        ~~~~~~~~~~~~~~[0m


Error: [96msrc/app/setting/setting.page.ts[0m:[93m199[0m:[93m56[0m - [91merror[0m[90m TS7053: [0mElement implicitly has an 'any' type because expression of type '"result"' can't be used to index type 'Object'.
  Property 'result' does not exist on type 'Object'.

[7m199[0m           this.App.presentAlert_default(data['status'],data['result'],"../../assets/attention-icon.svg");
[7m   [0m [91m                                                       ~~~~~~~~~~~~~~[0m


Error: [96msrc/app/setting/setting.page.ts[0m:[93m207[0m:[93m18[0m - [91merror[0m[90m TS7006: [0mParameter 'event' implicitly has an 'any' type.

[7m207[0m   resetEmailNote(event){
[7m   [0m [91m                 ~~~~~[0m


Error: [96msrc/app/setting/setting.page.ts[0m:[93m220[0m:[93m12[0m - [91merror[0m[90m TS7053: [0mElement implicitly has an 'any' type because expression of type '"status"' can't be used to index type 'Object'.
  Property 'status' does not exist on type 'Object'.

[7m220[0m         if(data['status'] == "OK") {
[7m   [0m [91m           ~~~~~~~~~~~~~~[0m


Error: [96msrc/app/setting/setting.page.ts[0m:[93m222[0m:[93m27[0m - [91merror[0m[90m TS7053: [0mElement implicitly has an 'any' type because expression of type '"result"' can't be used to index type 'Object'.
  Property 'result' does not exist on type 'Object'.

[7m222[0m           this.mailNote = data['result']['email_notify_enabled'];
[7m   [0m [91m                          ~~~~~~~~~~~~~~[0m


Error: [96msrc/app/setting/setting.page.ts[0m:[93m223[0m:[93m14[0m - [91merror[0m[90m TS7053: [0mElement implicitly has an 'any' type because expression of type '"result"' can't be used to index type 'Object'.
  Property 'result' does not exist on type 'Object'.

[7m223[0m           if(data['result']['email_notify_enabled'] == false){
[7m   [0m [91m             ~~~~~~~~~~~~~~[0m


Error: [96msrc/app/setting/setting.page.ts[0m:[93m230[0m:[93m41[0m - [91merror[0m[90m TS7053: [0mElement implicitly has an 'any' type because expression of type '"status"' can't be used to index type 'Object'.
  Property 'status' does not exist on type 'Object'.

[7m230[0m           this.App.presentAlert_default(data['status'],data['result'],"../../assets/attention-icon.svg");
[7m   [0m [91m                                        ~~~~~~~~~~~~~~[0m


Error: [96msrc/app/setting/setting.page.ts[0m:[93m230[0m:[93m56[0m - [91merror[0m[90m TS7053: [0mElement implicitly has an 'any' type because expression of type '"result"' can't be used to index type 'Object'.
  Property 'result' does not exist on type 'Object'.

[7m230[0m           this.App.presentAlert_default(data['status'],data['result'],"../../assets/attention-icon.svg");
[7m   [0m [91m                                                       ~~~~~~~~~~~~~~[0m


Error: [96msrc/app/task-detail/task-detail.page.ts[0m:[93m104[0m:[93m48[0m - [91merror[0m[90m TS7006: [0mParameter 'gold' implicitly has an 'any' type.

[7m104[0m        this.taskDetails.goldPurityList.forEach(gold => {
[7m   [0m [91m                                               ~~~~[0m


Error: [96msrc/app/task-detail/task-detail.page.ts[0m:[93m106[0m:[93m44[0m - [91merror[0m[90m TS7006: [0mParameter 'item' implicitly has an 'any' type.

[7m106[0m          this.taskDetails.ItemList.forEach(item => {
[7m   [0m [91m                                           ~~~~[0m


Error: [96msrc/app/task-detail/task-detail.page.ts[0m:[93m117[0m:[93m42[0m - [91merror[0m[90m TS7006: [0mParameter 'item' implicitly has an 'any' type.

[7m117[0m        this.taskDetails.ItemList.forEach(item => {
[7m   [0m [91m                                         ~~~~[0m


Error: [96msrc/app/task-detail/task-detail.page.ts[0m:[93m182[0m:[93m24[0m - [91merror[0m[90m TS7006: [0mParameter 'type' implicitly has an 'any' type.

[7m182[0m  async openActionSheet(type) {
[7m   [0m [91m                       ~~~~[0m


Error: [96msrc/app/task-detail/task-detail.page.ts[0m:[93m298[0m:[93m79[0m - [91merror[0m[90m TS7006: [0mParameter 'gold' implicitly has an 'any' type.

[7m298[0m   var selectedPresetPurity = this.taskDetails.goldPurityList.filter(function (gold) {
[7m   [0m [91m                                                                              ~~~~[0m


Error: [96msrc/app/task-detail/task-detail.page.ts[0m:[93m335[0m:[93m39[0m - [91merror[0m[90m TS7006: [0mParameter 'item' implicitly has an 'any' type.

[7m335[0m     this.taskDetails.ItemList.forEach(item => {
[7m   [0m [91m                                      ~~~~[0m


Error: [96msrc/app/task-detail/task-detail.page.ts[0m:[93m466[0m:[93m8[0m - [91merror[0m[90m TS7053: [0mElement implicitly has an 'any' type because expression of type '"status"' can't be used to index type 'Object'.
  Property 'status' does not exist on type 'Object'.

[7m466[0m    if (data['status'] == "OK") {
[7m   [0m [91m       ~~~~~~~~~~~~~~[0m


Error: [96msrc/app/task-detail/task-detail.page.ts[0m:[93m468[0m:[93m21[0m - [91merror[0m[90m TS7053: [0mElement implicitly has an 'any' type because expression of type '"result"' can't be used to index type 'Object'.
  Property 'result' does not exist on type 'Object'.

[7m468[0m     this.imageUrl = data['result']['img_path'];
[7m   [0m [91m                    ~~~~~~~~~~~~~~[0m


Error: [96msrc/app/task-detail/task-detail.page.ts[0m:[93m481[0m:[93m28[0m - [91merror[0m[90m TS7006: [0mParameter 'imgInfo' implicitly has an 'any' type.

[7m481[0m  api_upload_multiple_image(imgInfo) {
[7m   [0m [91m                           ~~~~~~~[0m


Error: [96msrc/app/task-detail/task-detail.page.ts[0m:[93m518[0m:[93m8[0m - [91merror[0m[90m TS7053: [0mElement implicitly has an 'any' type because expression of type '"status"' can't be used to index type 'Object'.
  Property 'status' does not exist on type 'Object'.

[7m518[0m    if (data['status'] == "OK") {
[7m   [0m [91m       ~~~~~~~~~~~~~~[0m


Error: [96msrc/app/task-detail/task-detail.page.ts[0m:[93m520[0m:[93m40[0m - [91merror[0m[90m TS7053: [0mElement implicitly has an 'any' type because expression of type '"result"' can't be used to index type 'Object'.
  Property 'result' does not exist on type 'Object'.

[7m520[0m     this.MultipleImageUrl = JSON.parse(data['result']['img_path']);
[7m   [0m [91m                                       ~~~~~~~~~~~~~~[0m


Error: [96msrc/app/task-detail/task-detail.page.ts[0m:[93m544[0m:[93m8[0m - [91merror[0m[90m TS7053: [0mElement implicitly has an 'any' type because expression of type '"status"' can't be used to index type 'Object'.
  Property 'status' does not exist on type 'Object'.

[7m544[0m    if (data['status'] == "OK") {
[7m   [0m [91m       ~~~~~~~~~~~~~~[0m


Error: [96msrc/app/task-detail/task-detail.page.ts[0m:[93m546[0m:[93m40[0m - [91merror[0m[90m TS7053: [0mElement implicitly has an 'any' type because expression of type '"result"' can't be used to index type 'Object'.
  Property 'result' does not exist on type 'Object'.

[7m546[0m     this.MultipleImageUrl = JSON.parse(data['result']['img_path']);
[7m   [0m [91m                                       ~~~~~~~~~~~~~~[0m


Error: [96msrc/app/task-detail/task-detail.page.ts[0m:[93m570[0m:[93m8[0m - [91merror[0m[90m TS7053: [0mElement implicitly has an 'any' type because expression of type '"status"' can't be used to index type 'Object'.
  Property 'status' does not exist on type 'Object'.

[7m570[0m    if (data['status'] == "OK") {
[7m   [0m [91m       ~~~~~~~~~~~~~~[0m


Error: [96msrc/app/task-detail/task-detail.page.ts[0m:[93m572[0m:[93m27[0m - [91merror[0m[90m TS7053: [0mElement implicitly has an 'any' type because expression of type '"result"' can't be used to index type 'Object'.
  Property 'result' does not exist on type 'Object'.

[7m572[0m     let haha = JSON.parse(data['result']['img_path']);
[7m   [0m [91m                          ~~~~~~~~~~~~~~[0m


Error: [96msrc/app/task-detail/task-detail.page.ts[0m:[93m645[0m:[93m4[0m - [91merror[0m[90m TS7053: [0mElement implicitly has an 'any' type because expression of type '"payment_amount"' can't be used to index type '{ token: any; image: string; is_multiple_image: number; multiple_image: string[]; task_id: string | null; remarks: any; update_task_id_list: any[]; job_type: any; job_type_detail: any; customer_id: any; }'.
  Property 'payment_amount' does not exist on type '{ token: any; image: string; is_multiple_image: number; multiple_image: string[]; task_id: string | null; remarks: any; update_task_id_list: any[]; job_type: any; job_type_detail: any; customer_id: any; }'.

[7m645[0m    tobeSubmit['payment_amount'] = this.taskDetails.payment_amount;
[7m   [0m [91m   ~~~~~~~~~~~~~~~~~~~~~~~~~~~~[0m


Error: [96msrc/app/task-detail/task-detail.page.ts[0m:[93m646[0m:[93m4[0m - [91merror[0m[90m TS7053: [0mElement implicitly has an 'any' type because expression of type '"all_po_id"' can't be used to index type '{ token: any; image: string; is_multiple_image: number; multiple_image: string[]; task_id: string | null; remarks: any; update_task_id_list: any[]; job_type: any; job_type_detail: any; customer_id: any; }'.
  Property 'all_po_id' does not exist on type '{ token: any; image: string; is_multiple_image: number; multiple_image: string[]; task_id: string | null; remarks: any; update_task_id_list: any[]; job_type: any; job_type_detail: any; customer_id: any; }'.

[7m646[0m    tobeSubmit['all_po_id'] = this.taskDetails.all_po_id;
[7m   [0m [91m   ~~~~~~~~~~~~~~~~~~~~~~~[0m


Error: [96msrc/app/task-detail/task-detail.page.ts[0m:[93m647[0m:[93m4[0m - [91merror[0m[90m TS7053: [0mElement implicitly has an 'any' type because expression of type '"signature"' can't be used to index type '{ token: any; image: string; is_multiple_image: number; multiple_image: string[]; task_id: string | null; remarks: any; update_task_id_list: any[]; job_type: any; job_type_detail: any; customer_id: any; }'.
  Property 'signature' does not exist on type '{ token: any; image: string; is_multiple_image: number; multiple_image: string[]; task_id: string | null; remarks: any; update_task_id_list: any[]; job_type: any; job_type_detail: any; customer_id: any; }'.

[7m647[0m    tobeSubmit['signature'] = this.signature_data;
[7m   [0m [91m   ~~~~~~~~~~~~~~~~~~~~~~~[0m


Error: [96msrc/app/task-detail/task-detail.page.ts[0m:[93m652[0m:[93m4[0m - [91merror[0m[90m TS7053: [0mElement implicitly has an 'any' type because expression of type '"signature"' can't be used to index type '{ token: any; image: string; is_multiple_image: number; multiple_image: string[]; task_id: string | null; remarks: any; update_task_id_list: any[]; job_type: any; job_type_detail: any; customer_id: any; }'.
  Property 'signature' does not exist on type '{ token: any; image: string; is_multiple_image: number; multiple_image: string[]; task_id: string | null; remarks: any; update_task_id_list: any[]; job_type: any; job_type_detail: any; customer_id: any; }'.

[7m652[0m    tobeSubmit['signature'] = this.signature_data;
[7m   [0m [91m   ~~~~~~~~~~~~~~~~~~~~~~~[0m


Error: [96msrc/app/task-detail/task-detail.page.ts[0m:[93m653[0m:[93m4[0m - [91merror[0m[90m TS7053: [0mElement implicitly has an 'any' type because expression of type '"service_adjustment_id"' can't be used to index type '{ token: any; image: string; is_multiple_image: number; multiple_image: string[]; task_id: string | null; remarks: any; update_task_id_list: any[]; job_type: any; job_type_detail: any; customer_id: any; }'.
  Property 'service_adjustment_id' does not exist on type '{ token: any; image: string; is_multiple_image: number; multiple_image: string[]; task_id: string | null; remarks: any; update_task_id_list: any[]; job_type: any; job_type_detail: any; customer_id: any; }'.

[7m653[0m    tobeSubmit['service_adjustment_id'] = this.taskDetails.service_adjustment_dtl.service_adjustment_id;
[7m   [0m [91m   ~~~~~~~~~~~~~~~~~~~~~~~~~~~~~~~~~~~[0m


Error: [96msrc/app/task-detail/task-detail.page.ts[0m:[93m657[0m:[93m4[0m - [91merror[0m[90m TS7053: [0mElement implicitly has an 'any' type because expression of type '"ItemList"' can't be used to index type '{ token: any; image: string; is_multiple_image: number; multiple_image: string[]; task_id: string | null; remarks: any; update_task_id_list: any[]; job_type: any; job_type_detail: any; customer_id: any; }'.
  Property 'ItemList' does not exist on type '{ token: any; image: string; is_multiple_image: number; multiple_image: string[]; task_id: string | null; remarks: any; update_task_id_list: any[]; job_type: any; job_type_detail: any; customer_id: any; }'.

[7m657[0m    tobeSubmit['ItemList'] = this.taskDetails.ItemList;
[7m   [0m [91m   ~~~~~~~~~~~~~~~~~~~~~~[0m


Error: [96msrc/app/task-detail/task-detail.page.ts[0m:[93m658[0m:[93m4[0m - [91merror[0m[90m TS7053: [0mElement implicitly has an 'any' type because expression of type '"signature"' can't be used to index type '{ token: any; image: string; is_multiple_image: number; multiple_image: string[]; task_id: string | null; remarks: any; update_task_id_list: any[]; job_type: any; job_type_detail: any; customer_id: any; }'.
  Property 'signature' does not exist on type '{ token: any; image: string; is_multiple_image: number; multiple_image: string[]; task_id: string | null; remarks: any; update_task_id_list: any[]; job_type: any; job_type_detail: any; customer_id: any; }'.

[7m658[0m    tobeSubmit['signature'] = this.signature_data;
[7m   [0m [91m   ~~~~~~~~~~~~~~~~~~~~~~~[0m


Error: [96msrc/app/task-detail/task-detail.page.ts[0m:[93m665[0m:[93m8[0m - [91merror[0m[90m TS7053: [0mElement implicitly has an 'any' type because expression of type '"status"' can't be used to index type 'Object'.
  Property 'status' does not exist on type 'Object'.

[7m665[0m    if (data['status'] == "OK") {
[7m   [0m [91m       ~~~~~~~~~~~~~~[0m


Error: [96msrc/app/task-detail/task-detail.page.ts[0m:[93m672[0m:[93m39[0m - [91merror[0m[90m TS7053: [0mElement implicitly has an 'any' type because expression of type '"result"' can't be used to index type 'Object'.
  Property 'result' does not exist on type 'Object'.

[7m672[0m     this.App.presentAlert_default('', data['result'], "../../assets/attention2-icon.svg");
[7m   [0m [91m                                      ~~~~~~~~~~~~~~[0m


Error: [96msrc/app/test-detail/test-detail.page.ts[0m:[93m779[0m:[93m8[0m - [91merror[0m[90m TS7053: [0mElement implicitly has an 'any' type because expression of type '"status"' can't be used to index type 'Object'.
  Property 'status' does not exist on type 'Object'.

[7m779[0m    if (data['status'] == "OK") {
[7m   [0m [91m       ~~~~~~~~~~~~~~[0m


Error: [96msrc/app/test-detail/test-detail.page.ts[0m:[93m783[0m:[93m75[0m - [91merror[0m[90m TS7053: [0mElement implicitly has an 'any' type because expression of type '"result"' can't be used to index type 'Object'.
  Property 'result' does not exist on type 'Object'.

[7m783[0m     this.formData.detailList[this.grnIndex].MultipleImageUrl = JSON.parse(data['result']['img_path']);
[7m   [0m [91m                                                                          ~~~~~~~~~~~~~~[0m


Error: [96msrc/app/weight-detail/weight-detail.page.ts[0m:[93m560[0m:[93m19[0m - [91merror[0m[90m TS18047: [0m'input.files' is possibly 'null'.

[7m560[0m      const file = input.files[0];
[7m   [0m [91m                  ~~~~~~~~~~~[0m


Error: [96msrc/app/weight-detail/weight-detail.page.ts[0m:[93m649[0m:[93m8[0m - [91merror[0m[90m TS7053: [0mElement implicitly has an 'any' type because expression of type '"status"' can't be used to index type 'Object'.
  Property 'status' does not exist on type 'Object'.

[7m649[0m    if (data['status'] === "OK") {
[7m   [0m [91m       ~~~~~~~~~~~~~~[0m


Error: [96msrc/app/weight-detail/weight-detail.page.ts[0m:[93m649[0m:[93m8[0m - [91merror[0m[90m TS18048: [0m'data' is possibly 'undefined'.

[7m649[0m    if (data['status'] === "OK") {
[7m   [0m [91m       ~~~~[0m


Error: [96msrc/app/weight-detail/weight-detail.page.ts[0m:[93m653[0m:[93m68[0m - [91merror[0m[90m TS7053: [0mElement implicitly has an 'any' type because expression of type '"result"' can't be used to index type 'Object'.
  Property 'result' does not exist on type 'Object'.

[7m653[0m      this.formData.detailList[this.grnIndex].MultipleImageUrl.push(data['result']['img_path']);
[7m   [0m [91m                                                                   ~~~~~~~~~~~~~~[0m


Error: [96msrc/app/weight-detail/weight-detail.page.ts[0m:[93m653[0m:[93m68[0m - [91merror[0m[90m TS18048: [0m'data' is possibly 'undefined'.

[7m653[0m      this.formData.detailList[this.grnIndex].MultipleImageUrl.push(data['result']['img_path']);
[7m   [0m [91m                                                                   ~~~~[0m


Error: [96msrc/app/weight-detail/weight-detail.page.ts[0m:[93m660[0m:[93m48[0m - [91merror[0m[90m TS7053: [0mElement implicitly has an 'any' type because expression of type '"result"' can't be used to index type 'Object'.
  Property 'result' does not exist on type 'Object'.

[7m660[0m      this.grnData['MultipleImageUrl_tng'].push(data['result']['img_path']);
[7m   [0m [91m                                               ~~~~~~~~~~~~~~[0m


Error: [96msrc/app/weight-detail/weight-detail.page.ts[0m:[93m660[0m:[93m48[0m - [91merror[0m[90m TS18048: [0m'data' is possibly 'undefined'.

[7m660[0m      this.grnData['MultipleImageUrl_tng'].push(data['result']['img_path']);
[7m   [0m [91m                                               ~~~~[0m


Error: [96msrc/app/weight-detail/weight-detail.page.ts[0m:[93m665[0m:[93m36[0m - [91merror[0m[90m TS7053: [0mElement implicitly has an 'any' type because expression of type '"result"' can't be used to index type 'Object'.
  Property 'result' does not exist on type 'Object'.

[7m665[0m      this.MultipleImageUrl_DO.push(data['result']['img_path']);
[7m   [0m [91m                                   ~~~~~~~~~~~~~~[0m


Error: [96msrc/app/weight-detail/weight-detail.page.ts[0m:[93m665[0m:[93m36[0m - [91merror[0m[90m TS18048: [0m'data' is possibly 'undefined'.

[7m665[0m      this.MultipleImageUrl_DO.push(data['result']['img_path']);
[7m   [0m [91m                                   ~~~~[0m


Error: [96msrc/app/weight-detail/weight-detail.page.ts[0m:[93m672[0m:[93m21[0m - [91merror[0m[90m TS7053: [0mElement implicitly has an 'any' type because expression of type '"message"' can't be used to index type 'Object'.
  Property 'message' does not exist on type 'Object'.

[7m672[0m     throw new Error(data['message'] || 'Upload failed');
[7m   [0m [91m                    ~~~~~~~~~~~~~~~[0m


Error: [96msrc/app/weight-detail/weight-detail.page.ts[0m:[93m672[0m:[93m21[0m - [91merror[0m[90m TS18048: [0m'data' is possibly 'undefined'.

[7m672[0m     throw new Error(data['message'] || 'Upload failed');
[7m   [0m [91m                    ~~~~[0m


Error: [96msrc/app/weight-detail/weight-detail.page.ts[0m:[93m708[0m:[93m8[0m - [91merror[0m[90m TS7053: [0mElement implicitly has an 'any' type because expression of type '"status"' can't be used to index type 'Object'.
  Property 'status' does not exist on type 'Object'.

[7m708[0m    if (data['status'] === "OK") {
[7m   [0m [91m       ~~~~~~~~~~~~~~[0m


Error: [96msrc/app/weight-detail/weight-detail.page.ts[0m:[93m708[0m:[93m8[0m - [91merror[0m[90m TS18048: [0m'data' is possibly 'undefined'.

[7m708[0m    if (data['status'] === "OK") {
[7m   [0m [91m       ~~~~[0m


Error: [96msrc/app/weight-detail/weight-detail.page.ts[0m:[93m709[0m:[93m39[0m - [91merror[0m[90m TS7053: [0mElement implicitly has an 'any' type because expression of type '"result"' can't be used to index type 'Object'.
  Property 'result' does not exist on type 'Object'.

[7m709[0m     const uploadedImages = JSON.parse(data['result']['img_path']);
[7m   [0m [91m                                      ~~~~~~~~~~~~~~[0m


Error: [96msrc/app/weight-detail/weight-detail.page.ts[0m:[93m709[0m:[93m39[0m - [91merror[0m[90m TS18048: [0m'data' is possibly 'undefined'.

[7m709[0m     const uploadedImages = JSON.parse(data['result']['img_path']);
[7m   [0m [91m                                      ~~~~[0m


Error: [96msrc/app/weight-detail/weight-detail.page.ts[0m:[93m732[0m:[93m21[0m - [91merror[0m[90m TS7053: [0mElement implicitly has an 'any' type because expression of type '"message"' can't be used to index type 'Object'.
  Property 'message' does not exist on type 'Object'.

[7m732[0m     throw new Error(data['message'] || 'Upload failed');
[7m   [0m [91m                    ~~~~~~~~~~~~~~~[0m


Error: [96msrc/app/weight-detail/weight-detail.page.ts[0m:[93m732[0m:[93m21[0m - [91merror[0m[90m TS18048: [0m'data' is possibly 'undefined'.

[7m732[0m     throw new Error(data['message'] || 'Upload failed');
[7m   [0m [91m                    ~~~~[0m


Error: [96msrc/app/weight-detail/weight-detail.page.ts[0m:[93m752[0m:[93m8[0m - [91merror[0m[90m TS7053: [0mElement implicitly has an 'any' type because expression of type '"status"' can't be used to index type 'Object'.
  Property 'status' does not exist on type 'Object'.

[7m752[0m    if (data['status'] == "OK") {
[7m   [0m [91m       ~~~~~~~~~~~~~~[0m


Error: [96msrc/app/weight-detail/weight-detail.page.ts[0m:[93m756[0m:[93m75[0m - [91merror[0m[90m TS7053: [0mElement implicitly has an 'any' type because expression of type '"result"' can't be used to index type 'Object'.
  Property 'result' does not exist on type 'Object'.

[7m756[0m     this.formData.detailList[this.grnIndex].MultipleImageUrl = JSON.parse(data['result']['img_path']);
[7m   [0m [91m                                                                          ~~~~~~~~~~~~~~[0m


Error: /Applications/XAMPP/xamppfiles/htdocs/PWRIDER-CAP/src/app/customer-list/customer-list.page.scss exceeded maximum budget. Budget 4.10 kB was not met by 47.67 kB with a total of 51.77 kB.

Error: /Applications/XAMPP/xamppfiles/htdocs/PWRIDER-CAP/src/app/delivery-detail-task/delivery-detail-task.page.scss exceeded maximum budget. Budget 4.10 kB was not met by 46.89 kB with a total of 50.99 kB.

Error: /Applications/XAMPP/xamppfiles/htdocs/PWRIDER-CAP/src/app/exchange-note-list/exchange-note-list.page.scss exceeded maximum budget. Budget 4.10 kB was not met by 46.00 kB with a total of 50.09 kB.

Error: /Applications/XAMPP/xamppfiles/htdocs/PWRIDER-CAP/src/app/exchange-note/exchange-note.page.scss exceeded maximum budget. Budget 4.10 kB was not met by 48.74 kB with a total of 52.84 kB.

Error: /Applications/XAMPP/xamppfiles/htdocs/PWRIDER-CAP/src/app/home/home.page.scss exceeded maximum budget. Budget 4.10 kB was not met by 46.14 kB with a total of 50.23 kB.

Error: /Applications/XAMPP/xamppfiles/htdocs/PWRIDER-CAP/src/app/login/login.page.scss exceeded maximum budget. Budget 4.10 kB was not met by 46.62 kB with a total of 50.72 kB.

Error: /Applications/XAMPP/xamppfiles/htdocs/PWRIDER-CAP/src/app/melting-job-list/melting-job-list.page.scss exceeded maximum budget. Budget 4.10 kB was not met by 46.00 kB with a total of 50.09 kB.

Error: /Applications/XAMPP/xamppfiles/htdocs/PWRIDER-CAP/src/app/melting-job-wizard-list/melting-job-wizard-list.page.scss exceeded maximum budget. Budget 4.10 kB was not met by 46.00 kB with a total of 50.09 kB.

Error: /Applications/XAMPP/xamppfiles/htdocs/PWRIDER-CAP/src/app/melting-job-wizard/melting-job-wizard.page.scss exceeded maximum budget. Budget 4.10 kB was not met by 48.74 kB with a total of 52.84 kB.

Error: /Applications/XAMPP/xamppfiles/htdocs/PWRIDER-CAP/src/app/melting-job/melting-job.page.scss exceeded maximum budget. Budget 4.10 kB was not met by 48.74 kB with a total of 52.84 kB.

Error: /Applications/XAMPP/xamppfiles/htdocs/PWRIDER-CAP/src/app/modal-customer-list/modal-customer-list.page.scss exceeded maximum budget. Budget 4.10 kB was not met by 49.01 kB with a total of 53.10 kB.

Error: /Applications/XAMPP/xamppfiles/htdocs/PWRIDER-CAP/src/app/modal-exchange-items/modal-exchange-items.page.scss exceeded maximum budget. Budget 4.10 kB was not met by 49.10 kB with a total of 53.19 kB.

Error: /Applications/XAMPP/xamppfiles/htdocs/PWRIDER-CAP/src/app/modal-gold-shipment-detail/modal-gold-shipment-detail.page.scss exceeded maximum budget. Budget 4.10 kB was not met by 49.10 kB with a total of 53.19 kB.

Error: /Applications/XAMPP/xamppfiles/htdocs/PWRIDER-CAP/src/app/modal-header/modal-header.component.scss exceeded maximum budget. Budget 4.10 kB was not met by 46.13 kB with a total of 50.23 kB.

Error: /Applications/XAMPP/xamppfiles/htdocs/PWRIDER-CAP/src/app/pickup-detail-task/pickup-detail-task.page.scss exceeded maximum budget. Budget 4.10 kB was not met by 46.57 kB with a total of 50.67 kB.

Error: /Applications/XAMPP/xamppfiles/htdocs/PWRIDER-CAP/src/app/pickup-detail/pickup-detail.page.scss exceeded maximum budget. Budget 4.10 kB was not met by 46.57 kB with a total of 50.67 kB.

Error: /Applications/XAMPP/xamppfiles/htdocs/PWRIDER-CAP/src/app/pickup/pickup.page.scss exceeded maximum budget. Budget 4.10 kB was not met by 48.43 kB with a total of 52.52 kB.

Error: /Applications/XAMPP/xamppfiles/htdocs/PWRIDER-CAP/src/app/profile/profile.page.scss exceeded maximum budget. Budget 4.10 kB was not met by 48.52 kB with a total of 52.62 kB.

Error: /Applications/XAMPP/xamppfiles/htdocs/PWRIDER-CAP/src/app/delivery/delivery.page.scss exceeded maximum budget. Budget 4.10 kB was not met by 48.43 kB with a total of 52.52 kB.

Error: /Applications/XAMPP/xamppfiles/htdocs/PWRIDER-CAP/src/app/delivery-detail/delivery-detail.page.scss exceeded maximum budget. Budget 4.10 kB was not met by 46.89 kB with a total of 50.99 kB.

Error: /Applications/XAMPP/xamppfiles/htdocs/PWRIDER-CAP/src/app/commission-report/commission-report.page.scss exceeded maximum budget. Budget 4.10 kB was not met by 47.09 kB with a total of 51.19 kB.

Error: /Applications/XAMPP/xamppfiles/htdocs/PWRIDER-CAP/src/app/scan/scan.page.scss exceeded maximum budget. Budget 4.10 kB was not met by 47.23 kB with a total of 51.32 kB.

Error: /Applications/XAMPP/xamppfiles/htdocs/PWRIDER-CAP/src/app/result/result.page.scss exceeded maximum budget. Budget 4.10 kB was not met by 48.43 kB with a total of 52.52 kB.

Error: /Applications/XAMPP/xamppfiles/htdocs/PWRIDER-CAP/src/app/result-detail/result-detail.page.scss exceeded maximum budget. Budget 4.10 kB was not met by 50.45 kB with a total of 54.55 kB.

Error: /Applications/XAMPP/xamppfiles/htdocs/PWRIDER-CAP/src/app/pickup-order/pickup-order.page.scss exceeded maximum budget. Budget 4.10 kB was not met by 47.45 kB with a total of 51.54 kB.

Error: /Applications/XAMPP/xamppfiles/htdocs/PWRIDER-CAP/src/app/delivery-order/delivery-order.page.scss exceeded maximum budget. Budget 4.10 kB was not met by 47.45 kB with a total of 51.54 kB.

Error: /Applications/XAMPP/xamppfiles/htdocs/PWRIDER-CAP/src/app/collection/collection.page.scss exceeded maximum budget. Budget 4.10 kB was not met by 48.64 kB with a total of 52.73 kB.

Error: /Applications/XAMPP/xamppfiles/htdocs/PWRIDER-CAP/src/app/collection-detail/collection-detail.page.scss exceeded maximum budget. Budget 4.10 kB was not met by 46.84 kB with a total of 50.94 kB.

Error: /Applications/XAMPP/xamppfiles/htdocs/PWRIDER-CAP/src/app/modal-grn/modal-grn.page.scss exceeded maximum budget. Budget 4.10 kB was not met by 49.01 kB with a total of 53.10 kB.

Error: /Applications/XAMPP/xamppfiles/htdocs/PWRIDER-CAP/src/app/grn/grn.page.scss exceeded maximum budget. Budget 4.10 kB was not met by 50.87 kB with a total of 54.97 kB.

Error: /Applications/XAMPP/xamppfiles/htdocs/PWRIDER-CAP/src/app/grn-by-task/grn-by-task.page.scss exceeded maximum budget. Budget 4.10 kB was not met by 50.87 kB with a total of 54.97 kB.

Error: /Applications/XAMPP/xamppfiles/htdocs/PWRIDER-CAP/src/app/qc-detail/qc-detail.page.scss exceeded maximum budget. Budget 4.10 kB was not met by 48.95 kB with a total of 53.04 kB.

Error: /Applications/XAMPP/xamppfiles/htdocs/PWRIDER-CAP/src/app/qc/qc.page.scss exceeded maximum budget. Budget 4.10 kB was not met by 48.64 kB with a total of 52.73 kB.

Error: /Applications/XAMPP/xamppfiles/htdocs/PWRIDER-CAP/src/app/collection-order/collection-order.page.scss exceeded maximum budget. Budget 4.10 kB was not met by 47.62 kB with a total of 51.72 kB.

Error: /Applications/XAMPP/xamppfiles/htdocs/PWRIDER-CAP/src/app/job-log-history/job-log-history.page.scss exceeded maximum budget. Budget 4.10 kB was not met by 48.43 kB with a total of 52.52 kB.

Error: /Applications/XAMPP/xamppfiles/htdocs/PWRIDER-CAP/src/app/bullion-pending-reweight/bullion-pending-reweight.page.scss exceeded maximum budget. Budget 4.10 kB was not met by 48.86 kB with a total of 52.96 kB.

Error: /Applications/XAMPP/xamppfiles/htdocs/PWRIDER-CAP/src/app/modal-pending-reweight/modal-pending-reweight.page.scss exceeded maximum budget. Budget 4.10 kB was not met by 49.01 kB with a total of 53.10 kB.

Error: /Applications/XAMPP/xamppfiles/htdocs/PWRIDER-CAP/src/app/bullion-pending-reweight-detail/bullion-pending-reweight-detail.page.scss exceeded maximum budget. Budget 4.10 kB was not met by 50.05 kB with a total of 54.15 kB.

Error: /Applications/XAMPP/xamppfiles/htdocs/PWRIDER-CAP/src/app/bullion-pending-check/bullion-pending-check.page.scss exceeded maximum budget. Budget 4.10 kB was not met by 48.86 kB with a total of 52.96 kB.

Error: /Applications/XAMPP/xamppfiles/htdocs/PWRIDER-CAP/src/app/modal-qc/modal-qc.page.scss exceeded maximum budget. Budget 4.10 kB was not met by 49.01 kB with a total of 53.10 kB.

Error: /Applications/XAMPP/xamppfiles/htdocs/PWRIDER-CAP/src/app/bullion-pending-check-detail/bullion-pending-check-detail.page.scss exceeded maximum budget. Budget 4.10 kB was not met by 50.77 kB with a total of 54.87 kB.

Error: /Applications/XAMPP/xamppfiles/htdocs/PWRIDER-CAP/src/app/bullion-pending-tbc/bullion-pending-tbc.page.scss exceeded maximum budget. Budget 4.10 kB was not met by 48.86 kB with a total of 52.96 kB.

Error: /Applications/XAMPP/xamppfiles/htdocs/PWRIDER-CAP/src/app/bullion-pending-tbc-detail/bullion-pending-tbc-detail.page.scss exceeded maximum budget. Budget 4.10 kB was not met by 50.90 kB with a total of 55.00 kB.

Error: /Applications/XAMPP/xamppfiles/htdocs/PWRIDER-CAP/src/app/bullion-change-request/bullion-change-request.page.scss exceeded maximum budget. Budget 4.10 kB was not met by 50.91 kB with a total of 55.01 kB.

Error: /Applications/XAMPP/xamppfiles/htdocs/PWRIDER-CAP/src/app/modal-add-change-request/modal-add-change-request.page.scss exceeded maximum budget. Budget 4.10 kB was not met by 49.10 kB with a total of 53.19 kB.

Error: /Applications/XAMPP/xamppfiles/htdocs/PWRIDER-CAP/src/app/bullion-add-change-request/bullion-add-change-request.page.scss exceeded maximum budget. Budget 4.10 kB was not met by 50.16 kB with a total of 54.25 kB.

Error: /Applications/XAMPP/xamppfiles/htdocs/PWRIDER-CAP/src/app/task/task.page.scss exceeded maximum budget. Budget 4.10 kB was not met by 48.64 kB with a total of 52.73 kB.

Error: /Applications/XAMPP/xamppfiles/htdocs/PWRIDER-CAP/src/app/modal-task/modal-task.page.scss exceeded maximum budget. Budget 4.10 kB was not met by 49.01 kB with a total of 53.10 kB.

Error: /Applications/XAMPP/xamppfiles/htdocs/PWRIDER-CAP/src/app/task-detail/task-detail.page.scss exceeded maximum budget. Budget 4.10 kB was not met by 47.93 kB with a total of 52.03 kB.

Error: /Applications/XAMPP/xamppfiles/htdocs/PWRIDER-CAP/src/app/job-log/job-log.page.scss exceeded maximum budget. Budget 4.10 kB was not met by 48.64 kB with a total of 52.73 kB.

Error: /Applications/XAMPP/xamppfiles/htdocs/PWRIDER-CAP/src/app/modal-pending-order/modal-pending-order.page.scss exceeded maximum budget. Budget 4.10 kB was not met by 49.01 kB with a total of 53.10 kB.

Error: /Applications/XAMPP/xamppfiles/htdocs/PWRIDER-CAP/src/app/pending-order/pending-order.page.scss exceeded maximum budget. Budget 4.10 kB was not met by 46.84 kB with a total of 50.93 kB.

Error: /Applications/XAMPP/xamppfiles/htdocs/PWRIDER-CAP/src/app/collection-supplier/collection-supplier.page.scss exceeded maximum budget. Budget 4.10 kB was not met by 46.00 kB with a total of 50.09 kB.

Error: /Applications/XAMPP/xamppfiles/htdocs/PWRIDER-CAP/src/app/make-po-customer/make-po-customer.page.scss exceeded maximum budget. Budget 4.10 kB was not met by 49.01 kB with a total of 53.10 kB.

Error: /Applications/XAMPP/xamppfiles/htdocs/PWRIDER-CAP/src/app/make-po/make-po.page.scss exceeded maximum budget. Budget 4.10 kB was not met by 49.01 kB with a total of 53.10 kB.

Error: /Applications/XAMPP/xamppfiles/htdocs/PWRIDER-CAP/src/app/batch-scan/batch-scan.page.scss exceeded maximum budget. Budget 4.10 kB was not met by 45.71 kB with a total of 49.80 kB.

Error: /Applications/XAMPP/xamppfiles/htdocs/PWRIDER-CAP/src/app/weight/weight.page.scss exceeded maximum budget. Budget 4.10 kB was not met by 48.86 kB with a total of 52.96 kB.

Error: /Applications/XAMPP/xamppfiles/htdocs/PWRIDER-CAP/src/app/modal-weight/modal-weight.page.scss exceeded maximum budget. Budget 4.10 kB was not met by 49.01 kB with a total of 53.10 kB.

Error: /Applications/XAMPP/xamppfiles/htdocs/PWRIDER-CAP/src/app/weight-detail/weight-detail.page.scss exceeded maximum budget. Budget 4.10 kB was not met by 50.79 kB with a total of 54.88 kB.

Error: /Applications/XAMPP/xamppfiles/htdocs/PWRIDER-CAP/src/app/test/test.page.scss exceeded maximum budget. Budget 4.10 kB was not met by 48.86 kB with a total of 52.96 kB.

Error: /Applications/XAMPP/xamppfiles/htdocs/PWRIDER-CAP/src/app/modal-test/modal-test.page.scss exceeded maximum budget. Budget 4.10 kB was not met by 49.01 kB with a total of 53.10 kB.

Error: /Applications/XAMPP/xamppfiles/htdocs/PWRIDER-CAP/src/app/test-detail/test-detail.page.scss exceeded maximum budget. Budget 4.10 kB was not met by 50.90 kB with a total of 55.00 kB.

Error: /Applications/XAMPP/xamppfiles/htdocs/PWRIDER-CAP/src/app/request-order/request-order.page.scss exceeded maximum budget. Budget 4.10 kB was not met by 46.84 kB with a total of 50.93 kB.

Error: /Applications/XAMPP/xamppfiles/htdocs/PWRIDER-CAP/src/app/modal-task-detail/modal-task-detail.page.scss exceeded maximum budget. Budget 4.10 kB was not met by 49.10 kB with a total of 53.19 kB.

Error: /Applications/XAMPP/xamppfiles/htdocs/PWRIDER-CAP/src/app/modal-claim-cart/modal-claim-cart.page.scss exceeded maximum budget. Budget 4.10 kB was not met by 49.10 kB with a total of 53.19 kB.

Error: /Applications/XAMPP/xamppfiles/htdocs/PWRIDER-CAP/src/app/redeem-task/redeem-task.page.scss exceeded maximum budget. Budget 4.10 kB was not met by 48.74 kB with a total of 52.84 kB.

Error: /Applications/XAMPP/xamppfiles/htdocs/PWRIDER-CAP/src/app/modal-task-action/modal-task-action.page.scss exceeded maximum budget. Budget 4.10 kB was not met by 49.10 kB with a total of 53.19 kB.

Error: /Applications/XAMPP/xamppfiles/htdocs/PWRIDER-CAP/src/app/modal-task-action-scheduled/modal-task-action-scheduled.page.scss exceeded maximum budget. Budget 4.10 kB was not met by 49.10 kB with a total of 53.19 kB.

Error: /Applications/XAMPP/xamppfiles/htdocs/PWRIDER-CAP/src/app/modal-task-action-otw/modal-task-action-otw.page.scss exceeded maximum budget. Budget 4.10 kB was not met by 49.10 kB with a total of 53.19 kB.

Error: /Applications/XAMPP/xamppfiles/htdocs/PWRIDER-CAP/src/app/modal-task-action-add-collaborator/modal-task-action-add-collaborator.page.scss exceeded maximum budget. Budget 4.10 kB was not met by 49.10 kB with a total of 53.19 kB.

Error: /Applications/XAMPP/xamppfiles/htdocs/PWRIDER-CAP/src/app/personal-dashboard/personal-dashboard.page.scss exceeded maximum budget. Budget 4.10 kB was not met by 48.74 kB with a total of 52.84 kB.

Error: /Applications/XAMPP/xamppfiles/htdocs/PWRIDER-CAP/src/app/gold-shipment-clock-in-list/gold-shipment-clock-in-list.page.scss exceeded maximum budget. Budget 4.10 kB was not met by 46.00 kB with a total of 50.09 kB.

Error: /Applications/XAMPP/xamppfiles/htdocs/PWRIDER-CAP/src/app/gold-shipment-clock-in/gold-shipment-clock-in.page.scss exceeded maximum budget. Budget 4.10 kB was not met by 48.74 kB with a total of 52.84 kB.

Error: /Applications/XAMPP/xamppfiles/htdocs/PWRIDER-CAP/src/app/gold-shipment-list/gold-shipment-list.page.scss exceeded maximum budget. Budget 4.10 kB was not met by 46.00 kB with a total of 50.09 kB.

Error: /Applications/XAMPP/xamppfiles/htdocs/PWRIDER-CAP/src/app/gold-shipment/gold-shipment.page.scss exceeded maximum budget. Budget 4.10 kB was not met by 48.74 kB with a total of 52.84 kB.

Error: /Applications/XAMPP/xamppfiles/htdocs/PWRIDER-CAP/src/app/assay-report-clock-in-list/assay-report-clock-in-list.page.scss exceeded maximum budget. Budget 4.10 kB was not met by 46.00 kB with a total of 50.09 kB.

Error: /Applications/XAMPP/xamppfiles/htdocs/PWRIDER-CAP/src/app/assay-report-clock-in/assay-report-clock-in.page.scss exceeded maximum budget. Budget 4.10 kB was not met by 48.74 kB with a total of 52.84 kB.

Error: /Applications/XAMPP/xamppfiles/htdocs/PWRIDER-CAP/src/app/mytab/mytab.component.scss exceeded maximum budget. Budget 4.10 kB was not met by 47.21 kB with a total of 51.30 kB.

Error: /Applications/XAMPP/xamppfiles/htdocs/PWRIDER-CAP/src/app/common-header/common-header.component.scss exceeded maximum budget. Budget 4.10 kB was not met by 47.32 kB with a total of 51.41 kB.

Error: [96msrc/app/app.component.html[0m:[93m40[0m:[93m46[0m - [91merror[0m[90m TS2322: [0mType 'string' is not assignable to type 'boolean'.

[7m40[0m         <ion-router-outlet id="main-content" animated="false"></ion-router-outlet>
[7m  [0m [91m                                             ~~~~~~~~[0m

  [96msrc/app/app.component.ts[0m:[93m29[0m:[93m15[0m
    [7m29[0m  templateUrl: "app.component.html",
    [7m  [0m [96m              ~~~~~~~~~~~~~~~~~~~~[0m
    Error occurs in the template of component AppComponent.


Error: [96msrc/app/terms/terms.page.html[0m:[93m3[0m:[93m30[0m - [91merror[0m[90m TS2554: [0mExpected 0 arguments, but got 1.

[7m3[0m (cusBackEvent)="dismissModal($event)"></app-modal-header>
[7m [0m [91m                             ~~~~~~[0m

  [96msrc/app/terms/terms.page.ts[0m:[93m6[0m:[93m16[0m
    [7m6[0m   templateUrl: './terms.page.html',
    [7m [0m [96m               ~~~~~~~~~~~~~~~~~~~[0m
    Error occurs in the template of component TermsPage.


Error: [96msrc/app/login/login.page.html[0m:[93m134[0m:[93m96[0m - [91merror[0m[90m TS7053: [0mElement implicitly has an 'any' type because expression of type '"version"' can't be used to index type '{}'.
  Property 'version' does not exist on type '{}'.

[7m134[0m       <ion-text color="light opensanLight300" style="font-size: 12px; color:#999;"> Version: {{this.App.appConfig['version']}}</ion-text>
[7m   [0m [91m                                                                                               ~~~~~~~~~~~~~~~~~~~~~~~~~~~~~[0m

  [96msrc/app/login/login.page.ts[0m:[93m13[0m:[93m16[0m
    [7m13[0m   templateUrl: './login.page.html',
    [7m  [0m [96m               ~~~~~~~~~~~~~~~~~~~[0m
    Error occurs in the template of component LoginPage.


Error: [96msrc/app/mytab/mytab.component.ts[0m:[93m14[0m:[93m14[0m - [91merror[0m[90m NG6007: [0mThe Component 'MytabComponent' is declared by more than one NgModule.

[7m14[0m export class MytabComponent implements OnInit {
[7m  [0m [91m             ~~~~~~~~~~~~~~[0m

  [96msrc/app/home/home.module.ts[0m:[93m18[0m:[93m49[0m
    [7m18[0m   declarations: [HomePage,CommonHeaderComponent,MytabComponent],
    [7m  [0m [96m                                                ~~~~~~~~~~~~~~[0m
    'MytabComponent' is listed in the declarations of the NgModule 'HomePageModule'.
  [96msrc/app/profile/profile.module.ts[0m:[93m28[0m:[93m5[0m
    [7m28[0m     MytabComponent]
    [7m  [0m [96m    ~~~~~~~~~~~~~~[0m
    'MytabComponent' is listed in the declarations of the NgModule 'ProfilePageModule'.
  [96msrc/app/setting/setting.module.ts[0m:[93m24[0m:[93m5[0m
    [7m24[0m     MytabComponent,
    [7m  [0m [96m    ~~~~~~~~~~~~~~[0m
    'MytabComponent' is listed in the declarations of the NgModule 'SettingPageModule'.
  [96msrc/app/pickup/pickup.module.ts[0m:[93m19[0m:[93m5[0m
    [7m19[0m     MytabComponent]
    [7m  [0m [96m    ~~~~~~~~~~~~~~[0m
    'MytabComponent' is listed in the declarations of the NgModule 'PickupPageModule'.
  [96msrc/app/pickup-detail/pickup-detail.module.ts[0m:[93m19[0m:[93m5[0m
    [7m19[0m     MytabComponent]
    [7m  [0m [96m    ~~~~~~~~~~~~~~[0m
    'MytabComponent' is listed in the declarations of the NgModule 'PickupDetailPageModule'.
  [96msrc/app/pickup-detail-task/pickup-detail-task.module.ts[0m:[93m20[0m:[93m5[0m
    [7m20[0m     MytabComponent]
    [7m  [0m [96m    ~~~~~~~~~~~~~~[0m
    'MytabComponent' is listed in the declarations of the NgModule 'PickupDetailTaskModule'.
  [96msrc/app/delivery-detail-task/delivery-detail-task.module.ts[0m:[93m21[0m:[93m5[0m
    [7m21[0m     MytabComponent]
    [7m  [0m [96m    ~~~~~~~~~~~~~~[0m
    'MytabComponent' is listed in the declarations of the NgModule 'DeliveryDetailTaskModule'.
  [96msrc/app/delivery/delivery.module.ts[0m:[93m22[0m:[93m5[0m
    [7m22[0m     MytabComponent]
    [7m  [0m [96m    ~~~~~~~~~~~~~~[0m
    'MytabComponent' is listed in the declarations of the NgModule 'DeliveryPageModule'.
  [96msrc/app/delivery-detail/delivery-detail.module.ts[0m:[93m21[0m:[93m5[0m
    [7m21[0m     MytabComponent]
    [7m  [0m [96m    ~~~~~~~~~~~~~~[0m
    'MytabComponent' is listed in the declarations of the NgModule 'DeliveryDetailPageModule'.
  [96msrc/app/commission-report/commission-report.module.ts[0m:[93m21[0m:[93m5[0m
    [7m21[0m     MytabComponent]
    [7m  [0m [96m    ~~~~~~~~~~~~~~[0m
    'MytabComponent' is listed in the declarations of the NgModule 'CommissionReportPageModule'.
  [96msrc/app/scan/scan.module.ts[0m:[93m20[0m:[93m51[0m
    [7m20[0m   declarations: [ScanPage, CommonHeaderComponent, MytabComponent]
    [7m  [0m [96m                                                  ~~~~~~~~~~~~~~[0m
    'MytabComponent' is listed in the declarations of the NgModule 'ScanPageModule'.
  [96msrc/app/result/result.module.ts[0m:[93m21[0m:[93m5[0m
    [7m21[0m     MytabComponent]
    [7m  [0m [96m    ~~~~~~~~~~~~~~[0m
    'MytabComponent' is listed in the declarations of the NgModule 'ResultPageModule'.
  [96msrc/app/result-detail/result-detail.module.ts[0m:[93m21[0m:[93m5[0m
    [7m21[0m     MytabComponent]
    [7m  [0m [96m    ~~~~~~~~~~~~~~[0m
    'MytabComponent' is listed in the declarations of the NgModule 'ResultDetailPageModule'.
  [96msrc/app/pickup-order/pickup-order.module.ts[0m:[93m21[0m:[93m5[0m
    [7m21[0m     MytabComponent]
    [7m  [0m [96m    ~~~~~~~~~~~~~~[0m
    'MytabComponent' is listed in the declarations of the NgModule 'PickupOrderPageModule'.
  [96msrc/app/delivery-order/delivery-order.module.ts[0m:[93m21[0m:[93m5[0m
    [7m21[0m     MytabComponent]
    [7m  [0m [96m    ~~~~~~~~~~~~~~[0m
    'MytabComponent' is listed in the declarations of the NgModule 'DeliveryOrderPageModule'.
  [96msrc/app/collection/collection.module.ts[0m:[93m17[0m:[93m57[0m
    [7m17[0m   declarations: [CollectionPage, CommonHeaderComponent, MytabComponent]
    [7m  [0m [96m                                                        ~~~~~~~~~~~~~~[0m
    'MytabComponent' is listed in the declarations of the NgModule 'CollectionPageModule'.
  [96msrc/app/collection-detail/collection-detail.module.ts[0m:[93m19[0m:[93m5[0m
    [7m19[0m     MytabComponent]
    [7m  [0m [96m    ~~~~~~~~~~~~~~[0m
    'MytabComponent' is listed in the declarations of the NgModule 'CollectionDetailPageModule'.
  [96msrc/app/grn/grn.module.ts[0m:[93m18[0m:[93m50[0m
    [7m18[0m   declarations: [GrnPage, CommonHeaderComponent, MytabComponent]
    [7m  [0m [96m                                                 ~~~~~~~~~~~~~~[0m
    'MytabComponent' is listed in the declarations of the NgModule 'GrnPageModule'.
  [96msrc/app/grn-by-task/grn-by-task.module.ts[0m:[93m20[0m:[93m5[0m
    [7m20[0m     MytabComponent]
    [7m  [0m [96m    ~~~~~~~~~~~~~~[0m
    'MytabComponent' is listed in the declarations of the NgModule 'GrnByTaskModule'.
  [96msrc/app/modal-signature/modal-signature.module.ts[0m:[93m21[0m:[93m5[0m
    [7m21[0m     MytabComponent]
    [7m  [0m [96m    ~~~~~~~~~~~~~~[0m
    'MytabComponent' is listed in the declarations of the NgModule 'ModalSignaturePageModule'.
  [96msrc/app/qc-detail/qc-detail.module.ts[0m:[93m21[0m:[93m5[0m
    [7m21[0m     MytabComponent]
    [7m  [0m [96m    ~~~~~~~~~~~~~~[0m
    'MytabComponent' is listed in the declarations of the NgModule 'QcDetailPageModule'.
  [96msrc/app/qc/qc.module.ts[0m:[93m20[0m:[93m49[0m
    [7m20[0m   declarations: [QcPage, CommonHeaderComponent, MytabComponent]
    [7m  [0m [96m                                                ~~~~~~~~~~~~~~[0m
    'MytabComponent' is listed in the declarations of the NgModule 'QcPageModule'.
  [96msrc/app/collection-order/collection-order.module.ts[0m:[93m21[0m:[93m5[0m
    [7m21[0m     MytabComponent]
    [7m  [0m [96m    ~~~~~~~~~~~~~~[0m
    'MytabComponent' is listed in the declarations of the NgModule 'CollectionOrderPageModule'.
  [96msrc/app/punch-card/punch-card.module.ts[0m:[93m25[0m:[93m3[0m
    [7m25[0m   MytabComponent,
    [7m  [0m [96m  ~~~~~~~~~~~~~~[0m
    'MytabComponent' is listed in the declarations of the NgModule 'PunchCardPageModule'.
  [96msrc/app/punching/punching.module.ts[0m:[93m25[0m:[93m5[0m
    [7m25[0m     MytabComponent,
    [7m  [0m [96m    ~~~~~~~~~~~~~~[0m
    'MytabComponent' is listed in the declarations of the NgModule 'PunchingPageModule'.
  [96msrc/app/job-log-history/job-log-history.module.ts[0m:[93m21[0m:[93m5[0m
    [7m21[0m     MytabComponent]
    [7m  [0m [96m    ~~~~~~~~~~~~~~[0m
    'MytabComponent' is listed in the declarations of the NgModule 'JobLogHistoryPageModule'.
  [96msrc/app/bullion-pending-reweight/bullion-pending-reweight.module.ts[0m:[93m21[0m:[93m5[0m
    [7m21[0m     MytabComponent]
    [7m  [0m [96m    ~~~~~~~~~~~~~~[0m
    'MytabComponent' is listed in the declarations of the NgModule 'BullionPendingReweightPageModule'.
  [96msrc/app/bullion-pending-reweight-detail/bullion-pending-reweight-detail.module.ts[0m:[93m21[0m:[93m5[0m
    [7m21[0m     MytabComponent]
    [7m  [0m [96m    ~~~~~~~~~~~~~~[0m
    'MytabComponent' is listed in the declarations of the NgModule 'BullionPendingReweightDetailPageModule'.
  [96msrc/app/bullion-pending-check/bullion-pending-check.module.ts[0m:[93m24[0m:[93m5[0m
    [7m24[0m     MytabComponent]
    [7m  [0m [96m    ~~~~~~~~~~~~~~[0m
    'MytabComponent' is listed in the declarations of the NgModule 'BullionPendingCheckPageModule'.
  [96msrc/app/bullion-pending-check-detail/bullion-pending-check-detail.module.ts[0m:[93m21[0m:[93m5[0m
    [7m21[0m     MytabComponent]
    [7m  [0m [96m    ~~~~~~~~~~~~~~[0m
    'MytabComponent' is listed in the declarations of the NgModule 'BullionPendingCheckDetailPageModule'.
  [96msrc/app/bullion-pending-tbc/bullion-pending-tbc.module.ts[0m:[93m21[0m:[93m5[0m
    [7m21[0m     MytabComponent]
    [7m  [0m [96m    ~~~~~~~~~~~~~~[0m
    'MytabComponent' is listed in the declarations of the NgModule 'BullionPendingTBCPageModule'.
  [96msrc/app/bullion-pending-tbc-detail/bullion-pending-tbc-detail.module.ts[0m:[93m18[0m:[93m5[0m
    [7m18[0m     MytabComponent]
    [7m  [0m [96m    ~~~~~~~~~~~~~~[0m
    'MytabComponent' is listed in the declarations of the NgModule 'BullionPendingTBCDetailPageModule'.
  [96msrc/app/bullion-change-request/bullion-change-request.module.ts[0m:[93m18[0m:[93m5[0m
    [7m18[0m     MytabComponent]
    [7m  [0m [96m    ~~~~~~~~~~~~~~[0m
    'MytabComponent' is listed in the declarations of the NgModule 'BullionChangeRequestPageModule'.
  [96msrc/app/bullion-add-change-request/bullion-add-change-request.module.ts[0m:[93m21[0m:[93m5[0m
    [7m21[0m     MytabComponent]
    [7m  [0m [96m    ~~~~~~~~~~~~~~[0m
    'MytabComponent' is listed in the declarations of the NgModule 'BullionAddChangeRequestPageModule'.
  [96msrc/app/task/task.module.ts[0m:[93m19[0m:[93m5[0m
    [7m19[0m     MytabComponent]
    [7m  [0m [96m    ~~~~~~~~~~~~~~[0m
    'MytabComponent' is listed in the declarations of the NgModule 'TaskPageModule'.
  [96msrc/app/task-detail/task-detail.module.ts[0m:[93m19[0m:[93m5[0m
    [7m19[0m     MytabComponent]
    [7m  [0m [96m    ~~~~~~~~~~~~~~[0m
    'MytabComponent' is listed in the declarations of the NgModule 'TaskDetailPageModule'.
  [96msrc/app/job-log/job-log.module.ts[0m:[93m21[0m:[93m5[0m
    [7m21[0m     MytabComponent]
    [7m  [0m [96m    ~~~~~~~~~~~~~~[0m
    'MytabComponent' is listed in the declarations of the NgModule 'JobLogPageModule'.
  [96msrc/app/pending-order/pending-order.module.ts[0m:[93m18[0m:[93m5[0m
    [7m18[0m     MytabComponent]
    [7m  [0m [96m    ~~~~~~~~~~~~~~[0m
    'MytabComponent' is listed in the declarations of the NgModule 'PendingOrderPageModule'.
  [96msrc/app/collection-supplier/collection-supplier.module.ts[0m:[93m20[0m:[93m5[0m
    [7m20[0m     MytabComponent]
    [7m  [0m [96m    ~~~~~~~~~~~~~~[0m
    'MytabComponent' is listed in the declarations of the NgModule 'CollectionSupplierPageModule'.
  [96msrc/app/modal-grn/modal-grn.module.ts[0m:[93m21[0m:[93m5[0m
    [7m21[0m     MytabComponent]
    [7m  [0m [96m    ~~~~~~~~~~~~~~[0m
    'MytabComponent' is listed in the declarations of the NgModule 'ModalGrnPageModule'.
  [96msrc/app/inbox/inbox.module.ts[0m:[93m23[0m:[93m5[0m
    [7m23[0m     MytabComponent]
    [7m  [0m [96m    ~~~~~~~~~~~~~~[0m
    'MytabComponent' is listed in the declarations of the NgModule 'InboxPageModule'.
  [96msrc/app/make-po/make-po.module.ts[0m:[93m19[0m:[93m5[0m
    [7m19[0m     MytabComponent]
    [7m  [0m [96m    ~~~~~~~~~~~~~~[0m
    'MytabComponent' is listed in the declarations of the NgModule 'MakePoPageModule'.
  [96msrc/app/make-po-customer/make-po-customer.module.ts[0m:[93m21[0m:[93m5[0m
    [7m21[0m     MytabComponent]
    [7m  [0m [96m    ~~~~~~~~~~~~~~[0m
    'MytabComponent' is listed in the declarations of the NgModule 'MakePoCustomerPageModule'.
  [96msrc/app/batch-scan/batch-scan.module.ts[0m:[93m18[0m:[93m5[0m
    [7m18[0m     MytabComponent]
    [7m  [0m [96m    ~~~~~~~~~~~~~~[0m
    'MytabComponent' is listed in the declarations of the NgModule 'BatchScanPageModule'.
  [96msrc/app/weight/weight.module.ts[0m:[93m18[0m:[93m53[0m
    [7m18[0m   declarations: [WeightPage, CommonHeaderComponent, MytabComponent, SearchPipe]
    [7m  [0m [96m                                                    ~~~~~~~~~~~~~~[0m
    'MytabComponent' is listed in the declarations of the NgModule 'WeightPageModule'.
  [96msrc/app/weight-detail/weight-detail.module.ts[0m:[93m18[0m:[93m5[0m
    [7m18[0m     MytabComponent]
    [7m  [0m [96m    ~~~~~~~~~~~~~~[0m
    'MytabComponent' is listed in the declarations of the NgModule 'WeightDetailPageModule'.
  [96msrc/app/test/test.module.ts[0m:[93m20[0m:[93m5[0m
    [7m20[0m     MytabComponent]
    [7m  [0m [96m    ~~~~~~~~~~~~~~[0m
    'MytabComponent' is listed in the declarations of the NgModule 'TestPageModule'.
  [96msrc/app/test-detail/test-detail.module.ts[0m:[93m18[0m:[93m5[0m
    [7m18[0m     MytabComponent]
    [7m  [0m [96m    ~~~~~~~~~~~~~~[0m
    'MytabComponent' is listed in the declarations of the NgModule 'TestDetailPageModule'.
  [96msrc/app/request-order/request-order.module.ts[0m:[93m18[0m:[93m5[0m
    [7m18[0m     MytabComponent]
    [7m  [0m [96m    ~~~~~~~~~~~~~~[0m
    'MytabComponent' is listed in the declarations of the NgModule 'RequestOrderPageModule'.
  [96msrc/app/redeem-task/redeem-task.module.ts[0m:[93m24[0m:[93m5[0m
    [7m24[0m     MytabComponent]
    [7m  [0m [96m    ~~~~~~~~~~~~~~[0m
    'MytabComponent' is listed in the declarations of the NgModule 'RedeemTaskPageModule'.
  [96msrc/app/personal-dashboard/personal-dashboard.module.ts[0m:[93m27[0m:[93m5[0m
    [7m27[0m     MytabComponent]
    [7m  [0m [96m    ~~~~~~~~~~~~~~[0m
    'MytabComponent' is listed in the declarations of the NgModule 'PersonalDashboardModule'.
  [96msrc/app/gold-shipment-clock-in-list/gold-shipment-clock-in-list.module.ts[0m:[93m21[0m:[93m5[0m
    [7m21[0m     MytabComponent]
    [7m  [0m [96m    ~~~~~~~~~~~~~~[0m
    'MytabComponent' is listed in the declarations of the NgModule 'GoldShipmentClockInListPageModule'.
  [96msrc/app/gold-shipment-clock-in/gold-shipment-clock-in.module.ts[0m:[93m27[0m:[93m5[0m
    [7m27[0m     MytabComponent]
    [7m  [0m [96m    ~~~~~~~~~~~~~~[0m
    'MytabComponent' is listed in the declarations of the NgModule 'GoldShipmentClockInModule'.
  [96msrc/app/gold-shipment-list/gold-shipment-list.module.ts[0m:[93m21[0m:[93m5[0m
    [7m21[0m     MytabComponent]
    [7m  [0m [96m    ~~~~~~~~~~~~~~[0m
    'MytabComponent' is listed in the declarations of the NgModule 'GoldShipmentListPageModule'.
  [96msrc/app/gold-shipment/gold-shipment.module.ts[0m:[93m29[0m:[93m5[0m
    [7m29[0m     MytabComponent]
    [7m  [0m [96m    ~~~~~~~~~~~~~~[0m
    'MytabComponent' is listed in the declarations of the NgModule 'GoldShipmentModule'.
  [96msrc/app/assay-report-clock-in-list/assay-report-clock-in-list.module.ts[0m:[93m21[0m:[93m5[0m
    [7m21[0m     MytabComponent]
    [7m  [0m [96m    ~~~~~~~~~~~~~~[0m
    'MytabComponent' is listed in the declarations of the NgModule 'AssayReportClockInListPageModule'.
  [96msrc/app/assay-report-clock-in/assay-report-clock-in.module.ts[0m:[93m27[0m:[93m5[0m
    [7m27[0m     MytabComponent]
    [7m  [0m [96m    ~~~~~~~~~~~~~~[0m
    'MytabComponent' is listed in the declarations of the NgModule 'AssayReportClockInModule'.
  [96msrc/app/exchange-note-list/exchange-note-list.module.ts[0m:[93m21[0m:[93m5[0m
    [7m21[0m     MytabComponent]
    [7m  [0m [96m    ~~~~~~~~~~~~~~[0m
    'MytabComponent' is listed in the declarations of the NgModule 'ExchangeNoteListPageModule'.
  [96msrc/app/exchange-note/exchange-note.module.ts[0m:[93m25[0m:[93m5[0m
    [7m25[0m     MytabComponent],
    [7m  [0m [96m    ~~~~~~~~~~~~~~[0m
    'MytabComponent' is listed in the declarations of the NgModule 'ExchangeNoteModule'.
  [96msrc/app/melting-job-list/melting-job-list.module.ts[0m:[93m21[0m:[93m5[0m
    [7m21[0m     MytabComponent]
    [7m  [0m [96m    ~~~~~~~~~~~~~~[0m
    'MytabComponent' is listed in the declarations of the NgModule 'MeltingJobListPageModule'.
  [96msrc/app/melting-job/melting-job.module.ts[0m:[93m25[0m:[93m5[0m
    [7m25[0m     MytabComponent],
    [7m  [0m [96m    ~~~~~~~~~~~~~~[0m
    'MytabComponent' is listed in the declarations of the NgModule 'MeltingJobModule'.
  [96msrc/app/melting-job-wizard-list/melting-job-wizard-list.module.ts[0m:[93m21[0m:[93m5[0m
    [7m21[0m     MytabComponent]
    [7m  [0m [96m    ~~~~~~~~~~~~~~[0m
    'MytabComponent' is listed in the declarations of the NgModule 'MeltingJobWizardListPageModule'.
  [96msrc/app/melting-job-wizard/melting-job-wizard.module.ts[0m:[93m25[0m:[93m5[0m
    [7m25[0m     MytabComponent],
    [7m  [0m [96m    ~~~~~~~~~~~~~~[0m
    'MytabComponent' is listed in the declarations of the NgModule 'MeltingJobWizardPageModule'.
  [96msrc/app/customer-list/customer-list.module.ts[0m:[93m20[0m:[93m5[0m
    [7m20[0m     MytabComponent]
    [7m  [0m [96m    ~~~~~~~~~~~~~~[0m
    'MytabComponent' is listed in the declarations of the NgModule 'CustomerListPageModule'.
  [96msrc/app/redeem-cdo/redeem-cdo.module.ts[0m:[93m21[0m:[93m5[0m
    [7m21[0m     MytabComponent]
    [7m  [0m [96m    ~~~~~~~~~~~~~~[0m
    'MytabComponent' is listed in the declarations of the NgModule 'RedeemCdoPageModule'.
  [96msrc/app/cdo-tasks/cdo-tasks.module.ts[0m:[93m21[0m:[93m5[0m
    [7m21[0m     MytabComponent]
    [7m  [0m [96m    ~~~~~~~~~~~~~~[0m
    'MytabComponent' is listed in the declarations of the NgModule 'CdoTasksPageModule'.


Error: [96msrc/app/common-header/common-header.component.ts[0m:[93m14[0m:[93m14[0m - [91merror[0m[90m NG6007: [0mThe Component 'CommonHeaderComponent' is declared by more than one NgModule.

[7m14[0m export class CommonHeaderComponent implements OnInit {
[7m  [0m [91m             ~~~~~~~~~~~~~~~~~~~~~[0m

  [96msrc/app/home/home.module.ts[0m:[93m18[0m:[93m27[0m
    [7m18[0m   declarations: [HomePage,CommonHeaderComponent,MytabComponent],
    [7m  [0m [96m                          ~~~~~~~~~~~~~~~~~~~~~[0m
    'CommonHeaderComponent' is listed in the declarations of the NgModule 'HomePageModule'.
  [96msrc/app/profile/profile.module.ts[0m:[93m27[0m:[93m5[0m
    [7m27[0m     CommonHeaderComponent,
    [7m  [0m [96m    ~~~~~~~~~~~~~~~~~~~~~[0m
    'CommonHeaderComponent' is listed in the declarations of the NgModule 'ProfilePageModule'.
  [96msrc/app/setting/setting.module.ts[0m:[93m25[0m:[93m5[0m
    [7m25[0m     CommonHeaderComponent
    [7m  [0m [96m    ~~~~~~~~~~~~~~~~~~~~~[0m
    'CommonHeaderComponent' is listed in the declarations of the NgModule 'SettingPageModule'.
  [96msrc/app/pickup/pickup.module.ts[0m:[93m18[0m:[93m5[0m
    [7m18[0m     CommonHeaderComponent,
    [7m  [0m [96m    ~~~~~~~~~~~~~~~~~~~~~[0m
    'CommonHeaderComponent' is listed in the declarations of the NgModule 'PickupPageModule'.
  [96msrc/app/pickup-detail/pickup-detail.module.ts[0m:[93m18[0m:[93m5[0m
    [7m18[0m     CommonHeaderComponent,
    [7m  [0m [96m    ~~~~~~~~~~~~~~~~~~~~~[0m
    'CommonHeaderComponent' is listed in the declarations of the NgModule 'PickupDetailPageModule'.
  [96msrc/app/pickup-detail-task/pickup-detail-task.module.ts[0m:[93m19[0m:[93m5[0m
    [7m19[0m     CommonHeaderComponent,
    [7m  [0m [96m    ~~~~~~~~~~~~~~~~~~~~~[0m
    'CommonHeaderComponent' is listed in the declarations of the NgModule 'PickupDetailTaskModule'.
  [96msrc/app/delivery-detail-task/delivery-detail-task.module.ts[0m:[93m20[0m:[93m5[0m
    [7m20[0m     CommonHeaderComponent,
    [7m  [0m [96m    ~~~~~~~~~~~~~~~~~~~~~[0m
    'CommonHeaderComponent' is listed in the declarations of the NgModule 'DeliveryDetailTaskModule'.
  [96msrc/app/delivery/delivery.module.ts[0m:[93m21[0m:[93m5[0m
    [7m21[0m     CommonHeaderComponent,
    [7m  [0m [96m    ~~~~~~~~~~~~~~~~~~~~~[0m
    'CommonHeaderComponent' is listed in the declarations of the NgModule 'DeliveryPageModule'.
  [96msrc/app/delivery-detail/delivery-detail.module.ts[0m:[93m20[0m:[93m5[0m
    [7m20[0m     CommonHeaderComponent,
    [7m  [0m [96m    ~~~~~~~~~~~~~~~~~~~~~[0m
    'CommonHeaderComponent' is listed in the declarations of the NgModule 'DeliveryDetailPageModule'.
  [96msrc/app/commission-report/commission-report.module.ts[0m:[93m20[0m:[93m5[0m
    [7m20[0m     CommonHeaderComponent,
    [7m  [0m [96m    ~~~~~~~~~~~~~~~~~~~~~[0m
    'CommonHeaderComponent' is listed in the declarations of the NgModule 'CommissionReportPageModule'.
  [96msrc/app/scan/scan.module.ts[0m:[93m20[0m:[93m28[0m
    [7m20[0m   declarations: [ScanPage, CommonHeaderComponent, MytabComponent]
    [7m  [0m [96m                           ~~~~~~~~~~~~~~~~~~~~~[0m
    'CommonHeaderComponent' is listed in the declarations of the NgModule 'ScanPageModule'.
  [96msrc/app/result/result.module.ts[0m:[93m20[0m:[93m5[0m
    [7m20[0m     CommonHeaderComponent,
    [7m  [0m [96m    ~~~~~~~~~~~~~~~~~~~~~[0m
    'CommonHeaderComponent' is listed in the declarations of the NgModule 'ResultPageModule'.
  [96msrc/app/result-detail/result-detail.module.ts[0m:[93m20[0m:[93m5[0m
    [7m20[0m     CommonHeaderComponent,
    [7m  [0m [96m    ~~~~~~~~~~~~~~~~~~~~~[0m
    'CommonHeaderComponent' is listed in the declarations of the NgModule 'ResultDetailPageModule'.
  [96msrc/app/pickup-order/pickup-order.module.ts[0m:[93m20[0m:[93m5[0m
    [7m20[0m     CommonHeaderComponent,
    [7m  [0m [96m    ~~~~~~~~~~~~~~~~~~~~~[0m
    'CommonHeaderComponent' is listed in the declarations of the NgModule 'PickupOrderPageModule'.
  [96msrc/app/delivery-order/delivery-order.module.ts[0m:[93m20[0m:[93m5[0m
    [7m20[0m     CommonHeaderComponent,
    [7m  [0m [96m    ~~~~~~~~~~~~~~~~~~~~~[0m
    'CommonHeaderComponent' is listed in the declarations of the NgModule 'DeliveryOrderPageModule'.
  [96msrc/app/collection/collection.module.ts[0m:[93m17[0m:[93m34[0m
    [7m17[0m   declarations: [CollectionPage, CommonHeaderComponent, MytabComponent]
    [7m  [0m [96m                                 ~~~~~~~~~~~~~~~~~~~~~[0m
    'CommonHeaderComponent' is listed in the declarations of the NgModule 'CollectionPageModule'.
  [96msrc/app/collection-detail/collection-detail.module.ts[0m:[93m18[0m:[93m5[0m
    [7m18[0m     CommonHeaderComponent,
    [7m  [0m [96m    ~~~~~~~~~~~~~~~~~~~~~[0m
    'CommonHeaderComponent' is listed in the declarations of the NgModule 'CollectionDetailPageModule'.
  [96msrc/app/grn/grn.module.ts[0m:[93m18[0m:[93m27[0m
    [7m18[0m   declarations: [GrnPage, CommonHeaderComponent, MytabComponent]
    [7m  [0m [96m                          ~~~~~~~~~~~~~~~~~~~~~[0m
    'CommonHeaderComponent' is listed in the declarations of the NgModule 'GrnPageModule'.
  [96msrc/app/grn-by-task/grn-by-task.module.ts[0m:[93m19[0m:[93m5[0m
    [7m19[0m     CommonHeaderComponent,
    [7m  [0m [96m    ~~~~~~~~~~~~~~~~~~~~~[0m
    'CommonHeaderComponent' is listed in the declarations of the NgModule 'GrnByTaskModule'.
  [96msrc/app/modal-signature/modal-signature.module.ts[0m:[93m20[0m:[93m5[0m
    [7m20[0m     CommonHeaderComponent,
    [7m  [0m [96m    ~~~~~~~~~~~~~~~~~~~~~[0m
    'CommonHeaderComponent' is listed in the declarations of the NgModule 'ModalSignaturePageModule'.
  [96msrc/app/qc-detail/qc-detail.module.ts[0m:[93m20[0m:[93m5[0m
    [7m20[0m     CommonHeaderComponent,
    [7m  [0m [96m    ~~~~~~~~~~~~~~~~~~~~~[0m
    'CommonHeaderComponent' is listed in the declarations of the NgModule 'QcDetailPageModule'.
  [96msrc/app/qc/qc.module.ts[0m:[93m20[0m:[93m26[0m
    [7m20[0m   declarations: [QcPage, CommonHeaderComponent, MytabComponent]
    [7m  [0m [96m                         ~~~~~~~~~~~~~~~~~~~~~[0m
    'CommonHeaderComponent' is listed in the declarations of the NgModule 'QcPageModule'.
  [96msrc/app/collection-order/collection-order.module.ts[0m:[93m20[0m:[93m5[0m
    [7m20[0m     CommonHeaderComponent,
    [7m  [0m [96m    ~~~~~~~~~~~~~~~~~~~~~[0m
    'CommonHeaderComponent' is listed in the declarations of the NgModule 'CollectionOrderPageModule'.
  [96msrc/app/punch-card/punch-card.module.ts[0m:[93m27[0m:[93m3[0m
    [7m27[0m   CommonHeaderComponent
    [7m  [0m [96m  ~~~~~~~~~~~~~~~~~~~~~[0m
    'CommonHeaderComponent' is listed in the declarations of the NgModule 'PunchCardPageModule'.
  [96msrc/app/punching/punching.module.ts[0m:[93m27[0m:[93m3[0m
    [7m27[0m   CommonHeaderComponent,
    [7m  [0m [96m  ~~~~~~~~~~~~~~~~~~~~~[0m
    'CommonHeaderComponent' is listed in the declarations of the NgModule 'PunchingPageModule'.
  [96msrc/app/job-log-history/job-log-history.module.ts[0m:[93m20[0m:[93m5[0m
    [7m20[0m     CommonHeaderComponent,
    [7m  [0m [96m    ~~~~~~~~~~~~~~~~~~~~~[0m
    'CommonHeaderComponent' is listed in the declarations of the NgModule 'JobLogHistoryPageModule'.
  [96msrc/app/bullion-pending-reweight/bullion-pending-reweight.module.ts[0m:[93m20[0m:[93m5[0m
    [7m20[0m     CommonHeaderComponent,
    [7m  [0m [96m    ~~~~~~~~~~~~~~~~~~~~~[0m
    'CommonHeaderComponent' is listed in the declarations of the NgModule 'BullionPendingReweightPageModule'.
  [96msrc/app/bullion-pending-reweight-detail/bullion-pending-reweight-detail.module.ts[0m:[93m20[0m:[93m5[0m
    [7m20[0m     CommonHeaderComponent,
    [7m  [0m [96m    ~~~~~~~~~~~~~~~~~~~~~[0m
    'CommonHeaderComponent' is listed in the declarations of the NgModule 'BullionPendingReweightDetailPageModule'.
  [96msrc/app/bullion-pending-check/bullion-pending-check.module.ts[0m:[93m23[0m:[93m5[0m
    [7m23[0m     CommonHeaderComponent,
    [7m  [0m [96m    ~~~~~~~~~~~~~~~~~~~~~[0m
    'CommonHeaderComponent' is listed in the declarations of the NgModule 'BullionPendingCheckPageModule'.
  [96msrc/app/bullion-pending-check-detail/bullion-pending-check-detail.module.ts[0m:[93m20[0m:[93m5[0m
    [7m20[0m     CommonHeaderComponent,
    [7m  [0m [96m    ~~~~~~~~~~~~~~~~~~~~~[0m
    'CommonHeaderComponent' is listed in the declarations of the NgModule 'BullionPendingCheckDetailPageModule'.
  [96msrc/app/bullion-pending-tbc/bullion-pending-tbc.module.ts[0m:[93m20[0m:[93m5[0m
    [7m20[0m     CommonHeaderComponent,
    [7m  [0m [96m    ~~~~~~~~~~~~~~~~~~~~~[0m
    'CommonHeaderComponent' is listed in the declarations of the NgModule 'BullionPendingTBCPageModule'.
  [96msrc/app/bullion-pending-tbc-detail/bullion-pending-tbc-detail.module.ts[0m:[93m17[0m:[93m5[0m
    [7m17[0m     CommonHeaderComponent,
    [7m  [0m [96m    ~~~~~~~~~~~~~~~~~~~~~[0m
    'CommonHeaderComponent' is listed in the declarations of the NgModule 'BullionPendingTBCDetailPageModule'.
  [96msrc/app/bullion-change-request/bullion-change-request.module.ts[0m:[93m17[0m:[93m5[0m
    [7m17[0m     CommonHeaderComponent,
    [7m  [0m [96m    ~~~~~~~~~~~~~~~~~~~~~[0m
    'CommonHeaderComponent' is listed in the declarations of the NgModule 'BullionChangeRequestPageModule'.
  [96msrc/app/bullion-add-change-request/bullion-add-change-request.module.ts[0m:[93m20[0m:[93m5[0m
    [7m20[0m     CommonHeaderComponent,
    [7m  [0m [96m    ~~~~~~~~~~~~~~~~~~~~~[0m
    'CommonHeaderComponent' is listed in the declarations of the NgModule 'BullionAddChangeRequestPageModule'.
  [96msrc/app/task/task.module.ts[0m:[93m18[0m:[93m5[0m
    [7m18[0m     CommonHeaderComponent,
    [7m  [0m [96m    ~~~~~~~~~~~~~~~~~~~~~[0m
    'CommonHeaderComponent' is listed in the declarations of the NgModule 'TaskPageModule'.
  [96msrc/app/task-detail/task-detail.module.ts[0m:[93m18[0m:[93m5[0m
    [7m18[0m     CommonHeaderComponent,
    [7m  [0m [96m    ~~~~~~~~~~~~~~~~~~~~~[0m
    'CommonHeaderComponent' is listed in the declarations of the NgModule 'TaskDetailPageModule'.
  [96msrc/app/job-log/job-log.module.ts[0m:[93m20[0m:[93m5[0m
    [7m20[0m     CommonHeaderComponent,
    [7m  [0m [96m    ~~~~~~~~~~~~~~~~~~~~~[0m
    'CommonHeaderComponent' is listed in the declarations of the NgModule 'JobLogPageModule'.
  [96msrc/app/pending-order/pending-order.module.ts[0m:[93m17[0m:[93m5[0m
    [7m17[0m     CommonHeaderComponent,
    [7m  [0m [96m    ~~~~~~~~~~~~~~~~~~~~~[0m
    'CommonHeaderComponent' is listed in the declarations of the NgModule 'PendingOrderPageModule'.
  [96msrc/app/collection-supplier/collection-supplier.module.ts[0m:[93m19[0m:[93m5[0m
    [7m19[0m     CommonHeaderComponent,
    [7m  [0m [96m    ~~~~~~~~~~~~~~~~~~~~~[0m
    'CommonHeaderComponent' is listed in the declarations of the NgModule 'CollectionSupplierPageModule'.
  [96msrc/app/modal-grn/modal-grn.module.ts[0m:[93m20[0m:[93m5[0m
    [7m20[0m     CommonHeaderComponent,
    [7m  [0m [96m    ~~~~~~~~~~~~~~~~~~~~~[0m
    'CommonHeaderComponent' is listed in the declarations of the NgModule 'ModalGrnPageModule'.
  [96msrc/app/inbox/inbox.module.ts[0m:[93m22[0m:[93m5[0m
    [7m22[0m     CommonHeaderComponent,
    [7m  [0m [96m    ~~~~~~~~~~~~~~~~~~~~~[0m
    'CommonHeaderComponent' is listed in the declarations of the NgModule 'InboxPageModule'.
  [96msrc/app/make-po/make-po.module.ts[0m:[93m18[0m:[93m5[0m
    [7m18[0m     CommonHeaderComponent,
    [7m  [0m [96m    ~~~~~~~~~~~~~~~~~~~~~[0m
    'CommonHeaderComponent' is listed in the declarations of the NgModule 'MakePoPageModule'.
  [96msrc/app/make-po-customer/make-po-customer.module.ts[0m:[93m20[0m:[93m5[0m
    [7m20[0m     CommonHeaderComponent,
    [7m  [0m [96m    ~~~~~~~~~~~~~~~~~~~~~[0m
    'CommonHeaderComponent' is listed in the declarations of the NgModule 'MakePoCustomerPageModule'.
  [96msrc/app/batch-scan/batch-scan.module.ts[0m:[93m17[0m:[93m5[0m
    [7m17[0m     CommonHeaderComponent,
    [7m  [0m [96m    ~~~~~~~~~~~~~~~~~~~~~[0m
    'CommonHeaderComponent' is listed in the declarations of the NgModule 'BatchScanPageModule'.
  [96msrc/app/weight/weight.module.ts[0m:[93m18[0m:[93m30[0m
    [7m18[0m   declarations: [WeightPage, CommonHeaderComponent, MytabComponent, SearchPipe]
    [7m  [0m [96m                             ~~~~~~~~~~~~~~~~~~~~~[0m
    'CommonHeaderComponent' is listed in the declarations of the NgModule 'WeightPageModule'.
  [96msrc/app/weight-detail/weight-detail.module.ts[0m:[93m17[0m:[93m5[0m
    [7m17[0m     CommonHeaderComponent,
    [7m  [0m [96m    ~~~~~~~~~~~~~~~~~~~~~[0m
    'CommonHeaderComponent' is listed in the declarations of the NgModule 'WeightDetailPageModule'.
  [96msrc/app/test/test.module.ts[0m:[93m19[0m:[93m5[0m
    [7m19[0m     CommonHeaderComponent,
    [7m  [0m [96m    ~~~~~~~~~~~~~~~~~~~~~[0m
    'CommonHeaderComponent' is listed in the declarations of the NgModule 'TestPageModule'.
  [96msrc/app/test-detail/test-detail.module.ts[0m:[93m17[0m:[93m5[0m
    [7m17[0m     CommonHeaderComponent,
    [7m  [0m [96m    ~~~~~~~~~~~~~~~~~~~~~[0m
    'CommonHeaderComponent' is listed in the declarations of the NgModule 'TestDetailPageModule'.
  [96msrc/app/request-order/request-order.module.ts[0m:[93m17[0m:[93m5[0m
    [7m17[0m     CommonHeaderComponent,
    [7m  [0m [96m    ~~~~~~~~~~~~~~~~~~~~~[0m
    'CommonHeaderComponent' is listed in the declarations of the NgModule 'RequestOrderPageModule'.
  [96msrc/app/redeem-task/redeem-task.module.ts[0m:[93m23[0m:[93m5[0m
    [7m23[0m     CommonHeaderComponent,
    [7m  [0m [96m    ~~~~~~~~~~~~~~~~~~~~~[0m
    'CommonHeaderComponent' is listed in the declarations of the NgModule 'RedeemTaskPageModule'.
  [96msrc/app/personal-dashboard/personal-dashboard.module.ts[0m:[93m26[0m:[93m5[0m
    [7m26[0m     CommonHeaderComponent,
    [7m  [0m [96m    ~~~~~~~~~~~~~~~~~~~~~[0m
    'CommonHeaderComponent' is listed in the declarations of the NgModule 'PersonalDashboardModule'.
  [96msrc/app/gold-shipment-clock-in-list/gold-shipment-clock-in-list.module.ts[0m:[93m20[0m:[93m5[0m
    [7m20[0m     CommonHeaderComponent,
    [7m  [0m [96m    ~~~~~~~~~~~~~~~~~~~~~[0m
    'CommonHeaderComponent' is listed in the declarations of the NgModule 'GoldShipmentClockInListPageModule'.
  [96msrc/app/gold-shipment-clock-in/gold-shipment-clock-in.module.ts[0m:[93m26[0m:[93m5[0m
    [7m26[0m     CommonHeaderComponent,
    [7m  [0m [96m    ~~~~~~~~~~~~~~~~~~~~~[0m
    'CommonHeaderComponent' is listed in the declarations of the NgModule 'GoldShipmentClockInModule'.
  [96msrc/app/gold-shipment-list/gold-shipment-list.module.ts[0m:[93m20[0m:[93m5[0m
    [7m20[0m     CommonHeaderComponent,
    [7m  [0m [96m    ~~~~~~~~~~~~~~~~~~~~~[0m
    'CommonHeaderComponent' is listed in the declarations of the NgModule 'GoldShipmentListPageModule'.
  [96msrc/app/gold-shipment/gold-shipment.module.ts[0m:[93m28[0m:[93m5[0m
    [7m28[0m     CommonHeaderComponent,
    [7m  [0m [96m    ~~~~~~~~~~~~~~~~~~~~~[0m
    'CommonHeaderComponent' is listed in the declarations of the NgModule 'GoldShipmentModule'.
  [96msrc/app/assay-report-clock-in-list/assay-report-clock-in-list.module.ts[0m:[93m20[0m:[93m5[0m
    [7m20[0m     CommonHeaderComponent,
    [7m  [0m [96m    ~~~~~~~~~~~~~~~~~~~~~[0m
    'CommonHeaderComponent' is listed in the declarations of the NgModule 'AssayReportClockInListPageModule'.
  [96msrc/app/assay-report-clock-in/assay-report-clock-in.module.ts[0m:[93m26[0m:[93m5[0m
    [7m26[0m     CommonHeaderComponent,
    [7m  [0m [96m    ~~~~~~~~~~~~~~~~~~~~~[0m
    'CommonHeaderComponent' is listed in the declarations of the NgModule 'AssayReportClockInModule'.
  [96msrc/app/exchange-note-list/exchange-note-list.module.ts[0m:[93m20[0m:[93m5[0m
    [7m20[0m     CommonHeaderComponent,
    [7m  [0m [96m    ~~~~~~~~~~~~~~~~~~~~~[0m
    'CommonHeaderComponent' is listed in the declarations of the NgModule 'ExchangeNoteListPageModule'.
  [96msrc/app/exchange-note/exchange-note.module.ts[0m:[93m24[0m:[93m5[0m
    [7m24[0m     CommonHeaderComponent,
    [7m  [0m [96m    ~~~~~~~~~~~~~~~~~~~~~[0m
    'CommonHeaderComponent' is listed in the declarations of the NgModule 'ExchangeNoteModule'.
  [96msrc/app/melting-job-list/melting-job-list.module.ts[0m:[93m20[0m:[93m5[0m
    [7m20[0m     CommonHeaderComponent,
    [7m  [0m [96m    ~~~~~~~~~~~~~~~~~~~~~[0m
    'CommonHeaderComponent' is listed in the declarations of the NgModule 'MeltingJobListPageModule'.
  [96msrc/app/melting-job/melting-job.module.ts[0m:[93m24[0m:[93m5[0m
    [7m24[0m     CommonHeaderComponent,
    [7m  [0m [96m    ~~~~~~~~~~~~~~~~~~~~~[0m
    'CommonHeaderComponent' is listed in the declarations of the NgModule 'MeltingJobModule'.
  [96msrc/app/melting-job-wizard-list/melting-job-wizard-list.module.ts[0m:[93m20[0m:[93m5[0m
    [7m20[0m     CommonHeaderComponent,
    [7m  [0m [96m    ~~~~~~~~~~~~~~~~~~~~~[0m
    'CommonHeaderComponent' is listed in the declarations of the NgModule 'MeltingJobWizardListPageModule'.
  [96msrc/app/melting-job-wizard/melting-job-wizard.module.ts[0m:[93m24[0m:[93m5[0m
    [7m24[0m     CommonHeaderComponent,
    [7m  [0m [96m    ~~~~~~~~~~~~~~~~~~~~~[0m
    'CommonHeaderComponent' is listed in the declarations of the NgModule 'MeltingJobWizardPageModule'.
  [96msrc/app/customer-list/customer-list.module.ts[0m:[93m19[0m:[93m5[0m
    [7m19[0m     CommonHeaderComponent,
    [7m  [0m [96m    ~~~~~~~~~~~~~~~~~~~~~[0m
    'CommonHeaderComponent' is listed in the declarations of the NgModule 'CustomerListPageModule'.
  [96msrc/app/redeem-cdo/redeem-cdo.module.ts[0m:[93m20[0m:[93m5[0m
    [7m20[0m     CommonHeaderComponent,
    [7m  [0m [96m    ~~~~~~~~~~~~~~~~~~~~~[0m
    'CommonHeaderComponent' is listed in the declarations of the NgModule 'RedeemCdoPageModule'.
  [96msrc/app/cdo-tasks/cdo-tasks.module.ts[0m:[93m20[0m:[93m5[0m
    [7m20[0m     CommonHeaderComponent,
    [7m  [0m [96m    ~~~~~~~~~~~~~~~~~~~~~[0m
    'CommonHeaderComponent' is listed in the declarations of the NgModule 'CdoTasksPageModule'.


Error: [96msrc/app/modal-header/modal-header.component.html[0m:[93m16[0m:[93m34[0m - [91merror[0m[90m TS2554: [0mExpected 1 arguments, but got 0.

[7m16[0m             <ion-button (click)="customizedBackEvent()" color="light"><ion-icon name="close"></ion-icon></ion-button>
[7m  [0m [91m                                 ~~~~~~~~~~~~~~~~~~~[0m

  [96msrc/app/modal-header/modal-header.component.ts[0m:[93m5[0m:[93m16[0m
    [7m5[0m   templateUrl: './modal-header.component.html',
    [7m [0m [96m               ~~~~~~~~~~~~~~~~~~~~~~~~~~~~~~~[0m
    Error occurs in the template of component ModalHeaderComponent.


Error: [96msrc/app/inbox/inbox.component.ts[0m:[93m9[0m:[93m14[0m - [91merror[0m[90m NG6007: [0mThe Component 'InboxComponent' is declared by more than one NgModule.

[7m9[0m export class InboxComponent implements OnInit {
[7m [0m [91m             ~~~~~~~~~~~~~~[0m

  [96msrc/app/profile/profile.module.ts[0m:[93m26[0m:[93m5[0m
    [7m26[0m     InboxComponent,
    [7m  [0m [96m    ~~~~~~~~~~~~~~[0m
    'InboxComponent' is listed in the declarations of the NgModule 'ProfilePageModule'.
  [96msrc/app/setting/setting.module.ts[0m:[93m23[0m:[93m5[0m
    [7m23[0m     InboxComponent,
    [7m  [0m [96m    ~~~~~~~~~~~~~~[0m
    'InboxComponent' is listed in the declarations of the NgModule 'SettingPageModule'.
  [96msrc/app/punch-card/punch-card.module.ts[0m:[93m26[0m:[93m3[0m
    [7m26[0m   InboxComponent,
    [7m  [0m [96m  ~~~~~~~~~~~~~~[0m
    'InboxComponent' is listed in the declarations of the NgModule 'PunchCardPageModule'.
  [96msrc/app/punching/punching.module.ts[0m:[93m26[0m:[93m3[0m
    [7m26[0m   InboxComponent,
    [7m  [0m [96m  ~~~~~~~~~~~~~~[0m
    'InboxComponent' is listed in the declarations of the NgModule 'PunchingPageModule'.


Error: [96msrc/app/pickup/pickup.page.html[0m:[93m19[0m:[93m31[0m - [91merror[0m[90m TS2339: [0mProperty 'tracking_no' does not exist on type 'never'.

[7m19[0m     <ion-accordion value="{{x.tracking_no}}{{i}}" *ngFor="let x of riderList; let i = index" class="ion-no-padding">
[7m  [0m [91m                              ~~~~~~~~~~~[0m

  [96msrc/app/pickup/pickup.page.ts[0m:[93m18[0m:[93m16[0m
    [7m18[0m   templateUrl: "./pickup.page.html",
    [7m  [0m [96m               ~~~~~~~~~~~~~~~~~~~~[0m
    Error occurs in the template of component PickupPage.


Error: [96msrc/app/pickup/pickup.page.html[0m:[93m23[0m:[93m27[0m - [91merror[0m[90m TS2339: [0mProperty 'cod_collect_amount' does not exist on type 'never'.

[7m23[0m             <div *ngIf="x.cod_collect_amount>0">
[7m  [0m [91m                          ~~~~~~~~~~~~~~~~~~[0m

  [96msrc/app/pickup/pickup.page.ts[0m:[93m18[0m:[93m16[0m
    [7m18[0m   templateUrl: "./pickup.page.html",
    [7m  [0m [96m               ~~~~~~~~~~~~~~~~~~~~[0m
    Error occurs in the template of component PickupPage.


Error: [96msrc/app/pickup/pickup.page.html[0m:[93m26[0m:[93m27[0m - [91merror[0m[90m TS2339: [0mProperty 'is_urgent' does not exist on type 'never'.

[7m26[0m             <div *ngIf="x.is_urgent==1">
[7m  [0m [91m                          ~~~~~~~~~[0m

  [96msrc/app/pickup/pickup.page.ts[0m:[93m18[0m:[93m16[0m
    [7m18[0m   templateUrl: "./pickup.page.html",
    [7m  [0m [96m               ~~~~~~~~~~~~~~~~~~~~[0m
    Error occurs in the template of component PickupPage.


Error: [96msrc/app/pickup/pickup.page.html[0m:[93m29[0m:[93m27[0m - [91merror[0m[90m TS2339: [0mProperty 'is_urgent' does not exist on type 'never'.

[7m29[0m             <div *ngIf="x.is_urgent==2">
[7m  [0m [91m                          ~~~~~~~~~[0m

  [96msrc/app/pickup/pickup.page.ts[0m:[93m18[0m:[93m16[0m
    [7m18[0m   templateUrl: "./pickup.page.html",
    [7m  [0m [96m               ~~~~~~~~~~~~~~~~~~~~[0m
    Error occurs in the template of component PickupPage.


Error: [96msrc/app/pickup/pickup.page.html[0m:[93m35[0m:[93m30[0m - [91merror[0m[90m TS2339: [0mProperty 'customer_name' does not exist on type 'never'.

[7m35[0m                     <div>{{x.customer_name}}</div>
[7m  [0m [91m                             ~~~~~~~~~~~~~[0m

  [96msrc/app/pickup/pickup.page.ts[0m:[93m18[0m:[93m16[0m
    [7m18[0m   templateUrl: "./pickup.page.html",
    [7m  [0m [96m               ~~~~~~~~~~~~~~~~~~~~[0m
    Error occurs in the template of component PickupPage.


Error: [96msrc/app/pickup/pickup.page.html[0m:[93m38[0m:[93m28[0m - [91merror[0m[90m TS2339: [0mProperty 'sender_name' does not exist on type 'never'.

[7m38[0m                   <div>{{x.sender_name}}</div>
[7m  [0m [91m                           ~~~~~~~~~~~[0m

  [96msrc/app/pickup/pickup.page.ts[0m:[93m18[0m:[93m16[0m
    [7m18[0m   templateUrl: "./pickup.page.html",
    [7m  [0m [96m               ~~~~~~~~~~~~~~~~~~~~[0m
    Error occurs in the template of component PickupPage.


Error: [96msrc/app/pickup/pickup.page.html[0m:[93m40[0m:[93m69[0m - [91merror[0m[90m TS2339: [0mProperty 'sender_address1' does not exist on type 'never'.

[7m40[0m                 <h5 class="txt400">Pick Up/Sender Address: <div>{{x.sender_address1}},<br/>{{x.sender_address2}},<br/>{{x.sender_city}},{{x.sender_postcode}}</div></h5>
[7m  [0m [91m                                                                    ~~~~~~~~~~~~~~~[0m

  [96msrc/app/pickup/pickup.page.ts[0m:[93m18[0m:[93m16[0m
    [7m18[0m   templateUrl: "./pickup.page.html",
    [7m  [0m [96m               ~~~~~~~~~~~~~~~~~~~~[0m
    Error occurs in the template of component PickupPage.


Error: [96msrc/app/pickup/pickup.page.html[0m:[93m40[0m:[93m96[0m - [91merror[0m[90m TS2339: [0mProperty 'sender_address2' does not exist on type 'never'.

[7m40[0m                 <h5 class="txt400">Pick Up/Sender Address: <div>{{x.sender_address1}},<br/>{{x.sender_address2}},<br/>{{x.sender_city}},{{x.sender_postcode}}</div></h5>
[7m  [0m [91m                                                                                               ~~~~~~~~~~~~~~~[0m

  [96msrc/app/pickup/pickup.page.ts[0m:[93m18[0m:[93m16[0m
    [7m18[0m   templateUrl: "./pickup.page.html",
    [7m  [0m [96m               ~~~~~~~~~~~~~~~~~~~~[0m
    Error occurs in the template of component PickupPage.


Error: [96msrc/app/pickup/pickup.page.html[0m:[93m40[0m:[93m123[0m - [91merror[0m[90m TS2339: [0mProperty 'sender_city' does not exist on type 'never'.

[7m40[0m                 <h5 class="txt400">Pick Up/Sender Address: <div>{{x.sender_address1}},<br/>{{x.sender_address2}},<br/>{{x.sender_city}},{{x.sender_postcode}}</div></h5>
[7m  [0m [91m                                                                                                                          ~~~~~~~~~~~[0m

  [96msrc/app/pickup/pickup.page.ts[0m:[93m18[0m:[93m16[0m
    [7m18[0m   templateUrl: "./pickup.page.html",
    [7m  [0m [96m               ~~~~~~~~~~~~~~~~~~~~[0m
    Error occurs in the template of component PickupPage.


Error: [96msrc/app/pickup/pickup.page.html[0m:[93m40[0m:[93m141[0m - [91merror[0m[90m TS2339: [0mProperty 'sender_postcode' does not exist on type 'never'.

[7m40[0m                 <h5 class="txt400">Pick Up/Sender Address: <div>{{x.sender_address1}},<br/>{{x.sender_address2}},<br/>{{x.sender_city}},{{x.sender_postcode}}</div></h5>
[7m  [0m [91m                                                                                                                                            ~~~~~~~~~~~~~~~[0m

  [96msrc/app/pickup/pickup.page.ts[0m:[93m18[0m:[93m16[0m
    [7m18[0m   templateUrl: "./pickup.page.html",
    [7m  [0m [96m               ~~~~~~~~~~~~~~~~~~~~[0m
    Error occurs in the template of component PickupPage.


Error: [96msrc/app/pickup/pickup.page.html[0m:[93m41[0m:[93m68[0m - [91merror[0m[90m TS2339: [0mProperty 'cod_collect_amount' does not exist on type 'never'.

[7m41[0m                 <h5 class="txt400" style="margin-top: 0;" *ngIf="x.cod_collect_amount>0">COD Amount:
[7m  [0m [91m                                                                   ~~~~~~~~~~~~~~~~~~[0m

  [96msrc/app/pickup/pickup.page.ts[0m:[93m18[0m:[93m16[0m
    [7m18[0m   templateUrl: "./pickup.page.html",
    [7m  [0m [96m               ~~~~~~~~~~~~~~~~~~~~[0m
    Error occurs in the template of component PickupPage.


Error: [96msrc/app/pickup/pickup.page.html[0m:[93m42[0m:[93m33[0m - [91merror[0m[90m TS2339: [0mProperty 'cod_collect_amount' does not exist on type 'never'.

[7m42[0m                     <div>RM {{x.cod_collect_amount}}</div>
[7m  [0m [91m                                ~~~~~~~~~~~~~~~~~~[0m

  [96msrc/app/pickup/pickup.page.ts[0m:[93m18[0m:[93m16[0m
    [7m18[0m   templateUrl: "./pickup.page.html",
    [7m  [0m [96m               ~~~~~~~~~~~~~~~~~~~~[0m
    Error occurs in the template of component PickupPage.


Error: [96msrc/app/pickup/pickup.page.html[0m:[93m45[0m:[93m28[0m - [91merror[0m[90m TS2339: [0mProperty 'remark' does not exist on type 'never'.

[7m45[0m                   <div>{{x.remark?x.remark:'-'}}</div>
[7m  [0m [91m                           ~~~~~~[0m

  [96msrc/app/pickup/pickup.page.ts[0m:[93m18[0m:[93m16[0m
    [7m18[0m   templateUrl: "./pickup.page.html",
    [7m  [0m [96m               ~~~~~~~~~~~~~~~~~~~~[0m
    Error occurs in the template of component PickupPage.


Error: [96msrc/app/pickup/pickup.page.html[0m:[93m45[0m:[93m37[0m - [91merror[0m[90m TS2339: [0mProperty 'remark' does not exist on type 'never'.

[7m45[0m                   <div>{{x.remark?x.remark:'-'}}</div>
[7m  [0m [91m                                    ~~~~~~[0m

  [96msrc/app/pickup/pickup.page.ts[0m:[93m18[0m:[93m16[0m
    [7m18[0m   templateUrl: "./pickup.page.html",
    [7m  [0m [96m               ~~~~~~~~~~~~~~~~~~~~[0m
    Error occurs in the template of component PickupPage.


Error: [96msrc/app/pickup/pickup.page.html[0m:[93m58[0m:[93m60[0m - [91merror[0m[90m TS2339: [0mProperty 'tracking_no' does not exist on type 'never'.

[7m58[0m                   <h5 class="txt400">Tracking No: <div>{{x.tracking_no}}</div></h5>
[7m  [0m [91m                                                           ~~~~~~~~~~~[0m

  [96msrc/app/pickup/pickup.page.ts[0m:[93m18[0m:[93m16[0m
    [7m18[0m   templateUrl: "./pickup.page.html",
    [7m  [0m [96m               ~~~~~~~~~~~~~~~~~~~~[0m
    Error occurs in the template of component PickupPage.


Error: [96msrc/app/pickup/pickup.page.html[0m:[93m59[0m:[93m55[0m - [91merror[0m[90m TS2339: [0mProperty 'delivery_status_text' does not exist on type 'never'.

[7m59[0m                   <h5 class="txt400">Status: <div>{{x.delivery_status_text}}</div></h5>
[7m  [0m [91m                                                      ~~~~~~~~~~~~~~~~~~~~[0m

  [96msrc/app/pickup/pickup.page.ts[0m:[93m18[0m:[93m16[0m
    [7m18[0m   templateUrl: "./pickup.page.html",
    [7m  [0m [96m               ~~~~~~~~~~~~~~~~~~~~[0m
    Error occurs in the template of component PickupPage.


Error: [96msrc/app/pickup/pickup.page.html[0m:[93m60[0m:[93m61[0m - [91merror[0m[90m TS2339: [0mProperty 'service_type' does not exist on type 'never'.

[7m60[0m                   <h5 class="txt400">Service Type: <div>{{x.service_type}}</div></h5>
[7m  [0m [91m                                                            ~~~~~~~~~~~~[0m

  [96msrc/app/pickup/pickup.page.ts[0m:[93m18[0m:[93m16[0m
    [7m18[0m   templateUrl: "./pickup.page.html",
    [7m  [0m [96m               ~~~~~~~~~~~~~~~~~~~~[0m
    Error occurs in the template of component PickupPage.


Error: [96msrc/app/pickup/pickup.page.html[0m:[93m61[0m:[93m59[0m - [91merror[0m[90m TS2339: [0mProperty 'order_date' does not exist on type 'never'.

[7m61[0m                   <h5 class="txt400">Order Date: <div>{{x.order_date}}</div></h5>
[7m  [0m [91m                                                          ~~~~~~~~~~[0m

  [96msrc/app/pickup/pickup.page.ts[0m:[93m18[0m:[93m16[0m
    [7m18[0m   templateUrl: "./pickup.page.html",
    [7m  [0m [96m               ~~~~~~~~~~~~~~~~~~~~[0m
    Error occurs in the template of component PickupPage.


Error: [96msrc/app/pickup/pickup.page.html[0m:[93m62[0m:[93m66[0m - [91merror[0m[90m TS2339: [0mProperty 'delivery_date' does not exist on type 'never'.

[7m62[0m                   <h5 class="txt400">Pick Up Date/Time: <div>{{x.delivery_date}} {{x.delivery_time}}</div></h5>
[7m  [0m [91m                                                                 ~~~~~~~~~~~~~[0m

  [96msrc/app/pickup/pickup.page.ts[0m:[93m18[0m:[93m16[0m
    [7m18[0m   templateUrl: "./pickup.page.html",
    [7m  [0m [96m               ~~~~~~~~~~~~~~~~~~~~[0m
    Error occurs in the template of component PickupPage.


Error: [96msrc/app/pickup/pickup.page.html[0m:[93m62[0m:[93m86[0m - [91merror[0m[90m TS2339: [0mProperty 'delivery_time' does not exist on type 'never'.

[7m62[0m                   <h5 class="txt400">Pick Up Date/Time: <div>{{x.delivery_date}} {{x.delivery_time}}</div></h5>
[7m  [0m [91m                                                                                     ~~~~~~~~~~~~~[0m

  [96msrc/app/pickup/pickup.page.ts[0m:[93m18[0m:[93m16[0m
    [7m18[0m   templateUrl: "./pickup.page.html",
    [7m  [0m [96m               ~~~~~~~~~~~~~~~~~~~~[0m
    Error occurs in the template of component PickupPage.


Error: [96msrc/app/pickup/pickup.page.html[0m:[93m68[0m:[93m91[0m - [91merror[0m[90m TS2339: [0mProperty 'job_log_id' does not exist on type 'never'.

[7m68[0m                       <ion-button class="pickupdetail" [routerLink]="['/pickup-detail/'+x.job_log_id]">Detail </ion-button>
[7m  [0m [91m                                                                                          ~~~~~~~~~~[0m

  [96msrc/app/pickup/pickup.page.ts[0m:[93m18[0m:[93m16[0m
    [7m18[0m   templateUrl: "./pickup.page.html",
    [7m  [0m [96m               ~~~~~~~~~~~~~~~~~~~~[0m
    Error occurs in the template of component PickupPage.


Error: [96msrc/app/pickup/pickup.page.html[0m:[93m71[0m:[93m92[0m - [91merror[0m[90m TS2339: [0mProperty 'sender_address1' does not exist on type 'never'.

[7m71[0m                         <a class="wazebtn" target="_blank" href="https://waze.com/ul?q={{x.sender_address1}},{{x.sender_address2}},{{x.sender_city}},{{x.sender_postcode}}">   <img src="../../assets/waze.png"></a>
[7m  [0m [91m                                                                                           ~~~~~~~~~~~~~~~[0m

  [96msrc/app/pickup/pickup.page.ts[0m:[93m18[0m:[93m16[0m
    [7m18[0m   templateUrl: "./pickup.page.html",
    [7m  [0m [96m               ~~~~~~~~~~~~~~~~~~~~[0m
    Error occurs in the template of component PickupPage.


Error: [96msrc/app/pickup/pickup.page.html[0m:[93m71[0m:[93m114[0m - [91merror[0m[90m TS2339: [0mProperty 'sender_address2' does not exist on type 'never'.

[7m71[0m                         <a class="wazebtn" target="_blank" href="https://waze.com/ul?q={{x.sender_address1}},{{x.sender_address2}},{{x.sender_city}},{{x.sender_postcode}}">   <img src="../../assets/waze.png"></a>
[7m  [0m [91m                                                                                                                 ~~~~~~~~~~~~~~~[0m

  [96msrc/app/pickup/pickup.page.ts[0m:[93m18[0m:[93m16[0m
    [7m18[0m   templateUrl: "./pickup.page.html",
    [7m  [0m [96m               ~~~~~~~~~~~~~~~~~~~~[0m
    Error occurs in the template of component PickupPage.


Error: [96msrc/app/pickup/pickup.page.html[0m:[93m71[0m:[93m136[0m - [91merror[0m[90m TS2339: [0mProperty 'sender_city' does not exist on type 'never'.

[7m71[0m                         <a class="wazebtn" target="_blank" href="https://waze.com/ul?q={{x.sender_address1}},{{x.sender_address2}},{{x.sender_city}},{{x.sender_postcode}}">   <img src="../../assets/waze.png"></a>
[7m  [0m [91m                                                                                                                                       ~~~~~~~~~~~[0m

  [96msrc/app/pickup/pickup.page.ts[0m:[93m18[0m:[93m16[0m
    [7m18[0m   templateUrl: "./pickup.page.html",
    [7m  [0m [96m               ~~~~~~~~~~~~~~~~~~~~[0m
    Error occurs in the template of component PickupPage.


Error: [96msrc/app/pickup/pickup.page.html[0m:[93m71[0m:[93m154[0m - [91merror[0m[90m TS2339: [0mProperty 'sender_postcode' does not exist on type 'never'.

[7m71[0m                         <a class="wazebtn" target="_blank" href="https://waze.com/ul?q={{x.sender_address1}},{{x.sender_address2}},{{x.sender_city}},{{x.sender_postcode}}">   <img src="../../assets/waze.png"></a>
[7m  [0m [91m                                                                                                                                                         ~~~~~~~~~~~~~~~[0m

  [96msrc/app/pickup/pickup.page.ts[0m:[93m18[0m:[93m16[0m
    [7m18[0m   templateUrl: "./pickup.page.html",
    [7m  [0m [96m               ~~~~~~~~~~~~~~~~~~~~[0m
    Error occurs in the template of component PickupPage.


Error: [96msrc/app/pickup/pickup.page.html[0m:[93m74[0m:[93m104[0m - [91merror[0m[90m TS2339: [0mProperty 'sender_address1' does not exist on type 'never'.

[7m74[0m                            <a class="googlemapbtn" target="_blank" href="http://maps.google.com/?q={{x.sender_address1}},{{x.sender_address2}},{{x.sender_city}},{{x.sender_postcode}}"><img src="../../assets/google-maps.png"></a>
[7m  [0m [91m                                                                                                       ~~~~~~~~~~~~~~~[0m

  [96msrc/app/pickup/pickup.page.ts[0m:[93m18[0m:[93m16[0m
    [7m18[0m   templateUrl: "./pickup.page.html",
    [7m  [0m [96m               ~~~~~~~~~~~~~~~~~~~~[0m
    Error occurs in the template of component PickupPage.


Error: [96msrc/app/pickup/pickup.page.html[0m:[93m74[0m:[93m126[0m - [91merror[0m[90m TS2339: [0mProperty 'sender_address2' does not exist on type 'never'.

[7m74[0m                            <a class="googlemapbtn" target="_blank" href="http://maps.google.com/?q={{x.sender_address1}},{{x.sender_address2}},{{x.sender_city}},{{x.sender_postcode}}"><img src="../../assets/google-maps.png"></a>
[7m  [0m [91m                                                                                                                             ~~~~~~~~~~~~~~~[0m

  [96msrc/app/pickup/pickup.page.ts[0m:[93m18[0m:[93m16[0m
    [7m18[0m   templateUrl: "./pickup.page.html",
    [7m  [0m [96m               ~~~~~~~~~~~~~~~~~~~~[0m
    Error occurs in the template of component PickupPage.


Error: [96msrc/app/pickup/pickup.page.html[0m:[93m74[0m:[93m148[0m - [91merror[0m[90m TS2339: [0mProperty 'sender_city' does not exist on type 'never'.

[7m74[0m                            <a class="googlemapbtn" target="_blank" href="http://maps.google.com/?q={{x.sender_address1}},{{x.sender_address2}},{{x.sender_city}},{{x.sender_postcode}}"><img src="../../assets/google-maps.png"></a>
[7m  [0m [91m                                                                                                                                                   ~~~~~~~~~~~[0m

  [96msrc/app/pickup/pickup.page.ts[0m:[93m18[0m:[93m16[0m
    [7m18[0m   templateUrl: "./pickup.page.html",
    [7m  [0m [96m               ~~~~~~~~~~~~~~~~~~~~[0m
    Error occurs in the template of component PickupPage.


Error: [96msrc/app/pickup/pickup.page.html[0m:[93m74[0m:[93m166[0m - [91merror[0m[90m TS2339: [0mProperty 'sender_postcode' does not exist on type 'never'.

[7m74[0m                            <a class="googlemapbtn" target="_blank" href="http://maps.google.com/?q={{x.sender_address1}},{{x.sender_address2}},{{x.sender_city}},{{x.sender_postcode}}"><img src="../../assets/google-maps.png"></a>
[7m  [0m [91m                                                                                                                                                                     ~~~~~~~~~~~~~~~[0m

  [96msrc/app/pickup/pickup.page.ts[0m:[93m18[0m:[93m16[0m
    [7m18[0m   templateUrl: "./pickup.page.html",
    [7m  [0m [96m               ~~~~~~~~~~~~~~~~~~~~[0m
    Error occurs in the template of component PickupPage.


Error: [96msrc/app/pickup/pickup.page.html[0m:[93m77[0m:[93m112[0m - [91merror[0m[90m TS2339: [0mProperty 'sender_telephone' does not exist on type 'never'.

[7m77[0m                         <a  class="whatsappbtn" target="_blank" href="https://api.whatsapp.com/send/?phone={{x.sender_telephone}}&text=Dear+Valued+Customer%2C+RIDER+will+be+picking+up+your+shipment+within+30mins&app_absent=0"> <ion-icon name="logo-whatsapp"></ion-icon></a>
[7m  [0m [91m                                                                                                               ~~~~~~~~~~~~~~~~[0m

  [96msrc/app/pickup/pickup.page.ts[0m:[93m18[0m:[93m16[0m
    [7m18[0m   templateUrl: "./pickup.page.html",
    [7m  [0m [96m               ~~~~~~~~~~~~~~~~~~~~[0m
    Error occurs in the template of component PickupPage.


Error: [96msrc/app/pickup/pickup.page.html[0m:[93m80[0m:[93m77[0m - [91merror[0m[90m TS2339: [0mProperty 'sender_telephone' does not exist on type 'never'.

[7m80[0m                            <a target="_blank" class="callbtn" href="tel:{{x.sender_telephone}}"> <ion-icon name="call"></ion-icon></a>
[7m  [0m [91m                                                                            ~~~~~~~~~~~~~~~~[0m

  [96msrc/app/pickup/pickup.page.ts[0m:[93m18[0m:[93m16[0m
    [7m18[0m   templateUrl: "./pickup.page.html",
    [7m  [0m [96m               ~~~~~~~~~~~~~~~~~~~~[0m
    Error occurs in the template of component PickupPage.


Error: [96msrc/app/pickup-detail/pickup-detail.page.html[0m:[93m22[0m:[93m26[0m - [91merror[0m[90m TS2339: [0mProperty 'tracking_no' does not exist on type '{}'.

[7m22[0m           <p>{{riderList.tracking_no}}</p>
[7m  [0m [91m                         ~~~~~~~~~~~[0m

  [96msrc/app/pickup-detail/pickup-detail.page.ts[0m:[93m22[0m:[93m15[0m
    [7m22[0m  templateUrl: "./pickup-detail.page.html",
    [7m  [0m [96m              ~~~~~~~~~~~~~~~~~~~~~~~~~~~[0m
    Error occurs in the template of component PickupDetailPage.


Error: [96msrc/app/pickup-detail/pickup-detail.page.html[0m:[93m28[0m:[93m86[0m - [91merror[0m[90m TS2339: [0mProperty 'delivery_status_text' does not exist on type '{}'.

[7m28[0m             <ion-col size="7" style="padding-bottom:0;"><h3 class="desc">{{riderList.delivery_status_text}}</h3></ion-col>
[7m  [0m [91m                                                                                     ~~~~~~~~~~~~~~~~~~~~[0m

  [96msrc/app/pickup-detail/pickup-detail.page.ts[0m:[93m22[0m:[93m15[0m
    [7m22[0m  templateUrl: "./pickup-detail.page.html",
    [7m  [0m [96m              ~~~~~~~~~~~~~~~~~~~~~~~~~~~[0m
    Error occurs in the template of component PickupDetailPage.


Error: [96msrc/app/pickup-detail/pickup-detail.page.html[0m:[93m32[0m:[93m86[0m - [91merror[0m[90m TS2339: [0mProperty 'service_type' does not exist on type '{}'.

[7m32[0m             <ion-col size="7" style="padding-bottom:0;"><h3 class="desc">{{riderList.service_type}}</h3></ion-col>
[7m  [0m [91m                                                                                     ~~~~~~~~~~~~[0m

  [96msrc/app/pickup-detail/pickup-detail.page.ts[0m:[93m22[0m:[93m15[0m
    [7m22[0m  templateUrl: "./pickup-detail.page.html",
    [7m  [0m [96m              ~~~~~~~~~~~~~~~~~~~~~~~~~~~[0m
    Error occurs in the template of component PickupDetailPage.


Error: [96msrc/app/pickup-detail/pickup-detail.page.html[0m:[93m44[0m:[93m84[0m - [91merror[0m[90m TS2339: [0mProperty 'customer_name' does not exist on type '{}'.

[7m44[0m           <ion-col size="7" style="padding-bottom:0;"><h3 class="desc">{{riderList.customer_name}}</h3></ion-col>
[7m  [0m [91m                                                                                   ~~~~~~~~~~~~~[0m

  [96msrc/app/pickup-detail/pickup-detail.page.ts[0m:[93m22[0m:[93m15[0m
    [7m22[0m  templateUrl: "./pickup-detail.page.html",
    [7m  [0m [96m              ~~~~~~~~~~~~~~~~~~~~~~~~~~~[0m
    Error occurs in the template of component PickupDetailPage.


Error: [96msrc/app/pickup-detail/pickup-detail.page.html[0m:[93m46[0m:[93m66[0m - [91merror[0m[90m TS2339: [0mProperty 'shipping_remark' does not exist on type '{}'.

[7m46[0m         <ion-row class="ion-align-items-center" *ngIf="riderList.shipping_remark && riderList.shipping_remark!='null'">
[7m  [0m [91m                                                                 ~~~~~~~~~~~~~~~[0m

  [96msrc/app/pickup-detail/pickup-detail.page.ts[0m:[93m22[0m:[93m15[0m
    [7m22[0m  templateUrl: "./pickup-detail.page.html",
    [7m  [0m [96m              ~~~~~~~~~~~~~~~~~~~~~~~~~~~[0m
    Error occurs in the template of component PickupDetailPage.


Error: [96msrc/app/pickup-detail/pickup-detail.page.html[0m:[93m46[0m:[93m95[0m - [91merror[0m[90m TS2339: [0mProperty 'shipping_remark' does not exist on type '{}'.

[7m46[0m         <ion-row class="ion-align-items-center" *ngIf="riderList.shipping_remark && riderList.shipping_remark!='null'">
[7m  [0m [91m                                                                                              ~~~~~~~~~~~~~~~[0m

  [96msrc/app/pickup-detail/pickup-detail.page.ts[0m:[93m22[0m:[93m15[0m
    [7m22[0m  templateUrl: "./pickup-detail.page.html",
    [7m  [0m [96m              ~~~~~~~~~~~~~~~~~~~~~~~~~~~[0m
    Error occurs in the template of component PickupDetailPage.


Error: [96msrc/app/pickup-detail/pickup-detail.page.html[0m:[93m48[0m:[93m84[0m - [91merror[0m[90m TS2339: [0mProperty 'shipping_remark' does not exist on type '{}'.

[7m48[0m           <ion-col size="7" style="padding-bottom:0;"><h3 class="desc">{{riderList.shipping_remark?riderList.shipping_remark:'-'}}</h3></ion-col>
[7m  [0m [91m                                                                                   ~~~~~~~~~~~~~~~[0m

  [96msrc/app/pickup-detail/pickup-detail.page.ts[0m:[93m22[0m:[93m15[0m
    [7m22[0m  templateUrl: "./pickup-detail.page.html",
    [7m  [0m [96m              ~~~~~~~~~~~~~~~~~~~~~~~~~~~[0m
    Error occurs in the template of component PickupDetailPage.


Error: [96msrc/app/pickup-detail/pickup-detail.page.html[0m:[93m48[0m:[93m110[0m - [91merror[0m[90m TS2339: [0mProperty 'shipping_remark' does not exist on type '{}'.

[7m48[0m           <ion-col size="7" style="padding-bottom:0;"><h3 class="desc">{{riderList.shipping_remark?riderList.shipping_remark:'-'}}</h3></ion-col>
[7m  [0m [91m                                                                                                             ~~~~~~~~~~~~~~~[0m

  [96msrc/app/pickup-detail/pickup-detail.page.ts[0m:[93m22[0m:[93m15[0m
    [7m22[0m  templateUrl: "./pickup-detail.page.html",
    [7m  [0m [96m              ~~~~~~~~~~~~~~~~~~~~~~~~~~~[0m
    Error occurs in the template of component PickupDetailPage.


Error: [96msrc/app/pickup-detail/pickup-detail.page.html[0m:[93m50[0m:[93m66[0m - [91merror[0m[90m TS2339: [0mProperty 'service_transport' does not exist on type '{}'.

[7m50[0m         <ion-row class="ion-align-items-center" *ngIf="riderList.service_transport && riderList.service_transport!='null'">
[7m  [0m [91m                                                                 ~~~~~~~~~~~~~~~~~[0m

  [96msrc/app/pickup-detail/pickup-detail.page.ts[0m:[93m22[0m:[93m15[0m
    [7m22[0m  templateUrl: "./pickup-detail.page.html",
    [7m  [0m [96m              ~~~~~~~~~~~~~~~~~~~~~~~~~~~[0m
    Error occurs in the template of component PickupDetailPage.


Error: [96msrc/app/pickup-detail/pickup-detail.page.html[0m:[93m50[0m:[93m97[0m - [91merror[0m[90m TS2339: [0mProperty 'service_transport' does not exist on type '{}'.

[7m50[0m         <ion-row class="ion-align-items-center" *ngIf="riderList.service_transport && riderList.service_transport!='null'">
[7m  [0m [91m                                                                                                ~~~~~~~~~~~~~~~~~[0m

  [96msrc/app/pickup-detail/pickup-detail.page.ts[0m:[93m22[0m:[93m15[0m
    [7m22[0m  templateUrl: "./pickup-detail.page.html",
    [7m  [0m [96m              ~~~~~~~~~~~~~~~~~~~~~~~~~~~[0m
    Error occurs in the template of component PickupDetailPage.


Error: [96msrc/app/pickup-detail/pickup-detail.page.html[0m:[93m52[0m:[93m84[0m - [91merror[0m[90m TS2339: [0mProperty 'service_transport' does not exist on type '{}'.

[7m52[0m           <ion-col size="7" style="padding-bottom:0;"><h3 class="desc">{{riderList.service_transport}}</h3></ion-col>
[7m  [0m [91m                                                                                   ~~~~~~~~~~~~~~~~~[0m

  [96msrc/app/pickup-detail/pickup-detail.page.ts[0m:[93m22[0m:[93m15[0m
    [7m22[0m  templateUrl: "./pickup-detail.page.html",
    [7m  [0m [96m              ~~~~~~~~~~~~~~~~~~~~~~~~~~~[0m
    Error occurs in the template of component PickupDetailPage.


Error: [96msrc/app/pickup-detail/pickup-detail.page.html[0m:[93m59[0m:[93m66[0m - [91merror[0m[90m TS2339: [0mProperty 'unit_qty' does not exist on type '{}'.

[7m59[0m         <ion-row class="ion-align-items-center" *ngIf="riderList.unit_qty && riderList.unit_qty!='null'">
[7m  [0m [91m                                                                 ~~~~~~~~[0m

  [96msrc/app/pickup-detail/pickup-detail.page.ts[0m:[93m22[0m:[93m15[0m
    [7m22[0m  templateUrl: "./pickup-detail.page.html",
    [7m  [0m [96m              ~~~~~~~~~~~~~~~~~~~~~~~~~~~[0m
    Error occurs in the template of component PickupDetailPage.


Error: [96msrc/app/pickup-detail/pickup-detail.page.html[0m:[93m59[0m:[93m88[0m - [91merror[0m[90m TS2339: [0mProperty 'unit_qty' does not exist on type '{}'.

[7m59[0m         <ion-row class="ion-align-items-center" *ngIf="riderList.unit_qty && riderList.unit_qty!='null'">
[7m  [0m [91m                                                                                       ~~~~~~~~[0m

  [96msrc/app/pickup-detail/pickup-detail.page.ts[0m:[93m22[0m:[93m15[0m
    [7m22[0m  templateUrl: "./pickup-detail.page.html",
    [7m  [0m [96m              ~~~~~~~~~~~~~~~~~~~~~~~~~~~[0m
    Error occurs in the template of component PickupDetailPage.


Error: [96msrc/app/pickup-detail/pickup-detail.page.html[0m:[93m61[0m:[93m84[0m - [91merror[0m[90m TS2339: [0mProperty 'unit_qty' does not exist on type '{}'.

[7m61[0m           <ion-col size="7" style="padding-bottom:0;"><h3 class="desc">{{riderList.unit_qty}} Carton</h3></ion-col>
[7m  [0m [91m                                                                                   ~~~~~~~~[0m

  [96msrc/app/pickup-detail/pickup-detail.page.ts[0m:[93m22[0m:[93m15[0m
    [7m22[0m  templateUrl: "./pickup-detail.page.html",
    [7m  [0m [96m              ~~~~~~~~~~~~~~~~~~~~~~~~~~~[0m
    Error occurs in the template of component PickupDetailPage.


Error: [96msrc/app/pickup-detail/pickup-detail.page.html[0m:[93m63[0m:[93m66[0m - [91merror[0m[90m TS2339: [0mProperty 'service_UOM' does not exist on type '{}'.

[7m63[0m         <ion-row class="ion-align-items-center" *ngIf="riderList.service_UOM && riderList.service_UOM!='null'">
[7m  [0m [91m                                                                 ~~~~~~~~~~~[0m

  [96msrc/app/pickup-detail/pickup-detail.page.ts[0m:[93m22[0m:[93m15[0m
    [7m22[0m  templateUrl: "./pickup-detail.page.html",
    [7m  [0m [96m              ~~~~~~~~~~~~~~~~~~~~~~~~~~~[0m
    Error occurs in the template of component PickupDetailPage.


Error: [96msrc/app/pickup-detail/pickup-detail.page.html[0m:[93m63[0m:[93m91[0m - [91merror[0m[90m TS2339: [0mProperty 'service_UOM' does not exist on type '{}'.

[7m63[0m         <ion-row class="ion-align-items-center" *ngIf="riderList.service_UOM && riderList.service_UOM!='null'">
[7m  [0m [91m                                                                                          ~~~~~~~~~~~[0m

  [96msrc/app/pickup-detail/pickup-detail.page.ts[0m:[93m22[0m:[93m15[0m
    [7m22[0m  templateUrl: "./pickup-detail.page.html",
    [7m  [0m [96m              ~~~~~~~~~~~~~~~~~~~~~~~~~~~[0m
    Error occurs in the template of component PickupDetailPage.


Error: [96msrc/app/pickup-detail/pickup-detail.page.html[0m:[93m65[0m:[93m84[0m - [91merror[0m[90m TS2339: [0mProperty 'service_UOM' does not exist on type '{}'.

[7m65[0m           <ion-col size="7" style="padding-bottom:0;"><h3 class="desc">{{riderList.service_UOM}}</h3></ion-col>
[7m  [0m [91m                                                                                   ~~~~~~~~~~~[0m

  [96msrc/app/pickup-detail/pickup-detail.page.ts[0m:[93m22[0m:[93m15[0m
    [7m22[0m  templateUrl: "./pickup-detail.page.html",
    [7m  [0m [96m              ~~~~~~~~~~~~~~~~~~~~~~~~~~~[0m
    Error occurs in the template of component PickupDetailPage.


Error: [96msrc/app/pickup-detail/pickup-detail.page.html[0m:[93m67[0m:[93m66[0m - [91merror[0m[90m TS2339: [0mProperty 'weight' does not exist on type '{}'.

[7m67[0m         <ion-row class="ion-align-items-center" *ngIf="riderList.weight && riderList.weight!='null'">
[7m  [0m [91m                                                                 ~~~~~~[0m

  [96msrc/app/pickup-detail/pickup-detail.page.ts[0m:[93m22[0m:[93m15[0m
    [7m22[0m  templateUrl: "./pickup-detail.page.html",
    [7m  [0m [96m              ~~~~~~~~~~~~~~~~~~~~~~~~~~~[0m
    Error occurs in the template of component PickupDetailPage.


Error: [96msrc/app/pickup-detail/pickup-detail.page.html[0m:[93m67[0m:[93m86[0m - [91merror[0m[90m TS2339: [0mProperty 'weight' does not exist on type '{}'.

[7m67[0m         <ion-row class="ion-align-items-center" *ngIf="riderList.weight && riderList.weight!='null'">
[7m  [0m [91m                                                                                     ~~~~~~[0m

  [96msrc/app/pickup-detail/pickup-detail.page.ts[0m:[93m22[0m:[93m15[0m
    [7m22[0m  templateUrl: "./pickup-detail.page.html",
    [7m  [0m [96m              ~~~~~~~~~~~~~~~~~~~~~~~~~~~[0m
    Error occurs in the template of component PickupDetailPage.


Error: [96msrc/app/pickup-detail/pickup-detail.page.html[0m:[93m69[0m:[93m84[0m - [91merror[0m[90m TS2339: [0mProperty 'weight' does not exist on type '{}'.

[7m69[0m           <ion-col size="7" style="padding-bottom:0;"><h3 class="desc">{{riderList.weight}}</h3></ion-col>
[7m  [0m [91m                                                                                   ~~~~~~[0m

  [96msrc/app/pickup-detail/pickup-detail.page.ts[0m:[93m22[0m:[93m15[0m
    [7m22[0m  templateUrl: "./pickup-detail.page.html",
    [7m  [0m [96m              ~~~~~~~~~~~~~~~~~~~~~~~~~~~[0m
    Error occurs in the template of component PickupDetailPage.


Error: [96msrc/app/pickup-detail/pickup-detail.page.html[0m:[93m89[0m:[93m86[0m - [91merror[0m[90m TS2339: [0mProperty 'sender_name' does not exist on type '{}'.

[7m89[0m             <ion-col size="7" style="padding-bottom:0;"><h3 class="desc">{{riderList.sender_name?riderList.sender_name:'-'}}</h3></ion-col>
[7m  [0m [91m                                                                                     ~~~~~~~~~~~[0m

  [96msrc/app/pickup-detail/pickup-detail.page.ts[0m:[93m22[0m:[93m15[0m
    [7m22[0m  templateUrl: "./pickup-detail.page.html",
    [7m  [0m [96m              ~~~~~~~~~~~~~~~~~~~~~~~~~~~[0m
    Error occurs in the template of component PickupDetailPage.


Error: [96msrc/app/pickup-detail/pickup-detail.page.html[0m:[93m89[0m:[93m108[0m - [91merror[0m[90m TS2339: [0mProperty 'sender_name' does not exist on type '{}'.

[7m89[0m             <ion-col size="7" style="padding-bottom:0;"><h3 class="desc">{{riderList.sender_name?riderList.sender_name:'-'}}</h3></ion-col>
[7m  [0m [91m                                                                                                           ~~~~~~~~~~~[0m

  [96msrc/app/pickup-detail/pickup-detail.page.ts[0m:[93m22[0m:[93m15[0m
    [7m22[0m  templateUrl: "./pickup-detail.page.html",
    [7m  [0m [96m              ~~~~~~~~~~~~~~~~~~~~~~~~~~~[0m
    Error occurs in the template of component PickupDetailPage.


Error: [96msrc/app/pickup-detail/pickup-detail.page.html[0m:[93m93[0m:[93m86[0m - [91merror[0m[90m TS2339: [0mProperty 'sender_email' does not exist on type '{}'.

[7m93[0m             <ion-col size="7" style="padding-bottom:0;"><h3 class="desc">{{riderList.sender_email?riderList.sender_email:'-'}}</h3></ion-col>
[7m  [0m [91m                                                                                     ~~~~~~~~~~~~[0m

  [96msrc/app/pickup-detail/pickup-detail.page.ts[0m:[93m22[0m:[93m15[0m
    [7m22[0m  templateUrl: "./pickup-detail.page.html",
    [7m  [0m [96m              ~~~~~~~~~~~~~~~~~~~~~~~~~~~[0m
    Error occurs in the template of component PickupDetailPage.


Error: [96msrc/app/pickup-detail/pickup-detail.page.html[0m:[93m93[0m:[93m109[0m - [91merror[0m[90m TS2339: [0mProperty 'sender_email' does not exist on type '{}'.

[7m93[0m             <ion-col size="7" style="padding-bottom:0;"><h3 class="desc">{{riderList.sender_email?riderList.sender_email:'-'}}</h3></ion-col>
[7m  [0m [91m                                                                                                            ~~~~~~~~~~~~[0m

  [96msrc/app/pickup-detail/pickup-detail.page.ts[0m:[93m22[0m:[93m15[0m
    [7m22[0m  templateUrl: "./pickup-detail.page.html",
    [7m  [0m [96m              ~~~~~~~~~~~~~~~~~~~~~~~~~~~[0m
    Error occurs in the template of component PickupDetailPage.


Error: [96msrc/app/pickup-detail/pickup-detail.page.html[0m:[93m97[0m:[93m101[0m - [91merror[0m[90m TS2339: [0mProperty 'sender_dial_code' does not exist on type '{}'.

[7m97[0m             <ion-col size="7" style="padding-bottom:0;"><h3 class="desc"><a href="tel://{{riderList.sender_dial_code?riderList.sender_dial_code:''}}{{riderList.sender_mobile?riderList.sender_mobile:'-'}}">{{riderList.sender_dial_code?riderList.sender_dial_code:''}}{{riderList.sender_mobile?riderList.sender_mobile:'-'}}</a></h3></ion-col>
[7m  [0m [91m                                                                                                    ~~~~~~~~~~~~~~~~[0m

  [96msrc/app/pickup-detail/pickup-detail.page.ts[0m:[93m22[0m:[93m15[0m
    [7m22[0m  templateUrl: "./pickup-detail.page.html",
    [7m  [0m [96m              ~~~~~~~~~~~~~~~~~~~~~~~~~~~[0m
    Error occurs in the template of component PickupDetailPage.


Error: [96msrc/app/pickup-detail/pickup-detail.page.html[0m:[93m97[0m:[93m128[0m - [91merror[0m[90m TS2339: [0mProperty 'sender_dial_code' does not exist on type '{}'.

[7m97[0m             <ion-col size="7" style="padding-bottom:0;"><h3 class="desc"><a href="tel://{{riderList.sender_dial_code?riderList.sender_dial_code:''}}{{riderList.sender_mobile?riderList.sender_mobile:'-'}}">{{riderList.sender_dial_code?riderList.sender_dial_code:''}}{{riderList.sender_mobile?riderList.sender_mobile:'-'}}</a></h3></ion-col>
[7m  [0m [91m                                                                                                                               ~~~~~~~~~~~~~~~~[0m

  [96msrc/app/pickup-detail/pickup-detail.page.ts[0m:[93m22[0m:[93m15[0m
    [7m22[0m  templateUrl: "./pickup-detail.page.html",
    [7m  [0m [96m              ~~~~~~~~~~~~~~~~~~~~~~~~~~~[0m
    Error occurs in the template of component PickupDetailPage.


Error: [96msrc/app/pickup-detail/pickup-detail.page.html[0m:[93m97[0m:[93m161[0m - [91merror[0m[90m TS2339: [0mProperty 'sender_mobile' does not exist on type '{}'.

[7m97[0m             <ion-col size="7" style="padding-bottom:0;"><h3 class="desc"><a href="tel://{{riderList.sender_dial_code?riderList.sender_dial_code:''}}{{riderList.sender_mobile?riderList.sender_mobile:'-'}}">{{riderList.sender_dial_code?riderList.sender_dial_code:''}}{{riderList.sender_mobile?riderList.sender_mobile:'-'}}</a></h3></ion-col>
[7m  [0m [91m                                                                                                                                                                ~~~~~~~~~~~~~[0m

  [96msrc/app/pickup-detail/pickup-detail.page.ts[0m:[93m22[0m:[93m15[0m
    [7m22[0m  templateUrl: "./pickup-detail.page.html",
    [7m  [0m [96m              ~~~~~~~~~~~~~~~~~~~~~~~~~~~[0m
    Error occurs in the template of component PickupDetailPage.


Error: [96msrc/app/pickup-detail/pickup-detail.page.html[0m:[93m97[0m:[93m185[0m - [91merror[0m[90m TS2339: [0mProperty 'sender_mobile' does not exist on type '{}'.

[7m97[0m             <ion-col size="7" style="padding-bottom:0;"><h3 class="desc"><a href="tel://{{riderList.sender_dial_code?riderList.sender_dial_code:''}}{{riderList.sender_mobile?riderList.sender_mobile:'-'}}">{{riderList.sender_dial_code?riderList.sender_dial_code:''}}{{riderList.sender_mobile?riderList.sender_mobile:'-'}}</a></h3></ion-col>
[7m  [0m [91m                                                                                                                                                                                        ~~~~~~~~~~~~~[0m

  [96msrc/app/pickup-detail/pickup-detail.page.ts[0m:[93m22[0m:[93m15[0m
    [7m22[0m  templateUrl: "./pickup-detail.page.html",
    [7m  [0m [96m              ~~~~~~~~~~~~~~~~~~~~~~~~~~~[0m
    Error occurs in the template of component PickupDetailPage.


Error: [96msrc/app/pickup-detail/pickup-detail.page.html[0m:[93m97[0m:[93m218[0m - [91merror[0m[90m TS2339: [0mProperty 'sender_dial_code' does not exist on type '{}'.

[7m97[0m             <ion-col size="7" style="padding-bottom:0;"><h3 class="desc"><a href="tel://{{riderList.sender_dial_code?riderList.sender_dial_code:''}}{{riderList.sender_mobile?riderList.sender_mobile:'-'}}">{{riderList.sender_dial_code?riderList.sender_dial_code:''}}{{riderList.sender_mobile?riderList.sender_mobile:'-'}}</a></h3></ion-col>
[7m  [0m [91m                                                                                                                                                                                                                         ~~~~~~~~~~~~~~~~[0m

  [96msrc/app/pickup-detail/pickup-detail.page.ts[0m:[93m22[0m:[93m15[0m
    [7m22[0m  templateUrl: "./pickup-detail.page.html",
    [7m  [0m [96m              ~~~~~~~~~~~~~~~~~~~~~~~~~~~[0m
    Error occurs in the template of component PickupDetailPage.


Error: [96msrc/app/pickup-detail/pickup-detail.page.html[0m:[93m97[0m:[93m245[0m - [91merror[0m[90m TS2339: [0mProperty 'sender_dial_code' does not exist on type '{}'.

[7m97[0m             <ion-col size="7" style="padding-bottom:0;"><h3 class="desc"><a href="tel://{{riderList.sender_dial_code?riderList.sender_dial_code:''}}{{riderList.sender_mobile?riderList.sender_mobile:'-'}}">{{riderList.sender_dial_code?riderList.sender_dial_code:''}}{{riderList.sender_mobile?riderList.sender_mobile:'-'}}</a></h3></ion-col>
[7m  [0m [91m                                                                                                                                                                                                                                                    ~~~~~~~~~~~~~~~~[0m

  [96msrc/app/pickup-detail/pickup-detail.page.ts[0m:[93m22[0m:[93m15[0m
    [7m22[0m  templateUrl: "./pickup-detail.page.html",
    [7m  [0m [96m              ~~~~~~~~~~~~~~~~~~~~~~~~~~~[0m
    Error occurs in the template of component PickupDetailPage.


Error: [96msrc/app/pickup-detail/pickup-detail.page.html[0m:[93m97[0m:[93m278[0m - [91merror[0m[90m TS2339: [0mProperty 'sender_mobile' does not exist on type '{}'.

[7m97[0m             <ion-col size="7" style="padding-bottom:0;"><h3 class="desc"><a href="tel://{{riderList.sender_dial_code?riderList.sender_dial_code:''}}{{riderList.sender_mobile?riderList.sender_mobile:'-'}}">{{riderList.sender_dial_code?riderList.sender_dial_code:''}}{{riderList.sender_mobile?riderList.sender_mobile:'-'}}</a></h3></ion-col>
[7m  [0m [91m                                                                                                                                                                                                                                                                                     ~~~~~~~~~~~~~[0m

  [96msrc/app/pickup-detail/pickup-detail.page.ts[0m:[93m22[0m:[93m15[0m
    [7m22[0m  templateUrl: "./pickup-detail.page.html",
    [7m  [0m [96m              ~~~~~~~~~~~~~~~~~~~~~~~~~~~[0m
    Error occurs in the template of component PickupDetailPage.


Error: [96msrc/app/pickup-detail/pickup-detail.page.html[0m:[93m97[0m:[93m302[0m - [91merror[0m[90m TS2339: [0mProperty 'sender_mobile' does not exist on type '{}'.

[7m97[0m             <ion-col size="7" style="padding-bottom:0;"><h3 class="desc"><a href="tel://{{riderList.sender_dial_code?riderList.sender_dial_code:''}}{{riderList.sender_mobile?riderList.sender_mobile:'-'}}">{{riderList.sender_dial_code?riderList.sender_dial_code:''}}{{riderList.sender_mobile?riderList.sender_mobile:'-'}}</a></h3></ion-col>
[7m  [0m [91m                                                                                                                                                                                                                                                                                                             ~~~~~~~~~~~~~[0m

  [96msrc/app/pickup-detail/pickup-detail.page.ts[0m:[93m22[0m:[93m15[0m
    [7m22[0m  templateUrl: "./pickup-detail.page.html",
    [7m  [0m [96m              ~~~~~~~~~~~~~~~~~~~~~~~~~~~[0m
    Error occurs in the template of component PickupDetailPage.


Error: [96msrc/app/pickup-detail/pickup-detail.page.html[0m:[93m101[0m:[93m136[0m - [91merror[0m[90m TS2339: [0mProperty 'sender_address1' does not exist on type '{}'.

[7m101[0m           <ion-col size="7" style="padding-bottom:0;"><h3 class="desc"><a target="_blank" href="https://maps.google.com/?q={{riderList.sender_address1}}+{{riderList.sender_address2}}+{{riderList.sender_postcode}}+ {{riderList.sender_city}}+ {{riderList.sender_state}} +{{riderList.sender_country}}">{{riderList.sender_address1}}{{riderList.sender_address2}} {{riderList.sender_postcode}} {{riderList.sender_city}} {{riderList.sender_state}} {{riderList.sender_country}}</a></h3></ion-col>
[7m   [0m [91m                                                                                                                                       ~~~~~~~~~~~~~~~[0m

  [96msrc/app/pickup-detail/pickup-detail.page.ts[0m:[93m22[0m:[93m15[0m
    [7m22[0m  templateUrl: "./pickup-detail.page.html",
    [7m  [0m [96m              ~~~~~~~~~~~~~~~~~~~~~~~~~~~[0m
    Error occurs in the template of component PickupDetailPage.


Error: [96msrc/app/pickup-detail/pickup-detail.page.html[0m:[93m101[0m:[93m166[0m - [91merror[0m[90m TS2339: [0mProperty 'sender_address2' does not exist on type '{}'.

[7m101[0m           <ion-col size="7" style="padding-bottom:0;"><h3 class="desc"><a target="_blank" href="https://maps.google.com/?q={{riderList.sender_address1}}+{{riderList.sender_address2}}+{{riderList.sender_postcode}}+ {{riderList.sender_city}}+ {{riderList.sender_state}} +{{riderList.sender_country}}">{{riderList.sender_address1}}{{riderList.sender_address2}} {{riderList.sender_postcode}} {{riderList.sender_city}} {{riderList.sender_state}} {{riderList.sender_country}}</a></h3></ion-col>
[7m   [0m [91m                                                                                                                                                                     ~~~~~~~~~~~~~~~[0m

  [96msrc/app/pickup-detail/pickup-detail.page.ts[0m:[93m22[0m:[93m15[0m
    [7m22[0m  templateUrl: "./pickup-detail.page.html",
    [7m  [0m [96m              ~~~~~~~~~~~~~~~~~~~~~~~~~~~[0m
    Error occurs in the template of component PickupDetailPage.


Error: [96msrc/app/pickup-detail/pickup-detail.page.html[0m:[93m101[0m:[93m196[0m - [91merror[0m[90m TS2339: [0mProperty 'sender_postcode' does not exist on type '{}'.

[7m101[0m           <ion-col size="7" style="padding-bottom:0;"><h3 class="desc"><a target="_blank" href="https://maps.google.com/?q={{riderList.sender_address1}}+{{riderList.sender_address2}}+{{riderList.sender_postcode}}+ {{riderList.sender_city}}+ {{riderList.sender_state}} +{{riderList.sender_country}}">{{riderList.sender_address1}}{{riderList.sender_address2}} {{riderList.sender_postcode}} {{riderList.sender_city}} {{riderList.sender_state}} {{riderList.sender_country}}</a></h3></ion-col>
[7m   [0m [91m                                                                                                                                                                                                   ~~~~~~~~~~~~~~~[0m

  [96msrc/app/pickup-detail/pickup-detail.page.ts[0m:[93m22[0m:[93m15[0m
    [7m22[0m  templateUrl: "./pickup-detail.page.html",
    [7m  [0m [96m              ~~~~~~~~~~~~~~~~~~~~~~~~~~~[0m
    Error occurs in the template of component PickupDetailPage.


Error: [96msrc/app/pickup-detail/pickup-detail.page.html[0m:[93m101[0m:[93m227[0m - [91merror[0m[90m TS2339: [0mProperty 'sender_city' does not exist on type '{}'.

[7m101[0m           <ion-col size="7" style="padding-bottom:0;"><h3 class="desc"><a target="_blank" href="https://maps.google.com/?q={{riderList.sender_address1}}+{{riderList.sender_address2}}+{{riderList.sender_postcode}}+ {{riderList.sender_city}}+ {{riderList.sender_state}} +{{riderList.sender_country}}">{{riderList.sender_address1}}{{riderList.sender_address2}} {{riderList.sender_postcode}} {{riderList.sender_city}} {{riderList.sender_state}} {{riderList.sender_country}}</a></h3></ion-col>
[7m   [0m [91m                                                                                                                                                                                                                                  ~~~~~~~~~~~[0m

  [96msrc/app/pickup-detail/pickup-detail.page.ts[0m:[93m22[0m:[93m15[0m
    [7m22[0m  templateUrl: "./pickup-detail.page.html",
    [7m  [0m [96m              ~~~~~~~~~~~~~~~~~~~~~~~~~~~[0m
    Error occurs in the template of component PickupDetailPage.


Error: [96msrc/app/pickup-detail/pickup-detail.page.html[0m:[93m101[0m:[93m254[0m - [91merror[0m[90m TS2339: [0mProperty 'sender_state' does not exist on type '{}'.

[7m101[0m           <ion-col size="7" style="padding-bottom:0;"><h3 class="desc"><a target="_blank" href="https://maps.google.com/?q={{riderList.sender_address1}}+{{riderList.sender_address2}}+{{riderList.sender_postcode}}+ {{riderList.sender_city}}+ {{riderList.sender_state}} +{{riderList.sender_country}}">{{riderList.sender_address1}}{{riderList.sender_address2}} {{riderList.sender_postcode}} {{riderList.sender_city}} {{riderList.sender_state}} {{riderList.sender_country}}</a></h3></ion-col>
[7m   [0m [91m                                                                                                                                                                                                                                                             ~~~~~~~~~~~~[0m

  [96msrc/app/pickup-detail/pickup-detail.page.ts[0m:[93m22[0m:[93m15[0m
    [7m22[0m  templateUrl: "./pickup-detail.page.html",
    [7m  [0m [96m              ~~~~~~~~~~~~~~~~~~~~~~~~~~~[0m
    Error occurs in the template of component PickupDetailPage.


Error: [96msrc/app/pickup-detail/pickup-detail.page.html[0m:[93m101[0m:[93m282[0m - [91merror[0m[90m TS2339: [0mProperty 'sender_country' does not exist on type '{}'.

[7m101[0m           <ion-col size="7" style="padding-bottom:0;"><h3 class="desc"><a target="_blank" href="https://maps.google.com/?q={{riderList.sender_address1}}+{{riderList.sender_address2}}+{{riderList.sender_postcode}}+ {{riderList.sender_city}}+ {{riderList.sender_state}} +{{riderList.sender_country}}">{{riderList.sender_address1}}{{riderList.sender_address2}} {{riderList.sender_postcode}} {{riderList.sender_city}} {{riderList.sender_state}} {{riderList.sender_country}}</a></h3></ion-col>
[7m   [0m [91m                                                                                                                                                                                                                                                                                         ~~~~~~~~~~~~~~[0m

  [96msrc/app/pickup-detail/pickup-detail.page.ts[0m:[93m22[0m:[93m15[0m
    [7m22[0m  templateUrl: "./pickup-detail.page.html",
    [7m  [0m [96m              ~~~~~~~~~~~~~~~~~~~~~~~~~~~[0m
    Error occurs in the template of component PickupDetailPage.


Error: [96msrc/app/pickup-detail/pickup-detail.page.html[0m:[93m101[0m:[93m312[0m - [91merror[0m[90m TS2339: [0mProperty 'sender_address1' does not exist on type '{}'.

[7m101[0m           <ion-col size="7" style="padding-bottom:0;"><h3 class="desc"><a target="_blank" href="https://maps.google.com/?q={{riderList.sender_address1}}+{{riderList.sender_address2}}+{{riderList.sender_postcode}}+ {{riderList.sender_city}}+ {{riderList.sender_state}} +{{riderList.sender_country}}">{{riderList.sender_address1}}{{riderList.sender_address2}} {{riderList.sender_postcode}} {{riderList.sender_city}} {{riderList.sender_state}} {{riderList.sender_country}}</a></h3></ion-col>
[7m   [0m [91m                                                                                                                                                                                                                                                                                                                       ~~~~~~~~~~~~~~~[0m

  [96msrc/app/pickup-detail/pickup-detail.page.ts[0m:[93m22[0m:[93m15[0m
    [7m22[0m  templateUrl: "./pickup-detail.page.html",
    [7m  [0m [96m              ~~~~~~~~~~~~~~~~~~~~~~~~~~~[0m
    Error occurs in the template of component PickupDetailPage.


Error: [96msrc/app/pickup-detail/pickup-detail.page.html[0m:[93m101[0m:[93m341[0m - [91merror[0m[90m TS2339: [0mProperty 'sender_address2' does not exist on type '{}'.

[7m101[0m           <ion-col size="7" style="padding-bottom:0;"><h3 class="desc"><a target="_blank" href="https://maps.google.com/?q={{riderList.sender_address1}}+{{riderList.sender_address2}}+{{riderList.sender_postcode}}+ {{riderList.sender_city}}+ {{riderList.sender_state}} +{{riderList.sender_country}}">{{riderList.sender_address1}}{{riderList.sender_address2}} {{riderList.sender_postcode}} {{riderList.sender_city}} {{riderList.sender_state}} {{riderList.sender_country}}</a></h3></ion-col>
[7m   [0m [91m                                                                                                                                                                                                                                                                                                                                                    ~~~~~~~~~~~~~~~[0m

  [96msrc/app/pickup-detail/pickup-detail.page.ts[0m:[93m22[0m:[93m15[0m
    [7m22[0m  templateUrl: "./pickup-detail.page.html",
    [7m  [0m [96m              ~~~~~~~~~~~~~~~~~~~~~~~~~~~[0m
    Error occurs in the template of component PickupDetailPage.


Error: [96msrc/app/pickup-detail/pickup-detail.page.html[0m:[93m101[0m:[93m371[0m - [91merror[0m[90m TS2339: [0mProperty 'sender_postcode' does not exist on type '{}'.

[7m101[0m           <ion-col size="7" style="padding-bottom:0;"><h3 class="desc"><a target="_blank" href="https://maps.google.com/?q={{riderList.sender_address1}}+{{riderList.sender_address2}}+{{riderList.sender_postcode}}+ {{riderList.sender_city}}+ {{riderList.sender_state}} +{{riderList.sender_country}}">{{riderList.sender_address1}}{{riderList.sender_address2}} {{riderList.sender_postcode}} {{riderList.sender_city}} {{riderList.sender_state}} {{riderList.sender_country}}</a></h3></ion-col>
[7m   [0m [91m                                                                                                                                                                                                                                                                                                                                                                                  ~~~~~~~~~~~~~~~[0m

  [96msrc/app/pickup-detail/pickup-detail.page.ts[0m:[93m22[0m:[93m15[0m
    [7m22[0m  templateUrl: "./pickup-detail.page.html",
    [7m  [0m [96m              ~~~~~~~~~~~~~~~~~~~~~~~~~~~[0m
    Error occurs in the template of component PickupDetailPage.


Error: [96msrc/app/pickup-detail/pickup-detail.page.html[0m:[93m101[0m:[93m401[0m - [91merror[0m[90m TS2339: [0mProperty 'sender_city' does not exist on type '{}'.

[7m101[0m           <ion-col size="7" style="padding-bottom:0;"><h3 class="desc"><a target="_blank" href="https://maps.google.com/?q={{riderList.sender_address1}}+{{riderList.sender_address2}}+{{riderList.sender_postcode}}+ {{riderList.sender_city}}+ {{riderList.sender_state}} +{{riderList.sender_country}}">{{riderList.sender_address1}}{{riderList.sender_address2}} {{riderList.sender_postcode}} {{riderList.sender_city}} {{riderList.sender_state}} {{riderList.sender_country}}</a></h3></ion-col>
[7m   [0m [91m                                                                                                                                                                                                                                                                                                                                                                                                                ~~~~~~~~~~~[0m

  [96msrc/app/pickup-detail/pickup-detail.page.ts[0m:[93m22[0m:[93m15[0m
    [7m22[0m  templateUrl: "./pickup-detail.page.html",
    [7m  [0m [96m              ~~~~~~~~~~~~~~~~~~~~~~~~~~~[0m
    Error occurs in the template of component PickupDetailPage.


Error: [96msrc/app/pickup-detail/pickup-detail.page.html[0m:[93m101[0m:[93m427[0m - [91merror[0m[90m TS2339: [0mProperty 'sender_state' does not exist on type '{}'.

[7m101[0m           <ion-col size="7" style="padding-bottom:0;"><h3 class="desc"><a target="_blank" href="https://maps.google.com/?q={{riderList.sender_address1}}+{{riderList.sender_address2}}+{{riderList.sender_postcode}}+ {{riderList.sender_city}}+ {{riderList.sender_state}} +{{riderList.sender_country}}">{{riderList.sender_address1}}{{riderList.sender_address2}} {{riderList.sender_postcode}} {{riderList.sender_city}} {{riderList.sender_state}} {{riderList.sender_country}}</a></h3></ion-col>
[7m   [0m [91m                                                                                                                                                                                                                                                                                                                                                                                                                                          ~~~~~~~~~~~~[0m

  [96msrc/app/pickup-detail/pickup-detail.page.ts[0m:[93m22[0m:[93m15[0m
    [7m22[0m  templateUrl: "./pickup-detail.page.html",
    [7m  [0m [96m              ~~~~~~~~~~~~~~~~~~~~~~~~~~~[0m
    Error occurs in the template of component PickupDetailPage.


Error: [96msrc/app/pickup-detail/pickup-detail.page.html[0m:[93m101[0m:[93m454[0m - [91merror[0m[90m TS2339: [0mProperty 'sender_country' does not exist on type '{}'.

[7m101[0m           <ion-col size="7" style="padding-bottom:0;"><h3 class="desc"><a target="_blank" href="https://maps.google.com/?q={{riderList.sender_address1}}+{{riderList.sender_address2}}+{{riderList.sender_postcode}}+ {{riderList.sender_city}}+ {{riderList.sender_state}} +{{riderList.sender_country}}">{{riderList.sender_address1}}{{riderList.sender_address2}} {{riderList.sender_postcode}} {{riderList.sender_city}} {{riderList.sender_state}} {{riderList.sender_country}}</a></h3></ion-col>
[7m   [0m [91m                                                                                                                                                                                                                                                                                                                                                                                                                                                                     ~~~~~~~~~~~~~~[0m

  [96msrc/app/pickup-detail/pickup-detail.page.ts[0m:[93m22[0m:[93m15[0m
    [7m22[0m  templateUrl: "./pickup-detail.page.html",
    [7m  [0m [96m              ~~~~~~~~~~~~~~~~~~~~~~~~~~~[0m
    Error occurs in the template of component PickupDetailPage.


Error: [96msrc/app/pickup-detail/pickup-detail.page.html[0m:[93m121[0m:[93m86[0m - [91merror[0m[90m TS2339: [0mProperty 'recipient_name' does not exist on type '{}'.

[7m121[0m             <ion-col size="7" style="padding-bottom:0;"><h3 class="desc">{{riderList.recipient_name}}</h3></ion-col>
[7m   [0m [91m                                                                                     ~~~~~~~~~~~~~~[0m

  [96msrc/app/pickup-detail/pickup-detail.page.ts[0m:[93m22[0m:[93m15[0m
    [7m22[0m  templateUrl: "./pickup-detail.page.html",
    [7m  [0m [96m              ~~~~~~~~~~~~~~~~~~~~~~~~~~~[0m
    Error occurs in the template of component PickupDetailPage.


Error: [96msrc/app/pickup-detail/pickup-detail.page.html[0m:[93m125[0m:[93m86[0m - [91merror[0m[90m TS2339: [0mProperty 'recipient_email' does not exist on type '{}'.

[7m125[0m             <ion-col size="7" style="padding-bottom:0;"><h3 class="desc">{{riderList.recipient_email}}</h3></ion-col>
[7m   [0m [91m                                                                                     ~~~~~~~~~~~~~~~[0m

  [96msrc/app/pickup-detail/pickup-detail.page.ts[0m:[93m22[0m:[93m15[0m
    [7m22[0m  templateUrl: "./pickup-detail.page.html",
    [7m  [0m [96m              ~~~~~~~~~~~~~~~~~~~~~~~~~~~[0m
    Error occurs in the template of component PickupDetailPage.


Error: [96msrc/app/pickup-detail/pickup-detail.page.html[0m:[93m129[0m:[93m101[0m - [91merror[0m[90m TS2339: [0mProperty 'recipient_dial_code' does not exist on type '{}'.

[7m129[0m             <ion-col size="7" style="padding-bottom:0;"><h3 class="desc"><a href="tel://{{riderList.recipient_dial_code}}{{riderList.recipient_mobile}}" target="_blank">{{riderList.recipient_dial_code}}{{riderList.recipient_mobile}}</a></h3></ion-col>
[7m   [0m [91m                                                                                                    ~~~~~~~~~~~~~~~~~~~[0m

  [96msrc/app/pickup-detail/pickup-detail.page.ts[0m:[93m22[0m:[93m15[0m
    [7m22[0m  templateUrl: "./pickup-detail.page.html",
    [7m  [0m [96m              ~~~~~~~~~~~~~~~~~~~~~~~~~~~[0m
    Error occurs in the template of component PickupDetailPage.


Error: [96msrc/app/pickup-detail/pickup-detail.page.html[0m:[93m129[0m:[93m134[0m - [91merror[0m[90m TS2339: [0mProperty 'recipient_mobile' does not exist on type '{}'.

[7m129[0m             <ion-col size="7" style="padding-bottom:0;"><h3 class="desc"><a href="tel://{{riderList.recipient_dial_code}}{{riderList.recipient_mobile}}" target="_blank">{{riderList.recipient_dial_code}}{{riderList.recipient_mobile}}</a></h3></ion-col>
[7m   [0m [91m                                                                                                                                     ~~~~~~~~~~~~~~~~[0m

  [96msrc/app/pickup-detail/pickup-detail.page.ts[0m:[93m22[0m:[93m15[0m
    [7m22[0m  templateUrl: "./pickup-detail.page.html",
    [7m  [0m [96m              ~~~~~~~~~~~~~~~~~~~~~~~~~~~[0m
    Error occurs in the template of component PickupDetailPage.


Error: [96msrc/app/pickup-detail/pickup-detail.page.html[0m:[93m129[0m:[93m182[0m - [91merror[0m[90m TS2339: [0mProperty 'recipient_dial_code' does not exist on type '{}'.

[7m129[0m             <ion-col size="7" style="padding-bottom:0;"><h3 class="desc"><a href="tel://{{riderList.recipient_dial_code}}{{riderList.recipient_mobile}}" target="_blank">{{riderList.recipient_dial_code}}{{riderList.recipient_mobile}}</a></h3></ion-col>
[7m   [0m [91m                                                                                                                                                                                     ~~~~~~~~~~~~~~~~~~~[0m

  [96msrc/app/pickup-detail/pickup-detail.page.ts[0m:[93m22[0m:[93m15[0m
    [7m22[0m  templateUrl: "./pickup-detail.page.html",
    [7m  [0m [96m              ~~~~~~~~~~~~~~~~~~~~~~~~~~~[0m
    Error occurs in the template of component PickupDetailPage.


Error: [96msrc/app/pickup-detail/pickup-detail.page.html[0m:[93m129[0m:[93m215[0m - [91merror[0m[90m TS2339: [0mProperty 'recipient_mobile' does not exist on type '{}'.

[7m129[0m             <ion-col size="7" style="padding-bottom:0;"><h3 class="desc"><a href="tel://{{riderList.recipient_dial_code}}{{riderList.recipient_mobile}}" target="_blank">{{riderList.recipient_dial_code}}{{riderList.recipient_mobile}}</a></h3></ion-col>
[7m   [0m [91m                                                                                                                                                                                                                      ~~~~~~~~~~~~~~~~[0m

  [96msrc/app/pickup-detail/pickup-detail.page.ts[0m:[93m22[0m:[93m15[0m
    [7m22[0m  templateUrl: "./pickup-detail.page.html",
    [7m  [0m [96m              ~~~~~~~~~~~~~~~~~~~~~~~~~~~[0m
    Error occurs in the template of component PickupDetailPage.


Error: [96msrc/app/pickup-detail/pickup-detail.page.html[0m:[93m133[0m:[93m136[0m - [91merror[0m[90m TS2339: [0mProperty 'recipient_address1' does not exist on type '{}'.

[7m133[0m           <ion-col size="7" style="padding-bottom:0;"><h3 class="desc"><a target="_blank" href="https://maps.google.com/?q={{riderList.recipient_address1}} + {{riderList.recipient_address2}} + {{riderList.recipient_postcode}} + {{riderList.recipient_city}} + {{riderList.recipient_state}} + {{riderList.recipient_country}}">{{riderList.recipient_address1}} {{riderList.recipient_address2}} {{riderList.recipient_postcode}} {{riderList.recipient_city}} {{riderList.recipient_state}} {{riderList.recipient_country}}</a></h3></ion-col>
[7m   [0m [91m                                                                                                                                       ~~~~~~~~~~~~~~~~~~[0m

  [96msrc/app/pickup-detail/pickup-detail.page.ts[0m:[93m22[0m:[93m15[0m
    [7m22[0m  templateUrl: "./pickup-detail.page.html",
    [7m  [0m [96m              ~~~~~~~~~~~~~~~~~~~~~~~~~~~[0m
    Error occurs in the template of component PickupDetailPage.


Error: [96msrc/app/pickup-detail/pickup-detail.page.html[0m:[93m133[0m:[93m171[0m - [91merror[0m[90m TS2339: [0mProperty 'recipient_address2' does not exist on type '{}'.

[7m133[0m           <ion-col size="7" style="padding-bottom:0;"><h3 class="desc"><a target="_blank" href="https://maps.google.com/?q={{riderList.recipient_address1}} + {{riderList.recipient_address2}} + {{riderList.recipient_postcode}} + {{riderList.recipient_city}} + {{riderList.recipient_state}} + {{riderList.recipient_country}}">{{riderList.recipient_address1}} {{riderList.recipient_address2}} {{riderList.recipient_postcode}} {{riderList.recipient_city}} {{riderList.recipient_state}} {{riderList.recipient_country}}</a></h3></ion-col>
[7m   [0m [91m                                                                                                                                                                          ~~~~~~~~~~~~~~~~~~[0m

  [96msrc/app/pickup-detail/pickup-detail.page.ts[0m:[93m22[0m:[93m15[0m
    [7m22[0m  templateUrl: "./pickup-detail.page.html",
    [7m  [0m [96m              ~~~~~~~~~~~~~~~~~~~~~~~~~~~[0m
    Error occurs in the template of component PickupDetailPage.


Error: [96msrc/app/pickup-detail/pickup-detail.page.html[0m:[93m133[0m:[93m206[0m - [91merror[0m[90m TS2339: [0mProperty 'recipient_postcode' does not exist on type '{}'.

[7m133[0m           <ion-col size="7" style="padding-bottom:0;"><h3 class="desc"><a target="_blank" href="https://maps.google.com/?q={{riderList.recipient_address1}} + {{riderList.recipient_address2}} + {{riderList.recipient_postcode}} + {{riderList.recipient_city}} + {{riderList.recipient_state}} + {{riderList.recipient_country}}">{{riderList.recipient_address1}} {{riderList.recipient_address2}} {{riderList.recipient_postcode}} {{riderList.recipient_city}} {{riderList.recipient_state}} {{riderList.recipient_country}}</a></h3></ion-col>
[7m   [0m [91m                                                                                                                                                                                                             ~~~~~~~~~~~~~~~~~~[0m

  [96msrc/app/pickup-detail/pickup-detail.page.ts[0m:[93m22[0m:[93m15[0m
    [7m22[0m  templateUrl: "./pickup-detail.page.html",
    [7m  [0m [96m              ~~~~~~~~~~~~~~~~~~~~~~~~~~~[0m
    Error occurs in the template of component PickupDetailPage.


Error: [96msrc/app/pickup-detail/pickup-detail.page.html[0m:[93m133[0m:[93m241[0m - [91merror[0m[90m TS2339: [0mProperty 'recipient_city' does not exist on type '{}'.

[7m133[0m           <ion-col size="7" style="padding-bottom:0;"><h3 class="desc"><a target="_blank" href="https://maps.google.com/?q={{riderList.recipient_address1}} + {{riderList.recipient_address2}} + {{riderList.recipient_postcode}} + {{riderList.recipient_city}} + {{riderList.recipient_state}} + {{riderList.recipient_country}}">{{riderList.recipient_address1}} {{riderList.recipient_address2}} {{riderList.recipient_postcode}} {{riderList.recipient_city}} {{riderList.recipient_state}} {{riderList.recipient_country}}</a></h3></ion-col>
[7m   [0m [91m                                                                                                                                                                                                                                                ~~~~~~~~~~~~~~[0m

  [96msrc/app/pickup-detail/pickup-detail.page.ts[0m:[93m22[0m:[93m15[0m
    [7m22[0m  templateUrl: "./pickup-detail.page.html",
    [7m  [0m [96m              ~~~~~~~~~~~~~~~~~~~~~~~~~~~[0m
    Error occurs in the template of component PickupDetailPage.


Error: [96msrc/app/pickup-detail/pickup-detail.page.html[0m:[93m133[0m:[93m272[0m - [91merror[0m[90m TS2339: [0mProperty 'recipient_state' does not exist on type '{}'.

[7m133[0m           <ion-col size="7" style="padding-bottom:0;"><h3 class="desc"><a target="_blank" href="https://maps.google.com/?q={{riderList.recipient_address1}} + {{riderList.recipient_address2}} + {{riderList.recipient_postcode}} + {{riderList.recipient_city}} + {{riderList.recipient_state}} + {{riderList.recipient_country}}">{{riderList.recipient_address1}} {{riderList.recipient_address2}} {{riderList.recipient_postcode}} {{riderList.recipient_city}} {{riderList.recipient_state}} {{riderList.recipient_country}}</a></h3></ion-col>
[7m   [0m [91m                                                                                                                                                                                                                                                                               ~~~~~~~~~~~~~~~[0m

  [96msrc/app/pickup-detail/pickup-detail.page.ts[0m:[93m22[0m:[93m15[0m
    [7m22[0m  templateUrl: "./pickup-detail.page.html",
    [7m  [0m [96m              ~~~~~~~~~~~~~~~~~~~~~~~~~~~[0m
    Error occurs in the template of component PickupDetailPage.


Error: [96msrc/app/pickup-detail/pickup-detail.page.html[0m:[93m133[0m:[93m304[0m - [91merror[0m[90m TS2339: [0mProperty 'recipient_country' does not exist on type '{}'.

[7m133[0m           <ion-col size="7" style="padding-bottom:0;"><h3 class="desc"><a target="_blank" href="https://maps.google.com/?q={{riderList.recipient_address1}} + {{riderList.recipient_address2}} + {{riderList.recipient_postcode}} + {{riderList.recipient_city}} + {{riderList.recipient_state}} + {{riderList.recipient_country}}">{{riderList.recipient_address1}} {{riderList.recipient_address2}} {{riderList.recipient_postcode}} {{riderList.recipient_city}} {{riderList.recipient_state}} {{riderList.recipient_country}}</a></h3></ion-col>
[7m   [0m [91m                                                                                                                                                                                                                                                                                                               ~~~~~~~~~~~~~~~~~[0m

  [96msrc/app/pickup-detail/pickup-detail.page.ts[0m:[93m22[0m:[93m15[0m
    [7m22[0m  templateUrl: "./pickup-detail.page.html",
    [7m  [0m [96m              ~~~~~~~~~~~~~~~~~~~~~~~~~~~[0m
    Error occurs in the template of component PickupDetailPage.


Error: [96msrc/app/pickup-detail/pickup-detail.page.html[0m:[93m133[0m:[93m337[0m - [91merror[0m[90m TS2339: [0mProperty 'recipient_address1' does not exist on type '{}'.

[7m133[0m           <ion-col size="7" style="padding-bottom:0;"><h3 class="desc"><a target="_blank" href="https://maps.google.com/?q={{riderList.recipient_address1}} + {{riderList.recipient_address2}} + {{riderList.recipient_postcode}} + {{riderList.recipient_city}} + {{riderList.recipient_state}} + {{riderList.recipient_country}}">{{riderList.recipient_address1}} {{riderList.recipient_address2}} {{riderList.recipient_postcode}} {{riderList.recipient_city}} {{riderList.recipient_state}} {{riderList.recipient_country}}</a></h3></ion-col>
[7m   [0m [91m                                                                                                                                                                                                                                                                                                                                                ~~~~~~~~~~~~~~~~~~[0m

  [96msrc/app/pickup-detail/pickup-detail.page.ts[0m:[93m22[0m:[93m15[0m
    [7m22[0m  templateUrl: "./pickup-detail.page.html",
    [7m  [0m [96m              ~~~~~~~~~~~~~~~~~~~~~~~~~~~[0m
    Error occurs in the template of component PickupDetailPage.


Error: [96msrc/app/pickup-detail/pickup-detail.page.html[0m:[93m133[0m:[93m370[0m - [91merror[0m[90m TS2339: [0mProperty 'recipient_address2' does not exist on type '{}'.

[7m133[0m           <ion-col size="7" style="padding-bottom:0;"><h3 class="desc"><a target="_blank" href="https://maps.google.com/?q={{riderList.recipient_address1}} + {{riderList.recipient_address2}} + {{riderList.recipient_postcode}} + {{riderList.recipient_city}} + {{riderList.recipient_state}} + {{riderList.recipient_country}}">{{riderList.recipient_address1}} {{riderList.recipient_address2}} {{riderList.recipient_postcode}} {{riderList.recipient_city}} {{riderList.recipient_state}} {{riderList.recipient_country}}</a></h3></ion-col>
[7m   [0m [91m                                                                                                                                                                                                                                                                                                                                                                                 ~~~~~~~~~~~~~~~~~~[0m

  [96msrc/app/pickup-detail/pickup-detail.page.ts[0m:[93m22[0m:[93m15[0m
    [7m22[0m  templateUrl: "./pickup-detail.page.html",
    [7m  [0m [96m              ~~~~~~~~~~~~~~~~~~~~~~~~~~~[0m
    Error occurs in the template of component PickupDetailPage.


Error: [96msrc/app/pickup-detail/pickup-detail.page.html[0m:[93m133[0m:[93m403[0m - [91merror[0m[90m TS2339: [0mProperty 'recipient_postcode' does not exist on type '{}'.

[7m133[0m           <ion-col size="7" style="padding-bottom:0;"><h3 class="desc"><a target="_blank" href="https://maps.google.com/?q={{riderList.recipient_address1}} + {{riderList.recipient_address2}} + {{riderList.recipient_postcode}} + {{riderList.recipient_city}} + {{riderList.recipient_state}} + {{riderList.recipient_country}}">{{riderList.recipient_address1}} {{riderList.recipient_address2}} {{riderList.recipient_postcode}} {{riderList.recipient_city}} {{riderList.recipient_state}} {{riderList.recipient_country}}</a></h3></ion-col>
[7m   [0m [91m                                                                                                                                                                                                                                                                                                                                                                                                                  ~~~~~~~~~~~~~~~~~~[0m

  [96msrc/app/pickup-detail/pickup-detail.page.ts[0m:[93m22[0m:[93m15[0m
    [7m22[0m  templateUrl: "./pickup-detail.page.html",
    [7m  [0m [96m              ~~~~~~~~~~~~~~~~~~~~~~~~~~~[0m
    Error occurs in the template of component PickupDetailPage.


Error: [96msrc/app/pickup-detail/pickup-detail.page.html[0m:[93m133[0m:[93m436[0m - [91merror[0m[90m TS2339: [0mProperty 'recipient_city' does not exist on type '{}'.

[7m133[0m           <ion-col size="7" style="padding-bottom:0;"><h3 class="desc"><a target="_blank" href="https://maps.google.com/?q={{riderList.recipient_address1}} + {{riderList.recipient_address2}} + {{riderList.recipient_postcode}} + {{riderList.recipient_city}} + {{riderList.recipient_state}} + {{riderList.recipient_country}}">{{riderList.recipient_address1}} {{riderList.recipient_address2}} {{riderList.recipient_postcode}} {{riderList.recipient_city}} {{riderList.recipient_state}} {{riderList.recipient_country}}</a></h3></ion-col>
[7m   [0m [91m                                                                                                                                                                                                                                                                                                                                                                                                                                                   ~~~~~~~~~~~~~~[0m

  [96msrc/app/pickup-detail/pickup-detail.page.ts[0m:[93m22[0m:[93m15[0m
    [7m22[0m  templateUrl: "./pickup-detail.page.html",
    [7m  [0m [96m              ~~~~~~~~~~~~~~~~~~~~~~~~~~~[0m
    Error occurs in the template of component PickupDetailPage.


Error: [96msrc/app/pickup-detail/pickup-detail.page.html[0m:[93m133[0m:[93m465[0m - [91merror[0m[90m TS2339: [0mProperty 'recipient_state' does not exist on type '{}'.

[7m133[0m           <ion-col size="7" style="padding-bottom:0;"><h3 class="desc"><a target="_blank" href="https://maps.google.com/?q={{riderList.recipient_address1}} + {{riderList.recipient_address2}} + {{riderList.recipient_postcode}} + {{riderList.recipient_city}} + {{riderList.recipient_state}} + {{riderList.recipient_country}}">{{riderList.recipient_address1}} {{riderList.recipient_address2}} {{riderList.recipient_postcode}} {{riderList.recipient_city}} {{riderList.recipient_state}} {{riderList.recipient_country}}</a></h3></ion-col>
[7m   [0m [91m                                                                                                                                                                                                                                                                                                                                                                                                                                                                                ~~~~~~~~~~~~~~~[0m

  [96msrc/app/pickup-detail/pickup-detail.page.ts[0m:[93m22[0m:[93m15[0m
    [7m22[0m  templateUrl: "./pickup-detail.page.html",
    [7m  [0m [96m              ~~~~~~~~~~~~~~~~~~~~~~~~~~~[0m
    Error occurs in the template of component PickupDetailPage.


Error: [96msrc/app/pickup-detail/pickup-detail.page.html[0m:[93m133[0m:[93m495[0m - [91merror[0m[90m TS2339: [0mProperty 'recipient_country' does not exist on type '{}'.

[7m133[0m           <ion-col size="7" style="padding-bottom:0;"><h3 class="desc"><a target="_blank" href="https://maps.google.com/?q={{riderList.recipient_address1}} + {{riderList.recipient_address2}} + {{riderList.recipient_postcode}} + {{riderList.recipient_city}} + {{riderList.recipient_state}} + {{riderList.recipient_country}}">{{riderList.recipient_address1}} {{riderList.recipient_address2}} {{riderList.recipient_postcode}} {{riderList.recipient_city}} {{riderList.recipient_state}} {{riderList.recipient_country}}</a></h3></ion-col>
[7m   [0m [91m                                                                                                                                                                                                                                                                                                                                                                                                                                                                                                              ~~~~~~~~~~~~~~~~~[0m

  [96msrc/app/pickup-detail/pickup-detail.page.ts[0m:[93m22[0m:[93m15[0m
    [7m22[0m  templateUrl: "./pickup-detail.page.html",
    [7m  [0m [96m              ~~~~~~~~~~~~~~~~~~~~~~~~~~~[0m
    Error occurs in the template of component PickupDetailPage.


Error: [96msrc/app/pickup-detail/pickup-detail.page.html[0m:[93m140[0m:[93m67[0m - [91merror[0m[90m TS7053: [0mElement implicitly has an 'any' type because expression of type '"middle_hub_id"' can't be used to index type '{}'.
  Property 'middle_hub_id' does not exist on type '{}'.

[7m140[0m   <ion-item class="ion-no-padding" mode="ios" lines="none" *ngIf="riderList['middle_hub_id']!=0">
[7m   [0m [91m                                                                  ~~~~~~~~~~~~~~~~~~~~~~~~~~[0m

  [96msrc/app/pickup-detail/pickup-detail.page.ts[0m:[93m22[0m:[93m15[0m
    [7m22[0m  templateUrl: "./pickup-detail.page.html",
    [7m  [0m [96m              ~~~~~~~~~~~~~~~~~~~~~~~~~~~[0m
    Error occurs in the template of component PickupDetailPage.


Error: [96msrc/app/pickup-detail/pickup-detail.page.html[0m:[93m153[0m:[93m86[0m - [91merror[0m[90m TS2339: [0mProperty 'hub_title' does not exist on type '{}'.

[7m153[0m             <ion-col size="7" style="padding-bottom:0;"><h3 class="desc">{{riderList.hub_title?riderList.hub_title:'-'}}</h3></ion-col>
[7m   [0m [91m                                                                                     ~~~~~~~~~[0m

  [96msrc/app/pickup-detail/pickup-detail.page.ts[0m:[93m22[0m:[93m15[0m
    [7m22[0m  templateUrl: "./pickup-detail.page.html",
    [7m  [0m [96m              ~~~~~~~~~~~~~~~~~~~~~~~~~~~[0m
    Error occurs in the template of component PickupDetailPage.


Error: [96msrc/app/pickup-detail/pickup-detail.page.html[0m:[93m153[0m:[93m106[0m - [91merror[0m[90m TS2339: [0mProperty 'hub_title' does not exist on type '{}'.

[7m153[0m             <ion-col size="7" style="padding-bottom:0;"><h3 class="desc">{{riderList.hub_title?riderList.hub_title:'-'}}</h3></ion-col>
[7m   [0m [91m                                                                                                         ~~~~~~~~~[0m

  [96msrc/app/pickup-detail/pickup-detail.page.ts[0m:[93m22[0m:[93m15[0m
    [7m22[0m  templateUrl: "./pickup-detail.page.html",
    [7m  [0m [96m              ~~~~~~~~~~~~~~~~~~~~~~~~~~~[0m
    Error occurs in the template of component PickupDetailPage.


Error: [96msrc/app/pickup-detail/pickup-detail.page.html[0m:[93m157[0m:[93m86[0m - [91merror[0m[90m TS2339: [0mProperty 'hub_email' does not exist on type '{}'.

[7m157[0m             <ion-col size="7" style="padding-bottom:0;"><h3 class="desc">{{riderList.hub_email?riderList.hub_email:'-'}}</h3></ion-col>
[7m   [0m [91m                                                                                     ~~~~~~~~~[0m

  [96msrc/app/pickup-detail/pickup-detail.page.ts[0m:[93m22[0m:[93m15[0m
    [7m22[0m  templateUrl: "./pickup-detail.page.html",
    [7m  [0m [96m              ~~~~~~~~~~~~~~~~~~~~~~~~~~~[0m
    Error occurs in the template of component PickupDetailPage.


Error: [96msrc/app/pickup-detail/pickup-detail.page.html[0m:[93m157[0m:[93m106[0m - [91merror[0m[90m TS2339: [0mProperty 'hub_email' does not exist on type '{}'.

[7m157[0m             <ion-col size="7" style="padding-bottom:0;"><h3 class="desc">{{riderList.hub_email?riderList.hub_email:'-'}}</h3></ion-col>
[7m   [0m [91m                                                                                                         ~~~~~~~~~[0m

  [96msrc/app/pickup-detail/pickup-detail.page.ts[0m:[93m22[0m:[93m15[0m
    [7m22[0m  templateUrl: "./pickup-detail.page.html",
    [7m  [0m [96m              ~~~~~~~~~~~~~~~~~~~~~~~~~~~[0m
    Error occurs in the template of component PickupDetailPage.


Error: [96msrc/app/pickup-detail/pickup-detail.page.html[0m:[93m161[0m:[93m86[0m - [91merror[0m[90m TS2339: [0mProperty 'hub_mobile' does not exist on type '{}'.

[7m161[0m             <ion-col size="7" style="padding-bottom:0;"><h3 class="desc">{{riderList.hub_mobile?riderList.hub_mobile:'-'}}</h3></ion-col>
[7m   [0m [91m                                                                                     ~~~~~~~~~~[0m

  [96msrc/app/pickup-detail/pickup-detail.page.ts[0m:[93m22[0m:[93m15[0m
    [7m22[0m  templateUrl: "./pickup-detail.page.html",
    [7m  [0m [96m              ~~~~~~~~~~~~~~~~~~~~~~~~~~~[0m
    Error occurs in the template of component PickupDetailPage.


Error: [96msrc/app/pickup-detail/pickup-detail.page.html[0m:[93m161[0m:[93m107[0m - [91merror[0m[90m TS2339: [0mProperty 'hub_mobile' does not exist on type '{}'.

[7m161[0m             <ion-col size="7" style="padding-bottom:0;"><h3 class="desc">{{riderList.hub_mobile?riderList.hub_mobile:'-'}}</h3></ion-col>
[7m   [0m [91m                                                                                                          ~~~~~~~~~~[0m

  [96msrc/app/pickup-detail/pickup-detail.page.ts[0m:[93m22[0m:[93m15[0m
    [7m22[0m  templateUrl: "./pickup-detail.page.html",
    [7m  [0m [96m              ~~~~~~~~~~~~~~~~~~~~~~~~~~~[0m
    Error occurs in the template of component PickupDetailPage.


Error: [96msrc/app/pickup-detail/pickup-detail.page.html[0m:[93m165[0m:[93m136[0m - [91merror[0m[90m TS2339: [0mProperty 'hub_address1' does not exist on type '{}'.

[7m165[0m           <ion-col size="7" style="padding-bottom:0;"><h3 class="desc"><a target="_blank" href="https://maps.google.com/?q={{riderList.hub_address1}}+{{riderList.hub_address2}}+ {{riderList.hub_postcode}} +{{riderList.hub_city}}+ {{riderList.hub_state}} + {{riderList.hub_country}}">{{riderList.hub_address1}} {{riderList.hub_address2}} {{riderList.hub_postcode}} {{riderList.hub_city}} {{riderList.hub_state}} {{riderList.hub_country}}</a></h3></ion-col>
[7m   [0m [91m                                                                                                                                       ~~~~~~~~~~~~[0m

  [96msrc/app/pickup-detail/pickup-detail.page.ts[0m:[93m22[0m:[93m15[0m
    [7m22[0m  templateUrl: "./pickup-detail.page.html",
    [7m  [0m [96m              ~~~~~~~~~~~~~~~~~~~~~~~~~~~[0m
    Error occurs in the template of component PickupDetailPage.


Error: [96msrc/app/pickup-detail/pickup-detail.page.html[0m:[93m165[0m:[93m163[0m - [91merror[0m[90m TS2339: [0mProperty 'hub_address2' does not exist on type '{}'.

[7m165[0m           <ion-col size="7" style="padding-bottom:0;"><h3 class="desc"><a target="_blank" href="https://maps.google.com/?q={{riderList.hub_address1}}+{{riderList.hub_address2}}+ {{riderList.hub_postcode}} +{{riderList.hub_city}}+ {{riderList.hub_state}} + {{riderList.hub_country}}">{{riderList.hub_address1}} {{riderList.hub_address2}} {{riderList.hub_postcode}} {{riderList.hub_city}} {{riderList.hub_state}} {{riderList.hub_country}}</a></h3></ion-col>
[7m   [0m [91m                                                                                                                                                                  ~~~~~~~~~~~~[0m

  [96msrc/app/pickup-detail/pickup-detail.page.ts[0m:[93m22[0m:[93m15[0m
    [7m22[0m  templateUrl: "./pickup-detail.page.html",
    [7m  [0m [96m              ~~~~~~~~~~~~~~~~~~~~~~~~~~~[0m
    Error occurs in the template of component PickupDetailPage.


Error: [96msrc/app/pickup-detail/pickup-detail.page.html[0m:[93m165[0m:[93m191[0m - [91merror[0m[90m TS2339: [0mProperty 'hub_postcode' does not exist on type '{}'.

[7m165[0m           <ion-col size="7" style="padding-bottom:0;"><h3 class="desc"><a target="_blank" href="https://maps.google.com/?q={{riderList.hub_address1}}+{{riderList.hub_address2}}+ {{riderList.hub_postcode}} +{{riderList.hub_city}}+ {{riderList.hub_state}} + {{riderList.hub_country}}">{{riderList.hub_address1}} {{riderList.hub_address2}} {{riderList.hub_postcode}} {{riderList.hub_city}} {{riderList.hub_state}} {{riderList.hub_country}}</a></h3></ion-col>
[7m   [0m [91m                                                                                                                                                                                              ~~~~~~~~~~~~[0m

  [96msrc/app/pickup-detail/pickup-detail.page.ts[0m:[93m22[0m:[93m15[0m
    [7m22[0m  templateUrl: "./pickup-detail.page.html",
    [7m  [0m [96m              ~~~~~~~~~~~~~~~~~~~~~~~~~~~[0m
    Error occurs in the template of component PickupDetailPage.


Error: [96msrc/app/pickup-detail/pickup-detail.page.html[0m:[93m165[0m:[93m219[0m - [91merror[0m[90m TS2339: [0mProperty 'hub_city' does not exist on type '{}'.

[7m165[0m           <ion-col size="7" style="padding-bottom:0;"><h3 class="desc"><a target="_blank" href="https://maps.google.com/?q={{riderList.hub_address1}}+{{riderList.hub_address2}}+ {{riderList.hub_postcode}} +{{riderList.hub_city}}+ {{riderList.hub_state}} + {{riderList.hub_country}}">{{riderList.hub_address1}} {{riderList.hub_address2}} {{riderList.hub_postcode}} {{riderList.hub_city}} {{riderList.hub_state}} {{riderList.hub_country}}</a></h3></ion-col>
[7m   [0m [91m                                                                                                                                                                                                                          ~~~~~~~~[0m

  [96msrc/app/pickup-detail/pickup-detail.page.ts[0m:[93m22[0m:[93m15[0m
    [7m22[0m  templateUrl: "./pickup-detail.page.html",
    [7m  [0m [96m              ~~~~~~~~~~~~~~~~~~~~~~~~~~~[0m
    Error occurs in the template of component PickupDetailPage.


Error: [96msrc/app/pickup-detail/pickup-detail.page.html[0m:[93m165[0m:[93m243[0m - [91merror[0m[90m TS2339: [0mProperty 'hub_state' does not exist on type '{}'.

[7m165[0m           <ion-col size="7" style="padding-bottom:0;"><h3 class="desc"><a target="_blank" href="https://maps.google.com/?q={{riderList.hub_address1}}+{{riderList.hub_address2}}+ {{riderList.hub_postcode}} +{{riderList.hub_city}}+ {{riderList.hub_state}} + {{riderList.hub_country}}">{{riderList.hub_address1}} {{riderList.hub_address2}} {{riderList.hub_postcode}} {{riderList.hub_city}} {{riderList.hub_state}} {{riderList.hub_country}}</a></h3></ion-col>
[7m   [0m [91m                                                                                                                                                                                                                                                  ~~~~~~~~~[0m

  [96msrc/app/pickup-detail/pickup-detail.page.ts[0m:[93m22[0m:[93m15[0m
    [7m22[0m  templateUrl: "./pickup-detail.page.html",
    [7m  [0m [96m              ~~~~~~~~~~~~~~~~~~~~~~~~~~~[0m
    Error occurs in the template of component PickupDetailPage.


Error: [96msrc/app/pickup-detail/pickup-detail.page.html[0m:[93m165[0m:[93m269[0m - [91merror[0m[90m TS2339: [0mProperty 'hub_country' does not exist on type '{}'.

[7m165[0m           <ion-col size="7" style="padding-bottom:0;"><h3 class="desc"><a target="_blank" href="https://maps.google.com/?q={{riderList.hub_address1}}+{{riderList.hub_address2}}+ {{riderList.hub_postcode}} +{{riderList.hub_city}}+ {{riderList.hub_state}} + {{riderList.hub_country}}">{{riderList.hub_address1}} {{riderList.hub_address2}} {{riderList.hub_postcode}} {{riderList.hub_city}} {{riderList.hub_state}} {{riderList.hub_country}}</a></h3></ion-col>
[7m   [0m [91m                                                                                                                                                                                                                                                                            ~~~~~~~~~~~[0m

  [96msrc/app/pickup-detail/pickup-detail.page.ts[0m:[93m22[0m:[93m15[0m
    [7m22[0m  templateUrl: "./pickup-detail.page.html",
    [7m  [0m [96m              ~~~~~~~~~~~~~~~~~~~~~~~~~~~[0m
    Error occurs in the template of component PickupDetailPage.


Error: [96msrc/app/pickup-detail/pickup-detail.page.html[0m:[93m165[0m:[93m296[0m - [91merror[0m[90m TS2339: [0mProperty 'hub_address1' does not exist on type '{}'.

[7m165[0m           <ion-col size="7" style="padding-bottom:0;"><h3 class="desc"><a target="_blank" href="https://maps.google.com/?q={{riderList.hub_address1}}+{{riderList.hub_address2}}+ {{riderList.hub_postcode}} +{{riderList.hub_city}}+ {{riderList.hub_state}} + {{riderList.hub_country}}">{{riderList.hub_address1}} {{riderList.hub_address2}} {{riderList.hub_postcode}} {{riderList.hub_city}} {{riderList.hub_state}} {{riderList.hub_country}}</a></h3></ion-col>
[7m   [0m [91m                                                                                                                                                                                                                                                                                                       ~~~~~~~~~~~~[0m

  [96msrc/app/pickup-detail/pickup-detail.page.ts[0m:[93m22[0m:[93m15[0m
    [7m22[0m  templateUrl: "./pickup-detail.page.html",
    [7m  [0m [96m              ~~~~~~~~~~~~~~~~~~~~~~~~~~~[0m
    Error occurs in the template of component PickupDetailPage.


Error: [96msrc/app/pickup-detail/pickup-detail.page.html[0m:[93m165[0m:[93m323[0m - [91merror[0m[90m TS2339: [0mProperty 'hub_address2' does not exist on type '{}'.

[7m165[0m           <ion-col size="7" style="padding-bottom:0;"><h3 class="desc"><a target="_blank" href="https://maps.google.com/?q={{riderList.hub_address1}}+{{riderList.hub_address2}}+ {{riderList.hub_postcode}} +{{riderList.hub_city}}+ {{riderList.hub_state}} + {{riderList.hub_country}}">{{riderList.hub_address1}} {{riderList.hub_address2}} {{riderList.hub_postcode}} {{riderList.hub_city}} {{riderList.hub_state}} {{riderList.hub_country}}</a></h3></ion-col>
[7m   [0m [91m                                                                                                                                                                                                                                                                                                                                  ~~~~~~~~~~~~[0m

  [96msrc/app/pickup-detail/pickup-detail.page.ts[0m:[93m22[0m:[93m15[0m
    [7m22[0m  templateUrl: "./pickup-detail.page.html",
    [7m  [0m [96m              ~~~~~~~~~~~~~~~~~~~~~~~~~~~[0m
    Error occurs in the template of component PickupDetailPage.


Error: [96msrc/app/pickup-detail/pickup-detail.page.html[0m:[93m165[0m:[93m350[0m - [91merror[0m[90m TS2339: [0mProperty 'hub_postcode' does not exist on type '{}'.

[7m165[0m           <ion-col size="7" style="padding-bottom:0;"><h3 class="desc"><a target="_blank" href="https://maps.google.com/?q={{riderList.hub_address1}}+{{riderList.hub_address2}}+ {{riderList.hub_postcode}} +{{riderList.hub_city}}+ {{riderList.hub_state}} + {{riderList.hub_country}}">{{riderList.hub_address1}} {{riderList.hub_address2}} {{riderList.hub_postcode}} {{riderList.hub_city}} {{riderList.hub_state}} {{riderList.hub_country}}</a></h3></ion-col>
[7m   [0m [91m                                                                                                                                                                                                                                                                                                                                                             ~~~~~~~~~~~~[0m

  [96msrc/app/pickup-detail/pickup-detail.page.ts[0m:[93m22[0m:[93m15[0m
    [7m22[0m  templateUrl: "./pickup-detail.page.html",
    [7m  [0m [96m              ~~~~~~~~~~~~~~~~~~~~~~~~~~~[0m
    Error occurs in the template of component PickupDetailPage.


Error: [96msrc/app/pickup-detail/pickup-detail.page.html[0m:[93m165[0m:[93m377[0m - [91merror[0m[90m TS2339: [0mProperty 'hub_city' does not exist on type '{}'.

[7m165[0m           <ion-col size="7" style="padding-bottom:0;"><h3 class="desc"><a target="_blank" href="https://maps.google.com/?q={{riderList.hub_address1}}+{{riderList.hub_address2}}+ {{riderList.hub_postcode}} +{{riderList.hub_city}}+ {{riderList.hub_state}} + {{riderList.hub_country}}">{{riderList.hub_address1}} {{riderList.hub_address2}} {{riderList.hub_postcode}} {{riderList.hub_city}} {{riderList.hub_state}} {{riderList.hub_country}}</a></h3></ion-col>
[7m   [0m [91m                                                                                                                                                                                                                                                                                                                                                                                        ~~~~~~~~[0m

  [96msrc/app/pickup-detail/pickup-detail.page.ts[0m:[93m22[0m:[93m15[0m
    [7m22[0m  templateUrl: "./pickup-detail.page.html",
    [7m  [0m [96m              ~~~~~~~~~~~~~~~~~~~~~~~~~~~[0m
    Error occurs in the template of component PickupDetailPage.


Error: [96msrc/app/pickup-detail/pickup-detail.page.html[0m:[93m165[0m:[93m400[0m - [91merror[0m[90m TS2339: [0mProperty 'hub_state' does not exist on type '{}'.

[7m165[0m           <ion-col size="7" style="padding-bottom:0;"><h3 class="desc"><a target="_blank" href="https://maps.google.com/?q={{riderList.hub_address1}}+{{riderList.hub_address2}}+ {{riderList.hub_postcode}} +{{riderList.hub_city}}+ {{riderList.hub_state}} + {{riderList.hub_country}}">{{riderList.hub_address1}} {{riderList.hub_address2}} {{riderList.hub_postcode}} {{riderList.hub_city}} {{riderList.hub_state}} {{riderList.hub_country}}</a></h3></ion-col>
[7m   [0m [91m                                                                                                                                                                                                                                                                                                                                                                                                               ~~~~~~~~~[0m

  [96msrc/app/pickup-detail/pickup-detail.page.ts[0m:[93m22[0m:[93m15[0m
    [7m22[0m  templateUrl: "./pickup-detail.page.html",
    [7m  [0m [96m              ~~~~~~~~~~~~~~~~~~~~~~~~~~~[0m
    Error occurs in the template of component PickupDetailPage.


Error: [96msrc/app/pickup-detail/pickup-detail.page.html[0m:[93m165[0m:[93m424[0m - [91merror[0m[90m TS2339: [0mProperty 'hub_country' does not exist on type '{}'.

[7m165[0m           <ion-col size="7" style="padding-bottom:0;"><h3 class="desc"><a target="_blank" href="https://maps.google.com/?q={{riderList.hub_address1}}+{{riderList.hub_address2}}+ {{riderList.hub_postcode}} +{{riderList.hub_city}}+ {{riderList.hub_state}} + {{riderList.hub_country}}">{{riderList.hub_address1}} {{riderList.hub_address2}} {{riderList.hub_postcode}} {{riderList.hub_city}} {{riderList.hub_state}} {{riderList.hub_country}}</a></h3></ion-col>
[7m   [0m [91m                                                                                                                                                                                                                                                                                                                                                                                                                                       ~~~~~~~~~~~[0m

  [96msrc/app/pickup-detail/pickup-detail.page.ts[0m:[93m22[0m:[93m15[0m
    [7m22[0m  templateUrl: "./pickup-detail.page.html",
    [7m  [0m [96m              ~~~~~~~~~~~~~~~~~~~~~~~~~~~[0m
    Error occurs in the template of component PickupDetailPage.


Error: [96msrc/app/pickup-detail/pickup-detail.page.html[0m:[93m172[0m:[93m77[0m - [91merror[0m[90m TS2339: [0mProperty 'despatch_category' does not exist on type '{}'.

[7m172[0m   <ion-item class="ion-no-padding" mode="ios" lines="none" *ngIf="riderList.despatch_category && riderList.despatch_category!='null'">
[7m   [0m [91m                                                                            ~~~~~~~~~~~~~~~~~[0m

  [96msrc/app/pickup-detail/pickup-detail.page.ts[0m:[93m22[0m:[93m15[0m
    [7m22[0m  templateUrl: "./pickup-detail.page.html",
    [7m  [0m [96m              ~~~~~~~~~~~~~~~~~~~~~~~~~~~[0m
    Error occurs in the template of component PickupDetailPage.


Error: [96msrc/app/pickup-detail/pickup-detail.page.html[0m:[93m172[0m:[93m108[0m - [91merror[0m[90m TS2339: [0mProperty 'despatch_category' does not exist on type '{}'.

[7m172[0m   <ion-item class="ion-no-padding" mode="ios" lines="none" *ngIf="riderList.despatch_category && riderList.despatch_category!='null'">
[7m   [0m [91m                                                                                                           ~~~~~~~~~~~~~~~~~[0m

  [96msrc/app/pickup-detail/pickup-detail.page.ts[0m:[93m22[0m:[93m15[0m
    [7m22[0m  templateUrl: "./pickup-detail.page.html",
    [7m  [0m [96m              ~~~~~~~~~~~~~~~~~~~~~~~~~~~[0m
    Error occurs in the template of component PickupDetailPage.


Error: [96msrc/app/pickup-detail/pickup-detail.page.html[0m:[93m185[0m:[93m86[0m - [91merror[0m[90m TS2339: [0mProperty 'despatch_category' does not exist on type '{}'.

[7m185[0m             <ion-col size="7" style="padding-bottom:0;"><h3 class="desc">{{riderList.despatch_category}}</h3></ion-col>
[7m   [0m [91m                                                                                     ~~~~~~~~~~~~~~~~~[0m

  [96msrc/app/pickup-detail/pickup-detail.page.ts[0m:[93m22[0m:[93m15[0m
    [7m22[0m  templateUrl: "./pickup-detail.page.html",
    [7m  [0m [96m              ~~~~~~~~~~~~~~~~~~~~~~~~~~~[0m
    Error occurs in the template of component PickupDetailPage.


Error: [96msrc/app/pickup-detail/pickup-detail.page.html[0m:[93m189[0m:[93m86[0m - [91merror[0m[90m TS2339: [0mProperty 'despatch_service' does not exist on type '{}'.

[7m189[0m             <ion-col size="7" style="padding-bottom:0;"><h3 class="desc">{{riderList.despatch_service}}</h3></ion-col>
[7m   [0m [91m                                                                                     ~~~~~~~~~~~~~~~~[0m

  [96msrc/app/pickup-detail/pickup-detail.page.ts[0m:[93m22[0m:[93m15[0m
    [7m22[0m  templateUrl: "./pickup-detail.page.html",
    [7m  [0m [96m              ~~~~~~~~~~~~~~~~~~~~~~~~~~~[0m
    Error occurs in the template of component PickupDetailPage.


Error: [96msrc/app/pickup-detail/pickup-detail.page.html[0m:[93m193[0m:[93m86[0m - [91merror[0m[90m TS2339: [0mProperty 'despatch_remarks' does not exist on type '{}'.

[7m193[0m             <ion-col size="7" style="padding-bottom:0;"><h3 class="desc">{{riderList.despatch_remarks?riderList.despatch_remarks:'-'}}</h3></ion-col>
[7m   [0m [91m                                                                                     ~~~~~~~~~~~~~~~~[0m

  [96msrc/app/pickup-detail/pickup-detail.page.ts[0m:[93m22[0m:[93m15[0m
    [7m22[0m  templateUrl: "./pickup-detail.page.html",
    [7m  [0m [96m              ~~~~~~~~~~~~~~~~~~~~~~~~~~~[0m
    Error occurs in the template of component PickupDetailPage.


Error: [96msrc/app/pickup-detail/pickup-detail.page.html[0m:[93m193[0m:[93m113[0m - [91merror[0m[90m TS2339: [0mProperty 'despatch_remarks' does not exist on type '{}'.

[7m193[0m             <ion-col size="7" style="padding-bottom:0;"><h3 class="desc">{{riderList.despatch_remarks?riderList.despatch_remarks:'-'}}</h3></ion-col>
[7m   [0m [91m                                                                                                                ~~~~~~~~~~~~~~~~[0m

  [96msrc/app/pickup-detail/pickup-detail.page.ts[0m:[93m22[0m:[93m15[0m
    [7m22[0m  templateUrl: "./pickup-detail.page.html",
    [7m  [0m [96m              ~~~~~~~~~~~~~~~~~~~~~~~~~~~[0m
    Error occurs in the template of component PickupDetailPage.


Error: [96msrc/app/pickup-detail/pickup-detail.page.html[0m:[93m200[0m:[93m67[0m - [91merror[0m[90m TS7053: [0mElement implicitly has an 'any' type because expression of type '"cod_collect_amount"' can't be used to index type '{}'.
  Property 'cod_collect_amount' does not exist on type '{}'.

[7m200[0m   <ion-item class="ion-no-padding" mode="ios" lines="none" *ngIf="riderList['cod_collect_amount']>0">
[7m   [0m [91m                                                                  ~~~~~~~~~~~~~~~~~~~~~~~~~~~~~~~[0m

  [96msrc/app/pickup-detail/pickup-detail.page.ts[0m:[93m22[0m:[93m15[0m
    [7m22[0m  templateUrl: "./pickup-detail.page.html",
    [7m  [0m [96m              ~~~~~~~~~~~~~~~~~~~~~~~~~~~[0m
    Error occurs in the template of component PickupDetailPage.


Error: [96msrc/app/pickup-detail/pickup-detail.page.html[0m:[93m214[0m:[93m87[0m - [91merror[0m[90m TS2339: [0mProperty 'cod_collect_amount' does not exist on type '{}'.

[7m214[0m           <ion-col size="7" style="padding-bottom:0;"><h3 class="desc">RM {{riderList.cod_collect_amount}}</h3></ion-col>
[7m   [0m [91m                                                                                      ~~~~~~~~~~~~~~~~~~[0m

  [96msrc/app/pickup-detail/pickup-detail.page.ts[0m:[93m22[0m:[93m15[0m
    [7m22[0m  templateUrl: "./pickup-detail.page.html",
    [7m  [0m [96m              ~~~~~~~~~~~~~~~~~~~~~~~~~~~[0m
    Error occurs in the template of component PickupDetailPage.


Error: [96msrc/app/pickup-detail/pickup-detail.page.html[0m:[93m222[0m:[93m67[0m - [91merror[0m[90m TS7053: [0mElement implicitly has an 'any' type because expression of type '"delivery_status"' can't be used to index type '{}'.
  Property 'delivery_status' does not exist on type '{}'.

[7m222[0m   <ion-item class="ion-no-padding" mode="ios" lines="none" *ngIf="riderList['delivery_status']==0">
[7m   [0m [91m                                                                  ~~~~~~~~~~~~~~~~~~~~~~~~~~~~[0m

  [96msrc/app/pickup-detail/pickup-detail.page.ts[0m:[93m22[0m:[93m15[0m
    [7m22[0m  templateUrl: "./pickup-detail.page.html",
    [7m  [0m [96m              ~~~~~~~~~~~~~~~~~~~~~~~~~~~[0m
    Error occurs in the template of component PickupDetailPage.


Error: [96msrc/app/pickup-detail/pickup-detail.page.html[0m:[93m236[0m:[93m36[0m - [91merror[0m[90m TS2554: [0mExpected 1 arguments, but got 0.

[7m236[0m                 <ion-icon (click)="openActionSheet()" name="add-circle-outline" style="float: right; background-color: #243a76; color: #fbd23c;font-size: 25px; border-radius: 6px; vertical-align: middle; margin-left: 10px;" *ngIf="(is_multiple_image == 0 && !imageUrl) || (is_multiple_image == 1 && MultipleImageUrl.length == 0)"></ion-icon>
[7m   [0m [91m                                   ~~~~~~~~~~~~~~~[0m

  [96msrc/app/pickup-detail/pickup-detail.page.ts[0m:[93m22[0m:[93m15[0m
    [7m22[0m  templateUrl: "./pickup-detail.page.html",
    [7m  [0m [96m              ~~~~~~~~~~~~~~~~~~~~~~~~~~~[0m
    Error occurs in the template of component PickupDetailPage.


Error: [96msrc/app/pickup-detail/pickup-detail.page.html[0m:[93m248[0m:[93m46[0m - [91merror[0m[90m TS2339: [0mProperty 'id' does not exist on type 'never'.

[7m248[0m             <ion-select-option [value]="item.id" *ngFor="let item of statusList">{{item['title']}}</ion-select-option>
[7m   [0m [91m                                             ~~[0m

  [96msrc/app/pickup-detail/pickup-detail.page.ts[0m:[93m22[0m:[93m15[0m
    [7m22[0m  templateUrl: "./pickup-detail.page.html",
    [7m  [0m [96m              ~~~~~~~~~~~~~~~~~~~~~~~~~~~[0m
    Error occurs in the template of component PickupDetailPage.


Error: [96msrc/app/pickup-detail-task/pickup-detail-task.page.html[0m:[93m22[0m:[93m26[0m - [91merror[0m[90m TS2339: [0mProperty 'tracking_no' does not exist on type '{}'.

[7m22[0m           <p>{{riderList.tracking_no}}</p>
[7m  [0m [91m                         ~~~~~~~~~~~[0m

  [96msrc/app/pickup-detail-task/pickup-detail-task.page.ts[0m:[93m22[0m:[93m15[0m
    [7m22[0m  templateUrl: "./pickup-detail-task.page.html",
    [7m  [0m [96m              ~~~~~~~~~~~~~~~~~~~~~~~~~~~~~~~~[0m
    Error occurs in the template of component PickupDetailTaskPage.


Error: [96msrc/app/pickup-detail-task/pickup-detail-task.page.html[0m:[93m28[0m:[93m86[0m - [91merror[0m[90m TS2339: [0mProperty 'delivery_status_text' does not exist on type '{}'.

[7m28[0m             <ion-col size="7" style="padding-bottom:0;"><h3 class="desc">{{riderList.delivery_status_text}}</h3></ion-col>
[7m  [0m [91m                                                                                     ~~~~~~~~~~~~~~~~~~~~[0m

  [96msrc/app/pickup-detail-task/pickup-detail-task.page.ts[0m:[93m22[0m:[93m15[0m
    [7m22[0m  templateUrl: "./pickup-detail-task.page.html",
    [7m  [0m [96m              ~~~~~~~~~~~~~~~~~~~~~~~~~~~~~~~~[0m
    Error occurs in the template of component PickupDetailTaskPage.


Error: [96msrc/app/pickup-detail-task/pickup-detail-task.page.html[0m:[93m32[0m:[93m86[0m - [91merror[0m[90m TS2339: [0mProperty 'service_type' does not exist on type '{}'.

[7m32[0m             <ion-col size="7" style="padding-bottom:0;"><h3 class="desc">{{riderList.service_type}}</h3></ion-col>
[7m  [0m [91m                                                                                     ~~~~~~~~~~~~[0m

  [96msrc/app/pickup-detail-task/pickup-detail-task.page.ts[0m:[93m22[0m:[93m15[0m
    [7m22[0m  templateUrl: "./pickup-detail-task.page.html",
    [7m  [0m [96m              ~~~~~~~~~~~~~~~~~~~~~~~~~~~~~~~~[0m
    Error occurs in the template of component PickupDetailTaskPage.


Error: [96msrc/app/pickup-detail-task/pickup-detail-task.page.html[0m:[93m44[0m:[93m84[0m - [91merror[0m[90m TS2339: [0mProperty 'customer_name' does not exist on type '{}'.

[7m44[0m           <ion-col size="7" style="padding-bottom:0;"><h3 class="desc">{{riderList.customer_name}}</h3></ion-col>
[7m  [0m [91m                                                                                   ~~~~~~~~~~~~~[0m

  [96msrc/app/pickup-detail-task/pickup-detail-task.page.ts[0m:[93m22[0m:[93m15[0m
    [7m22[0m  templateUrl: "./pickup-detail-task.page.html",
    [7m  [0m [96m              ~~~~~~~~~~~~~~~~~~~~~~~~~~~~~~~~[0m
    Error occurs in the template of component PickupDetailTaskPage.


Error: [96msrc/app/pickup-detail-task/pickup-detail-task.page.html[0m:[93m46[0m:[93m66[0m - [91merror[0m[90m TS2339: [0mProperty 'shipping_remark' does not exist on type '{}'.

[7m46[0m         <ion-row class="ion-align-items-center" *ngIf="riderList.shipping_remark && riderList.shipping_remark!='null'">
[7m  [0m [91m                                                                 ~~~~~~~~~~~~~~~[0m

  [96msrc/app/pickup-detail-task/pickup-detail-task.page.ts[0m:[93m22[0m:[93m15[0m
    [7m22[0m  templateUrl: "./pickup-detail-task.page.html",
    [7m  [0m [96m              ~~~~~~~~~~~~~~~~~~~~~~~~~~~~~~~~[0m
    Error occurs in the template of component PickupDetailTaskPage.


Error: [96msrc/app/pickup-detail-task/pickup-detail-task.page.html[0m:[93m46[0m:[93m95[0m - [91merror[0m[90m TS2339: [0mProperty 'shipping_remark' does not exist on type '{}'.

[7m46[0m         <ion-row class="ion-align-items-center" *ngIf="riderList.shipping_remark && riderList.shipping_remark!='null'">
[7m  [0m [91m                                                                                              ~~~~~~~~~~~~~~~[0m

  [96msrc/app/pickup-detail-task/pickup-detail-task.page.ts[0m:[93m22[0m:[93m15[0m
    [7m22[0m  templateUrl: "./pickup-detail-task.page.html",
    [7m  [0m [96m              ~~~~~~~~~~~~~~~~~~~~~~~~~~~~~~~~[0m
    Error occurs in the template of component PickupDetailTaskPage.


Error: [96msrc/app/pickup-detail-task/pickup-detail-task.page.html[0m:[93m48[0m:[93m84[0m - [91merror[0m[90m TS2339: [0mProperty 'shipping_remark' does not exist on type '{}'.

[7m48[0m           <ion-col size="7" style="padding-bottom:0;"><h3 class="desc">{{riderList.shipping_remark?riderList.shipping_remark:'-'}}</h3></ion-col>
[7m  [0m [91m                                                                                   ~~~~~~~~~~~~~~~[0m

  [96msrc/app/pickup-detail-task/pickup-detail-task.page.ts[0m:[93m22[0m:[93m15[0m
    [7m22[0m  templateUrl: "./pickup-detail-task.page.html",
    [7m  [0m [96m              ~~~~~~~~~~~~~~~~~~~~~~~~~~~~~~~~[0m
    Error occurs in the template of component PickupDetailTaskPage.


Error: [96msrc/app/pickup-detail-task/pickup-detail-task.page.html[0m:[93m48[0m:[93m110[0m - [91merror[0m[90m TS2339: [0mProperty 'shipping_remark' does not exist on type '{}'.

[7m48[0m           <ion-col size="7" style="padding-bottom:0;"><h3 class="desc">{{riderList.shipping_remark?riderList.shipping_remark:'-'}}</h3></ion-col>
[7m  [0m [91m                                                                                                             ~~~~~~~~~~~~~~~[0m

  [96msrc/app/pickup-detail-task/pickup-detail-task.page.ts[0m:[93m22[0m:[93m15[0m
    [7m22[0m  templateUrl: "./pickup-detail-task.page.html",
    [7m  [0m [96m              ~~~~~~~~~~~~~~~~~~~~~~~~~~~~~~~~[0m
    Error occurs in the template of component PickupDetailTaskPage.


Error: [96msrc/app/pickup-detail-task/pickup-detail-task.page.html[0m:[93m50[0m:[93m66[0m - [91merror[0m[90m TS2339: [0mProperty 'service_transport' does not exist on type '{}'.

[7m50[0m         <ion-row class="ion-align-items-center" *ngIf="riderList.service_transport && riderList.service_transport!='null'">
[7m  [0m [91m                                                                 ~~~~~~~~~~~~~~~~~[0m

  [96msrc/app/pickup-detail-task/pickup-detail-task.page.ts[0m:[93m22[0m:[93m15[0m
    [7m22[0m  templateUrl: "./pickup-detail-task.page.html",
    [7m  [0m [96m              ~~~~~~~~~~~~~~~~~~~~~~~~~~~~~~~~[0m
    Error occurs in the template of component PickupDetailTaskPage.


Error: [96msrc/app/pickup-detail-task/pickup-detail-task.page.html[0m:[93m50[0m:[93m97[0m - [91merror[0m[90m TS2339: [0mProperty 'service_transport' does not exist on type '{}'.

[7m50[0m         <ion-row class="ion-align-items-center" *ngIf="riderList.service_transport && riderList.service_transport!='null'">
[7m  [0m [91m                                                                                                ~~~~~~~~~~~~~~~~~[0m

  [96msrc/app/pickup-detail-task/pickup-detail-task.page.ts[0m:[93m22[0m:[93m15[0m
    [7m22[0m  templateUrl: "./pickup-detail-task.page.html",
    [7m  [0m [96m              ~~~~~~~~~~~~~~~~~~~~~~~~~~~~~~~~[0m
    Error occurs in the template of component PickupDetailTaskPage.


Error: [96msrc/app/pickup-detail-task/pickup-detail-task.page.html[0m:[93m52[0m:[93m84[0m - [91merror[0m[90m TS2339: [0mProperty 'service_transport' does not exist on type '{}'.

[7m52[0m           <ion-col size="7" style="padding-bottom:0;"><h3 class="desc">{{riderList.service_transport}}</h3></ion-col>
[7m  [0m [91m                                                                                   ~~~~~~~~~~~~~~~~~[0m

  [96msrc/app/pickup-detail-task/pickup-detail-task.page.ts[0m:[93m22[0m:[93m15[0m
    [7m22[0m  templateUrl: "./pickup-detail-task.page.html",
    [7m  [0m [96m              ~~~~~~~~~~~~~~~~~~~~~~~~~~~~~~~~[0m
    Error occurs in the template of component PickupDetailTaskPage.


Error: [96msrc/app/pickup-detail-task/pickup-detail-task.page.html[0m:[93m59[0m:[93m66[0m - [91merror[0m[90m TS2339: [0mProperty 'unit_qty' does not exist on type '{}'.

[7m59[0m         <ion-row class="ion-align-items-center" *ngIf="riderList.unit_qty && riderList.unit_qty!='null'">
[7m  [0m [91m                                                                 ~~~~~~~~[0m

  [96msrc/app/pickup-detail-task/pickup-detail-task.page.ts[0m:[93m22[0m:[93m15[0m
    [7m22[0m  templateUrl: "./pickup-detail-task.page.html",
    [7m  [0m [96m              ~~~~~~~~~~~~~~~~~~~~~~~~~~~~~~~~[0m
    Error occurs in the template of component PickupDetailTaskPage.


Error: [96msrc/app/pickup-detail-task/pickup-detail-task.page.html[0m:[93m59[0m:[93m88[0m - [91merror[0m[90m TS2339: [0mProperty 'unit_qty' does not exist on type '{}'.

[7m59[0m         <ion-row class="ion-align-items-center" *ngIf="riderList.unit_qty && riderList.unit_qty!='null'">
[7m  [0m [91m                                                                                       ~~~~~~~~[0m

  [96msrc/app/pickup-detail-task/pickup-detail-task.page.ts[0m:[93m22[0m:[93m15[0m
    [7m22[0m  templateUrl: "./pickup-detail-task.page.html",
    [7m  [0m [96m              ~~~~~~~~~~~~~~~~~~~~~~~~~~~~~~~~[0m
    Error occurs in the template of component PickupDetailTaskPage.


Error: [96msrc/app/pickup-detail-task/pickup-detail-task.page.html[0m:[93m61[0m:[93m84[0m - [91merror[0m[90m TS2339: [0mProperty 'unit_qty' does not exist on type '{}'.

[7m61[0m           <ion-col size="7" style="padding-bottom:0;"><h3 class="desc">{{riderList.unit_qty}} Carton</h3></ion-col>
[7m  [0m [91m                                                                                   ~~~~~~~~[0m

  [96msrc/app/pickup-detail-task/pickup-detail-task.page.ts[0m:[93m22[0m:[93m15[0m
    [7m22[0m  templateUrl: "./pickup-detail-task.page.html",
    [7m  [0m [96m              ~~~~~~~~~~~~~~~~~~~~~~~~~~~~~~~~[0m
    Error occurs in the template of component PickupDetailTaskPage.


Error: [96msrc/app/pickup-detail-task/pickup-detail-task.page.html[0m:[93m63[0m:[93m66[0m - [91merror[0m[90m TS2339: [0mProperty 'service_UOM' does not exist on type '{}'.

[7m63[0m         <ion-row class="ion-align-items-center" *ngIf="riderList.service_UOM && riderList.service_UOM!='null'">
[7m  [0m [91m                                                                 ~~~~~~~~~~~[0m

  [96msrc/app/pickup-detail-task/pickup-detail-task.page.ts[0m:[93m22[0m:[93m15[0m
    [7m22[0m  templateUrl: "./pickup-detail-task.page.html",
    [7m  [0m [96m              ~~~~~~~~~~~~~~~~~~~~~~~~~~~~~~~~[0m
    Error occurs in the template of component PickupDetailTaskPage.


Error: [96msrc/app/pickup-detail-task/pickup-detail-task.page.html[0m:[93m63[0m:[93m91[0m - [91merror[0m[90m TS2339: [0mProperty 'service_UOM' does not exist on type '{}'.

[7m63[0m         <ion-row class="ion-align-items-center" *ngIf="riderList.service_UOM && riderList.service_UOM!='null'">
[7m  [0m [91m                                                                                          ~~~~~~~~~~~[0m

  [96msrc/app/pickup-detail-task/pickup-detail-task.page.ts[0m:[93m22[0m:[93m15[0m
    [7m22[0m  templateUrl: "./pickup-detail-task.page.html",
    [7m  [0m [96m              ~~~~~~~~~~~~~~~~~~~~~~~~~~~~~~~~[0m
    Error occurs in the template of component PickupDetailTaskPage.


Error: [96msrc/app/pickup-detail-task/pickup-detail-task.page.html[0m:[93m65[0m:[93m84[0m - [91merror[0m[90m TS2339: [0mProperty 'service_UOM' does not exist on type '{}'.

[7m65[0m           <ion-col size="7" style="padding-bottom:0;"><h3 class="desc">{{riderList.service_UOM}}</h3></ion-col>
[7m  [0m [91m                                                                                   ~~~~~~~~~~~[0m

  [96msrc/app/pickup-detail-task/pickup-detail-task.page.ts[0m:[93m22[0m:[93m15[0m
    [7m22[0m  templateUrl: "./pickup-detail-task.page.html",
    [7m  [0m [96m              ~~~~~~~~~~~~~~~~~~~~~~~~~~~~~~~~[0m
    Error occurs in the template of component PickupDetailTaskPage.


Error: [96msrc/app/pickup-detail-task/pickup-detail-task.page.html[0m:[93m67[0m:[93m66[0m - [91merror[0m[90m TS2339: [0mProperty 'weight' does not exist on type '{}'.

[7m67[0m         <ion-row class="ion-align-items-center" *ngIf="riderList.weight && riderList.weight!='null'">
[7m  [0m [91m                                                                 ~~~~~~[0m

  [96msrc/app/pickup-detail-task/pickup-detail-task.page.ts[0m:[93m22[0m:[93m15[0m
    [7m22[0m  templateUrl: "./pickup-detail-task.page.html",
    [7m  [0m [96m              ~~~~~~~~~~~~~~~~~~~~~~~~~~~~~~~~[0m
    Error occurs in the template of component PickupDetailTaskPage.


Error: [96msrc/app/pickup-detail-task/pickup-detail-task.page.html[0m:[93m67[0m:[93m86[0m - [91merror[0m[90m TS2339: [0mProperty 'weight' does not exist on type '{}'.

[7m67[0m         <ion-row class="ion-align-items-center" *ngIf="riderList.weight && riderList.weight!='null'">
[7m  [0m [91m                                                                                     ~~~~~~[0m

  [96msrc/app/pickup-detail-task/pickup-detail-task.page.ts[0m:[93m22[0m:[93m15[0m
    [7m22[0m  templateUrl: "./pickup-detail-task.page.html",
    [7m  [0m [96m              ~~~~~~~~~~~~~~~~~~~~~~~~~~~~~~~~[0m
    Error occurs in the template of component PickupDetailTaskPage.


Error: [96msrc/app/pickup-detail-task/pickup-detail-task.page.html[0m:[93m69[0m:[93m84[0m - [91merror[0m[90m TS2339: [0mProperty 'weight' does not exist on type '{}'.

[7m69[0m           <ion-col size="7" style="padding-bottom:0;"><h3 class="desc">{{riderList.weight}}</h3></ion-col>
[7m  [0m [91m                                                                                   ~~~~~~[0m

  [96msrc/app/pickup-detail-task/pickup-detail-task.page.ts[0m:[93m22[0m:[93m15[0m
    [7m22[0m  templateUrl: "./pickup-detail-task.page.html",
    [7m  [0m [96m              ~~~~~~~~~~~~~~~~~~~~~~~~~~~~~~~~[0m
    Error occurs in the template of component PickupDetailTaskPage.


Error: [96msrc/app/pickup-detail-task/pickup-detail-task.page.html[0m:[93m89[0m:[93m86[0m - [91merror[0m[90m TS2339: [0mProperty 'sender_name' does not exist on type '{}'.

[7m89[0m             <ion-col size="7" style="padding-bottom:0;"><h3 class="desc">{{riderList.sender_name?riderList.sender_name:'-'}}</h3></ion-col>
[7m  [0m [91m                                                                                     ~~~~~~~~~~~[0m

  [96msrc/app/pickup-detail-task/pickup-detail-task.page.ts[0m:[93m22[0m:[93m15[0m
    [7m22[0m  templateUrl: "./pickup-detail-task.page.html",
    [7m  [0m [96m              ~~~~~~~~~~~~~~~~~~~~~~~~~~~~~~~~[0m
    Error occurs in the template of component PickupDetailTaskPage.


Error: [96msrc/app/pickup-detail-task/pickup-detail-task.page.html[0m:[93m89[0m:[93m108[0m - [91merror[0m[90m TS2339: [0mProperty 'sender_name' does not exist on type '{}'.

[7m89[0m             <ion-col size="7" style="padding-bottom:0;"><h3 class="desc">{{riderList.sender_name?riderList.sender_name:'-'}}</h3></ion-col>
[7m  [0m [91m                                                                                                           ~~~~~~~~~~~[0m

  [96msrc/app/pickup-detail-task/pickup-detail-task.page.ts[0m:[93m22[0m:[93m15[0m
    [7m22[0m  templateUrl: "./pickup-detail-task.page.html",
    [7m  [0m [96m              ~~~~~~~~~~~~~~~~~~~~~~~~~~~~~~~~[0m
    Error occurs in the template of component PickupDetailTaskPage.


Error: [96msrc/app/pickup-detail-task/pickup-detail-task.page.html[0m:[93m93[0m:[93m86[0m - [91merror[0m[90m TS2339: [0mProperty 'sender_email' does not exist on type '{}'.

[7m93[0m             <ion-col size="7" style="padding-bottom:0;"><h3 class="desc">{{riderList.sender_email?riderList.sender_email:'-'}}</h3></ion-col>
[7m  [0m [91m                                                                                     ~~~~~~~~~~~~[0m

  [96msrc/app/pickup-detail-task/pickup-detail-task.page.ts[0m:[93m22[0m:[93m15[0m
    [7m22[0m  templateUrl: "./pickup-detail-task.page.html",
    [7m  [0m [96m              ~~~~~~~~~~~~~~~~~~~~~~~~~~~~~~~~[0m
    Error occurs in the template of component PickupDetailTaskPage.


Error: [96msrc/app/pickup-detail-task/pickup-detail-task.page.html[0m:[93m93[0m:[93m109[0m - [91merror[0m[90m TS2339: [0mProperty 'sender_email' does not exist on type '{}'.

[7m93[0m             <ion-col size="7" style="padding-bottom:0;"><h3 class="desc">{{riderList.sender_email?riderList.sender_email:'-'}}</h3></ion-col>
[7m  [0m [91m                                                                                                            ~~~~~~~~~~~~[0m

  [96msrc/app/pickup-detail-task/pickup-detail-task.page.ts[0m:[93m22[0m:[93m15[0m
    [7m22[0m  templateUrl: "./pickup-detail-task.page.html",
    [7m  [0m [96m              ~~~~~~~~~~~~~~~~~~~~~~~~~~~~~~~~[0m
    Error occurs in the template of component PickupDetailTaskPage.


Error: [96msrc/app/pickup-detail-task/pickup-detail-task.page.html[0m:[93m97[0m:[93m101[0m - [91merror[0m[90m TS2339: [0mProperty 'sender_dial_code' does not exist on type '{}'.

[7m97[0m             <ion-col size="7" style="padding-bottom:0;"><h3 class="desc"><a href="tel://{{riderList.sender_dial_code?riderList.sender_dial_code:''}}{{riderList.sender_mobile?riderList.sender_mobile:'-'}}">{{riderList.sender_dial_code?riderList.sender_dial_code:''}}{{riderList.sender_mobile?riderList.sender_mobile:'-'}}</a></h3></ion-col>
[7m  [0m [91m                                                                                                    ~~~~~~~~~~~~~~~~[0m

  [96msrc/app/pickup-detail-task/pickup-detail-task.page.ts[0m:[93m22[0m:[93m15[0m
    [7m22[0m  templateUrl: "./pickup-detail-task.page.html",
    [7m  [0m [96m              ~~~~~~~~~~~~~~~~~~~~~~~~~~~~~~~~[0m
    Error occurs in the template of component PickupDetailTaskPage.


Error: [96msrc/app/pickup-detail-task/pickup-detail-task.page.html[0m:[93m97[0m:[93m128[0m - [91merror[0m[90m TS2339: [0mProperty 'sender_dial_code' does not exist on type '{}'.

[7m97[0m             <ion-col size="7" style="padding-bottom:0;"><h3 class="desc"><a href="tel://{{riderList.sender_dial_code?riderList.sender_dial_code:''}}{{riderList.sender_mobile?riderList.sender_mobile:'-'}}">{{riderList.sender_dial_code?riderList.sender_dial_code:''}}{{riderList.sender_mobile?riderList.sender_mobile:'-'}}</a></h3></ion-col>
[7m  [0m [91m                                                                                                                               ~~~~~~~~~~~~~~~~[0m

  [96msrc/app/pickup-detail-task/pickup-detail-task.page.ts[0m:[93m22[0m:[93m15[0m
    [7m22[0m  templateUrl: "./pickup-detail-task.page.html",
    [7m  [0m [96m              ~~~~~~~~~~~~~~~~~~~~~~~~~~~~~~~~[0m
    Error occurs in the template of component PickupDetailTaskPage.


Error: [96msrc/app/pickup-detail-task/pickup-detail-task.page.html[0m:[93m97[0m:[93m161[0m - [91merror[0m[90m TS2339: [0mProperty 'sender_mobile' does not exist on type '{}'.

[7m97[0m             <ion-col size="7" style="padding-bottom:0;"><h3 class="desc"><a href="tel://{{riderList.sender_dial_code?riderList.sender_dial_code:''}}{{riderList.sender_mobile?riderList.sender_mobile:'-'}}">{{riderList.sender_dial_code?riderList.sender_dial_code:''}}{{riderList.sender_mobile?riderList.sender_mobile:'-'}}</a></h3></ion-col>
[7m  [0m [91m                                                                                                                                                                ~~~~~~~~~~~~~[0m

  [96msrc/app/pickup-detail-task/pickup-detail-task.page.ts[0m:[93m22[0m:[93m15[0m
    [7m22[0m  templateUrl: "./pickup-detail-task.page.html",
    [7m  [0m [96m              ~~~~~~~~~~~~~~~~~~~~~~~~~~~~~~~~[0m
    Error occurs in the template of component PickupDetailTaskPage.


Error: [96msrc/app/pickup-detail-task/pickup-detail-task.page.html[0m:[93m97[0m:[93m185[0m - [91merror[0m[90m TS2339: [0mProperty 'sender_mobile' does not exist on type '{}'.

[7m97[0m             <ion-col size="7" style="padding-bottom:0;"><h3 class="desc"><a href="tel://{{riderList.sender_dial_code?riderList.sender_dial_code:''}}{{riderList.sender_mobile?riderList.sender_mobile:'-'}}">{{riderList.sender_dial_code?riderList.sender_dial_code:''}}{{riderList.sender_mobile?riderList.sender_mobile:'-'}}</a></h3></ion-col>
[7m  [0m [91m                                                                                                                                                                                        ~~~~~~~~~~~~~[0m

  [96msrc/app/pickup-detail-task/pickup-detail-task.page.ts[0m:[93m22[0m:[93m15[0m
    [7m22[0m  templateUrl: "./pickup-detail-task.page.html",
    [7m  [0m [96m              ~~~~~~~~~~~~~~~~~~~~~~~~~~~~~~~~[0m
    Error occurs in the template of component PickupDetailTaskPage.


Error: [96msrc/app/pickup-detail-task/pickup-detail-task.page.html[0m:[93m97[0m:[93m218[0m - [91merror[0m[90m TS2339: [0mProperty 'sender_dial_code' does not exist on type '{}'.

[7m97[0m             <ion-col size="7" style="padding-bottom:0;"><h3 class="desc"><a href="tel://{{riderList.sender_dial_code?riderList.sender_dial_code:''}}{{riderList.sender_mobile?riderList.sender_mobile:'-'}}">{{riderList.sender_dial_code?riderList.sender_dial_code:''}}{{riderList.sender_mobile?riderList.sender_mobile:'-'}}</a></h3></ion-col>
[7m  [0m [91m                                                                                                                                                                                                                         ~~~~~~~~~~~~~~~~[0m

  [96msrc/app/pickup-detail-task/pickup-detail-task.page.ts[0m:[93m22[0m:[93m15[0m
    [7m22[0m  templateUrl: "./pickup-detail-task.page.html",
    [7m  [0m [96m              ~~~~~~~~~~~~~~~~~~~~~~~~~~~~~~~~[0m
    Error occurs in the template of component PickupDetailTaskPage.


Error: [96msrc/app/pickup-detail-task/pickup-detail-task.page.html[0m:[93m97[0m:[93m245[0m - [91merror[0m[90m TS2339: [0mProperty 'sender_dial_code' does not exist on type '{}'.

[7m97[0m             <ion-col size="7" style="padding-bottom:0;"><h3 class="desc"><a href="tel://{{riderList.sender_dial_code?riderList.sender_dial_code:''}}{{riderList.sender_mobile?riderList.sender_mobile:'-'}}">{{riderList.sender_dial_code?riderList.sender_dial_code:''}}{{riderList.sender_mobile?riderList.sender_mobile:'-'}}</a></h3></ion-col>
[7m  [0m [91m                                                                                                                                                                                                                                                    ~~~~~~~~~~~~~~~~[0m

  [96msrc/app/pickup-detail-task/pickup-detail-task.page.ts[0m:[93m22[0m:[93m15[0m
    [7m22[0m  templateUrl: "./pickup-detail-task.page.html",
    [7m  [0m [96m              ~~~~~~~~~~~~~~~~~~~~~~~~~~~~~~~~[0m
    Error occurs in the template of component PickupDetailTaskPage.


Error: [96msrc/app/pickup-detail-task/pickup-detail-task.page.html[0m:[93m97[0m:[93m278[0m - [91merror[0m[90m TS2339: [0mProperty 'sender_mobile' does not exist on type '{}'.

[7m97[0m             <ion-col size="7" style="padding-bottom:0;"><h3 class="desc"><a href="tel://{{riderList.sender_dial_code?riderList.sender_dial_code:''}}{{riderList.sender_mobile?riderList.sender_mobile:'-'}}">{{riderList.sender_dial_code?riderList.sender_dial_code:''}}{{riderList.sender_mobile?riderList.sender_mobile:'-'}}</a></h3></ion-col>
[7m  [0m [91m                                                                                                                                                                                                                                                                                     ~~~~~~~~~~~~~[0m

  [96msrc/app/pickup-detail-task/pickup-detail-task.page.ts[0m:[93m22[0m:[93m15[0m
    [7m22[0m  templateUrl: "./pickup-detail-task.page.html",
    [7m  [0m [96m              ~~~~~~~~~~~~~~~~~~~~~~~~~~~~~~~~[0m
    Error occurs in the template of component PickupDetailTaskPage.


Error: [96msrc/app/pickup-detail-task/pickup-detail-task.page.html[0m:[93m97[0m:[93m302[0m - [91merror[0m[90m TS2339: [0mProperty 'sender_mobile' does not exist on type '{}'.

[7m97[0m             <ion-col size="7" style="padding-bottom:0;"><h3 class="desc"><a href="tel://{{riderList.sender_dial_code?riderList.sender_dial_code:''}}{{riderList.sender_mobile?riderList.sender_mobile:'-'}}">{{riderList.sender_dial_code?riderList.sender_dial_code:''}}{{riderList.sender_mobile?riderList.sender_mobile:'-'}}</a></h3></ion-col>
[7m  [0m [91m                                                                                                                                                                                                                                                                                                             ~~~~~~~~~~~~~[0m

  [96msrc/app/pickup-detail-task/pickup-detail-task.page.ts[0m:[93m22[0m:[93m15[0m
    [7m22[0m  templateUrl: "./pickup-detail-task.page.html",
    [7m  [0m [96m              ~~~~~~~~~~~~~~~~~~~~~~~~~~~~~~~~[0m
    Error occurs in the template of component PickupDetailTaskPage.


Error: [96msrc/app/pickup-detail-task/pickup-detail-task.page.html[0m:[93m101[0m:[93m136[0m - [91merror[0m[90m TS2339: [0mProperty 'sender_address1' does not exist on type '{}'.

[7m101[0m           <ion-col size="7" style="padding-bottom:0;"><h3 class="desc"><a target="_blank" href="https://maps.google.com/?q={{riderList.sender_address1}}+{{riderList.sender_address2}}+{{riderList.sender_postcode}}+ {{riderList.sender_city}}+ {{riderList.sender_state}} +{{riderList.sender_country}}">{{riderList.sender_address1}}{{riderList.sender_address2}} {{riderList.sender_postcode}} {{riderList.sender_city}} {{riderList.sender_state}} {{riderList.sender_country}}</a></h3></ion-col>
[7m   [0m [91m                                                                                                                                       ~~~~~~~~~~~~~~~[0m

  [96msrc/app/pickup-detail-task/pickup-detail-task.page.ts[0m:[93m22[0m:[93m15[0m
    [7m22[0m  templateUrl: "./pickup-detail-task.page.html",
    [7m  [0m [96m              ~~~~~~~~~~~~~~~~~~~~~~~~~~~~~~~~[0m
    Error occurs in the template of component PickupDetailTaskPage.


Error: [96msrc/app/pickup-detail-task/pickup-detail-task.page.html[0m:[93m101[0m:[93m166[0m - [91merror[0m[90m TS2339: [0mProperty 'sender_address2' does not exist on type '{}'.

[7m101[0m           <ion-col size="7" style="padding-bottom:0;"><h3 class="desc"><a target="_blank" href="https://maps.google.com/?q={{riderList.sender_address1}}+{{riderList.sender_address2}}+{{riderList.sender_postcode}}+ {{riderList.sender_city}}+ {{riderList.sender_state}} +{{riderList.sender_country}}">{{riderList.sender_address1}}{{riderList.sender_address2}} {{riderList.sender_postcode}} {{riderList.sender_city}} {{riderList.sender_state}} {{riderList.sender_country}}</a></h3></ion-col>
[7m   [0m [91m                                                                                                                                                                     ~~~~~~~~~~~~~~~[0m

  [96msrc/app/pickup-detail-task/pickup-detail-task.page.ts[0m:[93m22[0m:[93m15[0m
    [7m22[0m  templateUrl: "./pickup-detail-task.page.html",
    [7m  [0m [96m              ~~~~~~~~~~~~~~~~~~~~~~~~~~~~~~~~[0m
    Error occurs in the template of component PickupDetailTaskPage.


Error: [96msrc/app/pickup-detail-task/pickup-detail-task.page.html[0m:[93m101[0m:[93m196[0m - [91merror[0m[90m TS2339: [0mProperty 'sender_postcode' does not exist on type '{}'.

[7m101[0m           <ion-col size="7" style="padding-bottom:0;"><h3 class="desc"><a target="_blank" href="https://maps.google.com/?q={{riderList.sender_address1}}+{{riderList.sender_address2}}+{{riderList.sender_postcode}}+ {{riderList.sender_city}}+ {{riderList.sender_state}} +{{riderList.sender_country}}">{{riderList.sender_address1}}{{riderList.sender_address2}} {{riderList.sender_postcode}} {{riderList.sender_city}} {{riderList.sender_state}} {{riderList.sender_country}}</a></h3></ion-col>
[7m   [0m [91m                                                                                                                                                                                                   ~~~~~~~~~~~~~~~[0m

  [96msrc/app/pickup-detail-task/pickup-detail-task.page.ts[0m:[93m22[0m:[93m15[0m
    [7m22[0m  templateUrl: "./pickup-detail-task.page.html",
    [7m  [0m [96m              ~~~~~~~~~~~~~~~~~~~~~~~~~~~~~~~~[0m
    Error occurs in the template of component PickupDetailTaskPage.


Error: [96msrc/app/pickup-detail-task/pickup-detail-task.page.html[0m:[93m101[0m:[93m227[0m - [91merror[0m[90m TS2339: [0mProperty 'sender_city' does not exist on type '{}'.

[7m101[0m           <ion-col size="7" style="padding-bottom:0;"><h3 class="desc"><a target="_blank" href="https://maps.google.com/?q={{riderList.sender_address1}}+{{riderList.sender_address2}}+{{riderList.sender_postcode}}+ {{riderList.sender_city}}+ {{riderList.sender_state}} +{{riderList.sender_country}}">{{riderList.sender_address1}}{{riderList.sender_address2}} {{riderList.sender_postcode}} {{riderList.sender_city}} {{riderList.sender_state}} {{riderList.sender_country}}</a></h3></ion-col>
[7m   [0m [91m                                                                                                                                                                                                                                  ~~~~~~~~~~~[0m

  [96msrc/app/pickup-detail-task/pickup-detail-task.page.ts[0m:[93m22[0m:[93m15[0m
    [7m22[0m  templateUrl: "./pickup-detail-task.page.html",
    [7m  [0m [96m              ~~~~~~~~~~~~~~~~~~~~~~~~~~~~~~~~[0m
    Error occurs in the template of component PickupDetailTaskPage.


Error: [96msrc/app/pickup-detail-task/pickup-detail-task.page.html[0m:[93m101[0m:[93m254[0m - [91merror[0m[90m TS2339: [0mProperty 'sender_state' does not exist on type '{}'.

[7m101[0m           <ion-col size="7" style="padding-bottom:0;"><h3 class="desc"><a target="_blank" href="https://maps.google.com/?q={{riderList.sender_address1}}+{{riderList.sender_address2}}+{{riderList.sender_postcode}}+ {{riderList.sender_city}}+ {{riderList.sender_state}} +{{riderList.sender_country}}">{{riderList.sender_address1}}{{riderList.sender_address2}} {{riderList.sender_postcode}} {{riderList.sender_city}} {{riderList.sender_state}} {{riderList.sender_country}}</a></h3></ion-col>
[7m   [0m [91m                                                                                                                                                                                                                                                             ~~~~~~~~~~~~[0m

  [96msrc/app/pickup-detail-task/pickup-detail-task.page.ts[0m:[93m22[0m:[93m15[0m
    [7m22[0m  templateUrl: "./pickup-detail-task.page.html",
    [7m  [0m [96m              ~~~~~~~~~~~~~~~~~~~~~~~~~~~~~~~~[0m
    Error occurs in the template of component PickupDetailTaskPage.


Error: [96msrc/app/pickup-detail-task/pickup-detail-task.page.html[0m:[93m101[0m:[93m282[0m - [91merror[0m[90m TS2339: [0mProperty 'sender_country' does not exist on type '{}'.

[7m101[0m           <ion-col size="7" style="padding-bottom:0;"><h3 class="desc"><a target="_blank" href="https://maps.google.com/?q={{riderList.sender_address1}}+{{riderList.sender_address2}}+{{riderList.sender_postcode}}+ {{riderList.sender_city}}+ {{riderList.sender_state}} +{{riderList.sender_country}}">{{riderList.sender_address1}}{{riderList.sender_address2}} {{riderList.sender_postcode}} {{riderList.sender_city}} {{riderList.sender_state}} {{riderList.sender_country}}</a></h3></ion-col>
[7m   [0m [91m                                                                                                                                                                                                                                                                                         ~~~~~~~~~~~~~~[0m

  [96msrc/app/pickup-detail-task/pickup-detail-task.page.ts[0m:[93m22[0m:[93m15[0m
    [7m22[0m  templateUrl: "./pickup-detail-task.page.html",
    [7m  [0m [96m              ~~~~~~~~~~~~~~~~~~~~~~~~~~~~~~~~[0m
    Error occurs in the template of component PickupDetailTaskPage.


Error: [96msrc/app/pickup-detail-task/pickup-detail-task.page.html[0m:[93m101[0m:[93m312[0m - [91merror[0m[90m TS2339: [0mProperty 'sender_address1' does not exist on type '{}'.

[7m101[0m           <ion-col size="7" style="padding-bottom:0;"><h3 class="desc"><a target="_blank" href="https://maps.google.com/?q={{riderList.sender_address1}}+{{riderList.sender_address2}}+{{riderList.sender_postcode}}+ {{riderList.sender_city}}+ {{riderList.sender_state}} +{{riderList.sender_country}}">{{riderList.sender_address1}}{{riderList.sender_address2}} {{riderList.sender_postcode}} {{riderList.sender_city}} {{riderList.sender_state}} {{riderList.sender_country}}</a></h3></ion-col>
[7m   [0m [91m                                                                                                                                                                                                                                                                                                                       ~~~~~~~~~~~~~~~[0m

  [96msrc/app/pickup-detail-task/pickup-detail-task.page.ts[0m:[93m22[0m:[93m15[0m
    [7m22[0m  templateUrl: "./pickup-detail-task.page.html",
    [7m  [0m [96m              ~~~~~~~~~~~~~~~~~~~~~~~~~~~~~~~~[0m
    Error occurs in the template of component PickupDetailTaskPage.


Error: [96msrc/app/pickup-detail-task/pickup-detail-task.page.html[0m:[93m101[0m:[93m341[0m - [91merror[0m[90m TS2339: [0mProperty 'sender_address2' does not exist on type '{}'.

[7m101[0m           <ion-col size="7" style="padding-bottom:0;"><h3 class="desc"><a target="_blank" href="https://maps.google.com/?q={{riderList.sender_address1}}+{{riderList.sender_address2}}+{{riderList.sender_postcode}}+ {{riderList.sender_city}}+ {{riderList.sender_state}} +{{riderList.sender_country}}">{{riderList.sender_address1}}{{riderList.sender_address2}} {{riderList.sender_postcode}} {{riderList.sender_city}} {{riderList.sender_state}} {{riderList.sender_country}}</a></h3></ion-col>
[7m   [0m [91m                                                                                                                                                                                                                                                                                                                                                    ~~~~~~~~~~~~~~~[0m

  [96msrc/app/pickup-detail-task/pickup-detail-task.page.ts[0m:[93m22[0m:[93m15[0m
    [7m22[0m  templateUrl: "./pickup-detail-task.page.html",
    [7m  [0m [96m              ~~~~~~~~~~~~~~~~~~~~~~~~~~~~~~~~[0m
    Error occurs in the template of component PickupDetailTaskPage.


Error: [96msrc/app/pickup-detail-task/pickup-detail-task.page.html[0m:[93m101[0m:[93m371[0m - [91merror[0m[90m TS2339: [0mProperty 'sender_postcode' does not exist on type '{}'.

[7m101[0m           <ion-col size="7" style="padding-bottom:0;"><h3 class="desc"><a target="_blank" href="https://maps.google.com/?q={{riderList.sender_address1}}+{{riderList.sender_address2}}+{{riderList.sender_postcode}}+ {{riderList.sender_city}}+ {{riderList.sender_state}} +{{riderList.sender_country}}">{{riderList.sender_address1}}{{riderList.sender_address2}} {{riderList.sender_postcode}} {{riderList.sender_city}} {{riderList.sender_state}} {{riderList.sender_country}}</a></h3></ion-col>
[7m   [0m [91m                                                                                                                                                                                                                                                                                                                                                                                  ~~~~~~~~~~~~~~~[0m

  [96msrc/app/pickup-detail-task/pickup-detail-task.page.ts[0m:[93m22[0m:[93m15[0m
    [7m22[0m  templateUrl: "./pickup-detail-task.page.html",
    [7m  [0m [96m              ~~~~~~~~~~~~~~~~~~~~~~~~~~~~~~~~[0m
    Error occurs in the template of component PickupDetailTaskPage.


Error: [96msrc/app/pickup-detail-task/pickup-detail-task.page.html[0m:[93m101[0m:[93m401[0m - [91merror[0m[90m TS2339: [0mProperty 'sender_city' does not exist on type '{}'.

[7m101[0m           <ion-col size="7" style="padding-bottom:0;"><h3 class="desc"><a target="_blank" href="https://maps.google.com/?q={{riderList.sender_address1}}+{{riderList.sender_address2}}+{{riderList.sender_postcode}}+ {{riderList.sender_city}}+ {{riderList.sender_state}} +{{riderList.sender_country}}">{{riderList.sender_address1}}{{riderList.sender_address2}} {{riderList.sender_postcode}} {{riderList.sender_city}} {{riderList.sender_state}} {{riderList.sender_country}}</a></h3></ion-col>
[7m   [0m [91m                                                                                                                                                                                                                                                                                                                                                                                                                ~~~~~~~~~~~[0m

  [96msrc/app/pickup-detail-task/pickup-detail-task.page.ts[0m:[93m22[0m:[93m15[0m
    [7m22[0m  templateUrl: "./pickup-detail-task.page.html",
    [7m  [0m [96m              ~~~~~~~~~~~~~~~~~~~~~~~~~~~~~~~~[0m
    Error occurs in the template of component PickupDetailTaskPage.


Error: [96msrc/app/pickup-detail-task/pickup-detail-task.page.html[0m:[93m101[0m:[93m427[0m - [91merror[0m[90m TS2339: [0mProperty 'sender_state' does not exist on type '{}'.

[7m101[0m           <ion-col size="7" style="padding-bottom:0;"><h3 class="desc"><a target="_blank" href="https://maps.google.com/?q={{riderList.sender_address1}}+{{riderList.sender_address2}}+{{riderList.sender_postcode}}+ {{riderList.sender_city}}+ {{riderList.sender_state}} +{{riderList.sender_country}}">{{riderList.sender_address1}}{{riderList.sender_address2}} {{riderList.sender_postcode}} {{riderList.sender_city}} {{riderList.sender_state}} {{riderList.sender_country}}</a></h3></ion-col>
[7m   [0m [91m                                                                                                                                                                                                                                                                                                                                                                                                                                          ~~~~~~~~~~~~[0m

  [96msrc/app/pickup-detail-task/pickup-detail-task.page.ts[0m:[93m22[0m:[93m15[0m
    [7m22[0m  templateUrl: "./pickup-detail-task.page.html",
    [7m  [0m [96m              ~~~~~~~~~~~~~~~~~~~~~~~~~~~~~~~~[0m
    Error occurs in the template of component PickupDetailTaskPage.


Error: [96msrc/app/pickup-detail-task/pickup-detail-task.page.html[0m:[93m101[0m:[93m454[0m - [91merror[0m[90m TS2339: [0mProperty 'sender_country' does not exist on type '{}'.

[7m101[0m           <ion-col size="7" style="padding-bottom:0;"><h3 class="desc"><a target="_blank" href="https://maps.google.com/?q={{riderList.sender_address1}}+{{riderList.sender_address2}}+{{riderList.sender_postcode}}+ {{riderList.sender_city}}+ {{riderList.sender_state}} +{{riderList.sender_country}}">{{riderList.sender_address1}}{{riderList.sender_address2}} {{riderList.sender_postcode}} {{riderList.sender_city}} {{riderList.sender_state}} {{riderList.sender_country}}</a></h3></ion-col>
[7m   [0m [91m                                                                                                                                                                                                                                                                                                                                                                                                                                                                     ~~~~~~~~~~~~~~[0m

  [96msrc/app/pickup-detail-task/pickup-detail-task.page.ts[0m:[93m22[0m:[93m15[0m
    [7m22[0m  templateUrl: "./pickup-detail-task.page.html",
    [7m  [0m [96m              ~~~~~~~~~~~~~~~~~~~~~~~~~~~~~~~~[0m
    Error occurs in the template of component PickupDetailTaskPage.


Error: [96msrc/app/pickup-detail-task/pickup-detail-task.page.html[0m:[93m121[0m:[93m86[0m - [91merror[0m[90m TS2339: [0mProperty 'recipient_name' does not exist on type '{}'.

[7m121[0m             <ion-col size="7" style="padding-bottom:0;"><h3 class="desc">{{riderList.recipient_name}}</h3></ion-col>
[7m   [0m [91m                                                                                     ~~~~~~~~~~~~~~[0m

  [96msrc/app/pickup-detail-task/pickup-detail-task.page.ts[0m:[93m22[0m:[93m15[0m
    [7m22[0m  templateUrl: "./pickup-detail-task.page.html",
    [7m  [0m [96m              ~~~~~~~~~~~~~~~~~~~~~~~~~~~~~~~~[0m
    Error occurs in the template of component PickupDetailTaskPage.


Error: [96msrc/app/pickup-detail-task/pickup-detail-task.page.html[0m:[93m125[0m:[93m86[0m - [91merror[0m[90m TS2339: [0mProperty 'recipient_email' does not exist on type '{}'.

[7m125[0m             <ion-col size="7" style="padding-bottom:0;"><h3 class="desc">{{riderList.recipient_email}}</h3></ion-col>
[7m   [0m [91m                                                                                     ~~~~~~~~~~~~~~~[0m

  [96msrc/app/pickup-detail-task/pickup-detail-task.page.ts[0m:[93m22[0m:[93m15[0m
    [7m22[0m  templateUrl: "./pickup-detail-task.page.html",
    [7m  [0m [96m              ~~~~~~~~~~~~~~~~~~~~~~~~~~~~~~~~[0m
    Error occurs in the template of component PickupDetailTaskPage.


Error: [96msrc/app/pickup-detail-task/pickup-detail-task.page.html[0m:[93m129[0m:[93m101[0m - [91merror[0m[90m TS2339: [0mProperty 'recipient_dial_code' does not exist on type '{}'.

[7m129[0m             <ion-col size="7" style="padding-bottom:0;"><h3 class="desc"><a href="tel://{{riderList.recipient_dial_code}}{{riderList.recipient_mobile}}" target="_blank">{{riderList.recipient_dial_code}}{{riderList.recipient_mobile}}</a></h3></ion-col>
[7m   [0m [91m                                                                                                    ~~~~~~~~~~~~~~~~~~~[0m

  [96msrc/app/pickup-detail-task/pickup-detail-task.page.ts[0m:[93m22[0m:[93m15[0m
    [7m22[0m  templateUrl: "./pickup-detail-task.page.html",
    [7m  [0m [96m              ~~~~~~~~~~~~~~~~~~~~~~~~~~~~~~~~[0m
    Error occurs in the template of component PickupDetailTaskPage.


Error: [96msrc/app/pickup-detail-task/pickup-detail-task.page.html[0m:[93m129[0m:[93m134[0m - [91merror[0m[90m TS2339: [0mProperty 'recipient_mobile' does not exist on type '{}'.

[7m129[0m             <ion-col size="7" style="padding-bottom:0;"><h3 class="desc"><a href="tel://{{riderList.recipient_dial_code}}{{riderList.recipient_mobile}}" target="_blank">{{riderList.recipient_dial_code}}{{riderList.recipient_mobile}}</a></h3></ion-col>
[7m   [0m [91m                                                                                                                                     ~~~~~~~~~~~~~~~~[0m

  [96msrc/app/pickup-detail-task/pickup-detail-task.page.ts[0m:[93m22[0m:[93m15[0m
    [7m22[0m  templateUrl: "./pickup-detail-task.page.html",
    [7m  [0m [96m              ~~~~~~~~~~~~~~~~~~~~~~~~~~~~~~~~[0m
    Error occurs in the template of component PickupDetailTaskPage.


Error: [96msrc/app/pickup-detail-task/pickup-detail-task.page.html[0m:[93m129[0m:[93m182[0m - [91merror[0m[90m TS2339: [0mProperty 'recipient_dial_code' does not exist on type '{}'.

[7m129[0m             <ion-col size="7" style="padding-bottom:0;"><h3 class="desc"><a href="tel://{{riderList.recipient_dial_code}}{{riderList.recipient_mobile}}" target="_blank">{{riderList.recipient_dial_code}}{{riderList.recipient_mobile}}</a></h3></ion-col>
[7m   [0m [91m                                                                                                                                                                                     ~~~~~~~~~~~~~~~~~~~[0m

  [96msrc/app/pickup-detail-task/pickup-detail-task.page.ts[0m:[93m22[0m:[93m15[0m
    [7m22[0m  templateUrl: "./pickup-detail-task.page.html",
    [7m  [0m [96m              ~~~~~~~~~~~~~~~~~~~~~~~~~~~~~~~~[0m
    Error occurs in the template of component PickupDetailTaskPage.


Error: [96msrc/app/pickup-detail-task/pickup-detail-task.page.html[0m:[93m129[0m:[93m215[0m - [91merror[0m[90m TS2339: [0mProperty 'recipient_mobile' does not exist on type '{}'.

[7m129[0m             <ion-col size="7" style="padding-bottom:0;"><h3 class="desc"><a href="tel://{{riderList.recipient_dial_code}}{{riderList.recipient_mobile}}" target="_blank">{{riderList.recipient_dial_code}}{{riderList.recipient_mobile}}</a></h3></ion-col>
[7m   [0m [91m                                                                                                                                                                                                                      ~~~~~~~~~~~~~~~~[0m

  [96msrc/app/pickup-detail-task/pickup-detail-task.page.ts[0m:[93m22[0m:[93m15[0m
    [7m22[0m  templateUrl: "./pickup-detail-task.page.html",
    [7m  [0m [96m              ~~~~~~~~~~~~~~~~~~~~~~~~~~~~~~~~[0m
    Error occurs in the template of component PickupDetailTaskPage.


Error: [96msrc/app/pickup-detail-task/pickup-detail-task.page.html[0m:[93m133[0m:[93m136[0m - [91merror[0m[90m TS2339: [0mProperty 'recipient_address1' does not exist on type '{}'.

[7m133[0m           <ion-col size="7" style="padding-bottom:0;"><h3 class="desc"><a target="_blank" href="https://maps.google.com/?q={{riderList.recipient_address1}} + {{riderList.recipient_address2}} + {{riderList.recipient_postcode}} + {{riderList.recipient_city}} + {{riderList.recipient_state}} + {{riderList.recipient_country}}">{{riderList.recipient_address1}} {{riderList.recipient_address2}} {{riderList.recipient_postcode}} {{riderList.recipient_city}} {{riderList.recipient_state}} {{riderList.recipient_country}}</a></h3></ion-col>
[7m   [0m [91m                                                                                                                                       ~~~~~~~~~~~~~~~~~~[0m

  [96msrc/app/pickup-detail-task/pickup-detail-task.page.ts[0m:[93m22[0m:[93m15[0m
    [7m22[0m  templateUrl: "./pickup-detail-task.page.html",
    [7m  [0m [96m              ~~~~~~~~~~~~~~~~~~~~~~~~~~~~~~~~[0m
    Error occurs in the template of component PickupDetailTaskPage.


Error: [96msrc/app/pickup-detail-task/pickup-detail-task.page.html[0m:[93m133[0m:[93m171[0m - [91merror[0m[90m TS2339: [0mProperty 'recipient_address2' does not exist on type '{}'.

[7m133[0m           <ion-col size="7" style="padding-bottom:0;"><h3 class="desc"><a target="_blank" href="https://maps.google.com/?q={{riderList.recipient_address1}} + {{riderList.recipient_address2}} + {{riderList.recipient_postcode}} + {{riderList.recipient_city}} + {{riderList.recipient_state}} + {{riderList.recipient_country}}">{{riderList.recipient_address1}} {{riderList.recipient_address2}} {{riderList.recipient_postcode}} {{riderList.recipient_city}} {{riderList.recipient_state}} {{riderList.recipient_country}}</a></h3></ion-col>
[7m   [0m [91m                                                                                                                                                                          ~~~~~~~~~~~~~~~~~~[0m

  [96msrc/app/pickup-detail-task/pickup-detail-task.page.ts[0m:[93m22[0m:[93m15[0m
    [7m22[0m  templateUrl: "./pickup-detail-task.page.html",
    [7m  [0m [96m              ~~~~~~~~~~~~~~~~~~~~~~~~~~~~~~~~[0m
    Error occurs in the template of component PickupDetailTaskPage.


Error: [96msrc/app/pickup-detail-task/pickup-detail-task.page.html[0m:[93m133[0m:[93m206[0m - [91merror[0m[90m TS2339: [0mProperty 'recipient_postcode' does not exist on type '{}'.

[7m133[0m           <ion-col size="7" style="padding-bottom:0;"><h3 class="desc"><a target="_blank" href="https://maps.google.com/?q={{riderList.recipient_address1}} + {{riderList.recipient_address2}} + {{riderList.recipient_postcode}} + {{riderList.recipient_city}} + {{riderList.recipient_state}} + {{riderList.recipient_country}}">{{riderList.recipient_address1}} {{riderList.recipient_address2}} {{riderList.recipient_postcode}} {{riderList.recipient_city}} {{riderList.recipient_state}} {{riderList.recipient_country}}</a></h3></ion-col>
[7m   [0m [91m                                                                                                                                                                                                             ~~~~~~~~~~~~~~~~~~[0m

  [96msrc/app/pickup-detail-task/pickup-detail-task.page.ts[0m:[93m22[0m:[93m15[0m
    [7m22[0m  templateUrl: "./pickup-detail-task.page.html",
    [7m  [0m [96m              ~~~~~~~~~~~~~~~~~~~~~~~~~~~~~~~~[0m
    Error occurs in the template of component PickupDetailTaskPage.


Error: [96msrc/app/pickup-detail-task/pickup-detail-task.page.html[0m:[93m133[0m:[93m241[0m - [91merror[0m[90m TS2339: [0mProperty 'recipient_city' does not exist on type '{}'.

[7m133[0m           <ion-col size="7" style="padding-bottom:0;"><h3 class="desc"><a target="_blank" href="https://maps.google.com/?q={{riderList.recipient_address1}} + {{riderList.recipient_address2}} + {{riderList.recipient_postcode}} + {{riderList.recipient_city}} + {{riderList.recipient_state}} + {{riderList.recipient_country}}">{{riderList.recipient_address1}} {{riderList.recipient_address2}} {{riderList.recipient_postcode}} {{riderList.recipient_city}} {{riderList.recipient_state}} {{riderList.recipient_country}}</a></h3></ion-col>
[7m   [0m [91m                                                                                                                                                                                                                                                ~~~~~~~~~~~~~~[0m

  [96msrc/app/pickup-detail-task/pickup-detail-task.page.ts[0m:[93m22[0m:[93m15[0m
    [7m22[0m  templateUrl: "./pickup-detail-task.page.html",
    [7m  [0m [96m              ~~~~~~~~~~~~~~~~~~~~~~~~~~~~~~~~[0m
    Error occurs in the template of component PickupDetailTaskPage.


Error: [96msrc/app/pickup-detail-task/pickup-detail-task.page.html[0m:[93m133[0m:[93m272[0m - [91merror[0m[90m TS2339: [0mProperty 'recipient_state' does not exist on type '{}'.

[7m133[0m           <ion-col size="7" style="padding-bottom:0;"><h3 class="desc"><a target="_blank" href="https://maps.google.com/?q={{riderList.recipient_address1}} + {{riderList.recipient_address2}} + {{riderList.recipient_postcode}} + {{riderList.recipient_city}} + {{riderList.recipient_state}} + {{riderList.recipient_country}}">{{riderList.recipient_address1}} {{riderList.recipient_address2}} {{riderList.recipient_postcode}} {{riderList.recipient_city}} {{riderList.recipient_state}} {{riderList.recipient_country}}</a></h3></ion-col>
[7m   [0m [91m                                                                                                                                                                                                                                                                               ~~~~~~~~~~~~~~~[0m

  [96msrc/app/pickup-detail-task/pickup-detail-task.page.ts[0m:[93m22[0m:[93m15[0m
    [7m22[0m  templateUrl: "./pickup-detail-task.page.html",
    [7m  [0m [96m              ~~~~~~~~~~~~~~~~~~~~~~~~~~~~~~~~[0m
    Error occurs in the template of component PickupDetailTaskPage.


Error: [96msrc/app/pickup-detail-task/pickup-detail-task.page.html[0m:[93m133[0m:[93m304[0m - [91merror[0m[90m TS2339: [0mProperty 'recipient_country' does not exist on type '{}'.

[7m133[0m           <ion-col size="7" style="padding-bottom:0;"><h3 class="desc"><a target="_blank" href="https://maps.google.com/?q={{riderList.recipient_address1}} + {{riderList.recipient_address2}} + {{riderList.recipient_postcode}} + {{riderList.recipient_city}} + {{riderList.recipient_state}} + {{riderList.recipient_country}}">{{riderList.recipient_address1}} {{riderList.recipient_address2}} {{riderList.recipient_postcode}} {{riderList.recipient_city}} {{riderList.recipient_state}} {{riderList.recipient_country}}</a></h3></ion-col>
[7m   [0m [91m                                                                                                                                                                                                                                                                                                               ~~~~~~~~~~~~~~~~~[0m

  [96msrc/app/pickup-detail-task/pickup-detail-task.page.ts[0m:[93m22[0m:[93m15[0m
    [7m22[0m  templateUrl: "./pickup-detail-task.page.html",
    [7m  [0m [96m              ~~~~~~~~~~~~~~~~~~~~~~~~~~~~~~~~[0m
    Error occurs in the template of component PickupDetailTaskPage.


Error: [96msrc/app/pickup-detail-task/pickup-detail-task.page.html[0m:[93m133[0m:[93m337[0m - [91merror[0m[90m TS2339: [0mProperty 'recipient_address1' does not exist on type '{}'.

[7m133[0m           <ion-col size="7" style="padding-bottom:0;"><h3 class="desc"><a target="_blank" href="https://maps.google.com/?q={{riderList.recipient_address1}} + {{riderList.recipient_address2}} + {{riderList.recipient_postcode}} + {{riderList.recipient_city}} + {{riderList.recipient_state}} + {{riderList.recipient_country}}">{{riderList.recipient_address1}} {{riderList.recipient_address2}} {{riderList.recipient_postcode}} {{riderList.recipient_city}} {{riderList.recipient_state}} {{riderList.recipient_country}}</a></h3></ion-col>
[7m   [0m [91m                                                                                                                                                                                                                                                                                                                                                ~~~~~~~~~~~~~~~~~~[0m

  [96msrc/app/pickup-detail-task/pickup-detail-task.page.ts[0m:[93m22[0m:[93m15[0m
    [7m22[0m  templateUrl: "./pickup-detail-task.page.html",
    [7m  [0m [96m              ~~~~~~~~~~~~~~~~~~~~~~~~~~~~~~~~[0m
    Error occurs in the template of component PickupDetailTaskPage.


Error: [96msrc/app/pickup-detail-task/pickup-detail-task.page.html[0m:[93m133[0m:[93m370[0m - [91merror[0m[90m TS2339: [0mProperty 'recipient_address2' does not exist on type '{}'.

[7m133[0m           <ion-col size="7" style="padding-bottom:0;"><h3 class="desc"><a target="_blank" href="https://maps.google.com/?q={{riderList.recipient_address1}} + {{riderList.recipient_address2}} + {{riderList.recipient_postcode}} + {{riderList.recipient_city}} + {{riderList.recipient_state}} + {{riderList.recipient_country}}">{{riderList.recipient_address1}} {{riderList.recipient_address2}} {{riderList.recipient_postcode}} {{riderList.recipient_city}} {{riderList.recipient_state}} {{riderList.recipient_country}}</a></h3></ion-col>
[7m   [0m [91m                                                                                                                                                                                                                                                                                                                                                                                 ~~~~~~~~~~~~~~~~~~[0m

  [96msrc/app/pickup-detail-task/pickup-detail-task.page.ts[0m:[93m22[0m:[93m15[0m
    [7m22[0m  templateUrl: "./pickup-detail-task.page.html",
    [7m  [0m [96m              ~~~~~~~~~~~~~~~~~~~~~~~~~~~~~~~~[0m
    Error occurs in the template of component PickupDetailTaskPage.


Error: [96msrc/app/pickup-detail-task/pickup-detail-task.page.html[0m:[93m133[0m:[93m403[0m - [91merror[0m[90m TS2339: [0mProperty 'recipient_postcode' does not exist on type '{}'.

[7m133[0m           <ion-col size="7" style="padding-bottom:0;"><h3 class="desc"><a target="_blank" href="https://maps.google.com/?q={{riderList.recipient_address1}} + {{riderList.recipient_address2}} + {{riderList.recipient_postcode}} + {{riderList.recipient_city}} + {{riderList.recipient_state}} + {{riderList.recipient_country}}">{{riderList.recipient_address1}} {{riderList.recipient_address2}} {{riderList.recipient_postcode}} {{riderList.recipient_city}} {{riderList.recipient_state}} {{riderList.recipient_country}}</a></h3></ion-col>
[7m   [0m [91m                                                                                                                                                                                                                                                                                                                                                                                                                  ~~~~~~~~~~~~~~~~~~[0m

  [96msrc/app/pickup-detail-task/pickup-detail-task.page.ts[0m:[93m22[0m:[93m15[0m
    [7m22[0m  templateUrl: "./pickup-detail-task.page.html",
    [7m  [0m [96m              ~~~~~~~~~~~~~~~~~~~~~~~~~~~~~~~~[0m
    Error occurs in the template of component PickupDetailTaskPage.


Error: [96msrc/app/pickup-detail-task/pickup-detail-task.page.html[0m:[93m133[0m:[93m436[0m - [91merror[0m[90m TS2339: [0mProperty 'recipient_city' does not exist on type '{}'.

[7m133[0m           <ion-col size="7" style="padding-bottom:0;"><h3 class="desc"><a target="_blank" href="https://maps.google.com/?q={{riderList.recipient_address1}} + {{riderList.recipient_address2}} + {{riderList.recipient_postcode}} + {{riderList.recipient_city}} + {{riderList.recipient_state}} + {{riderList.recipient_country}}">{{riderList.recipient_address1}} {{riderList.recipient_address2}} {{riderList.recipient_postcode}} {{riderList.recipient_city}} {{riderList.recipient_state}} {{riderList.recipient_country}}</a></h3></ion-col>
[7m   [0m [91m                                                                                                                                                                                                                                                                                                                                                                                                                                                   ~~~~~~~~~~~~~~[0m

  [96msrc/app/pickup-detail-task/pickup-detail-task.page.ts[0m:[93m22[0m:[93m15[0m
    [7m22[0m  templateUrl: "./pickup-detail-task.page.html",
    [7m  [0m [96m              ~~~~~~~~~~~~~~~~~~~~~~~~~~~~~~~~[0m
    Error occurs in the template of component PickupDetailTaskPage.


Error: [96msrc/app/pickup-detail-task/pickup-detail-task.page.html[0m:[93m133[0m:[93m465[0m - [91merror[0m[90m TS2339: [0mProperty 'recipient_state' does not exist on type '{}'.

[7m133[0m           <ion-col size="7" style="padding-bottom:0;"><h3 class="desc"><a target="_blank" href="https://maps.google.com/?q={{riderList.recipient_address1}} + {{riderList.recipient_address2}} + {{riderList.recipient_postcode}} + {{riderList.recipient_city}} + {{riderList.recipient_state}} + {{riderList.recipient_country}}">{{riderList.recipient_address1}} {{riderList.recipient_address2}} {{riderList.recipient_postcode}} {{riderList.recipient_city}} {{riderList.recipient_state}} {{riderList.recipient_country}}</a></h3></ion-col>
[7m   [0m [91m                                                                                                                                                                                                                                                                                                                                                                                                                                                                                ~~~~~~~~~~~~~~~[0m

  [96msrc/app/pickup-detail-task/pickup-detail-task.page.ts[0m:[93m22[0m:[93m15[0m
    [7m22[0m  templateUrl: "./pickup-detail-task.page.html",
    [7m  [0m [96m              ~~~~~~~~~~~~~~~~~~~~~~~~~~~~~~~~[0m
    Error occurs in the template of component PickupDetailTaskPage.


Error: [96msrc/app/pickup-detail-task/pickup-detail-task.page.html[0m:[93m133[0m:[93m495[0m - [91merror[0m[90m TS2339: [0mProperty 'recipient_country' does not exist on type '{}'.

[7m133[0m           <ion-col size="7" style="padding-bottom:0;"><h3 class="desc"><a target="_blank" href="https://maps.google.com/?q={{riderList.recipient_address1}} + {{riderList.recipient_address2}} + {{riderList.recipient_postcode}} + {{riderList.recipient_city}} + {{riderList.recipient_state}} + {{riderList.recipient_country}}">{{riderList.recipient_address1}} {{riderList.recipient_address2}} {{riderList.recipient_postcode}} {{riderList.recipient_city}} {{riderList.recipient_state}} {{riderList.recipient_country}}</a></h3></ion-col>
[7m   [0m [91m                                                                                                                                                                                                                                                                                                                                                                                                                                                                                                              ~~~~~~~~~~~~~~~~~[0m

  [96msrc/app/pickup-detail-task/pickup-detail-task.page.ts[0m:[93m22[0m:[93m15[0m
    [7m22[0m  templateUrl: "./pickup-detail-task.page.html",
    [7m  [0m [96m              ~~~~~~~~~~~~~~~~~~~~~~~~~~~~~~~~[0m
    Error occurs in the template of component PickupDetailTaskPage.


Error: [96msrc/app/pickup-detail-task/pickup-detail-task.page.html[0m:[93m140[0m:[93m67[0m - [91merror[0m[90m TS7053: [0mElement implicitly has an 'any' type because expression of type '"middle_hub_id"' can't be used to index type '{}'.
  Property 'middle_hub_id' does not exist on type '{}'.

[7m140[0m   <ion-item class="ion-no-padding" mode="ios" lines="none" *ngIf="riderList['middle_hub_id']!=0">
[7m   [0m [91m                                                                  ~~~~~~~~~~~~~~~~~~~~~~~~~~[0m

  [96msrc/app/pickup-detail-task/pickup-detail-task.page.ts[0m:[93m22[0m:[93m15[0m
    [7m22[0m  templateUrl: "./pickup-detail-task.page.html",
    [7m  [0m [96m              ~~~~~~~~~~~~~~~~~~~~~~~~~~~~~~~~[0m
    Error occurs in the template of component PickupDetailTaskPage.


Error: [96msrc/app/pickup-detail-task/pickup-detail-task.page.html[0m:[93m153[0m:[93m86[0m - [91merror[0m[90m TS2339: [0mProperty 'hub_title' does not exist on type '{}'.

[7m153[0m             <ion-col size="7" style="padding-bottom:0;"><h3 class="desc">{{riderList.hub_title?riderList.hub_title:'-'}}</h3></ion-col>
[7m   [0m [91m                                                                                     ~~~~~~~~~[0m

  [96msrc/app/pickup-detail-task/pickup-detail-task.page.ts[0m:[93m22[0m:[93m15[0m
    [7m22[0m  templateUrl: "./pickup-detail-task.page.html",
    [7m  [0m [96m              ~~~~~~~~~~~~~~~~~~~~~~~~~~~~~~~~[0m
    Error occurs in the template of component PickupDetailTaskPage.


Error: [96msrc/app/pickup-detail-task/pickup-detail-task.page.html[0m:[93m153[0m:[93m106[0m - [91merror[0m[90m TS2339: [0mProperty 'hub_title' does not exist on type '{}'.

[7m153[0m             <ion-col size="7" style="padding-bottom:0;"><h3 class="desc">{{riderList.hub_title?riderList.hub_title:'-'}}</h3></ion-col>
[7m   [0m [91m                                                                                                         ~~~~~~~~~[0m

  [96msrc/app/pickup-detail-task/pickup-detail-task.page.ts[0m:[93m22[0m:[93m15[0m
    [7m22[0m  templateUrl: "./pickup-detail-task.page.html",
    [7m  [0m [96m              ~~~~~~~~~~~~~~~~~~~~~~~~~~~~~~~~[0m
    Error occurs in the template of component PickupDetailTaskPage.


Error: [96msrc/app/pickup-detail-task/pickup-detail-task.page.html[0m:[93m157[0m:[93m86[0m - [91merror[0m[90m TS2339: [0mProperty 'hub_email' does not exist on type '{}'.

[7m157[0m             <ion-col size="7" style="padding-bottom:0;"><h3 class="desc">{{riderList.hub_email?riderList.hub_email:'-'}}</h3></ion-col>
[7m   [0m [91m                                                                                     ~~~~~~~~~[0m

  [96msrc/app/pickup-detail-task/pickup-detail-task.page.ts[0m:[93m22[0m:[93m15[0m
    [7m22[0m  templateUrl: "./pickup-detail-task.page.html",
    [7m  [0m [96m              ~~~~~~~~~~~~~~~~~~~~~~~~~~~~~~~~[0m
    Error occurs in the template of component PickupDetailTaskPage.


Error: [96msrc/app/pickup-detail-task/pickup-detail-task.page.html[0m:[93m157[0m:[93m106[0m - [91merror[0m[90m TS2339: [0mProperty 'hub_email' does not exist on type '{}'.

[7m157[0m             <ion-col size="7" style="padding-bottom:0;"><h3 class="desc">{{riderList.hub_email?riderList.hub_email:'-'}}</h3></ion-col>
[7m   [0m [91m                                                                                                         ~~~~~~~~~[0m

  [96msrc/app/pickup-detail-task/pickup-detail-task.page.ts[0m:[93m22[0m:[93m15[0m
    [7m22[0m  templateUrl: "./pickup-detail-task.page.html",
    [7m  [0m [96m              ~~~~~~~~~~~~~~~~~~~~~~~~~~~~~~~~[0m
    Error occurs in the template of component PickupDetailTaskPage.


Error: [96msrc/app/pickup-detail-task/pickup-detail-task.page.html[0m:[93m161[0m:[93m86[0m - [91merror[0m[90m TS2339: [0mProperty 'hub_mobile' does not exist on type '{}'.

[7m161[0m             <ion-col size="7" style="padding-bottom:0;"><h3 class="desc">{{riderList.hub_mobile?riderList.hub_mobile:'-'}}</h3></ion-col>
[7m   [0m [91m                                                                                     ~~~~~~~~~~[0m

  [96msrc/app/pickup-detail-task/pickup-detail-task.page.ts[0m:[93m22[0m:[93m15[0m
    [7m22[0m  templateUrl: "./pickup-detail-task.page.html",
    [7m  [0m [96m              ~~~~~~~~~~~~~~~~~~~~~~~~~~~~~~~~[0m
    Error occurs in the template of component PickupDetailTaskPage.


Error: [96msrc/app/pickup-detail-task/pickup-detail-task.page.html[0m:[93m161[0m:[93m107[0m - [91merror[0m[90m TS2339: [0mProperty 'hub_mobile' does not exist on type '{}'.

[7m161[0m             <ion-col size="7" style="padding-bottom:0;"><h3 class="desc">{{riderList.hub_mobile?riderList.hub_mobile:'-'}}</h3></ion-col>
[7m   [0m [91m                                                                                                          ~~~~~~~~~~[0m

  [96msrc/app/pickup-detail-task/pickup-detail-task.page.ts[0m:[93m22[0m:[93m15[0m
    [7m22[0m  templateUrl: "./pickup-detail-task.page.html",
    [7m  [0m [96m              ~~~~~~~~~~~~~~~~~~~~~~~~~~~~~~~~[0m
    Error occurs in the template of component PickupDetailTaskPage.


Error: [96msrc/app/pickup-detail-task/pickup-detail-task.page.html[0m:[93m165[0m:[93m136[0m - [91merror[0m[90m TS2339: [0mProperty 'hub_address1' does not exist on type '{}'.

[7m165[0m           <ion-col size="7" style="padding-bottom:0;"><h3 class="desc"><a target="_blank" href="https://maps.google.com/?q={{riderList.hub_address1}}+{{riderList.hub_address2}}+ {{riderList.hub_postcode}} +{{riderList.hub_city}}+ {{riderList.hub_state}} + {{riderList.hub_country}}">{{riderList.hub_address1}} {{riderList.hub_address2}} {{riderList.hub_postcode}} {{riderList.hub_city}} {{riderList.hub_state}} {{riderList.hub_country}}</a></h3></ion-col>
[7m   [0m [91m                                                                                                                                       ~~~~~~~~~~~~[0m

  [96msrc/app/pickup-detail-task/pickup-detail-task.page.ts[0m:[93m22[0m:[93m15[0m
    [7m22[0m  templateUrl: "./pickup-detail-task.page.html",
    [7m  [0m [96m              ~~~~~~~~~~~~~~~~~~~~~~~~~~~~~~~~[0m
    Error occurs in the template of component PickupDetailTaskPage.


Error: [96msrc/app/pickup-detail-task/pickup-detail-task.page.html[0m:[93m165[0m:[93m163[0m - [91merror[0m[90m TS2339: [0mProperty 'hub_address2' does not exist on type '{}'.

[7m165[0m           <ion-col size="7" style="padding-bottom:0;"><h3 class="desc"><a target="_blank" href="https://maps.google.com/?q={{riderList.hub_address1}}+{{riderList.hub_address2}}+ {{riderList.hub_postcode}} +{{riderList.hub_city}}+ {{riderList.hub_state}} + {{riderList.hub_country}}">{{riderList.hub_address1}} {{riderList.hub_address2}} {{riderList.hub_postcode}} {{riderList.hub_city}} {{riderList.hub_state}} {{riderList.hub_country}}</a></h3></ion-col>
[7m   [0m [91m                                                                                                                                                                  ~~~~~~~~~~~~[0m

  [96msrc/app/pickup-detail-task/pickup-detail-task.page.ts[0m:[93m22[0m:[93m15[0m
    [7m22[0m  templateUrl: "./pickup-detail-task.page.html",
    [7m  [0m [96m              ~~~~~~~~~~~~~~~~~~~~~~~~~~~~~~~~[0m
    Error occurs in the template of component PickupDetailTaskPage.


Error: [96msrc/app/pickup-detail-task/pickup-detail-task.page.html[0m:[93m165[0m:[93m191[0m - [91merror[0m[90m TS2339: [0mProperty 'hub_postcode' does not exist on type '{}'.

[7m165[0m           <ion-col size="7" style="padding-bottom:0;"><h3 class="desc"><a target="_blank" href="https://maps.google.com/?q={{riderList.hub_address1}}+{{riderList.hub_address2}}+ {{riderList.hub_postcode}} +{{riderList.hub_city}}+ {{riderList.hub_state}} + {{riderList.hub_country}}">{{riderList.hub_address1}} {{riderList.hub_address2}} {{riderList.hub_postcode}} {{riderList.hub_city}} {{riderList.hub_state}} {{riderList.hub_country}}</a></h3></ion-col>
[7m   [0m [91m                                                                                                                                                                                              ~~~~~~~~~~~~[0m

  [96msrc/app/pickup-detail-task/pickup-detail-task.page.ts[0m:[93m22[0m:[93m15[0m
    [7m22[0m  templateUrl: "./pickup-detail-task.page.html",
    [7m  [0m [96m              ~~~~~~~~~~~~~~~~~~~~~~~~~~~~~~~~[0m
    Error occurs in the template of component PickupDetailTaskPage.


Error: [96msrc/app/pickup-detail-task/pickup-detail-task.page.html[0m:[93m165[0m:[93m219[0m - [91merror[0m[90m TS2339: [0mProperty 'hub_city' does not exist on type '{}'.

[7m165[0m           <ion-col size="7" style="padding-bottom:0;"><h3 class="desc"><a target="_blank" href="https://maps.google.com/?q={{riderList.hub_address1}}+{{riderList.hub_address2}}+ {{riderList.hub_postcode}} +{{riderList.hub_city}}+ {{riderList.hub_state}} + {{riderList.hub_country}}">{{riderList.hub_address1}} {{riderList.hub_address2}} {{riderList.hub_postcode}} {{riderList.hub_city}} {{riderList.hub_state}} {{riderList.hub_country}}</a></h3></ion-col>
[7m   [0m [91m                                                                                                                                                                                                                          ~~~~~~~~[0m

  [96msrc/app/pickup-detail-task/pickup-detail-task.page.ts[0m:[93m22[0m:[93m15[0m
    [7m22[0m  templateUrl: "./pickup-detail-task.page.html",
    [7m  [0m [96m              ~~~~~~~~~~~~~~~~~~~~~~~~~~~~~~~~[0m
    Error occurs in the template of component PickupDetailTaskPage.


Error: [96msrc/app/pickup-detail-task/pickup-detail-task.page.html[0m:[93m165[0m:[93m243[0m - [91merror[0m[90m TS2339: [0mProperty 'hub_state' does not exist on type '{}'.

[7m165[0m           <ion-col size="7" style="padding-bottom:0;"><h3 class="desc"><a target="_blank" href="https://maps.google.com/?q={{riderList.hub_address1}}+{{riderList.hub_address2}}+ {{riderList.hub_postcode}} +{{riderList.hub_city}}+ {{riderList.hub_state}} + {{riderList.hub_country}}">{{riderList.hub_address1}} {{riderList.hub_address2}} {{riderList.hub_postcode}} {{riderList.hub_city}} {{riderList.hub_state}} {{riderList.hub_country}}</a></h3></ion-col>
[7m   [0m [91m                                                                                                                                                                                                                                                  ~~~~~~~~~[0m

  [96msrc/app/pickup-detail-task/pickup-detail-task.page.ts[0m:[93m22[0m:[93m15[0m
    [7m22[0m  templateUrl: "./pickup-detail-task.page.html",
    [7m  [0m [96m              ~~~~~~~~~~~~~~~~~~~~~~~~~~~~~~~~[0m
    Error occurs in the template of component PickupDetailTaskPage.


Error: [96msrc/app/pickup-detail-task/pickup-detail-task.page.html[0m:[93m165[0m:[93m269[0m - [91merror[0m[90m TS2339: [0mProperty 'hub_country' does not exist on type '{}'.

[7m165[0m           <ion-col size="7" style="padding-bottom:0;"><h3 class="desc"><a target="_blank" href="https://maps.google.com/?q={{riderList.hub_address1}}+{{riderList.hub_address2}}+ {{riderList.hub_postcode}} +{{riderList.hub_city}}+ {{riderList.hub_state}} + {{riderList.hub_country}}">{{riderList.hub_address1}} {{riderList.hub_address2}} {{riderList.hub_postcode}} {{riderList.hub_city}} {{riderList.hub_state}} {{riderList.hub_country}}</a></h3></ion-col>
[7m   [0m [91m                                                                                                                                                                                                                                                                            ~~~~~~~~~~~[0m

  [96msrc/app/pickup-detail-task/pickup-detail-task.page.ts[0m:[93m22[0m:[93m15[0m
    [7m22[0m  templateUrl: "./pickup-detail-task.page.html",
    [7m  [0m [96m              ~~~~~~~~~~~~~~~~~~~~~~~~~~~~~~~~[0m
    Error occurs in the template of component PickupDetailTaskPage.


Error: [96msrc/app/pickup-detail-task/pickup-detail-task.page.html[0m:[93m165[0m:[93m296[0m - [91merror[0m[90m TS2339: [0mProperty 'hub_address1' does not exist on type '{}'.

[7m165[0m           <ion-col size="7" style="padding-bottom:0;"><h3 class="desc"><a target="_blank" href="https://maps.google.com/?q={{riderList.hub_address1}}+{{riderList.hub_address2}}+ {{riderList.hub_postcode}} +{{riderList.hub_city}}+ {{riderList.hub_state}} + {{riderList.hub_country}}">{{riderList.hub_address1}} {{riderList.hub_address2}} {{riderList.hub_postcode}} {{riderList.hub_city}} {{riderList.hub_state}} {{riderList.hub_country}}</a></h3></ion-col>
[7m   [0m [91m                                                                                                                                                                                                                                                                                                       ~~~~~~~~~~~~[0m

  [96msrc/app/pickup-detail-task/pickup-detail-task.page.ts[0m:[93m22[0m:[93m15[0m
    [7m22[0m  templateUrl: "./pickup-detail-task.page.html",
    [7m  [0m [96m              ~~~~~~~~~~~~~~~~~~~~~~~~~~~~~~~~[0m
    Error occurs in the template of component PickupDetailTaskPage.


Error: [96msrc/app/pickup-detail-task/pickup-detail-task.page.html[0m:[93m165[0m:[93m323[0m - [91merror[0m[90m TS2339: [0mProperty 'hub_address2' does not exist on type '{}'.

[7m165[0m           <ion-col size="7" style="padding-bottom:0;"><h3 class="desc"><a target="_blank" href="https://maps.google.com/?q={{riderList.hub_address1}}+{{riderList.hub_address2}}+ {{riderList.hub_postcode}} +{{riderList.hub_city}}+ {{riderList.hub_state}} + {{riderList.hub_country}}">{{riderList.hub_address1}} {{riderList.hub_address2}} {{riderList.hub_postcode}} {{riderList.hub_city}} {{riderList.hub_state}} {{riderList.hub_country}}</a></h3></ion-col>
[7m   [0m [91m                                                                                                                                                                                                                                                                                                                                  ~~~~~~~~~~~~[0m

  [96msrc/app/pickup-detail-task/pickup-detail-task.page.ts[0m:[93m22[0m:[93m15[0m
    [7m22[0m  templateUrl: "./pickup-detail-task.page.html",
    [7m  [0m [96m              ~~~~~~~~~~~~~~~~~~~~~~~~~~~~~~~~[0m
    Error occurs in the template of component PickupDetailTaskPage.


Error: [96msrc/app/pickup-detail-task/pickup-detail-task.page.html[0m:[93m165[0m:[93m350[0m - [91merror[0m[90m TS2339: [0mProperty 'hub_postcode' does not exist on type '{}'.

[7m165[0m           <ion-col size="7" style="padding-bottom:0;"><h3 class="desc"><a target="_blank" href="https://maps.google.com/?q={{riderList.hub_address1}}+{{riderList.hub_address2}}+ {{riderList.hub_postcode}} +{{riderList.hub_city}}+ {{riderList.hub_state}} + {{riderList.hub_country}}">{{riderList.hub_address1}} {{riderList.hub_address2}} {{riderList.hub_postcode}} {{riderList.hub_city}} {{riderList.hub_state}} {{riderList.hub_country}}</a></h3></ion-col>
[7m   [0m [91m                                                                                                                                                                                                                                                                                                                                                             ~~~~~~~~~~~~[0m

  [96msrc/app/pickup-detail-task/pickup-detail-task.page.ts[0m:[93m22[0m:[93m15[0m
    [7m22[0m  templateUrl: "./pickup-detail-task.page.html",
    [7m  [0m [96m              ~~~~~~~~~~~~~~~~~~~~~~~~~~~~~~~~[0m
    Error occurs in the template of component PickupDetailTaskPage.


Error: [96msrc/app/pickup-detail-task/pickup-detail-task.page.html[0m:[93m165[0m:[93m377[0m - [91merror[0m[90m TS2339: [0mProperty 'hub_city' does not exist on type '{}'.

[7m165[0m           <ion-col size="7" style="padding-bottom:0;"><h3 class="desc"><a target="_blank" href="https://maps.google.com/?q={{riderList.hub_address1}}+{{riderList.hub_address2}}+ {{riderList.hub_postcode}} +{{riderList.hub_city}}+ {{riderList.hub_state}} + {{riderList.hub_country}}">{{riderList.hub_address1}} {{riderList.hub_address2}} {{riderList.hub_postcode}} {{riderList.hub_city}} {{riderList.hub_state}} {{riderList.hub_country}}</a></h3></ion-col>
[7m   [0m [91m                                                                                                                                                                                                                                                                                                                                                                                        ~~~~~~~~[0m

  [96msrc/app/pickup-detail-task/pickup-detail-task.page.ts[0m:[93m22[0m:[93m15[0m
    [7m22[0m  templateUrl: "./pickup-detail-task.page.html",
    [7m  [0m [96m              ~~~~~~~~~~~~~~~~~~~~~~~~~~~~~~~~[0m
    Error occurs in the template of component PickupDetailTaskPage.


Error: [96msrc/app/pickup-detail-task/pickup-detail-task.page.html[0m:[93m165[0m:[93m400[0m - [91merror[0m[90m TS2339: [0mProperty 'hub_state' does not exist on type '{}'.

[7m165[0m           <ion-col size="7" style="padding-bottom:0;"><h3 class="desc"><a target="_blank" href="https://maps.google.com/?q={{riderList.hub_address1}}+{{riderList.hub_address2}}+ {{riderList.hub_postcode}} +{{riderList.hub_city}}+ {{riderList.hub_state}} + {{riderList.hub_country}}">{{riderList.hub_address1}} {{riderList.hub_address2}} {{riderList.hub_postcode}} {{riderList.hub_city}} {{riderList.hub_state}} {{riderList.hub_country}}</a></h3></ion-col>
[7m   [0m [91m                                                                                                                                                                                                                                                                                                                                                                                                               ~~~~~~~~~[0m

  [96msrc/app/pickup-detail-task/pickup-detail-task.page.ts[0m:[93m22[0m:[93m15[0m
    [7m22[0m  templateUrl: "./pickup-detail-task.page.html",
    [7m  [0m [96m              ~~~~~~~~~~~~~~~~~~~~~~~~~~~~~~~~[0m
    Error occurs in the template of component PickupDetailTaskPage.


Error: [96msrc/app/pickup-detail-task/pickup-detail-task.page.html[0m:[93m165[0m:[93m424[0m - [91merror[0m[90m TS2339: [0mProperty 'hub_country' does not exist on type '{}'.

[7m165[0m           <ion-col size="7" style="padding-bottom:0;"><h3 class="desc"><a target="_blank" href="https://maps.google.com/?q={{riderList.hub_address1}}+{{riderList.hub_address2}}+ {{riderList.hub_postcode}} +{{riderList.hub_city}}+ {{riderList.hub_state}} + {{riderList.hub_country}}">{{riderList.hub_address1}} {{riderList.hub_address2}} {{riderList.hub_postcode}} {{riderList.hub_city}} {{riderList.hub_state}} {{riderList.hub_country}}</a></h3></ion-col>
[7m   [0m [91m                                                                                                                                                                                                                                                                                                                                                                                                                                       ~~~~~~~~~~~[0m

  [96msrc/app/pickup-detail-task/pickup-detail-task.page.ts[0m:[93m22[0m:[93m15[0m
    [7m22[0m  templateUrl: "./pickup-detail-task.page.html",
    [7m  [0m [96m              ~~~~~~~~~~~~~~~~~~~~~~~~~~~~~~~~[0m
    Error occurs in the template of component PickupDetailTaskPage.


Error: [96msrc/app/pickup-detail-task/pickup-detail-task.page.html[0m:[93m172[0m:[93m77[0m - [91merror[0m[90m TS2339: [0mProperty 'despatch_category' does not exist on type '{}'.

[7m172[0m   <ion-item class="ion-no-padding" mode="ios" lines="none" *ngIf="riderList.despatch_category && riderList.despatch_category!='null'">
[7m   [0m [91m                                                                            ~~~~~~~~~~~~~~~~~[0m

  [96msrc/app/pickup-detail-task/pickup-detail-task.page.ts[0m:[93m22[0m:[93m15[0m
    [7m22[0m  templateUrl: "./pickup-detail-task.page.html",
    [7m  [0m [96m              ~~~~~~~~~~~~~~~~~~~~~~~~~~~~~~~~[0m
    Error occurs in the template of component PickupDetailTaskPage.


Error: [96msrc/app/pickup-detail-task/pickup-detail-task.page.html[0m:[93m172[0m:[93m108[0m - [91merror[0m[90m TS2339: [0mProperty 'despatch_category' does not exist on type '{}'.

[7m172[0m   <ion-item class="ion-no-padding" mode="ios" lines="none" *ngIf="riderList.despatch_category && riderList.despatch_category!='null'">
[7m   [0m [91m                                                                                                           ~~~~~~~~~~~~~~~~~[0m

  [96msrc/app/pickup-detail-task/pickup-detail-task.page.ts[0m:[93m22[0m:[93m15[0m
    [7m22[0m  templateUrl: "./pickup-detail-task.page.html",
    [7m  [0m [96m              ~~~~~~~~~~~~~~~~~~~~~~~~~~~~~~~~[0m
    Error occurs in the template of component PickupDetailTaskPage.


Error: [96msrc/app/pickup-detail-task/pickup-detail-task.page.html[0m:[93m185[0m:[93m86[0m - [91merror[0m[90m TS2339: [0mProperty 'despatch_category' does not exist on type '{}'.

[7m185[0m             <ion-col size="7" style="padding-bottom:0;"><h3 class="desc">{{riderList.despatch_category}}</h3></ion-col>
[7m   [0m [91m                                                                                     ~~~~~~~~~~~~~~~~~[0m

  [96msrc/app/pickup-detail-task/pickup-detail-task.page.ts[0m:[93m22[0m:[93m15[0m
    [7m22[0m  templateUrl: "./pickup-detail-task.page.html",
    [7m  [0m [96m              ~~~~~~~~~~~~~~~~~~~~~~~~~~~~~~~~[0m
    Error occurs in the template of component PickupDetailTaskPage.


Error: [96msrc/app/pickup-detail-task/pickup-detail-task.page.html[0m:[93m189[0m:[93m86[0m - [91merror[0m[90m TS2339: [0mProperty 'despatch_service' does not exist on type '{}'.

[7m189[0m             <ion-col size="7" style="padding-bottom:0;"><h3 class="desc">{{riderList.despatch_service}}</h3></ion-col>
[7m   [0m [91m                                                                                     ~~~~~~~~~~~~~~~~[0m

  [96msrc/app/pickup-detail-task/pickup-detail-task.page.ts[0m:[93m22[0m:[93m15[0m
    [7m22[0m  templateUrl: "./pickup-detail-task.page.html",
    [7m  [0m [96m              ~~~~~~~~~~~~~~~~~~~~~~~~~~~~~~~~[0m
    Error occurs in the template of component PickupDetailTaskPage.


Error: [96msrc/app/pickup-detail-task/pickup-detail-task.page.html[0m:[93m193[0m:[93m86[0m - [91merror[0m[90m TS2339: [0mProperty 'despatch_remarks' does not exist on type '{}'.

[7m193[0m             <ion-col size="7" style="padding-bottom:0;"><h3 class="desc">{{riderList.despatch_remarks?riderList.despatch_remarks:'-'}}</h3></ion-col>
[7m   [0m [91m                                                                                     ~~~~~~~~~~~~~~~~[0m

  [96msrc/app/pickup-detail-task/pickup-detail-task.page.ts[0m:[93m22[0m:[93m15[0m
    [7m22[0m  templateUrl: "./pickup-detail-task.page.html",
    [7m  [0m [96m              ~~~~~~~~~~~~~~~~~~~~~~~~~~~~~~~~[0m
    Error occurs in the template of component PickupDetailTaskPage.


Error: [96msrc/app/pickup-detail-task/pickup-detail-task.page.html[0m:[93m193[0m:[93m113[0m - [91merror[0m[90m TS2339: [0mProperty 'despatch_remarks' does not exist on type '{}'.

[7m193[0m             <ion-col size="7" style="padding-bottom:0;"><h3 class="desc">{{riderList.despatch_remarks?riderList.despatch_remarks:'-'}}</h3></ion-col>
[7m   [0m [91m                                                                                                                ~~~~~~~~~~~~~~~~[0m

  [96msrc/app/pickup-detail-task/pickup-detail-task.page.ts[0m:[93m22[0m:[93m15[0m
    [7m22[0m  templateUrl: "./pickup-detail-task.page.html",
    [7m  [0m [96m              ~~~~~~~~~~~~~~~~~~~~~~~~~~~~~~~~[0m
    Error occurs in the template of component PickupDetailTaskPage.


Error: [96msrc/app/pickup-detail-task/pickup-detail-task.page.html[0m:[93m200[0m:[93m67[0m - [91merror[0m[90m TS7053: [0mElement implicitly has an 'any' type because expression of type '"cod_collect_amount"' can't be used to index type '{}'.
  Property 'cod_collect_amount' does not exist on type '{}'.

[7m200[0m   <ion-item class="ion-no-padding" mode="ios" lines="none" *ngIf="riderList['cod_collect_amount']>0">
[7m   [0m [91m                                                                  ~~~~~~~~~~~~~~~~~~~~~~~~~~~~~~~[0m

  [96msrc/app/pickup-detail-task/pickup-detail-task.page.ts[0m:[93m22[0m:[93m15[0m
    [7m22[0m  templateUrl: "./pickup-detail-task.page.html",
    [7m  [0m [96m              ~~~~~~~~~~~~~~~~~~~~~~~~~~~~~~~~[0m
    Error occurs in the template of component PickupDetailTaskPage.


Error: [96msrc/app/pickup-detail-task/pickup-detail-task.page.html[0m:[93m214[0m:[93m87[0m - [91merror[0m[90m TS2339: [0mProperty 'cod_collect_amount' does not exist on type '{}'.

[7m214[0m           <ion-col size="7" style="padding-bottom:0;"><h3 class="desc">RM {{riderList.cod_collect_amount}}</h3></ion-col>
[7m   [0m [91m                                                                                      ~~~~~~~~~~~~~~~~~~[0m

  [96msrc/app/pickup-detail-task/pickup-detail-task.page.ts[0m:[93m22[0m:[93m15[0m
    [7m22[0m  templateUrl: "./pickup-detail-task.page.html",
    [7m  [0m [96m              ~~~~~~~~~~~~~~~~~~~~~~~~~~~~~~~~[0m
    Error occurs in the template of component PickupDetailTaskPage.


Error: [96msrc/app/pickup-detail-task/pickup-detail-task.page.html[0m:[93m222[0m:[93m67[0m - [91merror[0m[90m TS7053: [0mElement implicitly has an 'any' type because expression of type '"delivery_status"' can't be used to index type '{}'.
  Property 'delivery_status' does not exist on type '{}'.

[7m222[0m   <ion-item class="ion-no-padding" mode="ios" lines="none" *ngIf="riderList['delivery_status']==0">
[7m   [0m [91m                                                                  ~~~~~~~~~~~~~~~~~~~~~~~~~~~~[0m

  [96msrc/app/pickup-detail-task/pickup-detail-task.page.ts[0m:[93m22[0m:[93m15[0m
    [7m22[0m  templateUrl: "./pickup-detail-task.page.html",
    [7m  [0m [96m              ~~~~~~~~~~~~~~~~~~~~~~~~~~~~~~~~[0m
    Error occurs in the template of component PickupDetailTaskPage.


Error: [96msrc/app/pickup-detail-task/pickup-detail-task.page.html[0m:[93m236[0m:[93m36[0m - [91merror[0m[90m TS2554: [0mExpected 1 arguments, but got 0.

[7m236[0m                 <ion-icon (click)="openActionSheet()" name="add-circle-outline" style="float: right; background-color: #243a76; color: #fbd23c;font-size: 25px; border-radius: 6px; vertical-align: middle; margin-left: 10px;" *ngIf="(is_multiple_image == 0 && !imageUrl) || (is_multiple_image == 1 && MultipleImageUrl.length == 0)"></ion-icon>
[7m   [0m [91m                                   ~~~~~~~~~~~~~~~[0m

  [96msrc/app/pickup-detail-task/pickup-detail-task.page.ts[0m:[93m22[0m:[93m15[0m
    [7m22[0m  templateUrl: "./pickup-detail-task.page.html",
    [7m  [0m [96m              ~~~~~~~~~~~~~~~~~~~~~~~~~~~~~~~~[0m
    Error occurs in the template of component PickupDetailTaskPage.


Error: [96msrc/app/pickup-detail-task/pickup-detail-task.page.html[0m:[93m248[0m:[93m46[0m - [91merror[0m[90m TS2339: [0mProperty 'id' does not exist on type 'never'.

[7m248[0m             <ion-select-option [value]="item.id" *ngFor="let item of statusList">{{item['title']}}</ion-select-option>
[7m   [0m [91m                                             ~~[0m

  [96msrc/app/pickup-detail-task/pickup-detail-task.page.ts[0m:[93m22[0m:[93m15[0m
    [7m22[0m  templateUrl: "./pickup-detail-task.page.html",
    [7m  [0m [96m              ~~~~~~~~~~~~~~~~~~~~~~~~~~~~~~~~[0m
    Error occurs in the template of component PickupDetailTaskPage.


Error: [96msrc/app/delivery-detail-task/delivery-detail-task.page.html[0m:[93m18[0m:[93m20[0m - [91merror[0m[90m TS2339: [0mProperty 'tracking_no' does not exist on type '{}'.

[7m18[0m     <p>{{riderList.tracking_no}}</p>
[7m  [0m [91m                   ~~~~~~~~~~~[0m

  [96msrc/app/delivery-detail-task/delivery-detail-task.page.ts[0m:[93m23[0m:[93m15[0m
    [7m23[0m  templateUrl: "./delivery-detail-task.page.html",
    [7m  [0m [96m              ~~~~~~~~~~~~~~~~~~~~~~~~~~~~~~~~~~[0m
    Error occurs in the template of component DeliveryDetailTaskPage.


Error: [96msrc/app/delivery-detail-task/delivery-detail-task.page.html[0m:[93m28[0m:[93m20[0m - [91merror[0m[90m TS2339: [0mProperty 'delivery_status_text' does not exist on type '{}'.

[7m28[0m        {{riderList.delivery_status_text}}
[7m  [0m [91m                   ~~~~~~~~~~~~~~~~~~~~[0m

  [96msrc/app/delivery-detail-task/delivery-detail-task.page.ts[0m:[93m23[0m:[93m15[0m
    [7m23[0m  templateUrl: "./delivery-detail-task.page.html",
    [7m  [0m [96m              ~~~~~~~~~~~~~~~~~~~~~~~~~~~~~~~~~~[0m
    Error occurs in the template of component DeliveryDetailTaskPage.


Error: [96msrc/app/delivery-detail-task/delivery-detail-task.page.html[0m:[93m38[0m:[93m20[0m - [91merror[0m[90m TS2339: [0mProperty 'service_type' does not exist on type '{}'.

[7m38[0m        {{riderList.service_type}}
[7m  [0m [91m                   ~~~~~~~~~~~~[0m

  [96msrc/app/delivery-detail-task/delivery-detail-task.page.ts[0m:[93m23[0m:[93m15[0m
    [7m23[0m  templateUrl: "./delivery-detail-task.page.html",
    [7m  [0m [96m              ~~~~~~~~~~~~~~~~~~~~~~~~~~~~~~~~~~[0m
    Error occurs in the template of component DeliveryDetailTaskPage.


Error: [96msrc/app/delivery-detail-task/delivery-detail-task.page.html[0m:[93m56[0m:[93m20[0m - [91merror[0m[90m TS2339: [0mProperty 'customer_name' does not exist on type '{}'.

[7m56[0m        {{riderList.customer_name}}
[7m  [0m [91m                   ~~~~~~~~~~~~~[0m

  [96msrc/app/delivery-detail-task/delivery-detail-task.page.ts[0m:[93m23[0m:[93m15[0m
    [7m23[0m  templateUrl: "./delivery-detail-task.page.html",
    [7m  [0m [96m              ~~~~~~~~~~~~~~~~~~~~~~~~~~~~~~~~~~[0m
    Error occurs in the template of component DeliveryDetailTaskPage.


Error: [96msrc/app/delivery-detail-task/delivery-detail-task.page.html[0m:[93m62[0m:[93m23[0m - [91merror[0m[90m TS2339: [0mProperty 'shipping_remark' does not exist on type '{}'.

[7m62[0m      *ngIf="riderList.shipping_remark && riderList.shipping_remark!='null'"
[7m  [0m [91m                      ~~~~~~~~~~~~~~~[0m

  [96msrc/app/delivery-detail-task/delivery-detail-task.page.ts[0m:[93m23[0m:[93m15[0m
    [7m23[0m  templateUrl: "./delivery-detail-task.page.html",
    [7m  [0m [96m              ~~~~~~~~~~~~~~~~~~~~~~~~~~~~~~~~~~[0m
    Error occurs in the template of component DeliveryDetailTaskPage.


Error: [96msrc/app/delivery-detail-task/delivery-detail-task.page.html[0m:[93m62[0m:[93m52[0m - [91merror[0m[90m TS2339: [0mProperty 'shipping_remark' does not exist on type '{}'.

[7m62[0m      *ngIf="riderList.shipping_remark && riderList.shipping_remark!='null'"
[7m  [0m [91m                                                   ~~~~~~~~~~~~~~~[0m

  [96msrc/app/delivery-detail-task/delivery-detail-task.page.ts[0m:[93m23[0m:[93m15[0m
    [7m23[0m  templateUrl: "./delivery-detail-task.page.html",
    [7m  [0m [96m              ~~~~~~~~~~~~~~~~~~~~~~~~~~~~~~~~~~[0m
    Error occurs in the template of component DeliveryDetailTaskPage.


Error: [96msrc/app/delivery-detail-task/delivery-detail-task.page.html[0m:[93m69[0m:[93m20[0m - [91merror[0m[90m TS2339: [0mProperty 'shipping_remark' does not exist on type '{}'.

[7m69[0m        {{riderList.shipping_remark?riderList.shipping_remark:'-'}}
[7m  [0m [91m                   ~~~~~~~~~~~~~~~[0m

  [96msrc/app/delivery-detail-task/delivery-detail-task.page.ts[0m:[93m23[0m:[93m15[0m
    [7m23[0m  templateUrl: "./delivery-detail-task.page.html",
    [7m  [0m [96m              ~~~~~~~~~~~~~~~~~~~~~~~~~~~~~~~~~~[0m
    Error occurs in the template of component DeliveryDetailTaskPage.


Error: [96msrc/app/delivery-detail-task/delivery-detail-task.page.html[0m:[93m69[0m:[93m46[0m - [91merror[0m[90m TS2339: [0mProperty 'shipping_remark' does not exist on type '{}'.

[7m69[0m        {{riderList.shipping_remark?riderList.shipping_remark:'-'}}
[7m  [0m [91m                                             ~~~~~~~~~~~~~~~[0m

  [96msrc/app/delivery-detail-task/delivery-detail-task.page.ts[0m:[93m23[0m:[93m15[0m
    [7m23[0m  templateUrl: "./delivery-detail-task.page.html",
    [7m  [0m [96m              ~~~~~~~~~~~~~~~~~~~~~~~~~~~~~~~~~~[0m
    Error occurs in the template of component DeliveryDetailTaskPage.


Error: [96msrc/app/delivery-detail-task/delivery-detail-task.page.html[0m:[93m75[0m:[93m23[0m - [91merror[0m[90m TS2339: [0mProperty 'service_transport' does not exist on type '{}'.

[7m75[0m      *ngIf="riderList.service_transport && riderList.service_transport!='null'"
[7m  [0m [91m                      ~~~~~~~~~~~~~~~~~[0m

  [96msrc/app/delivery-detail-task/delivery-detail-task.page.ts[0m:[93m23[0m:[93m15[0m
    [7m23[0m  templateUrl: "./delivery-detail-task.page.html",
    [7m  [0m [96m              ~~~~~~~~~~~~~~~~~~~~~~~~~~~~~~~~~~[0m
    Error occurs in the template of component DeliveryDetailTaskPage.


Error: [96msrc/app/delivery-detail-task/delivery-detail-task.page.html[0m:[93m75[0m:[93m54[0m - [91merror[0m[90m TS2339: [0mProperty 'service_transport' does not exist on type '{}'.

[7m75[0m      *ngIf="riderList.service_transport && riderList.service_transport!='null'"
[7m  [0m [91m                                                     ~~~~~~~~~~~~~~~~~[0m

  [96msrc/app/delivery-detail-task/delivery-detail-task.page.ts[0m:[93m23[0m:[93m15[0m
    [7m23[0m  templateUrl: "./delivery-detail-task.page.html",
    [7m  [0m [96m              ~~~~~~~~~~~~~~~~~~~~~~~~~~~~~~~~~~[0m
    Error occurs in the template of component DeliveryDetailTaskPage.


Error: [96msrc/app/delivery-detail-task/delivery-detail-task.page.html[0m:[93m82[0m:[93m20[0m - [91merror[0m[90m TS2339: [0mProperty 'service_transport' does not exist on type '{}'.

[7m82[0m        {{riderList.service_transport}}
[7m  [0m [91m                   ~~~~~~~~~~~~~~~~~[0m

  [96msrc/app/delivery-detail-task/delivery-detail-task.page.ts[0m:[93m23[0m:[93m15[0m
    [7m23[0m  templateUrl: "./delivery-detail-task.page.html",
    [7m  [0m [96m              ~~~~~~~~~~~~~~~~~~~~~~~~~~~~~~~~~~[0m
    Error occurs in the template of component DeliveryDetailTaskPage.


Error: [96msrc/app/delivery-detail-task/delivery-detail-task.page.html[0m:[93m93[0m:[93m23[0m - [91merror[0m[90m TS2339: [0mProperty 'unit_qty' does not exist on type '{}'.

[7m93[0m      *ngIf="riderList.unit_qty && riderList.unit_qty!='null'"
[7m  [0m [91m                      ~~~~~~~~[0m

  [96msrc/app/delivery-detail-task/delivery-detail-task.page.ts[0m:[93m23[0m:[93m15[0m
    [7m23[0m  templateUrl: "./delivery-detail-task.page.html",
    [7m  [0m [96m              ~~~~~~~~~~~~~~~~~~~~~~~~~~~~~~~~~~[0m
    Error occurs in the template of component DeliveryDetailTaskPage.


Error: [96msrc/app/delivery-detail-task/delivery-detail-task.page.html[0m:[93m93[0m:[93m45[0m - [91merror[0m[90m TS2339: [0mProperty 'unit_qty' does not exist on type '{}'.

[7m93[0m      *ngIf="riderList.unit_qty && riderList.unit_qty!='null'"
[7m  [0m [91m                                            ~~~~~~~~[0m

  [96msrc/app/delivery-detail-task/delivery-detail-task.page.ts[0m:[93m23[0m:[93m15[0m
    [7m23[0m  templateUrl: "./delivery-detail-task.page.html",
    [7m  [0m [96m              ~~~~~~~~~~~~~~~~~~~~~~~~~~~~~~~~~~[0m
    Error occurs in the template of component DeliveryDetailTaskPage.


Error: [96msrc/app/delivery-detail-task/delivery-detail-task.page.html[0m:[93m100[0m:[93m20[0m - [91merror[0m[90m TS2339: [0mProperty 'unit_qty' does not exist on type '{}'.

[7m100[0m        {{riderList.unit_qty}} Carton
[7m   [0m [91m                   ~~~~~~~~[0m

  [96msrc/app/delivery-detail-task/delivery-detail-task.page.ts[0m:[93m23[0m:[93m15[0m
    [7m23[0m  templateUrl: "./delivery-detail-task.page.html",
    [7m  [0m [96m              ~~~~~~~~~~~~~~~~~~~~~~~~~~~~~~~~~~[0m
    Error occurs in the template of component DeliveryDetailTaskPage.


Error: [96msrc/app/delivery-detail-task/delivery-detail-task.page.html[0m:[93m106[0m:[93m23[0m - [91merror[0m[90m TS2339: [0mProperty 'service_UOM' does not exist on type '{}'.

[7m106[0m      *ngIf="riderList.service_UOM && riderList.service_UOM!='null'"
[7m   [0m [91m                      ~~~~~~~~~~~[0m

  [96msrc/app/delivery-detail-task/delivery-detail-task.page.ts[0m:[93m23[0m:[93m15[0m
    [7m23[0m  templateUrl: "./delivery-detail-task.page.html",
    [7m  [0m [96m              ~~~~~~~~~~~~~~~~~~~~~~~~~~~~~~~~~~[0m
    Error occurs in the template of component DeliveryDetailTaskPage.


Error: [96msrc/app/delivery-detail-task/delivery-detail-task.page.html[0m:[93m106[0m:[93m48[0m - [91merror[0m[90m TS2339: [0mProperty 'service_UOM' does not exist on type '{}'.

[7m106[0m      *ngIf="riderList.service_UOM && riderList.service_UOM!='null'"
[7m   [0m [91m                                               ~~~~~~~~~~~[0m

  [96msrc/app/delivery-detail-task/delivery-detail-task.page.ts[0m:[93m23[0m:[93m15[0m
    [7m23[0m  templateUrl: "./delivery-detail-task.page.html",
    [7m  [0m [96m              ~~~~~~~~~~~~~~~~~~~~~~~~~~~~~~~~~~[0m
    Error occurs in the template of component DeliveryDetailTaskPage.


Error: [96msrc/app/delivery-detail-task/delivery-detail-task.page.html[0m:[93m113[0m:[93m20[0m - [91merror[0m[90m TS2339: [0mProperty 'service_UOM' does not exist on type '{}'.

[7m113[0m        {{riderList.service_UOM}}
[7m   [0m [91m                   ~~~~~~~~~~~[0m

  [96msrc/app/delivery-detail-task/delivery-detail-task.page.ts[0m:[93m23[0m:[93m15[0m
    [7m23[0m  templateUrl: "./delivery-detail-task.page.html",
    [7m  [0m [96m              ~~~~~~~~~~~~~~~~~~~~~~~~~~~~~~~~~~[0m
    Error occurs in the template of component DeliveryDetailTaskPage.


Error: [96msrc/app/delivery-detail-task/delivery-detail-task.page.html[0m:[93m119[0m:[93m23[0m - [91merror[0m[90m TS2339: [0mProperty 'weight' does not exist on type '{}'.

[7m119[0m      *ngIf="riderList.weight && riderList.weight!='null'"
[7m   [0m [91m                      ~~~~~~[0m

  [96msrc/app/delivery-detail-task/delivery-detail-task.page.ts[0m:[93m23[0m:[93m15[0m
    [7m23[0m  templateUrl: "./delivery-detail-task.page.html",
    [7m  [0m [96m              ~~~~~~~~~~~~~~~~~~~~~~~~~~~~~~~~~~[0m
    Error occurs in the template of component DeliveryDetailTaskPage.


Error: [96msrc/app/delivery-detail-task/delivery-detail-task.page.html[0m:[93m119[0m:[93m43[0m - [91merror[0m[90m TS2339: [0mProperty 'weight' does not exist on type '{}'.

[7m119[0m      *ngIf="riderList.weight && riderList.weight!='null'"
[7m   [0m [91m                                          ~~~~~~[0m

  [96msrc/app/delivery-detail-task/delivery-detail-task.page.ts[0m:[93m23[0m:[93m15[0m
    [7m23[0m  templateUrl: "./delivery-detail-task.page.html",
    [7m  [0m [96m              ~~~~~~~~~~~~~~~~~~~~~~~~~~~~~~~~~~[0m
    Error occurs in the template of component DeliveryDetailTaskPage.


Error: [96msrc/app/delivery-detail-task/delivery-detail-task.page.html[0m:[93m125[0m:[93m37[0m - [91merror[0m[90m TS2339: [0mProperty 'weight' does not exist on type '{}'.

[7m125[0m       ><h3 class="desc">{{riderList.weight}}</h3></ion-col
[7m   [0m [91m                                    ~~~~~~[0m

  [96msrc/app/delivery-detail-task/delivery-detail-task.page.ts[0m:[93m23[0m:[93m15[0m
    [7m23[0m  templateUrl: "./delivery-detail-task.page.html",
    [7m  [0m [96m              ~~~~~~~~~~~~~~~~~~~~~~~~~~~~~~~~~~[0m
    Error occurs in the template of component DeliveryDetailTaskPage.


Error: [96msrc/app/delivery-detail-task/delivery-detail-task.page.html[0m:[93m136[0m:[93m10[0m - [91merror[0m[90m TS7053: [0mElement implicitly has an 'any' type because expression of type '"middle_hub_id"' can't be used to index type '{}'.
  Property 'middle_hub_id' does not exist on type '{}'.

[7m136[0m   *ngIf="riderList['middle_hub_id']!=0"
[7m   [0m [91m         ~~~~~~~~~~~~~~~~~~~~~~~~~~[0m

  [96msrc/app/delivery-detail-task/delivery-detail-task.page.ts[0m:[93m23[0m:[93m15[0m
    [7m23[0m  templateUrl: "./delivery-detail-task.page.html",
    [7m  [0m [96m              ~~~~~~~~~~~~~~~~~~~~~~~~~~~~~~~~~~[0m
    Error occurs in the template of component DeliveryDetailTaskPage.


Error: [96msrc/app/delivery-detail-task/delivery-detail-task.page.html[0m:[93m151[0m:[93m20[0m - [91merror[0m[90m TS2339: [0mProperty 'hub_title' does not exist on type '{}'.

[7m151[0m        {{riderList.hub_title?riderList.hub_title:'-'}}
[7m   [0m [91m                   ~~~~~~~~~[0m

  [96msrc/app/delivery-detail-task/delivery-detail-task.page.ts[0m:[93m23[0m:[93m15[0m
    [7m23[0m  templateUrl: "./delivery-detail-task.page.html",
    [7m  [0m [96m              ~~~~~~~~~~~~~~~~~~~~~~~~~~~~~~~~~~[0m
    Error occurs in the template of component DeliveryDetailTaskPage.


Error: [96msrc/app/delivery-detail-task/delivery-detail-task.page.html[0m:[93m151[0m:[93m40[0m - [91merror[0m[90m TS2339: [0mProperty 'hub_title' does not exist on type '{}'.

[7m151[0m        {{riderList.hub_title?riderList.hub_title:'-'}}
[7m   [0m [91m                                       ~~~~~~~~~[0m

  [96msrc/app/delivery-detail-task/delivery-detail-task.page.ts[0m:[93m23[0m:[93m15[0m
    [7m23[0m  templateUrl: "./delivery-detail-task.page.html",
    [7m  [0m [96m              ~~~~~~~~~~~~~~~~~~~~~~~~~~~~~~~~~~[0m
    Error occurs in the template of component DeliveryDetailTaskPage.


Error: [96msrc/app/delivery-detail-task/delivery-detail-task.page.html[0m:[93m161[0m:[93m20[0m - [91merror[0m[90m TS2339: [0mProperty 'hub_email' does not exist on type '{}'.

[7m161[0m        {{riderList.hub_email?riderList.hub_email:'-'}}
[7m   [0m [91m                   ~~~~~~~~~[0m

  [96msrc/app/delivery-detail-task/delivery-detail-task.page.ts[0m:[93m23[0m:[93m15[0m
    [7m23[0m  templateUrl: "./delivery-detail-task.page.html",
    [7m  [0m [96m              ~~~~~~~~~~~~~~~~~~~~~~~~~~~~~~~~~~[0m
    Error occurs in the template of component DeliveryDetailTaskPage.


Error: [96msrc/app/delivery-detail-task/delivery-detail-task.page.html[0m:[93m161[0m:[93m40[0m - [91merror[0m[90m TS2339: [0mProperty 'hub_email' does not exist on type '{}'.

[7m161[0m        {{riderList.hub_email?riderList.hub_email:'-'}}
[7m   [0m [91m                                       ~~~~~~~~~[0m

  [96msrc/app/delivery-detail-task/delivery-detail-task.page.ts[0m:[93m23[0m:[93m15[0m
    [7m23[0m  templateUrl: "./delivery-detail-task.page.html",
    [7m  [0m [96m              ~~~~~~~~~~~~~~~~~~~~~~~~~~~~~~~~~~[0m
    Error occurs in the template of component DeliveryDetailTaskPage.


Error: [96msrc/app/delivery-detail-task/delivery-detail-task.page.html[0m:[93m171[0m:[93m20[0m - [91merror[0m[90m TS2339: [0mProperty 'hub_mobile' does not exist on type '{}'.

[7m171[0m        {{riderList.hub_mobile?riderList.hub_mobile:'-'}}
[7m   [0m [91m                   ~~~~~~~~~~[0m

  [96msrc/app/delivery-detail-task/delivery-detail-task.page.ts[0m:[93m23[0m:[93m15[0m
    [7m23[0m  templateUrl: "./delivery-detail-task.page.html",
    [7m  [0m [96m              ~~~~~~~~~~~~~~~~~~~~~~~~~~~~~~~~~~[0m
    Error occurs in the template of component DeliveryDetailTaskPage.


Error: [96msrc/app/delivery-detail-task/delivery-detail-task.page.html[0m:[93m171[0m:[93m41[0m - [91merror[0m[90m TS2339: [0mProperty 'hub_mobile' does not exist on type '{}'.

[7m171[0m        {{riderList.hub_mobile?riderList.hub_mobile:'-'}}
[7m   [0m [91m                                        ~~~~~~~~~~[0m

  [96msrc/app/delivery-detail-task/delivery-detail-task.page.ts[0m:[93m23[0m:[93m15[0m
    [7m23[0m  templateUrl: "./delivery-detail-task.page.html",
    [7m  [0m [96m              ~~~~~~~~~~~~~~~~~~~~~~~~~~~~~~~~~~[0m
    Error occurs in the template of component DeliveryDetailTaskPage.


Error: [96msrc/app/delivery-detail-task/delivery-detail-task.page.html[0m:[93m183[0m:[93m54[0m - [91merror[0m[90m TS2339: [0mProperty 'hub_address1' does not exist on type '{}'.

[7m183[0m         href="https://maps.google.com/?q={{riderList.hub_address1}}+{{riderList.hub_address2}}+ {{riderList.hub_postcode}} +{{riderList.hub_city}}+ {{riderList.hub_state}} + {{riderList.hub_country}}"
[7m   [0m [91m                                                     ~~~~~~~~~~~~[0m

  [96msrc/app/delivery-detail-task/delivery-detail-task.page.ts[0m:[93m23[0m:[93m15[0m
    [7m23[0m  templateUrl: "./delivery-detail-task.page.html",
    [7m  [0m [96m              ~~~~~~~~~~~~~~~~~~~~~~~~~~~~~~~~~~[0m
    Error occurs in the template of component DeliveryDetailTaskPage.


Error: [96msrc/app/delivery-detail-task/delivery-detail-task.page.html[0m:[93m183[0m:[93m81[0m - [91merror[0m[90m TS2339: [0mProperty 'hub_address2' does not exist on type '{}'.

[7m183[0m         href="https://maps.google.com/?q={{riderList.hub_address1}}+{{riderList.hub_address2}}+ {{riderList.hub_postcode}} +{{riderList.hub_city}}+ {{riderList.hub_state}} + {{riderList.hub_country}}"
[7m   [0m [91m                                                                                ~~~~~~~~~~~~[0m

  [96msrc/app/delivery-detail-task/delivery-detail-task.page.ts[0m:[93m23[0m:[93m15[0m
    [7m23[0m  templateUrl: "./delivery-detail-task.page.html",
    [7m  [0m [96m              ~~~~~~~~~~~~~~~~~~~~~~~~~~~~~~~~~~[0m
    Error occurs in the template of component DeliveryDetailTaskPage.


Error: [96msrc/app/delivery-detail-task/delivery-detail-task.page.html[0m:[93m183[0m:[93m109[0m - [91merror[0m[90m TS2339: [0mProperty 'hub_postcode' does not exist on type '{}'.

[7m183[0m         href="https://maps.google.com/?q={{riderList.hub_address1}}+{{riderList.hub_address2}}+ {{riderList.hub_postcode}} +{{riderList.hub_city}}+ {{riderList.hub_state}} + {{riderList.hub_country}}"
[7m   [0m [91m                                                                                                            ~~~~~~~~~~~~[0m

  [96msrc/app/delivery-detail-task/delivery-detail-task.page.ts[0m:[93m23[0m:[93m15[0m
    [7m23[0m  templateUrl: "./delivery-detail-task.page.html",
    [7m  [0m [96m              ~~~~~~~~~~~~~~~~~~~~~~~~~~~~~~~~~~[0m
    Error occurs in the template of component DeliveryDetailTaskPage.


Error: [96msrc/app/delivery-detail-task/delivery-detail-task.page.html[0m:[93m183[0m:[93m137[0m - [91merror[0m[90m TS2339: [0mProperty 'hub_city' does not exist on type '{}'.

[7m183[0m         href="https://maps.google.com/?q={{riderList.hub_address1}}+{{riderList.hub_address2}}+ {{riderList.hub_postcode}} +{{riderList.hub_city}}+ {{riderList.hub_state}} + {{riderList.hub_country}}"
[7m   [0m [91m                                                                                                                                        ~~~~~~~~[0m

  [96msrc/app/delivery-detail-task/delivery-detail-task.page.ts[0m:[93m23[0m:[93m15[0m
    [7m23[0m  templateUrl: "./delivery-detail-task.page.html",
    [7m  [0m [96m              ~~~~~~~~~~~~~~~~~~~~~~~~~~~~~~~~~~[0m
    Error occurs in the template of component DeliveryDetailTaskPage.


Error: [96msrc/app/delivery-detail-task/delivery-detail-task.page.html[0m:[93m183[0m:[93m161[0m - [91merror[0m[90m TS2339: [0mProperty 'hub_state' does not exist on type '{}'.

[7m183[0m         href="https://maps.google.com/?q={{riderList.hub_address1}}+{{riderList.hub_address2}}+ {{riderList.hub_postcode}} +{{riderList.hub_city}}+ {{riderList.hub_state}} + {{riderList.hub_country}}"
[7m   [0m [91m                                                                                                                                                                ~~~~~~~~~[0m

  [96msrc/app/delivery-detail-task/delivery-detail-task.page.ts[0m:[93m23[0m:[93m15[0m
    [7m23[0m  templateUrl: "./delivery-detail-task.page.html",
    [7m  [0m [96m              ~~~~~~~~~~~~~~~~~~~~~~~~~~~~~~~~~~[0m
    Error occurs in the template of component DeliveryDetailTaskPage.


Error: [96msrc/app/delivery-detail-task/delivery-detail-task.page.html[0m:[93m183[0m:[93m187[0m - [91merror[0m[90m TS2339: [0mProperty 'hub_country' does not exist on type '{}'.

[7m183[0m         href="https://maps.google.com/?q={{riderList.hub_address1}}+{{riderList.hub_address2}}+ {{riderList.hub_postcode}} +{{riderList.hub_city}}+ {{riderList.hub_state}} + {{riderList.hub_country}}"
[7m   [0m [91m                                                                                                                                                                                          ~~~~~~~~~~~[0m

  [96msrc/app/delivery-detail-task/delivery-detail-task.page.ts[0m:[93m23[0m:[93m15[0m
    [7m23[0m  templateUrl: "./delivery-detail-task.page.html",
    [7m  [0m [96m              ~~~~~~~~~~~~~~~~~~~~~~~~~~~~~~~~~~[0m
    Error occurs in the template of component DeliveryDetailTaskPage.


Error: [96msrc/app/delivery-detail-task/delivery-detail-task.page.html[0m:[93m184[0m:[93m22[0m - [91merror[0m[90m TS2339: [0mProperty 'hub_address1' does not exist on type '{}'.

[7m184[0m         >{{riderList.hub_address1}}
[7m   [0m [91m                     ~~~~~~~~~~~~[0m

  [96msrc/app/delivery-detail-task/delivery-detail-task.page.ts[0m:[93m23[0m:[93m15[0m
    [7m23[0m  templateUrl: "./delivery-detail-task.page.html",
    [7m  [0m [96m              ~~~~~~~~~~~~~~~~~~~~~~~~~~~~~~~~~~[0m
    Error occurs in the template of component DeliveryDetailTaskPage.


Error: [96msrc/app/delivery-detail-task/delivery-detail-task.page.html[0m:[93m185[0m:[93m21[0m - [91merror[0m[90m TS2339: [0mProperty 'hub_address2' does not exist on type '{}'.

[7m185[0m         {{riderList.hub_address2}}
[7m   [0m [91m                    ~~~~~~~~~~~~[0m

  [96msrc/app/delivery-detail-task/delivery-detail-task.page.ts[0m:[93m23[0m:[93m15[0m
    [7m23[0m  templateUrl: "./delivery-detail-task.page.html",
    [7m  [0m [96m              ~~~~~~~~~~~~~~~~~~~~~~~~~~~~~~~~~~[0m
    Error occurs in the template of component DeliveryDetailTaskPage.


Error: [96msrc/app/delivery-detail-task/delivery-detail-task.page.html[0m:[93m186[0m:[93m21[0m - [91merror[0m[90m TS2339: [0mProperty 'hub_postcode' does not exist on type '{}'.

[7m186[0m         {{riderList.hub_postcode}}
[7m   [0m [91m                    ~~~~~~~~~~~~[0m

  [96msrc/app/delivery-detail-task/delivery-detail-task.page.ts[0m:[93m23[0m:[93m15[0m
    [7m23[0m  templateUrl: "./delivery-detail-task.page.html",
    [7m  [0m [96m              ~~~~~~~~~~~~~~~~~~~~~~~~~~~~~~~~~~[0m
    Error occurs in the template of component DeliveryDetailTaskPage.


Error: [96msrc/app/delivery-detail-task/delivery-detail-task.page.html[0m:[93m187[0m:[93m21[0m - [91merror[0m[90m TS2339: [0mProperty 'hub_city' does not exist on type '{}'.

[7m187[0m         {{riderList.hub_city}} {{riderList.hub_state}}
[7m   [0m [91m                    ~~~~~~~~[0m

  [96msrc/app/delivery-detail-task/delivery-detail-task.page.ts[0m:[93m23[0m:[93m15[0m
    [7m23[0m  templateUrl: "./delivery-detail-task.page.html",
    [7m  [0m [96m              ~~~~~~~~~~~~~~~~~~~~~~~~~~~~~~~~~~[0m
    Error occurs in the template of component DeliveryDetailTaskPage.


Error: [96msrc/app/delivery-detail-task/delivery-detail-task.page.html[0m:[93m187[0m:[93m44[0m - [91merror[0m[90m TS2339: [0mProperty 'hub_state' does not exist on type '{}'.

[7m187[0m         {{riderList.hub_city}} {{riderList.hub_state}}
[7m   [0m [91m                                           ~~~~~~~~~[0m

  [96msrc/app/delivery-detail-task/delivery-detail-task.page.ts[0m:[93m23[0m:[93m15[0m
    [7m23[0m  templateUrl: "./delivery-detail-task.page.html",
    [7m  [0m [96m              ~~~~~~~~~~~~~~~~~~~~~~~~~~~~~~~~~~[0m
    Error occurs in the template of component DeliveryDetailTaskPage.


Error: [96msrc/app/delivery-detail-task/delivery-detail-task.page.html[0m:[93m188[0m:[93m21[0m - [91merror[0m[90m TS2339: [0mProperty 'hub_country' does not exist on type '{}'.

[7m188[0m         {{riderList.hub_country}}</a
[7m   [0m [91m                    ~~~~~~~~~~~[0m

  [96msrc/app/delivery-detail-task/delivery-detail-task.page.ts[0m:[93m23[0m:[93m15[0m
    [7m23[0m  templateUrl: "./delivery-detail-task.page.html",
    [7m  [0m [96m              ~~~~~~~~~~~~~~~~~~~~~~~~~~~~~~~~~~[0m
    Error occurs in the template of component DeliveryDetailTaskPage.


Error: [96msrc/app/delivery-detail-task/delivery-detail-task.page.html[0m:[93m211[0m:[93m20[0m - [91merror[0m[90m TS2339: [0mProperty 'recipient_name' does not exist on type '{}'.

[7m211[0m        {{riderList.recipient_name}}
[7m   [0m [91m                   ~~~~~~~~~~~~~~[0m

  [96msrc/app/delivery-detail-task/delivery-detail-task.page.ts[0m:[93m23[0m:[93m15[0m
    [7m23[0m  templateUrl: "./delivery-detail-task.page.html",
    [7m  [0m [96m              ~~~~~~~~~~~~~~~~~~~~~~~~~~~~~~~~~~[0m
    Error occurs in the template of component DeliveryDetailTaskPage.


Error: [96msrc/app/delivery-detail-task/delivery-detail-task.page.html[0m:[93m221[0m:[93m20[0m - [91merror[0m[90m TS2339: [0mProperty 'recipient_email' does not exist on type '{}'.

[7m221[0m        {{riderList.recipient_email}}
[7m   [0m [91m                   ~~~~~~~~~~~~~~~[0m

  [96msrc/app/delivery-detail-task/delivery-detail-task.page.ts[0m:[93m23[0m:[93m15[0m
    [7m23[0m  templateUrl: "./delivery-detail-task.page.html",
    [7m  [0m [96m              ~~~~~~~~~~~~~~~~~~~~~~~~~~~~~~~~~~[0m
    Error occurs in the template of component DeliveryDetailTaskPage.


Error: [96msrc/app/delivery-detail-task/delivery-detail-task.page.html[0m:[93m232[0m:[93m33[0m - [91merror[0m[90m TS2339: [0mProperty 'recipient_dial_code' does not exist on type '{}'.

[7m232[0m         href="tel://{{riderList.recipient_dial_code}}{{riderList.recipient_mobile}}"
[7m   [0m [91m                                ~~~~~~~~~~~~~~~~~~~[0m

  [96msrc/app/delivery-detail-task/delivery-detail-task.page.ts[0m:[93m23[0m:[93m15[0m
    [7m23[0m  templateUrl: "./delivery-detail-task.page.html",
    [7m  [0m [96m              ~~~~~~~~~~~~~~~~~~~~~~~~~~~~~~~~~~[0m
    Error occurs in the template of component DeliveryDetailTaskPage.


Error: [96msrc/app/delivery-detail-task/delivery-detail-task.page.html[0m:[93m232[0m:[93m66[0m - [91merror[0m[90m TS2339: [0mProperty 'recipient_mobile' does not exist on type '{}'.

[7m232[0m         href="tel://{{riderList.recipient_dial_code}}{{riderList.recipient_mobile}}"
[7m   [0m [91m                                                                 ~~~~~~~~~~~~~~~~[0m

  [96msrc/app/delivery-detail-task/delivery-detail-task.page.ts[0m:[93m23[0m:[93m15[0m
    [7m23[0m  templateUrl: "./delivery-detail-task.page.html",
    [7m  [0m [96m              ~~~~~~~~~~~~~~~~~~~~~~~~~~~~~~~~~~[0m
    Error occurs in the template of component DeliveryDetailTaskPage.


Error: [96msrc/app/delivery-detail-task/delivery-detail-task.page.html[0m:[93m234[0m:[93m22[0m - [91merror[0m[90m TS2339: [0mProperty 'recipient_dial_code' does not exist on type '{}'.

[7m234[0m         >{{riderList.recipient_dial_code}}{{riderList.recipient_mobile}}</a
[7m   [0m [91m                     ~~~~~~~~~~~~~~~~~~~[0m

  [96msrc/app/delivery-detail-task/delivery-detail-task.page.ts[0m:[93m23[0m:[93m15[0m
    [7m23[0m  templateUrl: "./delivery-detail-task.page.html",
    [7m  [0m [96m              ~~~~~~~~~~~~~~~~~~~~~~~~~~~~~~~~~~[0m
    Error occurs in the template of component DeliveryDetailTaskPage.


Error: [96msrc/app/delivery-detail-task/delivery-detail-task.page.html[0m:[93m234[0m:[93m55[0m - [91merror[0m[90m TS2339: [0mProperty 'recipient_mobile' does not exist on type '{}'.

[7m234[0m         >{{riderList.recipient_dial_code}}{{riderList.recipient_mobile}}</a
[7m   [0m [91m                                                      ~~~~~~~~~~~~~~~~[0m

  [96msrc/app/delivery-detail-task/delivery-detail-task.page.ts[0m:[93m23[0m:[93m15[0m
    [7m23[0m  templateUrl: "./delivery-detail-task.page.html",
    [7m  [0m [96m              ~~~~~~~~~~~~~~~~~~~~~~~~~~~~~~~~~~[0m
    Error occurs in the template of component DeliveryDetailTaskPage.


Error: [96msrc/app/delivery-detail-task/delivery-detail-task.page.html[0m:[93m247[0m:[93m54[0m - [91merror[0m[90m TS2339: [0mProperty 'recipient_address1' does not exist on type '{}'.

[7m247[0m         href="https://maps.google.com/?q={{riderList.recipient_address1}} + {{riderList.recipient_address2}} + {{riderList.recipient_postcode}} + {{riderList.recipient_city}} + {{riderList.recipient_state}} + {{riderList.recipient_country}}"
[7m   [0m [91m                                                     ~~~~~~~~~~~~~~~~~~[0m

  [96msrc/app/delivery-detail-task/delivery-detail-task.page.ts[0m:[93m23[0m:[93m15[0m
    [7m23[0m  templateUrl: "./delivery-detail-task.page.html",
    [7m  [0m [96m              ~~~~~~~~~~~~~~~~~~~~~~~~~~~~~~~~~~[0m
    Error occurs in the template of component DeliveryDetailTaskPage.


Error: [96msrc/app/delivery-detail-task/delivery-detail-task.page.html[0m:[93m247[0m:[93m89[0m - [91merror[0m[90m TS2339: [0mProperty 'recipient_address2' does not exist on type '{}'.

[7m247[0m         href="https://maps.google.com/?q={{riderList.recipient_address1}} + {{riderList.recipient_address2}} + {{riderList.recipient_postcode}} + {{riderList.recipient_city}} + {{riderList.recipient_state}} + {{riderList.recipient_country}}"
[7m   [0m [91m                                                                                        ~~~~~~~~~~~~~~~~~~[0m

  [96msrc/app/delivery-detail-task/delivery-detail-task.page.ts[0m:[93m23[0m:[93m15[0m
    [7m23[0m  templateUrl: "./delivery-detail-task.page.html",
    [7m  [0m [96m              ~~~~~~~~~~~~~~~~~~~~~~~~~~~~~~~~~~[0m
    Error occurs in the template of component DeliveryDetailTaskPage.


Error: [96msrc/app/delivery-detail-task/delivery-detail-task.page.html[0m:[93m247[0m:[93m124[0m - [91merror[0m[90m TS2339: [0mProperty 'recipient_postcode' does not exist on type '{}'.

[7m247[0m         href="https://maps.google.com/?q={{riderList.recipient_address1}} + {{riderList.recipient_address2}} + {{riderList.recipient_postcode}} + {{riderList.recipient_city}} + {{riderList.recipient_state}} + {{riderList.recipient_country}}"
[7m   [0m [91m                                                                                                                           ~~~~~~~~~~~~~~~~~~[0m

  [96msrc/app/delivery-detail-task/delivery-detail-task.page.ts[0m:[93m23[0m:[93m15[0m
    [7m23[0m  templateUrl: "./delivery-detail-task.page.html",
    [7m  [0m [96m              ~~~~~~~~~~~~~~~~~~~~~~~~~~~~~~~~~~[0m
    Error occurs in the template of component DeliveryDetailTaskPage.


Error: [96msrc/app/delivery-detail-task/delivery-detail-task.page.html[0m:[93m247[0m:[93m159[0m - [91merror[0m[90m TS2339: [0mProperty 'recipient_city' does not exist on type '{}'.

[7m247[0m         href="https://maps.google.com/?q={{riderList.recipient_address1}} + {{riderList.recipient_address2}} + {{riderList.recipient_postcode}} + {{riderList.recipient_city}} + {{riderList.recipient_state}} + {{riderList.recipient_country}}"
[7m   [0m [91m                                                                                                                                                              ~~~~~~~~~~~~~~[0m

  [96msrc/app/delivery-detail-task/delivery-detail-task.page.ts[0m:[93m23[0m:[93m15[0m
    [7m23[0m  templateUrl: "./delivery-detail-task.page.html",
    [7m  [0m [96m              ~~~~~~~~~~~~~~~~~~~~~~~~~~~~~~~~~~[0m
    Error occurs in the template of component DeliveryDetailTaskPage.


Error: [96msrc/app/delivery-detail-task/delivery-detail-task.page.html[0m:[93m247[0m:[93m190[0m - [91merror[0m[90m TS2339: [0mProperty 'recipient_state' does not exist on type '{}'.

[7m247[0m         href="https://maps.google.com/?q={{riderList.recipient_address1}} + {{riderList.recipient_address2}} + {{riderList.recipient_postcode}} + {{riderList.recipient_city}} + {{riderList.recipient_state}} + {{riderList.recipient_country}}"
[7m   [0m [91m                                                                                                                                                                                             ~~~~~~~~~~~~~~~[0m

  [96msrc/app/delivery-detail-task/delivery-detail-task.page.ts[0m:[93m23[0m:[93m15[0m
    [7m23[0m  templateUrl: "./delivery-detail-task.page.html",
    [7m  [0m [96m              ~~~~~~~~~~~~~~~~~~~~~~~~~~~~~~~~~~[0m
    Error occurs in the template of component DeliveryDetailTaskPage.


Error: [96msrc/app/delivery-detail-task/delivery-detail-task.page.html[0m:[93m247[0m:[93m222[0m - [91merror[0m[90m TS2339: [0mProperty 'recipient_country' does not exist on type '{}'.

[7m247[0m         href="https://maps.google.com/?q={{riderList.recipient_address1}} + {{riderList.recipient_address2}} + {{riderList.recipient_postcode}} + {{riderList.recipient_city}} + {{riderList.recipient_state}} + {{riderList.recipient_country}}"
[7m   [0m [91m                                                                                                                                                                                                                             ~~~~~~~~~~~~~~~~~[0m

  [96msrc/app/delivery-detail-task/delivery-detail-task.page.ts[0m:[93m23[0m:[93m15[0m
    [7m23[0m  templateUrl: "./delivery-detail-task.page.html",
    [7m  [0m [96m              ~~~~~~~~~~~~~~~~~~~~~~~~~~~~~~~~~~[0m
    Error occurs in the template of component DeliveryDetailTaskPage.


Error: [96msrc/app/delivery-detail-task/delivery-detail-task.page.html[0m:[93m248[0m:[93m22[0m - [91merror[0m[90m TS2339: [0mProperty 'recipient_address1' does not exist on type '{}'.

[7m248[0m         >{{riderList.recipient_address1}}
[7m   [0m [91m                     ~~~~~~~~~~~~~~~~~~[0m

  [96msrc/app/delivery-detail-task/delivery-detail-task.page.ts[0m:[93m23[0m:[93m15[0m
    [7m23[0m  templateUrl: "./delivery-detail-task.page.html",
    [7m  [0m [96m              ~~~~~~~~~~~~~~~~~~~~~~~~~~~~~~~~~~[0m
    Error occurs in the template of component DeliveryDetailTaskPage.


Error: [96msrc/app/delivery-detail-task/delivery-detail-task.page.html[0m:[93m249[0m:[93m21[0m - [91merror[0m[90m TS2339: [0mProperty 'recipient_address2' does not exist on type '{}'.

[7m249[0m         {{riderList.recipient_address2}}
[7m   [0m [91m                    ~~~~~~~~~~~~~~~~~~[0m

  [96msrc/app/delivery-detail-task/delivery-detail-task.page.ts[0m:[93m23[0m:[93m15[0m
    [7m23[0m  templateUrl: "./delivery-detail-task.page.html",
    [7m  [0m [96m              ~~~~~~~~~~~~~~~~~~~~~~~~~~~~~~~~~~[0m
    Error occurs in the template of component DeliveryDetailTaskPage.


Error: [96msrc/app/delivery-detail-task/delivery-detail-task.page.html[0m:[93m250[0m:[93m21[0m - [91merror[0m[90m TS2339: [0mProperty 'recipient_postcode' does not exist on type '{}'.

[7m250[0m         {{riderList.recipient_postcode}}
[7m   [0m [91m                    ~~~~~~~~~~~~~~~~~~[0m

  [96msrc/app/delivery-detail-task/delivery-detail-task.page.ts[0m:[93m23[0m:[93m15[0m
    [7m23[0m  templateUrl: "./delivery-detail-task.page.html",
    [7m  [0m [96m              ~~~~~~~~~~~~~~~~~~~~~~~~~~~~~~~~~~[0m
    Error occurs in the template of component DeliveryDetailTaskPage.


Error: [96msrc/app/delivery-detail-task/delivery-detail-task.page.html[0m:[93m251[0m:[93m21[0m - [91merror[0m[90m TS2339: [0mProperty 'recipient_city' does not exist on type '{}'.

[7m251[0m         {{riderList.recipient_city}}
[7m   [0m [91m                    ~~~~~~~~~~~~~~[0m

  [96msrc/app/delivery-detail-task/delivery-detail-task.page.ts[0m:[93m23[0m:[93m15[0m
    [7m23[0m  templateUrl: "./delivery-detail-task.page.html",
    [7m  [0m [96m              ~~~~~~~~~~~~~~~~~~~~~~~~~~~~~~~~~~[0m
    Error occurs in the template of component DeliveryDetailTaskPage.


Error: [96msrc/app/delivery-detail-task/delivery-detail-task.page.html[0m:[93m252[0m:[93m21[0m - [91merror[0m[90m TS2339: [0mProperty 'recipient_state' does not exist on type '{}'.

[7m252[0m         {{riderList.recipient_state}}
[7m   [0m [91m                    ~~~~~~~~~~~~~~~[0m

  [96msrc/app/delivery-detail-task/delivery-detail-task.page.ts[0m:[93m23[0m:[93m15[0m
    [7m23[0m  templateUrl: "./delivery-detail-task.page.html",
    [7m  [0m [96m              ~~~~~~~~~~~~~~~~~~~~~~~~~~~~~~~~~~[0m
    Error occurs in the template of component DeliveryDetailTaskPage.


Error: [96msrc/app/delivery-detail-task/delivery-detail-task.page.html[0m:[93m253[0m:[93m21[0m - [91merror[0m[90m TS2339: [0mProperty 'recipient_country' does not exist on type '{}'.

[7m253[0m         {{riderList.recipient_country}}</a
[7m   [0m [91m                    ~~~~~~~~~~~~~~~~~[0m

  [96msrc/app/delivery-detail-task/delivery-detail-task.page.ts[0m:[93m23[0m:[93m15[0m
    [7m23[0m  templateUrl: "./delivery-detail-task.page.html",
    [7m  [0m [96m              ~~~~~~~~~~~~~~~~~~~~~~~~~~~~~~~~~~[0m
    Error occurs in the template of component DeliveryDetailTaskPage.


Error: [96msrc/app/delivery-detail-task/delivery-detail-task.page.html[0m:[93m276[0m:[93m20[0m - [91merror[0m[90m TS2339: [0mProperty 'sender_name' does not exist on type '{}'.

[7m276[0m        {{riderList.sender_name?riderList.sender_name:'-'}}
[7m   [0m [91m                   ~~~~~~~~~~~[0m

  [96msrc/app/delivery-detail-task/delivery-detail-task.page.ts[0m:[93m23[0m:[93m15[0m
    [7m23[0m  templateUrl: "./delivery-detail-task.page.html",
    [7m  [0m [96m              ~~~~~~~~~~~~~~~~~~~~~~~~~~~~~~~~~~[0m
    Error occurs in the template of component DeliveryDetailTaskPage.


Error: [96msrc/app/delivery-detail-task/delivery-detail-task.page.html[0m:[93m276[0m:[93m42[0m - [91merror[0m[90m TS2339: [0mProperty 'sender_name' does not exist on type '{}'.

[7m276[0m        {{riderList.sender_name?riderList.sender_name:'-'}}
[7m   [0m [91m                                         ~~~~~~~~~~~[0m

  [96msrc/app/delivery-detail-task/delivery-detail-task.page.ts[0m:[93m23[0m:[93m15[0m
    [7m23[0m  templateUrl: "./delivery-detail-task.page.html",
    [7m  [0m [96m              ~~~~~~~~~~~~~~~~~~~~~~~~~~~~~~~~~~[0m
    Error occurs in the template of component DeliveryDetailTaskPage.


Error: [96msrc/app/delivery-detail-task/delivery-detail-task.page.html[0m:[93m286[0m:[93m20[0m - [91merror[0m[90m TS2339: [0mProperty 'sender_email' does not exist on type '{}'.

[7m286[0m        {{riderList.sender_email?riderList.sender_email:'-'}}
[7m   [0m [91m                   ~~~~~~~~~~~~[0m

  [96msrc/app/delivery-detail-task/delivery-detail-task.page.ts[0m:[93m23[0m:[93m15[0m
    [7m23[0m  templateUrl: "./delivery-detail-task.page.html",
    [7m  [0m [96m              ~~~~~~~~~~~~~~~~~~~~~~~~~~~~~~~~~~[0m
    Error occurs in the template of component DeliveryDetailTaskPage.


Error: [96msrc/app/delivery-detail-task/delivery-detail-task.page.html[0m:[93m286[0m:[93m43[0m - [91merror[0m[90m TS2339: [0mProperty 'sender_email' does not exist on type '{}'.

[7m286[0m        {{riderList.sender_email?riderList.sender_email:'-'}}
[7m   [0m [91m                                          ~~~~~~~~~~~~[0m

  [96msrc/app/delivery-detail-task/delivery-detail-task.page.ts[0m:[93m23[0m:[93m15[0m
    [7m23[0m  templateUrl: "./delivery-detail-task.page.html",
    [7m  [0m [96m              ~~~~~~~~~~~~~~~~~~~~~~~~~~~~~~~~~~[0m
    Error occurs in the template of component DeliveryDetailTaskPage.


Error: [96msrc/app/delivery-detail-task/delivery-detail-task.page.html[0m:[93m297[0m:[93m33[0m - [91merror[0m[90m TS2339: [0mProperty 'sender_dial_code' does not exist on type '{}'.

[7m297[0m         href="tel://{{riderList.sender_dial_code?riderList.sender_dial_code:'-'}}{{riderList.sender_mobile?riderList.sender_mobile:'-'}}"
[7m   [0m [91m                                ~~~~~~~~~~~~~~~~[0m

  [96msrc/app/delivery-detail-task/delivery-detail-task.page.ts[0m:[93m23[0m:[93m15[0m
    [7m23[0m  templateUrl: "./delivery-detail-task.page.html",
    [7m  [0m [96m              ~~~~~~~~~~~~~~~~~~~~~~~~~~~~~~~~~~[0m
    Error occurs in the template of component DeliveryDetailTaskPage.


Error: [96msrc/app/delivery-detail-task/delivery-detail-task.page.html[0m:[93m297[0m:[93m60[0m - [91merror[0m[90m TS2339: [0mProperty 'sender_dial_code' does not exist on type '{}'.

[7m297[0m         href="tel://{{riderList.sender_dial_code?riderList.sender_dial_code:'-'}}{{riderList.sender_mobile?riderList.sender_mobile:'-'}}"
[7m   [0m [91m                                                           ~~~~~~~~~~~~~~~~[0m

  [96msrc/app/delivery-detail-task/delivery-detail-task.page.ts[0m:[93m23[0m:[93m15[0m
    [7m23[0m  templateUrl: "./delivery-detail-task.page.html",
    [7m  [0m [96m              ~~~~~~~~~~~~~~~~~~~~~~~~~~~~~~~~~~[0m
    Error occurs in the template of component DeliveryDetailTaskPage.


Error: [96msrc/app/delivery-detail-task/delivery-detail-task.page.html[0m:[93m297[0m:[93m94[0m - [91merror[0m[90m TS2339: [0mProperty 'sender_mobile' does not exist on type '{}'.

[7m297[0m         href="tel://{{riderList.sender_dial_code?riderList.sender_dial_code:'-'}}{{riderList.sender_mobile?riderList.sender_mobile:'-'}}"
[7m   [0m [91m                                                                                             ~~~~~~~~~~~~~[0m

  [96msrc/app/delivery-detail-task/delivery-detail-task.page.ts[0m:[93m23[0m:[93m15[0m
    [7m23[0m  templateUrl: "./delivery-detail-task.page.html",
    [7m  [0m [96m              ~~~~~~~~~~~~~~~~~~~~~~~~~~~~~~~~~~[0m
    Error occurs in the template of component DeliveryDetailTaskPage.


Error: [96msrc/app/delivery-detail-task/delivery-detail-task.page.html[0m:[93m297[0m:[93m118[0m - [91merror[0m[90m TS2339: [0mProperty 'sender_mobile' does not exist on type '{}'.

[7m297[0m         href="tel://{{riderList.sender_dial_code?riderList.sender_dial_code:'-'}}{{riderList.sender_mobile?riderList.sender_mobile:'-'}}"
[7m   [0m [91m                                                                                                                     ~~~~~~~~~~~~~[0m

  [96msrc/app/delivery-detail-task/delivery-detail-task.page.ts[0m:[93m23[0m:[93m15[0m
    [7m23[0m  templateUrl: "./delivery-detail-task.page.html",
    [7m  [0m [96m              ~~~~~~~~~~~~~~~~~~~~~~~~~~~~~~~~~~[0m
    Error occurs in the template of component DeliveryDetailTaskPage.


Error: [96msrc/app/delivery-detail-task/delivery-detail-task.page.html[0m:[93m299[0m:[93m22[0m - [91merror[0m[90m TS2339: [0mProperty 'sender_dial_code' does not exist on type '{}'.

[7m299[0m         >{{riderList.sender_dial_code?riderList.sender_dial_code:'-'}}{{riderList.sender_mobile?riderList.sender_mobile:'-'}}</a
[7m   [0m [91m                     ~~~~~~~~~~~~~~~~[0m

  [96msrc/app/delivery-detail-task/delivery-detail-task.page.ts[0m:[93m23[0m:[93m15[0m
    [7m23[0m  templateUrl: "./delivery-detail-task.page.html",
    [7m  [0m [96m              ~~~~~~~~~~~~~~~~~~~~~~~~~~~~~~~~~~[0m
    Error occurs in the template of component DeliveryDetailTaskPage.


Error: [96msrc/app/delivery-detail-task/delivery-detail-task.page.html[0m:[93m299[0m:[93m49[0m - [91merror[0m[90m TS2339: [0mProperty 'sender_dial_code' does not exist on type '{}'.

[7m299[0m         >{{riderList.sender_dial_code?riderList.sender_dial_code:'-'}}{{riderList.sender_mobile?riderList.sender_mobile:'-'}}</a
[7m   [0m [91m                                                ~~~~~~~~~~~~~~~~[0m

  [96msrc/app/delivery-detail-task/delivery-detail-task.page.ts[0m:[93m23[0m:[93m15[0m
    [7m23[0m  templateUrl: "./delivery-detail-task.page.html",
    [7m  [0m [96m              ~~~~~~~~~~~~~~~~~~~~~~~~~~~~~~~~~~[0m
    Error occurs in the template of component DeliveryDetailTaskPage.


Error: [96msrc/app/delivery-detail-task/delivery-detail-task.page.html[0m:[93m299[0m:[93m83[0m - [91merror[0m[90m TS2339: [0mProperty 'sender_mobile' does not exist on type '{}'.

[7m299[0m         >{{riderList.sender_dial_code?riderList.sender_dial_code:'-'}}{{riderList.sender_mobile?riderList.sender_mobile:'-'}}</a
[7m   [0m [91m                                                                                  ~~~~~~~~~~~~~[0m

  [96msrc/app/delivery-detail-task/delivery-detail-task.page.ts[0m:[93m23[0m:[93m15[0m
    [7m23[0m  templateUrl: "./delivery-detail-task.page.html",
    [7m  [0m [96m              ~~~~~~~~~~~~~~~~~~~~~~~~~~~~~~~~~~[0m
    Error occurs in the template of component DeliveryDetailTaskPage.


Error: [96msrc/app/delivery-detail-task/delivery-detail-task.page.html[0m:[93m299[0m:[93m107[0m - [91merror[0m[90m TS2339: [0mProperty 'sender_mobile' does not exist on type '{}'.

[7m299[0m         >{{riderList.sender_dial_code?riderList.sender_dial_code:'-'}}{{riderList.sender_mobile?riderList.sender_mobile:'-'}}</a
[7m   [0m [91m                                                                                                          ~~~~~~~~~~~~~[0m

  [96msrc/app/delivery-detail-task/delivery-detail-task.page.ts[0m:[93m23[0m:[93m15[0m
    [7m23[0m  templateUrl: "./delivery-detail-task.page.html",
    [7m  [0m [96m              ~~~~~~~~~~~~~~~~~~~~~~~~~~~~~~~~~~[0m
    Error occurs in the template of component DeliveryDetailTaskPage.


Error: [96msrc/app/delivery-detail-task/delivery-detail-task.page.html[0m:[93m312[0m:[93m54[0m - [91merror[0m[90m TS2339: [0mProperty 'sender_address1' does not exist on type '{}'.

[7m312[0m         href="https://maps.google.com/?q={{riderList.sender_address1}}+{{riderList.sender_address2}}+{{riderList.sender_postcode}}+ {{riderList.sender_city}}+ {{riderList.sender_state}} +{{riderList.sender_country}}"
[7m   [0m [91m                                                     ~~~~~~~~~~~~~~~[0m

  [96msrc/app/delivery-detail-task/delivery-detail-task.page.ts[0m:[93m23[0m:[93m15[0m
    [7m23[0m  templateUrl: "./delivery-detail-task.page.html",
    [7m  [0m [96m              ~~~~~~~~~~~~~~~~~~~~~~~~~~~~~~~~~~[0m
    Error occurs in the template of component DeliveryDetailTaskPage.


Error: [96msrc/app/delivery-detail-task/delivery-detail-task.page.html[0m:[93m312[0m:[93m84[0m - [91merror[0m[90m TS2339: [0mProperty 'sender_address2' does not exist on type '{}'.

[7m312[0m         href="https://maps.google.com/?q={{riderList.sender_address1}}+{{riderList.sender_address2}}+{{riderList.sender_postcode}}+ {{riderList.sender_city}}+ {{riderList.sender_state}} +{{riderList.sender_country}}"
[7m   [0m [91m                                                                                   ~~~~~~~~~~~~~~~[0m

  [96msrc/app/delivery-detail-task/delivery-detail-task.page.ts[0m:[93m23[0m:[93m15[0m
    [7m23[0m  templateUrl: "./delivery-detail-task.page.html",
    [7m  [0m [96m              ~~~~~~~~~~~~~~~~~~~~~~~~~~~~~~~~~~[0m
    Error occurs in the template of component DeliveryDetailTaskPage.


Error: [96msrc/app/delivery-detail-task/delivery-detail-task.page.html[0m:[93m312[0m:[93m114[0m - [91merror[0m[90m TS2339: [0mProperty 'sender_postcode' does not exist on type '{}'.

[7m312[0m         href="https://maps.google.com/?q={{riderList.sender_address1}}+{{riderList.sender_address2}}+{{riderList.sender_postcode}}+ {{riderList.sender_city}}+ {{riderList.sender_state}} +{{riderList.sender_country}}"
[7m   [0m [91m                                                                                                                 ~~~~~~~~~~~~~~~[0m

  [96msrc/app/delivery-detail-task/delivery-detail-task.page.ts[0m:[93m23[0m:[93m15[0m
    [7m23[0m  templateUrl: "./delivery-detail-task.page.html",
    [7m  [0m [96m              ~~~~~~~~~~~~~~~~~~~~~~~~~~~~~~~~~~[0m
    Error occurs in the template of component DeliveryDetailTaskPage.


Error: [96msrc/app/delivery-detail-task/delivery-detail-task.page.html[0m:[93m312[0m:[93m145[0m - [91merror[0m[90m TS2339: [0mProperty 'sender_city' does not exist on type '{}'.

[7m312[0m         href="https://maps.google.com/?q={{riderList.sender_address1}}+{{riderList.sender_address2}}+{{riderList.sender_postcode}}+ {{riderList.sender_city}}+ {{riderList.sender_state}} +{{riderList.sender_country}}"
[7m   [0m [91m                                                                                                                                                ~~~~~~~~~~~[0m

  [96msrc/app/delivery-detail-task/delivery-detail-task.page.ts[0m:[93m23[0m:[93m15[0m
    [7m23[0m  templateUrl: "./delivery-detail-task.page.html",
    [7m  [0m [96m              ~~~~~~~~~~~~~~~~~~~~~~~~~~~~~~~~~~[0m
    Error occurs in the template of component DeliveryDetailTaskPage.


Error: [96msrc/app/delivery-detail-task/delivery-detail-task.page.html[0m:[93m312[0m:[93m172[0m - [91merror[0m[90m TS2339: [0mProperty 'sender_state' does not exist on type '{}'.

[7m312[0m         href="https://maps.google.com/?q={{riderList.sender_address1}}+{{riderList.sender_address2}}+{{riderList.sender_postcode}}+ {{riderList.sender_city}}+ {{riderList.sender_state}} +{{riderList.sender_country}}"
[7m   [0m [91m                                                                                                                                                                           ~~~~~~~~~~~~[0m

  [96msrc/app/delivery-detail-task/delivery-detail-task.page.ts[0m:[93m23[0m:[93m15[0m
    [7m23[0m  templateUrl: "./delivery-detail-task.page.html",
    [7m  [0m [96m              ~~~~~~~~~~~~~~~~~~~~~~~~~~~~~~~~~~[0m
    Error occurs in the template of component DeliveryDetailTaskPage.


Error: [96msrc/app/delivery-detail-task/delivery-detail-task.page.html[0m:[93m312[0m:[93m200[0m - [91merror[0m[90m TS2339: [0mProperty 'sender_country' does not exist on type '{}'.

[7m312[0m         href="https://maps.google.com/?q={{riderList.sender_address1}}+{{riderList.sender_address2}}+{{riderList.sender_postcode}}+ {{riderList.sender_city}}+ {{riderList.sender_state}} +{{riderList.sender_country}}"
[7m   [0m [91m                                                                                                                                                                                                       ~~~~~~~~~~~~~~[0m

  [96msrc/app/delivery-detail-task/delivery-detail-task.page.ts[0m:[93m23[0m:[93m15[0m
    [7m23[0m  templateUrl: "./delivery-detail-task.page.html",
    [7m  [0m [96m              ~~~~~~~~~~~~~~~~~~~~~~~~~~~~~~~~~~[0m
    Error occurs in the template of component DeliveryDetailTaskPage.


Error: [96msrc/app/delivery-detail-task/delivery-detail-task.page.html[0m:[93m313[0m:[93m22[0m - [91merror[0m[90m TS2339: [0mProperty 'sender_address1' does not exist on type '{}'.

[7m313[0m         >{{riderList.sender_address1}}{{riderList.sender_address2}}
[7m   [0m [91m                     ~~~~~~~~~~~~~~~[0m

  [96msrc/app/delivery-detail-task/delivery-detail-task.page.ts[0m:[93m23[0m:[93m15[0m
    [7m23[0m  templateUrl: "./delivery-detail-task.page.html",
    [7m  [0m [96m              ~~~~~~~~~~~~~~~~~~~~~~~~~~~~~~~~~~[0m
    Error occurs in the template of component DeliveryDetailTaskPage.


Error: [96msrc/app/delivery-detail-task/delivery-detail-task.page.html[0m:[93m313[0m:[93m51[0m - [91merror[0m[90m TS2339: [0mProperty 'sender_address2' does not exist on type '{}'.

[7m313[0m         >{{riderList.sender_address1}}{{riderList.sender_address2}}
[7m   [0m [91m                                                  ~~~~~~~~~~~~~~~[0m

  [96msrc/app/delivery-detail-task/delivery-detail-task.page.ts[0m:[93m23[0m:[93m15[0m
    [7m23[0m  templateUrl: "./delivery-detail-task.page.html",
    [7m  [0m [96m              ~~~~~~~~~~~~~~~~~~~~~~~~~~~~~~~~~~[0m
    Error occurs in the template of component DeliveryDetailTaskPage.


Error: [96msrc/app/delivery-detail-task/delivery-detail-task.page.html[0m:[93m314[0m:[93m21[0m - [91merror[0m[90m TS2339: [0mProperty 'sender_postcode' does not exist on type '{}'.

[7m314[0m         {{riderList.sender_postcode}}
[7m   [0m [91m                    ~~~~~~~~~~~~~~~[0m

  [96msrc/app/delivery-detail-task/delivery-detail-task.page.ts[0m:[93m23[0m:[93m15[0m
    [7m23[0m  templateUrl: "./delivery-detail-task.page.html",
    [7m  [0m [96m              ~~~~~~~~~~~~~~~~~~~~~~~~~~~~~~~~~~[0m
    Error occurs in the template of component DeliveryDetailTaskPage.


Error: [96msrc/app/delivery-detail-task/delivery-detail-task.page.html[0m:[93m315[0m:[93m21[0m - [91merror[0m[90m TS2339: [0mProperty 'sender_city' does not exist on type '{}'.

[7m315[0m         {{riderList.sender_city}}
[7m   [0m [91m                    ~~~~~~~~~~~[0m

  [96msrc/app/delivery-detail-task/delivery-detail-task.page.ts[0m:[93m23[0m:[93m15[0m
    [7m23[0m  templateUrl: "./delivery-detail-task.page.html",
    [7m  [0m [96m              ~~~~~~~~~~~~~~~~~~~~~~~~~~~~~~~~~~[0m
    Error occurs in the template of component DeliveryDetailTaskPage.


Error: [96msrc/app/delivery-detail-task/delivery-detail-task.page.html[0m:[93m316[0m:[93m21[0m - [91merror[0m[90m TS2339: [0mProperty 'sender_state' does not exist on type '{}'.

[7m316[0m         {{riderList.sender_state}}
[7m   [0m [91m                    ~~~~~~~~~~~~[0m

  [96msrc/app/delivery-detail-task/delivery-detail-task.page.ts[0m:[93m23[0m:[93m15[0m
    [7m23[0m  templateUrl: "./delivery-detail-task.page.html",
    [7m  [0m [96m              ~~~~~~~~~~~~~~~~~~~~~~~~~~~~~~~~~~[0m
    Error occurs in the template of component DeliveryDetailTaskPage.


Error: [96msrc/app/delivery-detail-task/delivery-detail-task.page.html[0m:[93m317[0m:[93m21[0m - [91merror[0m[90m TS2339: [0mProperty 'sender_country' does not exist on type '{}'.

[7m317[0m         {{riderList.sender_country}}</a
[7m   [0m [91m                    ~~~~~~~~~~~~~~[0m

  [96msrc/app/delivery-detail-task/delivery-detail-task.page.ts[0m:[93m23[0m:[93m15[0m
    [7m23[0m  templateUrl: "./delivery-detail-task.page.html",
    [7m  [0m [96m              ~~~~~~~~~~~~~~~~~~~~~~~~~~~~~~~~~~[0m
    Error occurs in the template of component DeliveryDetailTaskPage.


Error: [96msrc/app/delivery-detail-task/delivery-detail-task.page.html[0m:[93m330[0m:[93m20[0m - [91merror[0m[90m TS2339: [0mProperty 'despatch_category' does not exist on type '{}'.

[7m330[0m   *ngIf="riderList.despatch_category && riderList.despatch_category!='null'"
[7m   [0m [91m                   ~~~~~~~~~~~~~~~~~[0m

  [96msrc/app/delivery-detail-task/delivery-detail-task.page.ts[0m:[93m23[0m:[93m15[0m
    [7m23[0m  templateUrl: "./delivery-detail-task.page.html",
    [7m  [0m [96m              ~~~~~~~~~~~~~~~~~~~~~~~~~~~~~~~~~~[0m
    Error occurs in the template of component DeliveryDetailTaskPage.


Error: [96msrc/app/delivery-detail-task/delivery-detail-task.page.html[0m:[93m330[0m:[93m51[0m - [91merror[0m[90m TS2339: [0mProperty 'despatch_category' does not exist on type '{}'.

[7m330[0m   *ngIf="riderList.despatch_category && riderList.despatch_category!='null'"
[7m   [0m [91m                                                  ~~~~~~~~~~~~~~~~~[0m

  [96msrc/app/delivery-detail-task/delivery-detail-task.page.ts[0m:[93m23[0m:[93m15[0m
    [7m23[0m  templateUrl: "./delivery-detail-task.page.html",
    [7m  [0m [96m              ~~~~~~~~~~~~~~~~~~~~~~~~~~~~~~~~~~[0m
    Error occurs in the template of component DeliveryDetailTaskPage.


Error: [96msrc/app/delivery-detail-task/delivery-detail-task.page.html[0m:[93m345[0m:[93m20[0m - [91merror[0m[90m TS2339: [0mProperty 'despatch_category' does not exist on type '{}'.

[7m345[0m        {{riderList.despatch_category}}
[7m   [0m [91m                   ~~~~~~~~~~~~~~~~~[0m

  [96msrc/app/delivery-detail-task/delivery-detail-task.page.ts[0m:[93m23[0m:[93m15[0m
    [7m23[0m  templateUrl: "./delivery-detail-task.page.html",
    [7m  [0m [96m              ~~~~~~~~~~~~~~~~~~~~~~~~~~~~~~~~~~[0m
    Error occurs in the template of component DeliveryDetailTaskPage.


Error: [96msrc/app/delivery-detail-task/delivery-detail-task.page.html[0m:[93m355[0m:[93m20[0m - [91merror[0m[90m TS2339: [0mProperty 'despatch_service' does not exist on type '{}'.

[7m355[0m        {{riderList.despatch_service}}
[7m   [0m [91m                   ~~~~~~~~~~~~~~~~[0m

  [96msrc/app/delivery-detail-task/delivery-detail-task.page.ts[0m:[93m23[0m:[93m15[0m
    [7m23[0m  templateUrl: "./delivery-detail-task.page.html",
    [7m  [0m [96m              ~~~~~~~~~~~~~~~~~~~~~~~~~~~~~~~~~~[0m
    Error occurs in the template of component DeliveryDetailTaskPage.


Error: [96msrc/app/delivery-detail-task/delivery-detail-task.page.html[0m:[93m365[0m:[93m20[0m - [91merror[0m[90m TS2339: [0mProperty 'despatch_remarks' does not exist on type '{}'.

[7m365[0m        {{riderList.despatch_remarks?riderList.despatch_remarks:'-'}}
[7m   [0m [91m                   ~~~~~~~~~~~~~~~~[0m

  [96msrc/app/delivery-detail-task/delivery-detail-task.page.ts[0m:[93m23[0m:[93m15[0m
    [7m23[0m  templateUrl: "./delivery-detail-task.page.html",
    [7m  [0m [96m              ~~~~~~~~~~~~~~~~~~~~~~~~~~~~~~~~~~[0m
    Error occurs in the template of component DeliveryDetailTaskPage.


Error: [96msrc/app/delivery-detail-task/delivery-detail-task.page.html[0m:[93m365[0m:[93m47[0m - [91merror[0m[90m TS2339: [0mProperty 'despatch_remarks' does not exist on type '{}'.

[7m365[0m        {{riderList.despatch_remarks?riderList.despatch_remarks:'-'}}
[7m   [0m [91m                                              ~~~~~~~~~~~~~~~~[0m

  [96msrc/app/delivery-detail-task/delivery-detail-task.page.ts[0m:[93m23[0m:[93m15[0m
    [7m23[0m  templateUrl: "./delivery-detail-task.page.html",
    [7m  [0m [96m              ~~~~~~~~~~~~~~~~~~~~~~~~~~~~~~~~~~[0m
    Error occurs in the template of component DeliveryDetailTaskPage.


Error: [96msrc/app/delivery-detail-task/delivery-detail-task.page.html[0m:[93m377[0m:[93m10[0m - [91merror[0m[90m TS7053: [0mElement implicitly has an 'any' type because expression of type '"cod_collect_amount"' can't be used to index type '{}'.
  Property 'cod_collect_amount' does not exist on type '{}'.

[7m377[0m   *ngIf="riderList['cod_collect_amount']>0"
[7m   [0m [91m         ~~~~~~~~~~~~~~~~~~~~~~~~~~~~~~~[0m

  [96msrc/app/delivery-detail-task/delivery-detail-task.page.ts[0m:[93m23[0m:[93m15[0m
    [7m23[0m  templateUrl: "./delivery-detail-task.page.html",
    [7m  [0m [96m              ~~~~~~~~~~~~~~~~~~~~~~~~~~~~~~~~~~[0m
    Error occurs in the template of component DeliveryDetailTaskPage.


Error: [96msrc/app/delivery-detail-task/delivery-detail-task.page.html[0m:[93m392[0m:[93m23[0m - [91merror[0m[90m TS2339: [0mProperty 'cod_collect_amount' does not exist on type '{}'.

[7m392[0m        RM {{riderList.cod_collect_amount}}
[7m   [0m [91m                      ~~~~~~~~~~~~~~~~~~[0m

  [96msrc/app/delivery-detail-task/delivery-detail-task.page.ts[0m:[93m23[0m:[93m15[0m
    [7m23[0m  templateUrl: "./delivery-detail-task.page.html",
    [7m  [0m [96m              ~~~~~~~~~~~~~~~~~~~~~~~~~~~~~~~~~~[0m
    Error occurs in the template of component DeliveryDetailTaskPage.


Error: [96msrc/app/delivery-detail-task/delivery-detail-task.page.html[0m:[93m400[0m:[93m30[0m - [91merror[0m[90m TS7053: [0mElement implicitly has an 'any' type because expression of type '"delivery_status"' can't be used to index type '{}'.
  Property 'delivery_status' does not exist on type '{}'.

[7m400[0m  <div class="itemcol" *ngIf="riderList['delivery_status']==0">
[7m   [0m [91m                             ~~~~~~~~~~~~~~~~~~~~~~~~~~~~[0m

  [96msrc/app/delivery-detail-task/delivery-detail-task.page.ts[0m:[93m23[0m:[93m15[0m
    [7m23[0m  templateUrl: "./delivery-detail-task.page.html",
    [7m  [0m [96m              ~~~~~~~~~~~~~~~~~~~~~~~~~~~~~~~~~~[0m
    Error occurs in the template of component DeliveryDetailTaskPage.


Error: [96msrc/app/delivery-detail-task/delivery-detail-task.page.html[0m:[93m425[0m:[93m23[0m - [91merror[0m[90m TS2339: [0mProperty 'id' does not exist on type 'never'.

[7m425[0m         [value]="item.id"
[7m   [0m [91m                      ~~[0m

  [96msrc/app/delivery-detail-task/delivery-detail-task.page.ts[0m:[93m23[0m:[93m15[0m
    [7m23[0m  templateUrl: "./delivery-detail-task.page.html",
    [7m  [0m [96m              ~~~~~~~~~~~~~~~~~~~~~~~~~~~~~~~~~~[0m
    Error occurs in the template of component DeliveryDetailTaskPage.


Error: [96msrc/app/delivery-detail-task/delivery-detail-task.page.html[0m:[93m442[0m:[93m18[0m - [91merror[0m[90m TS2554: [0mExpected 1 arguments, but got 0.

[7m442[0m         (click)="openActionSheet()"
[7m   [0m [91m                 ~~~~~~~~~~~~~~~[0m

  [96msrc/app/delivery-detail-task/delivery-detail-task.page.ts[0m:[93m23[0m:[93m15[0m
    [7m23[0m  templateUrl: "./delivery-detail-task.page.html",
    [7m  [0m [96m              ~~~~~~~~~~~~~~~~~~~~~~~~~~~~~~~~~~[0m
    Error occurs in the template of component DeliveryDetailTaskPage.


Error: [96msrc/app/delivery/delivery.page.html[0m:[93m18[0m:[93m33[0m - [91merror[0m[90m TS2339: [0mProperty 'tracking_no' does not exist on type 'never'.

[7m18[0m       <ion-accordion value="{{x.tracking_no}}{{i}}" *ngFor="let x of riderList ; let i = index" class="ion-no-padding">
[7m  [0m [91m                                ~~~~~~~~~~~[0m

  [96msrc/app/delivery/delivery.page.ts[0m:[93m18[0m:[93m16[0m
    [7m18[0m   templateUrl: './delivery.page.html',
    [7m  [0m [96m               ~~~~~~~~~~~~~~~~~~~~~~[0m
    Error occurs in the template of component DeliveryPage.


Error: [96msrc/app/delivery/delivery.page.html[0m:[93m23[0m:[93m31[0m - [91merror[0m[90m TS2339: [0mProperty 'cod_collect_amount' does not exist on type 'never'.

[7m23[0m                 <div *ngIf="x.cod_collect_amount>0">
[7m  [0m [91m                              ~~~~~~~~~~~~~~~~~~[0m

  [96msrc/app/delivery/delivery.page.ts[0m:[93m18[0m:[93m16[0m
    [7m18[0m   templateUrl: './delivery.page.html',
    [7m  [0m [96m               ~~~~~~~~~~~~~~~~~~~~~~[0m
    Error occurs in the template of component DeliveryPage.


Error: [96msrc/app/delivery/delivery.page.html[0m:[93m26[0m:[93m31[0m - [91merror[0m[90m TS2339: [0mProperty 'is_urgent' does not exist on type 'never'.

[7m26[0m                 <div *ngIf="x.is_urgent==1">
[7m  [0m [91m                              ~~~~~~~~~[0m

  [96msrc/app/delivery/delivery.page.ts[0m:[93m18[0m:[93m16[0m
    [7m18[0m   templateUrl: './delivery.page.html',
    [7m  [0m [96m               ~~~~~~~~~~~~~~~~~~~~~~[0m
    Error occurs in the template of component DeliveryPage.


Error: [96msrc/app/delivery/delivery.page.html[0m:[93m29[0m:[93m31[0m - [91merror[0m[90m TS2339: [0mProperty 'is_urgent' does not exist on type 'never'.

[7m29[0m                 <div *ngIf="x.is_urgent==2">
[7m  [0m [91m                              ~~~~~~~~~[0m

  [96msrc/app/delivery/delivery.page.ts[0m:[93m18[0m:[93m16[0m
    [7m18[0m   templateUrl: './delivery.page.html',
    [7m  [0m [96m               ~~~~~~~~~~~~~~~~~~~~~~[0m
    Error occurs in the template of component DeliveryPage.


Error: [96msrc/app/delivery/delivery.page.html[0m:[93m35[0m:[93m36[0m - [91merror[0m[90m TS2339: [0mProperty 'customer_name' does not exist on type 'never'.

[7m35[0m                           <div>{{x.customer_name}}</div>
[7m  [0m [91m                                   ~~~~~~~~~~~~~[0m

  [96msrc/app/delivery/delivery.page.ts[0m:[93m18[0m:[93m16[0m
    [7m18[0m   templateUrl: './delivery.page.html',
    [7m  [0m [96m               ~~~~~~~~~~~~~~~~~~~~~~[0m
    Error occurs in the template of component DeliveryPage.


Error: [96msrc/app/delivery/delivery.page.html[0m:[93m38[0m:[93m36[0m - [91merror[0m[90m TS2339: [0mProperty 'recipient_name' does not exist on type 'never'.

[7m38[0m                           <div>{{x.recipient_name}}</div>
[7m  [0m [91m                                   ~~~~~~~~~~~~~~[0m

  [96msrc/app/delivery/delivery.page.ts[0m:[93m18[0m:[93m16[0m
    [7m18[0m   templateUrl: './delivery.page.html',
    [7m  [0m [96m               ~~~~~~~~~~~~~~~~~~~~~~[0m
    Error occurs in the template of component DeliveryPage.


Error: [96msrc/app/delivery/delivery.page.html[0m:[93m41[0m:[93m36[0m - [91merror[0m[90m TS2339: [0mProperty 'recipient_address1' does not exist on type 'never'.

[7m41[0m                           <div>{{x.recipient_address1}},<br/>{{x.recipient_address2}},<br/>{{x.recipient_city}},{{x.recipient_postcode}}</div>
[7m  [0m [91m                                   ~~~~~~~~~~~~~~~~~~[0m

  [96msrc/app/delivery/delivery.page.ts[0m:[93m18[0m:[93m16[0m
    [7m18[0m   templateUrl: './delivery.page.html',
    [7m  [0m [96m               ~~~~~~~~~~~~~~~~~~~~~~[0m
    Error occurs in the template of component DeliveryPage.


Error: [96msrc/app/delivery/delivery.page.html[0m:[93m41[0m:[93m66[0m - [91merror[0m[90m TS2339: [0mProperty 'recipient_address2' does not exist on type 'never'.

[7m41[0m                           <div>{{x.recipient_address1}},<br/>{{x.recipient_address2}},<br/>{{x.recipient_city}},{{x.recipient_postcode}}</div>
[7m  [0m [91m                                                                 ~~~~~~~~~~~~~~~~~~[0m

  [96msrc/app/delivery/delivery.page.ts[0m:[93m18[0m:[93m16[0m
    [7m18[0m   templateUrl: './delivery.page.html',
    [7m  [0m [96m               ~~~~~~~~~~~~~~~~~~~~~~[0m
    Error occurs in the template of component DeliveryPage.


Error: [96msrc/app/delivery/delivery.page.html[0m:[93m41[0m:[93m96[0m - [91merror[0m[90m TS2339: [0mProperty 'recipient_city' does not exist on type 'never'.

[7m41[0m                           <div>{{x.recipient_address1}},<br/>{{x.recipient_address2}},<br/>{{x.recipient_city}},{{x.recipient_postcode}}</div>
[7m  [0m [91m                                                                                               ~~~~~~~~~~~~~~[0m

  [96msrc/app/delivery/delivery.page.ts[0m:[93m18[0m:[93m16[0m
    [7m18[0m   templateUrl: './delivery.page.html',
    [7m  [0m [96m               ~~~~~~~~~~~~~~~~~~~~~~[0m
    Error occurs in the template of component DeliveryPage.


Error: [96msrc/app/delivery/delivery.page.html[0m:[93m41[0m:[93m117[0m - [91merror[0m[90m TS2339: [0mProperty 'recipient_postcode' does not exist on type 'never'.

[7m41[0m                           <div>{{x.recipient_address1}},<br/>{{x.recipient_address2}},<br/>{{x.recipient_city}},{{x.recipient_postcode}}</div>
[7m  [0m [91m                                                                                                                    ~~~~~~~~~~~~~~~~~~[0m

  [96msrc/app/delivery/delivery.page.ts[0m:[93m18[0m:[93m16[0m
    [7m18[0m   templateUrl: './delivery.page.html',
    [7m  [0m [96m               ~~~~~~~~~~~~~~~~~~~~~~[0m
    Error occurs in the template of component DeliveryPage.


Error: [96msrc/app/delivery/delivery.page.html[0m:[93m43[0m:[93m76[0m - [91merror[0m[90m TS2339: [0mProperty 'cod_collect_amount' does not exist on type 'never'.

[7m43[0m                         <h5 class="txt400" style="margin-top: 0;" *ngIf="x.cod_collect_amount>0">COD Amount:
[7m  [0m [91m                                                                           ~~~~~~~~~~~~~~~~~~[0m

  [96msrc/app/delivery/delivery.page.ts[0m:[93m18[0m:[93m16[0m
    [7m18[0m   templateUrl: './delivery.page.html',
    [7m  [0m [96m               ~~~~~~~~~~~~~~~~~~~~~~[0m
    Error occurs in the template of component DeliveryPage.


Error: [96msrc/app/delivery/delivery.page.html[0m:[93m44[0m:[93m39[0m - [91merror[0m[90m TS2339: [0mProperty 'cod_collect_amount' does not exist on type 'never'.

[7m44[0m                           <div>RM {{x.cod_collect_amount}}</div>
[7m  [0m [91m                                      ~~~~~~~~~~~~~~~~~~[0m

  [96msrc/app/delivery/delivery.page.ts[0m:[93m18[0m:[93m16[0m
    [7m18[0m   templateUrl: './delivery.page.html',
    [7m  [0m [96m               ~~~~~~~~~~~~~~~~~~~~~~[0m
    Error occurs in the template of component DeliveryPage.


Error: [96msrc/app/delivery/delivery.page.html[0m:[93m47[0m:[93m36[0m - [91merror[0m[90m TS2339: [0mProperty 'remark' does not exist on type 'never'.

[7m47[0m                           <div>{{x.remark?x.remark:'-'}}</div>
[7m  [0m [91m                                   ~~~~~~[0m

  [96msrc/app/delivery/delivery.page.ts[0m:[93m18[0m:[93m16[0m
    [7m18[0m   templateUrl: './delivery.page.html',
    [7m  [0m [96m               ~~~~~~~~~~~~~~~~~~~~~~[0m
    Error occurs in the template of component DeliveryPage.


Error: [96msrc/app/delivery/delivery.page.html[0m:[93m47[0m:[93m45[0m - [91merror[0m[90m TS2339: [0mProperty 'remark' does not exist on type 'never'.

[7m47[0m                           <div>{{x.remark?x.remark:'-'}}</div>
[7m  [0m [91m                                            ~~~~~~[0m

  [96msrc/app/delivery/delivery.page.ts[0m:[93m18[0m:[93m16[0m
    [7m18[0m   templateUrl: './delivery.page.html',
    [7m  [0m [96m               ~~~~~~~~~~~~~~~~~~~~~~[0m
    Error occurs in the template of component DeliveryPage.


Error: [96msrc/app/delivery/delivery.page.html[0m:[93m60[0m:[93m60[0m - [91merror[0m[90m TS2339: [0mProperty 'tracking_no' does not exist on type 'never'.

[7m60[0m                   <h5 class="txt400">Tracking No: <div>{{x.tracking_no}}</div></h5>
[7m  [0m [91m                                                           ~~~~~~~~~~~[0m

  [96msrc/app/delivery/delivery.page.ts[0m:[93m18[0m:[93m16[0m
    [7m18[0m   templateUrl: './delivery.page.html',
    [7m  [0m [96m               ~~~~~~~~~~~~~~~~~~~~~~[0m
    Error occurs in the template of component DeliveryPage.


Error: [96msrc/app/delivery/delivery.page.html[0m:[93m61[0m:[93m55[0m - [91merror[0m[90m TS2339: [0mProperty 'delivery_status_text' does not exist on type 'never'.

[7m61[0m                   <h5 class="txt400">Status: <div>{{x.delivery_status_text}}</div></h5>
[7m  [0m [91m                                                      ~~~~~~~~~~~~~~~~~~~~[0m

  [96msrc/app/delivery/delivery.page.ts[0m:[93m18[0m:[93m16[0m
    [7m18[0m   templateUrl: './delivery.page.html',
    [7m  [0m [96m               ~~~~~~~~~~~~~~~~~~~~~~[0m
    Error occurs in the template of component DeliveryPage.


Error: [96msrc/app/delivery/delivery.page.html[0m:[93m62[0m:[93m61[0m - [91merror[0m[90m TS2339: [0mProperty 'service_type' does not exist on type 'never'.

[7m62[0m                   <h5 class="txt400">Service Type: <div>{{x.service_type}}</div></h5>
[7m  [0m [91m                                                            ~~~~~~~~~~~~[0m

  [96msrc/app/delivery/delivery.page.ts[0m:[93m18[0m:[93m16[0m
    [7m18[0m   templateUrl: './delivery.page.html',
    [7m  [0m [96m               ~~~~~~~~~~~~~~~~~~~~~~[0m
    Error occurs in the template of component DeliveryPage.


Error: [96msrc/app/delivery/delivery.page.html[0m:[93m63[0m:[93m59[0m - [91merror[0m[90m TS2339: [0mProperty 'order_date' does not exist on type 'never'.

[7m63[0m                   <h5 class="txt400">Order Date: <div>{{x.order_date}}</div></h5>
[7m  [0m [91m                                                          ~~~~~~~~~~[0m

  [96msrc/app/delivery/delivery.page.ts[0m:[93m18[0m:[93m16[0m
    [7m18[0m   templateUrl: './delivery.page.html',
    [7m  [0m [96m               ~~~~~~~~~~~~~~~~~~~~~~[0m
    Error occurs in the template of component DeliveryPage.


Error: [96msrc/app/delivery/delivery.page.html[0m:[93m64[0m:[93m67[0m - [91merror[0m[90m TS2339: [0mProperty 'delivery_date' does not exist on type 'never'.

[7m64[0m                   <h5 class="txt400">Delivery Date/Time: <div>{{x.delivery_date}} {{x.delivery_time}}</div></h5>
[7m  [0m [91m                                                                  ~~~~~~~~~~~~~[0m

  [96msrc/app/delivery/delivery.page.ts[0m:[93m18[0m:[93m16[0m
    [7m18[0m   templateUrl: './delivery.page.html',
    [7m  [0m [96m               ~~~~~~~~~~~~~~~~~~~~~~[0m
    Error occurs in the template of component DeliveryPage.


Error: [96msrc/app/delivery/delivery.page.html[0m:[93m64[0m:[93m87[0m - [91merror[0m[90m TS2339: [0mProperty 'delivery_time' does not exist on type 'never'.

[7m64[0m                   <h5 class="txt400">Delivery Date/Time: <div>{{x.delivery_date}} {{x.delivery_time}}</div></h5>
[7m  [0m [91m                                                                                      ~~~~~~~~~~~~~[0m

  [96msrc/app/delivery/delivery.page.ts[0m:[93m18[0m:[93m16[0m
    [7m18[0m   templateUrl: './delivery.page.html',
    [7m  [0m [96m               ~~~~~~~~~~~~~~~~~~~~~~[0m
    Error occurs in the template of component DeliveryPage.


Error: [96msrc/app/delivery/delivery.page.html[0m:[93m70[0m:[93m95[0m - [91merror[0m[90m TS2339: [0mProperty 'job_log_id' does not exist on type 'never'.

[7m70[0m                         <ion-button class="pickupdetail" [routerLink]="['/delivery-detail/'+x.job_log_id]">Detail </ion-button>
[7m  [0m [91m                                                                                              ~~~~~~~~~~[0m

  [96msrc/app/delivery/delivery.page.ts[0m:[93m18[0m:[93m16[0m
    [7m18[0m   templateUrl: './delivery.page.html',
    [7m  [0m [96m               ~~~~~~~~~~~~~~~~~~~~~~[0m
    Error occurs in the template of component DeliveryPage.


Error: [96msrc/app/delivery/delivery.page.html[0m:[93m73[0m:[93m94[0m - [91merror[0m[90m TS2339: [0mProperty 'recipient_address1' does not exist on type 'never'.

[7m73[0m                           <a class="wazebtn" target="_blank" href="https://waze.com/ul?q={{x.recipient_address1}},{{x.recipient_address2}},{{x.recipient_city}},{{x.recipient_postcode}}">   <img src="../../assets/waze.png"></a>
[7m  [0m [91m                                                                                             ~~~~~~~~~~~~~~~~~~[0m

  [96msrc/app/delivery/delivery.page.ts[0m:[93m18[0m:[93m16[0m
    [7m18[0m   templateUrl: './delivery.page.html',
    [7m  [0m [96m               ~~~~~~~~~~~~~~~~~~~~~~[0m
    Error occurs in the template of component DeliveryPage.


Error: [96msrc/app/delivery/delivery.page.html[0m:[93m73[0m:[93m119[0m - [91merror[0m[90m TS2339: [0mProperty 'recipient_address2' does not exist on type 'never'.

[7m73[0m                           <a class="wazebtn" target="_blank" href="https://waze.com/ul?q={{x.recipient_address1}},{{x.recipient_address2}},{{x.recipient_city}},{{x.recipient_postcode}}">   <img src="../../assets/waze.png"></a>
[7m  [0m [91m                                                                                                                      ~~~~~~~~~~~~~~~~~~[0m

  [96msrc/app/delivery/delivery.page.ts[0m:[93m18[0m:[93m16[0m
    [7m18[0m   templateUrl: './delivery.page.html',
    [7m  [0m [96m               ~~~~~~~~~~~~~~~~~~~~~~[0m
    Error occurs in the template of component DeliveryPage.


Error: [96msrc/app/delivery/delivery.page.html[0m:[93m73[0m:[93m144[0m - [91merror[0m[90m TS2339: [0mProperty 'recipient_city' does not exist on type 'never'.

[7m73[0m                           <a class="wazebtn" target="_blank" href="https://waze.com/ul?q={{x.recipient_address1}},{{x.recipient_address2}},{{x.recipient_city}},{{x.recipient_postcode}}">   <img src="../../assets/waze.png"></a>
[7m  [0m [91m                                                                                                                                               ~~~~~~~~~~~~~~[0m

  [96msrc/app/delivery/delivery.page.ts[0m:[93m18[0m:[93m16[0m
    [7m18[0m   templateUrl: './delivery.page.html',
    [7m  [0m [96m               ~~~~~~~~~~~~~~~~~~~~~~[0m
    Error occurs in the template of component DeliveryPage.


Error: [96msrc/app/delivery/delivery.page.html[0m:[93m73[0m:[93m165[0m - [91merror[0m[90m TS2339: [0mProperty 'recipient_postcode' does not exist on type 'never'.

[7m73[0m                           <a class="wazebtn" target="_blank" href="https://waze.com/ul?q={{x.recipient_address1}},{{x.recipient_address2}},{{x.recipient_city}},{{x.recipient_postcode}}">   <img src="../../assets/waze.png"></a>
[7m  [0m [91m                                                                                                                                                                    ~~~~~~~~~~~~~~~~~~[0m

  [96msrc/app/delivery/delivery.page.ts[0m:[93m18[0m:[93m16[0m
    [7m18[0m   templateUrl: './delivery.page.html',
    [7m  [0m [96m               ~~~~~~~~~~~~~~~~~~~~~~[0m
    Error occurs in the template of component DeliveryPage.


Error: [96msrc/app/delivery/delivery.page.html[0m:[93m76[0m:[93m106[0m - [91merror[0m[90m TS2339: [0mProperty 'recipient_address1' does not exist on type 'never'.

[7m76[0m                              <a class="googlemapbtn" target="_blank" href="http://maps.google.com/?q={{x.recipient_address1}},{{x.recipient_address2}},{{x.recipient_city}},{{x.recipient_postcode}}"><img src="../../assets/google-maps.png"></a>
[7m  [0m [91m                                                                                                         ~~~~~~~~~~~~~~~~~~[0m

  [96msrc/app/delivery/delivery.page.ts[0m:[93m18[0m:[93m16[0m
    [7m18[0m   templateUrl: './delivery.page.html',
    [7m  [0m [96m               ~~~~~~~~~~~~~~~~~~~~~~[0m
    Error occurs in the template of component DeliveryPage.


Error: [96msrc/app/delivery/delivery.page.html[0m:[93m76[0m:[93m131[0m - [91merror[0m[90m TS2339: [0mProperty 'recipient_address2' does not exist on type 'never'.

[7m76[0m                              <a class="googlemapbtn" target="_blank" href="http://maps.google.com/?q={{x.recipient_address1}},{{x.recipient_address2}},{{x.recipient_city}},{{x.recipient_postcode}}"><img src="../../assets/google-maps.png"></a>
[7m  [0m [91m                                                                                                                                  ~~~~~~~~~~~~~~~~~~[0m

  [96msrc/app/delivery/delivery.page.ts[0m:[93m18[0m:[93m16[0m
    [7m18[0m   templateUrl: './delivery.page.html',
    [7m  [0m [96m               ~~~~~~~~~~~~~~~~~~~~~~[0m
    Error occurs in the template of component DeliveryPage.


Error: [96msrc/app/delivery/delivery.page.html[0m:[93m76[0m:[93m156[0m - [91merror[0m[90m TS2339: [0mProperty 'recipient_city' does not exist on type 'never'.

[7m76[0m                              <a class="googlemapbtn" target="_blank" href="http://maps.google.com/?q={{x.recipient_address1}},{{x.recipient_address2}},{{x.recipient_city}},{{x.recipient_postcode}}"><img src="../../assets/google-maps.png"></a>
[7m  [0m [91m                                                                                                                                                           ~~~~~~~~~~~~~~[0m

  [96msrc/app/delivery/delivery.page.ts[0m:[93m18[0m:[93m16[0m
    [7m18[0m   templateUrl: './delivery.page.html',
    [7m  [0m [96m               ~~~~~~~~~~~~~~~~~~~~~~[0m
    Error occurs in the template of component DeliveryPage.


Error: [96msrc/app/delivery/delivery.page.html[0m:[93m76[0m:[93m177[0m - [91merror[0m[90m TS2339: [0mProperty 'recipient_postcode' does not exist on type 'never'.

[7m76[0m                              <a class="googlemapbtn" target="_blank" href="http://maps.google.com/?q={{x.recipient_address1}},{{x.recipient_address2}},{{x.recipient_city}},{{x.recipient_postcode}}"><img src="../../assets/google-maps.png"></a>
[7m  [0m [91m                                                                                                                                                                                ~~~~~~~~~~~~~~~~~~[0m

  [96msrc/app/delivery/delivery.page.ts[0m:[93m18[0m:[93m16[0m
    [7m18[0m   templateUrl: './delivery.page.html',
    [7m  [0m [96m               ~~~~~~~~~~~~~~~~~~~~~~[0m
    Error occurs in the template of component DeliveryPage.


Error: [96msrc/app/delivery/delivery.page.html[0m:[93m79[0m:[93m114[0m - [91merror[0m[90m TS2339: [0mProperty 'recipient_telephone' does not exist on type 'never'.

[7m79[0m                           <a  class="whatsappbtn" target="_blank" href="https://api.whatsapp.com/send/?phone={{x.recipient_telephone}}&text=Dear+Valued+Customer%2C+RIDER+will+be+delivery+up+your+shipment+within+30mins&app_absent=0"> <ion-icon name="logo-whatsapp"></ion-icon></a>
[7m  [0m [91m                                                                                                                 ~~~~~~~~~~~~~~~~~~~[0m

  [96msrc/app/delivery/delivery.page.ts[0m:[93m18[0m:[93m16[0m
    [7m18[0m   templateUrl: './delivery.page.html',
    [7m  [0m [96m               ~~~~~~~~~~~~~~~~~~~~~~[0m
    Error occurs in the template of component DeliveryPage.


Error: [96msrc/app/delivery/delivery.page.html[0m:[93m82[0m:[93m79[0m - [91merror[0m[90m TS2339: [0mProperty 'recipient_telephone' does not exist on type 'never'.

[7m82[0m                              <a target="_blank" class="callbtn" href="tel:{{x.recipient_telephone}}"> <ion-icon name="call"></ion-icon></a>
[7m  [0m [91m                                                                              ~~~~~~~~~~~~~~~~~~~[0m

  [96msrc/app/delivery/delivery.page.ts[0m:[93m18[0m:[93m16[0m
    [7m18[0m   templateUrl: './delivery.page.html',
    [7m  [0m [96m               ~~~~~~~~~~~~~~~~~~~~~~[0m
    Error occurs in the template of component DeliveryPage.


Error: [96msrc/app/delivery-detail/delivery-detail.page.html[0m:[93m18[0m:[93m20[0m - [91merror[0m[90m TS2339: [0mProperty 'tracking_no' does not exist on type '{}'.

[7m18[0m     <p>{{riderList.tracking_no}}</p>
[7m  [0m [91m                   ~~~~~~~~~~~[0m

  [96msrc/app/delivery-detail/delivery-detail.page.ts[0m:[93m22[0m:[93m15[0m
    [7m22[0m  templateUrl: "./delivery-detail.page.html",
    [7m  [0m [96m              ~~~~~~~~~~~~~~~~~~~~~~~~~~~~~[0m
    Error occurs in the template of component DeliveryDetailPage.


Error: [96msrc/app/delivery-detail/delivery-detail.page.html[0m:[93m28[0m:[93m20[0m - [91merror[0m[90m TS2339: [0mProperty 'delivery_status_text' does not exist on type '{}'.

[7m28[0m        {{riderList.delivery_status_text}}
[7m  [0m [91m                   ~~~~~~~~~~~~~~~~~~~~[0m

  [96msrc/app/delivery-detail/delivery-detail.page.ts[0m:[93m22[0m:[93m15[0m
    [7m22[0m  templateUrl: "./delivery-detail.page.html",
    [7m  [0m [96m              ~~~~~~~~~~~~~~~~~~~~~~~~~~~~~[0m
    Error occurs in the template of component DeliveryDetailPage.


Error: [96msrc/app/delivery-detail/delivery-detail.page.html[0m:[93m38[0m:[93m20[0m - [91merror[0m[90m TS2339: [0mProperty 'service_type' does not exist on type '{}'.

[7m38[0m        {{riderList.service_type}}
[7m  [0m [91m                   ~~~~~~~~~~~~[0m

  [96msrc/app/delivery-detail/delivery-detail.page.ts[0m:[93m22[0m:[93m15[0m
    [7m22[0m  templateUrl: "./delivery-detail.page.html",
    [7m  [0m [96m              ~~~~~~~~~~~~~~~~~~~~~~~~~~~~~[0m
    Error occurs in the template of component DeliveryDetailPage.


Error: [96msrc/app/delivery-detail/delivery-detail.page.html[0m:[93m56[0m:[93m20[0m - [91merror[0m[90m TS2339: [0mProperty 'customer_name' does not exist on type '{}'.

[7m56[0m        {{riderList.customer_name}}
[7m  [0m [91m                   ~~~~~~~~~~~~~[0m

  [96msrc/app/delivery-detail/delivery-detail.page.ts[0m:[93m22[0m:[93m15[0m
    [7m22[0m  templateUrl: "./delivery-detail.page.html",
    [7m  [0m [96m              ~~~~~~~~~~~~~~~~~~~~~~~~~~~~~[0m
    Error occurs in the template of component DeliveryDetailPage.


Error: [96msrc/app/delivery-detail/delivery-detail.page.html[0m:[93m62[0m:[93m23[0m - [91merror[0m[90m TS2339: [0mProperty 'shipping_remark' does not exist on type '{}'.

[7m62[0m      *ngIf="riderList.shipping_remark && riderList.shipping_remark!='null'"
[7m  [0m [91m                      ~~~~~~~~~~~~~~~[0m

  [96msrc/app/delivery-detail/delivery-detail.page.ts[0m:[93m22[0m:[93m15[0m
    [7m22[0m  templateUrl: "./delivery-detail.page.html",
    [7m  [0m [96m              ~~~~~~~~~~~~~~~~~~~~~~~~~~~~~[0m
    Error occurs in the template of component DeliveryDetailPage.


Error: [96msrc/app/delivery-detail/delivery-detail.page.html[0m:[93m62[0m:[93m52[0m - [91merror[0m[90m TS2339: [0mProperty 'shipping_remark' does not exist on type '{}'.

[7m62[0m      *ngIf="riderList.shipping_remark && riderList.shipping_remark!='null'"
[7m  [0m [91m                                                   ~~~~~~~~~~~~~~~[0m

  [96msrc/app/delivery-detail/delivery-detail.page.ts[0m:[93m22[0m:[93m15[0m
    [7m22[0m  templateUrl: "./delivery-detail.page.html",
    [7m  [0m [96m              ~~~~~~~~~~~~~~~~~~~~~~~~~~~~~[0m
    Error occurs in the template of component DeliveryDetailPage.


Error: [96msrc/app/delivery-detail/delivery-detail.page.html[0m:[93m69[0m:[93m20[0m - [91merror[0m[90m TS2339: [0mProperty 'shipping_remark' does not exist on type '{}'.

[7m69[0m        {{riderList.shipping_remark?riderList.shipping_remark:'-'}}
[7m  [0m [91m                   ~~~~~~~~~~~~~~~[0m

  [96msrc/app/delivery-detail/delivery-detail.page.ts[0m:[93m22[0m:[93m15[0m
    [7m22[0m  templateUrl: "./delivery-detail.page.html",
    [7m  [0m [96m              ~~~~~~~~~~~~~~~~~~~~~~~~~~~~~[0m
    Error occurs in the template of component DeliveryDetailPage.


Error: [96msrc/app/delivery-detail/delivery-detail.page.html[0m:[93m69[0m:[93m46[0m - [91merror[0m[90m TS2339: [0mProperty 'shipping_remark' does not exist on type '{}'.

[7m69[0m        {{riderList.shipping_remark?riderList.shipping_remark:'-'}}
[7m  [0m [91m                                             ~~~~~~~~~~~~~~~[0m

  [96msrc/app/delivery-detail/delivery-detail.page.ts[0m:[93m22[0m:[93m15[0m
    [7m22[0m  templateUrl: "./delivery-detail.page.html",
    [7m  [0m [96m              ~~~~~~~~~~~~~~~~~~~~~~~~~~~~~[0m
    Error occurs in the template of component DeliveryDetailPage.


Error: [96msrc/app/delivery-detail/delivery-detail.page.html[0m:[93m75[0m:[93m23[0m - [91merror[0m[90m TS2339: [0mProperty 'service_transport' does not exist on type '{}'.

[7m75[0m      *ngIf="riderList.service_transport && riderList.service_transport!='null'"
[7m  [0m [91m                      ~~~~~~~~~~~~~~~~~[0m

  [96msrc/app/delivery-detail/delivery-detail.page.ts[0m:[93m22[0m:[93m15[0m
    [7m22[0m  templateUrl: "./delivery-detail.page.html",
    [7m  [0m [96m              ~~~~~~~~~~~~~~~~~~~~~~~~~~~~~[0m
    Error occurs in the template of component DeliveryDetailPage.


Error: [96msrc/app/delivery-detail/delivery-detail.page.html[0m:[93m75[0m:[93m54[0m - [91merror[0m[90m TS2339: [0mProperty 'service_transport' does not exist on type '{}'.

[7m75[0m      *ngIf="riderList.service_transport && riderList.service_transport!='null'"
[7m  [0m [91m                                                     ~~~~~~~~~~~~~~~~~[0m

  [96msrc/app/delivery-detail/delivery-detail.page.ts[0m:[93m22[0m:[93m15[0m
    [7m22[0m  templateUrl: "./delivery-detail.page.html",
    [7m  [0m [96m              ~~~~~~~~~~~~~~~~~~~~~~~~~~~~~[0m
    Error occurs in the template of component DeliveryDetailPage.


Error: [96msrc/app/delivery-detail/delivery-detail.page.html[0m:[93m82[0m:[93m20[0m - [91merror[0m[90m TS2339: [0mProperty 'service_transport' does not exist on type '{}'.

[7m82[0m        {{riderList.service_transport}}
[7m  [0m [91m                   ~~~~~~~~~~~~~~~~~[0m

  [96msrc/app/delivery-detail/delivery-detail.page.ts[0m:[93m22[0m:[93m15[0m
    [7m22[0m  templateUrl: "./delivery-detail.page.html",
    [7m  [0m [96m              ~~~~~~~~~~~~~~~~~~~~~~~~~~~~~[0m
    Error occurs in the template of component DeliveryDetailPage.


Error: [96msrc/app/delivery-detail/delivery-detail.page.html[0m:[93m93[0m:[93m23[0m - [91merror[0m[90m TS2339: [0mProperty 'unit_qty' does not exist on type '{}'.

[7m93[0m      *ngIf="riderList.unit_qty && riderList.unit_qty!='null'"
[7m  [0m [91m                      ~~~~~~~~[0m

  [96msrc/app/delivery-detail/delivery-detail.page.ts[0m:[93m22[0m:[93m15[0m
    [7m22[0m  templateUrl: "./delivery-detail.page.html",
    [7m  [0m [96m              ~~~~~~~~~~~~~~~~~~~~~~~~~~~~~[0m
    Error occurs in the template of component DeliveryDetailPage.


Error: [96msrc/app/delivery-detail/delivery-detail.page.html[0m:[93m93[0m:[93m45[0m - [91merror[0m[90m TS2339: [0mProperty 'unit_qty' does not exist on type '{}'.

[7m93[0m      *ngIf="riderList.unit_qty && riderList.unit_qty!='null'"
[7m  [0m [91m                                            ~~~~~~~~[0m

  [96msrc/app/delivery-detail/delivery-detail.page.ts[0m:[93m22[0m:[93m15[0m
    [7m22[0m  templateUrl: "./delivery-detail.page.html",
    [7m  [0m [96m              ~~~~~~~~~~~~~~~~~~~~~~~~~~~~~[0m
    Error occurs in the template of component DeliveryDetailPage.


Error: [96msrc/app/delivery-detail/delivery-detail.page.html[0m:[93m100[0m:[93m20[0m - [91merror[0m[90m TS2339: [0mProperty 'unit_qty' does not exist on type '{}'.

[7m100[0m        {{riderList.unit_qty}} Carton
[7m   [0m [91m                   ~~~~~~~~[0m

  [96msrc/app/delivery-detail/delivery-detail.page.ts[0m:[93m22[0m:[93m15[0m
    [7m22[0m  templateUrl: "./delivery-detail.page.html",
    [7m  [0m [96m              ~~~~~~~~~~~~~~~~~~~~~~~~~~~~~[0m
    Error occurs in the template of component DeliveryDetailPage.


Error: [96msrc/app/delivery-detail/delivery-detail.page.html[0m:[93m106[0m:[93m23[0m - [91merror[0m[90m TS2339: [0mProperty 'service_UOM' does not exist on type '{}'.

[7m106[0m      *ngIf="riderList.service_UOM && riderList.service_UOM!='null'"
[7m   [0m [91m                      ~~~~~~~~~~~[0m

  [96msrc/app/delivery-detail/delivery-detail.page.ts[0m:[93m22[0m:[93m15[0m
    [7m22[0m  templateUrl: "./delivery-detail.page.html",
    [7m  [0m [96m              ~~~~~~~~~~~~~~~~~~~~~~~~~~~~~[0m
    Error occurs in the template of component DeliveryDetailPage.


Error: [96msrc/app/delivery-detail/delivery-detail.page.html[0m:[93m106[0m:[93m48[0m - [91merror[0m[90m TS2339: [0mProperty 'service_UOM' does not exist on type '{}'.

[7m106[0m      *ngIf="riderList.service_UOM && riderList.service_UOM!='null'"
[7m   [0m [91m                                               ~~~~~~~~~~~[0m

  [96msrc/app/delivery-detail/delivery-detail.page.ts[0m:[93m22[0m:[93m15[0m
    [7m22[0m  templateUrl: "./delivery-detail.page.html",
    [7m  [0m [96m              ~~~~~~~~~~~~~~~~~~~~~~~~~~~~~[0m
    Error occurs in the template of component DeliveryDetailPage.


Error: [96msrc/app/delivery-detail/delivery-detail.page.html[0m:[93m113[0m:[93m20[0m - [91merror[0m[90m TS2339: [0mProperty 'service_UOM' does not exist on type '{}'.

[7m113[0m        {{riderList.service_UOM}}
[7m   [0m [91m                   ~~~~~~~~~~~[0m

  [96msrc/app/delivery-detail/delivery-detail.page.ts[0m:[93m22[0m:[93m15[0m
    [7m22[0m  templateUrl: "./delivery-detail.page.html",
    [7m  [0m [96m              ~~~~~~~~~~~~~~~~~~~~~~~~~~~~~[0m
    Error occurs in the template of component DeliveryDetailPage.


Error: [96msrc/app/delivery-detail/delivery-detail.page.html[0m:[93m119[0m:[93m23[0m - [91merror[0m[90m TS2339: [0mProperty 'weight' does not exist on type '{}'.

[7m119[0m      *ngIf="riderList.weight && riderList.weight!='null'"
[7m   [0m [91m                      ~~~~~~[0m

  [96msrc/app/delivery-detail/delivery-detail.page.ts[0m:[93m22[0m:[93m15[0m
    [7m22[0m  templateUrl: "./delivery-detail.page.html",
    [7m  [0m [96m              ~~~~~~~~~~~~~~~~~~~~~~~~~~~~~[0m
    Error occurs in the template of component DeliveryDetailPage.


Error: [96msrc/app/delivery-detail/delivery-detail.page.html[0m:[93m119[0m:[93m43[0m - [91merror[0m[90m TS2339: [0mProperty 'weight' does not exist on type '{}'.

[7m119[0m      *ngIf="riderList.weight && riderList.weight!='null'"
[7m   [0m [91m                                          ~~~~~~[0m

  [96msrc/app/delivery-detail/delivery-detail.page.ts[0m:[93m22[0m:[93m15[0m
    [7m22[0m  templateUrl: "./delivery-detail.page.html",
    [7m  [0m [96m              ~~~~~~~~~~~~~~~~~~~~~~~~~~~~~[0m
    Error occurs in the template of component DeliveryDetailPage.


Error: [96msrc/app/delivery-detail/delivery-detail.page.html[0m:[93m125[0m:[93m37[0m - [91merror[0m[90m TS2339: [0mProperty 'weight' does not exist on type '{}'.

[7m125[0m       ><h3 class="desc">{{riderList.weight}}</h3></ion-col
[7m   [0m [91m                                    ~~~~~~[0m

  [96msrc/app/delivery-detail/delivery-detail.page.ts[0m:[93m22[0m:[93m15[0m
    [7m22[0m  templateUrl: "./delivery-detail.page.html",
    [7m  [0m [96m              ~~~~~~~~~~~~~~~~~~~~~~~~~~~~~[0m
    Error occurs in the template of component DeliveryDetailPage.


Error: [96msrc/app/delivery-detail/delivery-detail.page.html[0m:[93m136[0m:[93m10[0m - [91merror[0m[90m TS7053: [0mElement implicitly has an 'any' type because expression of type '"middle_hub_id"' can't be used to index type '{}'.
  Property 'middle_hub_id' does not exist on type '{}'.

[7m136[0m   *ngIf="riderList['middle_hub_id']!=0"
[7m   [0m [91m         ~~~~~~~~~~~~~~~~~~~~~~~~~~[0m

  [96msrc/app/delivery-detail/delivery-detail.page.ts[0m:[93m22[0m:[93m15[0m
    [7m22[0m  templateUrl: "./delivery-detail.page.html",
    [7m  [0m [96m              ~~~~~~~~~~~~~~~~~~~~~~~~~~~~~[0m
    Error occurs in the template of component DeliveryDetailPage.


Error: [96msrc/app/delivery-detail/delivery-detail.page.html[0m:[93m151[0m:[93m20[0m - [91merror[0m[90m TS2339: [0mProperty 'hub_title' does not exist on type '{}'.

[7m151[0m        {{riderList.hub_title?riderList.hub_title:'-'}}
[7m   [0m [91m                   ~~~~~~~~~[0m

  [96msrc/app/delivery-detail/delivery-detail.page.ts[0m:[93m22[0m:[93m15[0m
    [7m22[0m  templateUrl: "./delivery-detail.page.html",
    [7m  [0m [96m              ~~~~~~~~~~~~~~~~~~~~~~~~~~~~~[0m
    Error occurs in the template of component DeliveryDetailPage.


Error: [96msrc/app/delivery-detail/delivery-detail.page.html[0m:[93m151[0m:[93m40[0m - [91merror[0m[90m TS2339: [0mProperty 'hub_title' does not exist on type '{}'.

[7m151[0m        {{riderList.hub_title?riderList.hub_title:'-'}}
[7m   [0m [91m                                       ~~~~~~~~~[0m

  [96msrc/app/delivery-detail/delivery-detail.page.ts[0m:[93m22[0m:[93m15[0m
    [7m22[0m  templateUrl: "./delivery-detail.page.html",
    [7m  [0m [96m              ~~~~~~~~~~~~~~~~~~~~~~~~~~~~~[0m
    Error occurs in the template of component DeliveryDetailPage.


Error: [96msrc/app/delivery-detail/delivery-detail.page.html[0m:[93m161[0m:[93m20[0m - [91merror[0m[90m TS2339: [0mProperty 'hub_email' does not exist on type '{}'.

[7m161[0m        {{riderList.hub_email?riderList.hub_email:'-'}}
[7m   [0m [91m                   ~~~~~~~~~[0m

  [96msrc/app/delivery-detail/delivery-detail.page.ts[0m:[93m22[0m:[93m15[0m
    [7m22[0m  templateUrl: "./delivery-detail.page.html",
    [7m  [0m [96m              ~~~~~~~~~~~~~~~~~~~~~~~~~~~~~[0m
    Error occurs in the template of component DeliveryDetailPage.


Error: [96msrc/app/delivery-detail/delivery-detail.page.html[0m:[93m161[0m:[93m40[0m - [91merror[0m[90m TS2339: [0mProperty 'hub_email' does not exist on type '{}'.

[7m161[0m        {{riderList.hub_email?riderList.hub_email:'-'}}
[7m   [0m [91m                                       ~~~~~~~~~[0m

  [96msrc/app/delivery-detail/delivery-detail.page.ts[0m:[93m22[0m:[93m15[0m
    [7m22[0m  templateUrl: "./delivery-detail.page.html",
    [7m  [0m [96m              ~~~~~~~~~~~~~~~~~~~~~~~~~~~~~[0m
    Error occurs in the template of component DeliveryDetailPage.


Error: [96msrc/app/delivery-detail/delivery-detail.page.html[0m:[93m171[0m:[93m20[0m - [91merror[0m[90m TS2339: [0mProperty 'hub_mobile' does not exist on type '{}'.

[7m171[0m        {{riderList.hub_mobile?riderList.hub_mobile:'-'}}
[7m   [0m [91m                   ~~~~~~~~~~[0m

  [96msrc/app/delivery-detail/delivery-detail.page.ts[0m:[93m22[0m:[93m15[0m
    [7m22[0m  templateUrl: "./delivery-detail.page.html",
    [7m  [0m [96m              ~~~~~~~~~~~~~~~~~~~~~~~~~~~~~[0m
    Error occurs in the template of component DeliveryDetailPage.


Error: [96msrc/app/delivery-detail/delivery-detail.page.html[0m:[93m171[0m:[93m41[0m - [91merror[0m[90m TS2339: [0mProperty 'hub_mobile' does not exist on type '{}'.

[7m171[0m        {{riderList.hub_mobile?riderList.hub_mobile:'-'}}
[7m   [0m [91m                                        ~~~~~~~~~~[0m

  [96msrc/app/delivery-detail/delivery-detail.page.ts[0m:[93m22[0m:[93m15[0m
    [7m22[0m  templateUrl: "./delivery-detail.page.html",
    [7m  [0m [96m              ~~~~~~~~~~~~~~~~~~~~~~~~~~~~~[0m
    Error occurs in the template of component DeliveryDetailPage.


Error: [96msrc/app/delivery-detail/delivery-detail.page.html[0m:[93m183[0m:[93m54[0m - [91merror[0m[90m TS2339: [0mProperty 'hub_address1' does not exist on type '{}'.

[7m183[0m         href="https://maps.google.com/?q={{riderList.hub_address1}}+{{riderList.hub_address2}}+ {{riderList.hub_postcode}} +{{riderList.hub_city}}+ {{riderList.hub_state}} + {{riderList.hub_country}}"
[7m   [0m [91m                                                     ~~~~~~~~~~~~[0m

  [96msrc/app/delivery-detail/delivery-detail.page.ts[0m:[93m22[0m:[93m15[0m
    [7m22[0m  templateUrl: "./delivery-detail.page.html",
    [7m  [0m [96m              ~~~~~~~~~~~~~~~~~~~~~~~~~~~~~[0m
    Error occurs in the template of component DeliveryDetailPage.


Error: [96msrc/app/delivery-detail/delivery-detail.page.html[0m:[93m183[0m:[93m81[0m - [91merror[0m[90m TS2339: [0mProperty 'hub_address2' does not exist on type '{}'.

[7m183[0m         href="https://maps.google.com/?q={{riderList.hub_address1}}+{{riderList.hub_address2}}+ {{riderList.hub_postcode}} +{{riderList.hub_city}}+ {{riderList.hub_state}} + {{riderList.hub_country}}"
[7m   [0m [91m                                                                                ~~~~~~~~~~~~[0m

  [96msrc/app/delivery-detail/delivery-detail.page.ts[0m:[93m22[0m:[93m15[0m
    [7m22[0m  templateUrl: "./delivery-detail.page.html",
    [7m  [0m [96m              ~~~~~~~~~~~~~~~~~~~~~~~~~~~~~[0m
    Error occurs in the template of component DeliveryDetailPage.


Error: [96msrc/app/delivery-detail/delivery-detail.page.html[0m:[93m183[0m:[93m109[0m - [91merror[0m[90m TS2339: [0mProperty 'hub_postcode' does not exist on type '{}'.

[7m183[0m         href="https://maps.google.com/?q={{riderList.hub_address1}}+{{riderList.hub_address2}}+ {{riderList.hub_postcode}} +{{riderList.hub_city}}+ {{riderList.hub_state}} + {{riderList.hub_country}}"
[7m   [0m [91m                                                                                                            ~~~~~~~~~~~~[0m

  [96msrc/app/delivery-detail/delivery-detail.page.ts[0m:[93m22[0m:[93m15[0m
    [7m22[0m  templateUrl: "./delivery-detail.page.html",
    [7m  [0m [96m              ~~~~~~~~~~~~~~~~~~~~~~~~~~~~~[0m
    Error occurs in the template of component DeliveryDetailPage.


Error: [96msrc/app/delivery-detail/delivery-detail.page.html[0m:[93m183[0m:[93m137[0m - [91merror[0m[90m TS2339: [0mProperty 'hub_city' does not exist on type '{}'.

[7m183[0m         href="https://maps.google.com/?q={{riderList.hub_address1}}+{{riderList.hub_address2}}+ {{riderList.hub_postcode}} +{{riderList.hub_city}}+ {{riderList.hub_state}} + {{riderList.hub_country}}"
[7m   [0m [91m                                                                                                                                        ~~~~~~~~[0m

  [96msrc/app/delivery-detail/delivery-detail.page.ts[0m:[93m22[0m:[93m15[0m
    [7m22[0m  templateUrl: "./delivery-detail.page.html",
    [7m  [0m [96m              ~~~~~~~~~~~~~~~~~~~~~~~~~~~~~[0m
    Error occurs in the template of component DeliveryDetailPage.


Error: [96msrc/app/delivery-detail/delivery-detail.page.html[0m:[93m183[0m:[93m161[0m - [91merror[0m[90m TS2339: [0mProperty 'hub_state' does not exist on type '{}'.

[7m183[0m         href="https://maps.google.com/?q={{riderList.hub_address1}}+{{riderList.hub_address2}}+ {{riderList.hub_postcode}} +{{riderList.hub_city}}+ {{riderList.hub_state}} + {{riderList.hub_country}}"
[7m   [0m [91m                                                                                                                                                                ~~~~~~~~~[0m

  [96msrc/app/delivery-detail/delivery-detail.page.ts[0m:[93m22[0m:[93m15[0m
    [7m22[0m  templateUrl: "./delivery-detail.page.html",
    [7m  [0m [96m              ~~~~~~~~~~~~~~~~~~~~~~~~~~~~~[0m
    Error occurs in the template of component DeliveryDetailPage.


Error: [96msrc/app/delivery-detail/delivery-detail.page.html[0m:[93m183[0m:[93m187[0m - [91merror[0m[90m TS2339: [0mProperty 'hub_country' does not exist on type '{}'.

[7m183[0m         href="https://maps.google.com/?q={{riderList.hub_address1}}+{{riderList.hub_address2}}+ {{riderList.hub_postcode}} +{{riderList.hub_city}}+ {{riderList.hub_state}} + {{riderList.hub_country}}"
[7m   [0m [91m                                                                                                                                                                                          ~~~~~~~~~~~[0m

  [96msrc/app/delivery-detail/delivery-detail.page.ts[0m:[93m22[0m:[93m15[0m
    [7m22[0m  templateUrl: "./delivery-detail.page.html",
    [7m  [0m [96m              ~~~~~~~~~~~~~~~~~~~~~~~~~~~~~[0m
    Error occurs in the template of component DeliveryDetailPage.


Error: [96msrc/app/delivery-detail/delivery-detail.page.html[0m:[93m184[0m:[93m22[0m - [91merror[0m[90m TS2339: [0mProperty 'hub_address1' does not exist on type '{}'.

[7m184[0m         >{{riderList.hub_address1}}
[7m   [0m [91m                     ~~~~~~~~~~~~[0m

  [96msrc/app/delivery-detail/delivery-detail.page.ts[0m:[93m22[0m:[93m15[0m
    [7m22[0m  templateUrl: "./delivery-detail.page.html",
    [7m  [0m [96m              ~~~~~~~~~~~~~~~~~~~~~~~~~~~~~[0m
    Error occurs in the template of component DeliveryDetailPage.


Error: [96msrc/app/delivery-detail/delivery-detail.page.html[0m:[93m185[0m:[93m21[0m - [91merror[0m[90m TS2339: [0mProperty 'hub_address2' does not exist on type '{}'.

[7m185[0m         {{riderList.hub_address2}}
[7m   [0m [91m                    ~~~~~~~~~~~~[0m

  [96msrc/app/delivery-detail/delivery-detail.page.ts[0m:[93m22[0m:[93m15[0m
    [7m22[0m  templateUrl: "./delivery-detail.page.html",
    [7m  [0m [96m              ~~~~~~~~~~~~~~~~~~~~~~~~~~~~~[0m
    Error occurs in the template of component DeliveryDetailPage.


Error: [96msrc/app/delivery-detail/delivery-detail.page.html[0m:[93m186[0m:[93m21[0m - [91merror[0m[90m TS2339: [0mProperty 'hub_postcode' does not exist on type '{}'.

[7m186[0m         {{riderList.hub_postcode}}
[7m   [0m [91m                    ~~~~~~~~~~~~[0m

  [96msrc/app/delivery-detail/delivery-detail.page.ts[0m:[93m22[0m:[93m15[0m
    [7m22[0m  templateUrl: "./delivery-detail.page.html",
    [7m  [0m [96m              ~~~~~~~~~~~~~~~~~~~~~~~~~~~~~[0m
    Error occurs in the template of component DeliveryDetailPage.


Error: [96msrc/app/delivery-detail/delivery-detail.page.html[0m:[93m187[0m:[93m21[0m - [91merror[0m[90m TS2339: [0mProperty 'hub_city' does not exist on type '{}'.

[7m187[0m         {{riderList.hub_city}} {{riderList.hub_state}}
[7m   [0m [91m                    ~~~~~~~~[0m

  [96msrc/app/delivery-detail/delivery-detail.page.ts[0m:[93m22[0m:[93m15[0m
    [7m22[0m  templateUrl: "./delivery-detail.page.html",
    [7m  [0m [96m              ~~~~~~~~~~~~~~~~~~~~~~~~~~~~~[0m
    Error occurs in the template of component DeliveryDetailPage.


Error: [96msrc/app/delivery-detail/delivery-detail.page.html[0m:[93m187[0m:[93m44[0m - [91merror[0m[90m TS2339: [0mProperty 'hub_state' does not exist on type '{}'.

[7m187[0m         {{riderList.hub_city}} {{riderList.hub_state}}
[7m   [0m [91m                                           ~~~~~~~~~[0m

  [96msrc/app/delivery-detail/delivery-detail.page.ts[0m:[93m22[0m:[93m15[0m
    [7m22[0m  templateUrl: "./delivery-detail.page.html",
    [7m  [0m [96m              ~~~~~~~~~~~~~~~~~~~~~~~~~~~~~[0m
    Error occurs in the template of component DeliveryDetailPage.


Error: [96msrc/app/delivery-detail/delivery-detail.page.html[0m:[93m188[0m:[93m21[0m - [91merror[0m[90m TS2339: [0mProperty 'hub_country' does not exist on type '{}'.

[7m188[0m         {{riderList.hub_country}}</a
[7m   [0m [91m                    ~~~~~~~~~~~[0m

  [96msrc/app/delivery-detail/delivery-detail.page.ts[0m:[93m22[0m:[93m15[0m
    [7m22[0m  templateUrl: "./delivery-detail.page.html",
    [7m  [0m [96m              ~~~~~~~~~~~~~~~~~~~~~~~~~~~~~[0m
    Error occurs in the template of component DeliveryDetailPage.


Error: [96msrc/app/delivery-detail/delivery-detail.page.html[0m:[93m211[0m:[93m20[0m - [91merror[0m[90m TS2339: [0mProperty 'recipient_name' does not exist on type '{}'.

[7m211[0m        {{riderList.recipient_name}}
[7m   [0m [91m                   ~~~~~~~~~~~~~~[0m

  [96msrc/app/delivery-detail/delivery-detail.page.ts[0m:[93m22[0m:[93m15[0m
    [7m22[0m  templateUrl: "./delivery-detail.page.html",
    [7m  [0m [96m              ~~~~~~~~~~~~~~~~~~~~~~~~~~~~~[0m
    Error occurs in the template of component DeliveryDetailPage.


Error: [96msrc/app/delivery-detail/delivery-detail.page.html[0m:[93m221[0m:[93m20[0m - [91merror[0m[90m TS2339: [0mProperty 'recipient_email' does not exist on type '{}'.

[7m221[0m        {{riderList.recipient_email}}
[7m   [0m [91m                   ~~~~~~~~~~~~~~~[0m

  [96msrc/app/delivery-detail/delivery-detail.page.ts[0m:[93m22[0m:[93m15[0m
    [7m22[0m  templateUrl: "./delivery-detail.page.html",
    [7m  [0m [96m              ~~~~~~~~~~~~~~~~~~~~~~~~~~~~~[0m
    Error occurs in the template of component DeliveryDetailPage.


Error: [96msrc/app/delivery-detail/delivery-detail.page.html[0m:[93m232[0m:[93m33[0m - [91merror[0m[90m TS2339: [0mProperty 'recipient_dial_code' does not exist on type '{}'.

[7m232[0m         href="tel://{{riderList.recipient_dial_code}}{{riderList.recipient_mobile}}"
[7m   [0m [91m                                ~~~~~~~~~~~~~~~~~~~[0m

  [96msrc/app/delivery-detail/delivery-detail.page.ts[0m:[93m22[0m:[93m15[0m
    [7m22[0m  templateUrl: "./delivery-detail.page.html",
    [7m  [0m [96m              ~~~~~~~~~~~~~~~~~~~~~~~~~~~~~[0m
    Error occurs in the template of component DeliveryDetailPage.


Error: [96msrc/app/delivery-detail/delivery-detail.page.html[0m:[93m232[0m:[93m66[0m - [91merror[0m[90m TS2339: [0mProperty 'recipient_mobile' does not exist on type '{}'.

[7m232[0m         href="tel://{{riderList.recipient_dial_code}}{{riderList.recipient_mobile}}"
[7m   [0m [91m                                                                 ~~~~~~~~~~~~~~~~[0m

  [96msrc/app/delivery-detail/delivery-detail.page.ts[0m:[93m22[0m:[93m15[0m
    [7m22[0m  templateUrl: "./delivery-detail.page.html",
    [7m  [0m [96m              ~~~~~~~~~~~~~~~~~~~~~~~~~~~~~[0m
    Error occurs in the template of component DeliveryDetailPage.


Error: [96msrc/app/delivery-detail/delivery-detail.page.html[0m:[93m234[0m:[93m22[0m - [91merror[0m[90m TS2339: [0mProperty 'recipient_dial_code' does not exist on type '{}'.

[7m234[0m         >{{riderList.recipient_dial_code}}{{riderList.recipient_mobile}}</a
[7m   [0m [91m                     ~~~~~~~~~~~~~~~~~~~[0m

  [96msrc/app/delivery-detail/delivery-detail.page.ts[0m:[93m22[0m:[93m15[0m
    [7m22[0m  templateUrl: "./delivery-detail.page.html",
    [7m  [0m [96m              ~~~~~~~~~~~~~~~~~~~~~~~~~~~~~[0m
    Error occurs in the template of component DeliveryDetailPage.


Error: [96msrc/app/delivery-detail/delivery-detail.page.html[0m:[93m234[0m:[93m55[0m - [91merror[0m[90m TS2339: [0mProperty 'recipient_mobile' does not exist on type '{}'.

[7m234[0m         >{{riderList.recipient_dial_code}}{{riderList.recipient_mobile}}</a
[7m   [0m [91m                                                      ~~~~~~~~~~~~~~~~[0m

  [96msrc/app/delivery-detail/delivery-detail.page.ts[0m:[93m22[0m:[93m15[0m
    [7m22[0m  templateUrl: "./delivery-detail.page.html",
    [7m  [0m [96m              ~~~~~~~~~~~~~~~~~~~~~~~~~~~~~[0m
    Error occurs in the template of component DeliveryDetailPage.


Error: [96msrc/app/delivery-detail/delivery-detail.page.html[0m:[93m247[0m:[93m54[0m - [91merror[0m[90m TS2339: [0mProperty 'recipient_address1' does not exist on type '{}'.

[7m247[0m         href="https://maps.google.com/?q={{riderList.recipient_address1}} + {{riderList.recipient_address2}} + {{riderList.recipient_postcode}} + {{riderList.recipient_city}} + {{riderList.recipient_state}} + {{riderList.recipient_country}}"
[7m   [0m [91m                                                     ~~~~~~~~~~~~~~~~~~[0m

  [96msrc/app/delivery-detail/delivery-detail.page.ts[0m:[93m22[0m:[93m15[0m
    [7m22[0m  templateUrl: "./delivery-detail.page.html",
    [7m  [0m [96m              ~~~~~~~~~~~~~~~~~~~~~~~~~~~~~[0m
    Error occurs in the template of component DeliveryDetailPage.


Error: [96msrc/app/delivery-detail/delivery-detail.page.html[0m:[93m247[0m:[93m89[0m - [91merror[0m[90m TS2339: [0mProperty 'recipient_address2' does not exist on type '{}'.

[7m247[0m         href="https://maps.google.com/?q={{riderList.recipient_address1}} + {{riderList.recipient_address2}} + {{riderList.recipient_postcode}} + {{riderList.recipient_city}} + {{riderList.recipient_state}} + {{riderList.recipient_country}}"
[7m   [0m [91m                                                                                        ~~~~~~~~~~~~~~~~~~[0m

  [96msrc/app/delivery-detail/delivery-detail.page.ts[0m:[93m22[0m:[93m15[0m
    [7m22[0m  templateUrl: "./delivery-detail.page.html",
    [7m  [0m [96m              ~~~~~~~~~~~~~~~~~~~~~~~~~~~~~[0m
    Error occurs in the template of component DeliveryDetailPage.


Error: [96msrc/app/delivery-detail/delivery-detail.page.html[0m:[93m247[0m:[93m124[0m - [91merror[0m[90m TS2339: [0mProperty 'recipient_postcode' does not exist on type '{}'.

[7m247[0m         href="https://maps.google.com/?q={{riderList.recipient_address1}} + {{riderList.recipient_address2}} + {{riderList.recipient_postcode}} + {{riderList.recipient_city}} + {{riderList.recipient_state}} + {{riderList.recipient_country}}"
[7m   [0m [91m                                                                                                                           ~~~~~~~~~~~~~~~~~~[0m

  [96msrc/app/delivery-detail/delivery-detail.page.ts[0m:[93m22[0m:[93m15[0m
    [7m22[0m  templateUrl: "./delivery-detail.page.html",
    [7m  [0m [96m              ~~~~~~~~~~~~~~~~~~~~~~~~~~~~~[0m
    Error occurs in the template of component DeliveryDetailPage.


Error: [96msrc/app/delivery-detail/delivery-detail.page.html[0m:[93m247[0m:[93m159[0m - [91merror[0m[90m TS2339: [0mProperty 'recipient_city' does not exist on type '{}'.

[7m247[0m         href="https://maps.google.com/?q={{riderList.recipient_address1}} + {{riderList.recipient_address2}} + {{riderList.recipient_postcode}} + {{riderList.recipient_city}} + {{riderList.recipient_state}} + {{riderList.recipient_country}}"
[7m   [0m [91m                                                                                                                                                              ~~~~~~~~~~~~~~[0m

  [96msrc/app/delivery-detail/delivery-detail.page.ts[0m:[93m22[0m:[93m15[0m
    [7m22[0m  templateUrl: "./delivery-detail.page.html",
    [7m  [0m [96m              ~~~~~~~~~~~~~~~~~~~~~~~~~~~~~[0m
    Error occurs in the template of component DeliveryDetailPage.


Error: [96msrc/app/delivery-detail/delivery-detail.page.html[0m:[93m247[0m:[93m190[0m - [91merror[0m[90m TS2339: [0mProperty 'recipient_state' does not exist on type '{}'.

[7m247[0m         href="https://maps.google.com/?q={{riderList.recipient_address1}} + {{riderList.recipient_address2}} + {{riderList.recipient_postcode}} + {{riderList.recipient_city}} + {{riderList.recipient_state}} + {{riderList.recipient_country}}"
[7m   [0m [91m                                                                                                                                                                                             ~~~~~~~~~~~~~~~[0m

  [96msrc/app/delivery-detail/delivery-detail.page.ts[0m:[93m22[0m:[93m15[0m
    [7m22[0m  templateUrl: "./delivery-detail.page.html",
    [7m  [0m [96m              ~~~~~~~~~~~~~~~~~~~~~~~~~~~~~[0m
    Error occurs in the template of component DeliveryDetailPage.


Error: [96msrc/app/delivery-detail/delivery-detail.page.html[0m:[93m247[0m:[93m222[0m - [91merror[0m[90m TS2339: [0mProperty 'recipient_country' does not exist on type '{}'.

[7m247[0m         href="https://maps.google.com/?q={{riderList.recipient_address1}} + {{riderList.recipient_address2}} + {{riderList.recipient_postcode}} + {{riderList.recipient_city}} + {{riderList.recipient_state}} + {{riderList.recipient_country}}"
[7m   [0m [91m                                                                                                                                                                                                                             ~~~~~~~~~~~~~~~~~[0m

  [96msrc/app/delivery-detail/delivery-detail.page.ts[0m:[93m22[0m:[93m15[0m
    [7m22[0m  templateUrl: "./delivery-detail.page.html",
    [7m  [0m [96m              ~~~~~~~~~~~~~~~~~~~~~~~~~~~~~[0m
    Error occurs in the template of component DeliveryDetailPage.


Error: [96msrc/app/delivery-detail/delivery-detail.page.html[0m:[93m248[0m:[93m22[0m - [91merror[0m[90m TS2339: [0mProperty 'recipient_address1' does not exist on type '{}'.

[7m248[0m         >{{riderList.recipient_address1}}
[7m   [0m [91m                     ~~~~~~~~~~~~~~~~~~[0m

  [96msrc/app/delivery-detail/delivery-detail.page.ts[0m:[93m22[0m:[93m15[0m
    [7m22[0m  templateUrl: "./delivery-detail.page.html",
    [7m  [0m [96m              ~~~~~~~~~~~~~~~~~~~~~~~~~~~~~[0m
    Error occurs in the template of component DeliveryDetailPage.


Error: [96msrc/app/delivery-detail/delivery-detail.page.html[0m:[93m249[0m:[93m21[0m - [91merror[0m[90m TS2339: [0mProperty 'recipient_address2' does not exist on type '{}'.

[7m249[0m         {{riderList.recipient_address2}}
[7m   [0m [91m                    ~~~~~~~~~~~~~~~~~~[0m

  [96msrc/app/delivery-detail/delivery-detail.page.ts[0m:[93m22[0m:[93m15[0m
    [7m22[0m  templateUrl: "./delivery-detail.page.html",
    [7m  [0m [96m              ~~~~~~~~~~~~~~~~~~~~~~~~~~~~~[0m
    Error occurs in the template of component DeliveryDetailPage.


Error: [96msrc/app/delivery-detail/delivery-detail.page.html[0m:[93m250[0m:[93m21[0m - [91merror[0m[90m TS2339: [0mProperty 'recipient_postcode' does not exist on type '{}'.

[7m250[0m         {{riderList.recipient_postcode}}
[7m   [0m [91m                    ~~~~~~~~~~~~~~~~~~[0m

  [96msrc/app/delivery-detail/delivery-detail.page.ts[0m:[93m22[0m:[93m15[0m
    [7m22[0m  templateUrl: "./delivery-detail.page.html",
    [7m  [0m [96m              ~~~~~~~~~~~~~~~~~~~~~~~~~~~~~[0m
    Error occurs in the template of component DeliveryDetailPage.


Error: [96msrc/app/delivery-detail/delivery-detail.page.html[0m:[93m251[0m:[93m21[0m - [91merror[0m[90m TS2339: [0mProperty 'recipient_city' does not exist on type '{}'.

[7m251[0m         {{riderList.recipient_city}}
[7m   [0m [91m                    ~~~~~~~~~~~~~~[0m

  [96msrc/app/delivery-detail/delivery-detail.page.ts[0m:[93m22[0m:[93m15[0m
    [7m22[0m  templateUrl: "./delivery-detail.page.html",
    [7m  [0m [96m              ~~~~~~~~~~~~~~~~~~~~~~~~~~~~~[0m
    Error occurs in the template of component DeliveryDetailPage.


Error: [96msrc/app/delivery-detail/delivery-detail.page.html[0m:[93m252[0m:[93m21[0m - [91merror[0m[90m TS2339: [0mProperty 'recipient_state' does not exist on type '{}'.

[7m252[0m         {{riderList.recipient_state}}
[7m   [0m [91m                    ~~~~~~~~~~~~~~~[0m

  [96msrc/app/delivery-detail/delivery-detail.page.ts[0m:[93m22[0m:[93m15[0m
    [7m22[0m  templateUrl: "./delivery-detail.page.html",
    [7m  [0m [96m              ~~~~~~~~~~~~~~~~~~~~~~~~~~~~~[0m
    Error occurs in the template of component DeliveryDetailPage.


Error: [96msrc/app/delivery-detail/delivery-detail.page.html[0m:[93m253[0m:[93m21[0m - [91merror[0m[90m TS2339: [0mProperty 'recipient_country' does not exist on type '{}'.

[7m253[0m         {{riderList.recipient_country}}</a
[7m   [0m [91m                    ~~~~~~~~~~~~~~~~~[0m

  [96msrc/app/delivery-detail/delivery-detail.page.ts[0m:[93m22[0m:[93m15[0m
    [7m22[0m  templateUrl: "./delivery-detail.page.html",
    [7m  [0m [96m              ~~~~~~~~~~~~~~~~~~~~~~~~~~~~~[0m
    Error occurs in the template of component DeliveryDetailPage.


Error: [96msrc/app/delivery-detail/delivery-detail.page.html[0m:[93m276[0m:[93m20[0m - [91merror[0m[90m TS2339: [0mProperty 'sender_name' does not exist on type '{}'.

[7m276[0m        {{riderList.sender_name?riderList.sender_name:'-'}}
[7m   [0m [91m                   ~~~~~~~~~~~[0m

  [96msrc/app/delivery-detail/delivery-detail.page.ts[0m:[93m22[0m:[93m15[0m
    [7m22[0m  templateUrl: "./delivery-detail.page.html",
    [7m  [0m [96m              ~~~~~~~~~~~~~~~~~~~~~~~~~~~~~[0m
    Error occurs in the template of component DeliveryDetailPage.


Error: [96msrc/app/delivery-detail/delivery-detail.page.html[0m:[93m276[0m:[93m42[0m - [91merror[0m[90m TS2339: [0mProperty 'sender_name' does not exist on type '{}'.

[7m276[0m        {{riderList.sender_name?riderList.sender_name:'-'}}
[7m   [0m [91m                                         ~~~~~~~~~~~[0m

  [96msrc/app/delivery-detail/delivery-detail.page.ts[0m:[93m22[0m:[93m15[0m
    [7m22[0m  templateUrl: "./delivery-detail.page.html",
    [7m  [0m [96m              ~~~~~~~~~~~~~~~~~~~~~~~~~~~~~[0m
    Error occurs in the template of component DeliveryDetailPage.


Error: [96msrc/app/delivery-detail/delivery-detail.page.html[0m:[93m286[0m:[93m20[0m - [91merror[0m[90m TS2339: [0mProperty 'sender_email' does not exist on type '{}'.

[7m286[0m        {{riderList.sender_email?riderList.sender_email:'-'}}
[7m   [0m [91m                   ~~~~~~~~~~~~[0m

  [96msrc/app/delivery-detail/delivery-detail.page.ts[0m:[93m22[0m:[93m15[0m
    [7m22[0m  templateUrl: "./delivery-detail.page.html",
    [7m  [0m [96m              ~~~~~~~~~~~~~~~~~~~~~~~~~~~~~[0m
    Error occurs in the template of component DeliveryDetailPage.


Error: [96msrc/app/delivery-detail/delivery-detail.page.html[0m:[93m286[0m:[93m43[0m - [91merror[0m[90m TS2339: [0mProperty 'sender_email' does not exist on type '{}'.

[7m286[0m        {{riderList.sender_email?riderList.sender_email:'-'}}
[7m   [0m [91m                                          ~~~~~~~~~~~~[0m

  [96msrc/app/delivery-detail/delivery-detail.page.ts[0m:[93m22[0m:[93m15[0m
    [7m22[0m  templateUrl: "./delivery-detail.page.html",
    [7m  [0m [96m              ~~~~~~~~~~~~~~~~~~~~~~~~~~~~~[0m
    Error occurs in the template of component DeliveryDetailPage.


Error: [96msrc/app/delivery-detail/delivery-detail.page.html[0m:[93m297[0m:[93m33[0m - [91merror[0m[90m TS2339: [0mProperty 'sender_dial_code' does not exist on type '{}'.

[7m297[0m         href="tel://{{riderList.sender_dial_code?riderList.sender_dial_code:'-'}}{{riderList.sender_mobile?riderList.sender_mobile:'-'}}"
[7m   [0m [91m                                ~~~~~~~~~~~~~~~~[0m

  [96msrc/app/delivery-detail/delivery-detail.page.ts[0m:[93m22[0m:[93m15[0m
    [7m22[0m  templateUrl: "./delivery-detail.page.html",
    [7m  [0m [96m              ~~~~~~~~~~~~~~~~~~~~~~~~~~~~~[0m
    Error occurs in the template of component DeliveryDetailPage.


Error: [96msrc/app/delivery-detail/delivery-detail.page.html[0m:[93m297[0m:[93m60[0m - [91merror[0m[90m TS2339: [0mProperty 'sender_dial_code' does not exist on type '{}'.

[7m297[0m         href="tel://{{riderList.sender_dial_code?riderList.sender_dial_code:'-'}}{{riderList.sender_mobile?riderList.sender_mobile:'-'}}"
[7m   [0m [91m                                                           ~~~~~~~~~~~~~~~~[0m

  [96msrc/app/delivery-detail/delivery-detail.page.ts[0m:[93m22[0m:[93m15[0m
    [7m22[0m  templateUrl: "./delivery-detail.page.html",
    [7m  [0m [96m              ~~~~~~~~~~~~~~~~~~~~~~~~~~~~~[0m
    Error occurs in the template of component DeliveryDetailPage.


Error: [96msrc/app/delivery-detail/delivery-detail.page.html[0m:[93m297[0m:[93m94[0m - [91merror[0m[90m TS2339: [0mProperty 'sender_mobile' does not exist on type '{}'.

[7m297[0m         href="tel://{{riderList.sender_dial_code?riderList.sender_dial_code:'-'}}{{riderList.sender_mobile?riderList.sender_mobile:'-'}}"
[7m   [0m [91m                                                                                             ~~~~~~~~~~~~~[0m

  [96msrc/app/delivery-detail/delivery-detail.page.ts[0m:[93m22[0m:[93m15[0m
    [7m22[0m  templateUrl: "./delivery-detail.page.html",
    [7m  [0m [96m              ~~~~~~~~~~~~~~~~~~~~~~~~~~~~~[0m
    Error occurs in the template of component DeliveryDetailPage.


Error: [96msrc/app/delivery-detail/delivery-detail.page.html[0m:[93m297[0m:[93m118[0m - [91merror[0m[90m TS2339: [0mProperty 'sender_mobile' does not exist on type '{}'.

[7m297[0m         href="tel://{{riderList.sender_dial_code?riderList.sender_dial_code:'-'}}{{riderList.sender_mobile?riderList.sender_mobile:'-'}}"
[7m   [0m [91m                                                                                                                     ~~~~~~~~~~~~~[0m

  [96msrc/app/delivery-detail/delivery-detail.page.ts[0m:[93m22[0m:[93m15[0m
    [7m22[0m  templateUrl: "./delivery-detail.page.html",
    [7m  [0m [96m              ~~~~~~~~~~~~~~~~~~~~~~~~~~~~~[0m
    Error occurs in the template of component DeliveryDetailPage.


Error: [96msrc/app/delivery-detail/delivery-detail.page.html[0m:[93m299[0m:[93m22[0m - [91merror[0m[90m TS2339: [0mProperty 'sender_dial_code' does not exist on type '{}'.

[7m299[0m         >{{riderList.sender_dial_code?riderList.sender_dial_code:'-'}}{{riderList.sender_mobile?riderList.sender_mobile:'-'}}</a
[7m   [0m [91m                     ~~~~~~~~~~~~~~~~[0m

  [96msrc/app/delivery-detail/delivery-detail.page.ts[0m:[93m22[0m:[93m15[0m
    [7m22[0m  templateUrl: "./delivery-detail.page.html",
    [7m  [0m [96m              ~~~~~~~~~~~~~~~~~~~~~~~~~~~~~[0m
    Error occurs in the template of component DeliveryDetailPage.


Error: [96msrc/app/delivery-detail/delivery-detail.page.html[0m:[93m299[0m:[93m49[0m - [91merror[0m[90m TS2339: [0mProperty 'sender_dial_code' does not exist on type '{}'.

[7m299[0m         >{{riderList.sender_dial_code?riderList.sender_dial_code:'-'}}{{riderList.sender_mobile?riderList.sender_mobile:'-'}}</a
[7m   [0m [91m                                                ~~~~~~~~~~~~~~~~[0m

  [96msrc/app/delivery-detail/delivery-detail.page.ts[0m:[93m22[0m:[93m15[0m
    [7m22[0m  templateUrl: "./delivery-detail.page.html",
    [7m  [0m [96m              ~~~~~~~~~~~~~~~~~~~~~~~~~~~~~[0m
    Error occurs in the template of component DeliveryDetailPage.


Error: [96msrc/app/delivery-detail/delivery-detail.page.html[0m:[93m299[0m:[93m83[0m - [91merror[0m[90m TS2339: [0mProperty 'sender_mobile' does not exist on type '{}'.

[7m299[0m         >{{riderList.sender_dial_code?riderList.sender_dial_code:'-'}}{{riderList.sender_mobile?riderList.sender_mobile:'-'}}</a
[7m   [0m [91m                                                                                  ~~~~~~~~~~~~~[0m

  [96msrc/app/delivery-detail/delivery-detail.page.ts[0m:[93m22[0m:[93m15[0m
    [7m22[0m  templateUrl: "./delivery-detail.page.html",
    [7m  [0m [96m              ~~~~~~~~~~~~~~~~~~~~~~~~~~~~~[0m
    Error occurs in the template of component DeliveryDetailPage.


Error: [96msrc/app/delivery-detail/delivery-detail.page.html[0m:[93m299[0m:[93m107[0m - [91merror[0m[90m TS2339: [0mProperty 'sender_mobile' does not exist on type '{}'.

[7m299[0m         >{{riderList.sender_dial_code?riderList.sender_dial_code:'-'}}{{riderList.sender_mobile?riderList.sender_mobile:'-'}}</a
[7m   [0m [91m                                                                                                          ~~~~~~~~~~~~~[0m

  [96msrc/app/delivery-detail/delivery-detail.page.ts[0m:[93m22[0m:[93m15[0m
    [7m22[0m  templateUrl: "./delivery-detail.page.html",
    [7m  [0m [96m              ~~~~~~~~~~~~~~~~~~~~~~~~~~~~~[0m
    Error occurs in the template of component DeliveryDetailPage.


Error: [96msrc/app/delivery-detail/delivery-detail.page.html[0m:[93m312[0m:[93m54[0m - [91merror[0m[90m TS2339: [0mProperty 'sender_address1' does not exist on type '{}'.

[7m312[0m         href="https://maps.google.com/?q={{riderList.sender_address1}}+{{riderList.sender_address2}}+{{riderList.sender_postcode}}+ {{riderList.sender_city}}+ {{riderList.sender_state}} +{{riderList.sender_country}}"
[7m   [0m [91m                                                     ~~~~~~~~~~~~~~~[0m

  [96msrc/app/delivery-detail/delivery-detail.page.ts[0m:[93m22[0m:[93m15[0m
    [7m22[0m  templateUrl: "./delivery-detail.page.html",
    [7m  [0m [96m              ~~~~~~~~~~~~~~~~~~~~~~~~~~~~~[0m
    Error occurs in the template of component DeliveryDetailPage.


Error: [96msrc/app/delivery-detail/delivery-detail.page.html[0m:[93m312[0m:[93m84[0m - [91merror[0m[90m TS2339: [0mProperty 'sender_address2' does not exist on type '{}'.

[7m312[0m         href="https://maps.google.com/?q={{riderList.sender_address1}}+{{riderList.sender_address2}}+{{riderList.sender_postcode}}+ {{riderList.sender_city}}+ {{riderList.sender_state}} +{{riderList.sender_country}}"
[7m   [0m [91m                                                                                   ~~~~~~~~~~~~~~~[0m

  [96msrc/app/delivery-detail/delivery-detail.page.ts[0m:[93m22[0m:[93m15[0m
    [7m22[0m  templateUrl: "./delivery-detail.page.html",
    [7m  [0m [96m              ~~~~~~~~~~~~~~~~~~~~~~~~~~~~~[0m
    Error occurs in the template of component DeliveryDetailPage.


Error: [96msrc/app/delivery-detail/delivery-detail.page.html[0m:[93m312[0m:[93m114[0m - [91merror[0m[90m TS2339: [0mProperty 'sender_postcode' does not exist on type '{}'.

[7m312[0m         href="https://maps.google.com/?q={{riderList.sender_address1}}+{{riderList.sender_address2}}+{{riderList.sender_postcode}}+ {{riderList.sender_city}}+ {{riderList.sender_state}} +{{riderList.sender_country}}"
[7m   [0m [91m                                                                                                                 ~~~~~~~~~~~~~~~[0m

  [96msrc/app/delivery-detail/delivery-detail.page.ts[0m:[93m22[0m:[93m15[0m
    [7m22[0m  templateUrl: "./delivery-detail.page.html",
    [7m  [0m [96m              ~~~~~~~~~~~~~~~~~~~~~~~~~~~~~[0m
    Error occurs in the template of component DeliveryDetailPage.


Error: [96msrc/app/delivery-detail/delivery-detail.page.html[0m:[93m312[0m:[93m145[0m - [91merror[0m[90m TS2339: [0mProperty 'sender_city' does not exist on type '{}'.

[7m312[0m         href="https://maps.google.com/?q={{riderList.sender_address1}}+{{riderList.sender_address2}}+{{riderList.sender_postcode}}+ {{riderList.sender_city}}+ {{riderList.sender_state}} +{{riderList.sender_country}}"
[7m   [0m [91m                                                                                                                                                ~~~~~~~~~~~[0m

  [96msrc/app/delivery-detail/delivery-detail.page.ts[0m:[93m22[0m:[93m15[0m
    [7m22[0m  templateUrl: "./delivery-detail.page.html",
    [7m  [0m [96m              ~~~~~~~~~~~~~~~~~~~~~~~~~~~~~[0m
    Error occurs in the template of component DeliveryDetailPage.


Error: [96msrc/app/delivery-detail/delivery-detail.page.html[0m:[93m312[0m:[93m172[0m - [91merror[0m[90m TS2339: [0mProperty 'sender_state' does not exist on type '{}'.

[7m312[0m         href="https://maps.google.com/?q={{riderList.sender_address1}}+{{riderList.sender_address2}}+{{riderList.sender_postcode}}+ {{riderList.sender_city}}+ {{riderList.sender_state}} +{{riderList.sender_country}}"
[7m   [0m [91m                                                                                                                                                                           ~~~~~~~~~~~~[0m

  [96msrc/app/delivery-detail/delivery-detail.page.ts[0m:[93m22[0m:[93m15[0m
    [7m22[0m  templateUrl: "./delivery-detail.page.html",
    [7m  [0m [96m              ~~~~~~~~~~~~~~~~~~~~~~~~~~~~~[0m
    Error occurs in the template of component DeliveryDetailPage.


Error: [96msrc/app/delivery-detail/delivery-detail.page.html[0m:[93m312[0m:[93m200[0m - [91merror[0m[90m TS2339: [0mProperty 'sender_country' does not exist on type '{}'.

[7m312[0m         href="https://maps.google.com/?q={{riderList.sender_address1}}+{{riderList.sender_address2}}+{{riderList.sender_postcode}}+ {{riderList.sender_city}}+ {{riderList.sender_state}} +{{riderList.sender_country}}"
[7m   [0m [91m                                                                                                                                                                                                       ~~~~~~~~~~~~~~[0m

  [96msrc/app/delivery-detail/delivery-detail.page.ts[0m:[93m22[0m:[93m15[0m
    [7m22[0m  templateUrl: "./delivery-detail.page.html",
    [7m  [0m [96m              ~~~~~~~~~~~~~~~~~~~~~~~~~~~~~[0m
    Error occurs in the template of component DeliveryDetailPage.


Error: [96msrc/app/delivery-detail/delivery-detail.page.html[0m:[93m313[0m:[93m22[0m - [91merror[0m[90m TS2339: [0mProperty 'sender_address1' does not exist on type '{}'.

[7m313[0m         >{{riderList.sender_address1}}{{riderList.sender_address2}}
[7m   [0m [91m                     ~~~~~~~~~~~~~~~[0m

  [96msrc/app/delivery-detail/delivery-detail.page.ts[0m:[93m22[0m:[93m15[0m
    [7m22[0m  templateUrl: "./delivery-detail.page.html",
    [7m  [0m [96m              ~~~~~~~~~~~~~~~~~~~~~~~~~~~~~[0m
    Error occurs in the template of component DeliveryDetailPage.


Error: [96msrc/app/delivery-detail/delivery-detail.page.html[0m:[93m313[0m:[93m51[0m - [91merror[0m[90m TS2339: [0mProperty 'sender_address2' does not exist on type '{}'.

[7m313[0m         >{{riderList.sender_address1}}{{riderList.sender_address2}}
[7m   [0m [91m                                                  ~~~~~~~~~~~~~~~[0m

  [96msrc/app/delivery-detail/delivery-detail.page.ts[0m:[93m22[0m:[93m15[0m
    [7m22[0m  templateUrl: "./delivery-detail.page.html",
    [7m  [0m [96m              ~~~~~~~~~~~~~~~~~~~~~~~~~~~~~[0m
    Error occurs in the template of component DeliveryDetailPage.


Error: [96msrc/app/delivery-detail/delivery-detail.page.html[0m:[93m314[0m:[93m21[0m - [91merror[0m[90m TS2339: [0mProperty 'sender_postcode' does not exist on type '{}'.

[7m314[0m         {{riderList.sender_postcode}}
[7m   [0m [91m                    ~~~~~~~~~~~~~~~[0m

  [96msrc/app/delivery-detail/delivery-detail.page.ts[0m:[93m22[0m:[93m15[0m
    [7m22[0m  templateUrl: "./delivery-detail.page.html",
    [7m  [0m [96m              ~~~~~~~~~~~~~~~~~~~~~~~~~~~~~[0m
    Error occurs in the template of component DeliveryDetailPage.


Error: [96msrc/app/delivery-detail/delivery-detail.page.html[0m:[93m315[0m:[93m21[0m - [91merror[0m[90m TS2339: [0mProperty 'sender_city' does not exist on type '{}'.

[7m315[0m         {{riderList.sender_city}}
[7m   [0m [91m                    ~~~~~~~~~~~[0m

  [96msrc/app/delivery-detail/delivery-detail.page.ts[0m:[93m22[0m:[93m15[0m
    [7m22[0m  templateUrl: "./delivery-detail.page.html",
    [7m  [0m [96m              ~~~~~~~~~~~~~~~~~~~~~~~~~~~~~[0m
    Error occurs in the template of component DeliveryDetailPage.


Error: [96msrc/app/delivery-detail/delivery-detail.page.html[0m:[93m316[0m:[93m21[0m - [91merror[0m[90m TS2339: [0mProperty 'sender_state' does not exist on type '{}'.

[7m316[0m         {{riderList.sender_state}}
[7m   [0m [91m                    ~~~~~~~~~~~~[0m

  [96msrc/app/delivery-detail/delivery-detail.page.ts[0m:[93m22[0m:[93m15[0m
    [7m22[0m  templateUrl: "./delivery-detail.page.html",
    [7m  [0m [96m              ~~~~~~~~~~~~~~~~~~~~~~~~~~~~~[0m
    Error occurs in the template of component DeliveryDetailPage.


Error: [96msrc/app/delivery-detail/delivery-detail.page.html[0m:[93m317[0m:[93m21[0m - [91merror[0m[90m TS2339: [0mProperty 'sender_country' does not exist on type '{}'.

[7m317[0m         {{riderList.sender_country}}</a
[7m   [0m [91m                    ~~~~~~~~~~~~~~[0m

  [96msrc/app/delivery-detail/delivery-detail.page.ts[0m:[93m22[0m:[93m15[0m
    [7m22[0m  templateUrl: "./delivery-detail.page.html",
    [7m  [0m [96m              ~~~~~~~~~~~~~~~~~~~~~~~~~~~~~[0m
    Error occurs in the template of component DeliveryDetailPage.


Error: [96msrc/app/delivery-detail/delivery-detail.page.html[0m:[93m330[0m:[93m20[0m - [91merror[0m[90m TS2339: [0mProperty 'despatch_category' does not exist on type '{}'.

[7m330[0m   *ngIf="riderList.despatch_category && riderList.despatch_category!='null'"
[7m   [0m [91m                   ~~~~~~~~~~~~~~~~~[0m

  [96msrc/app/delivery-detail/delivery-detail.page.ts[0m:[93m22[0m:[93m15[0m
    [7m22[0m  templateUrl: "./delivery-detail.page.html",
    [7m  [0m [96m              ~~~~~~~~~~~~~~~~~~~~~~~~~~~~~[0m
    Error occurs in the template of component DeliveryDetailPage.


Error: [96msrc/app/delivery-detail/delivery-detail.page.html[0m:[93m330[0m:[93m51[0m - [91merror[0m[90m TS2339: [0mProperty 'despatch_category' does not exist on type '{}'.

[7m330[0m   *ngIf="riderList.despatch_category && riderList.despatch_category!='null'"
[7m   [0m [91m                                                  ~~~~~~~~~~~~~~~~~[0m

  [96msrc/app/delivery-detail/delivery-detail.page.ts[0m:[93m22[0m:[93m15[0m
    [7m22[0m  templateUrl: "./delivery-detail.page.html",
    [7m  [0m [96m              ~~~~~~~~~~~~~~~~~~~~~~~~~~~~~[0m
    Error occurs in the template of component DeliveryDetailPage.


Error: [96msrc/app/delivery-detail/delivery-detail.page.html[0m:[93m345[0m:[93m20[0m - [91merror[0m[90m TS2339: [0mProperty 'despatch_category' does not exist on type '{}'.

[7m345[0m        {{riderList.despatch_category}}
[7m   [0m [91m                   ~~~~~~~~~~~~~~~~~[0m

  [96msrc/app/delivery-detail/delivery-detail.page.ts[0m:[93m22[0m:[93m15[0m
    [7m22[0m  templateUrl: "./delivery-detail.page.html",
    [7m  [0m [96m              ~~~~~~~~~~~~~~~~~~~~~~~~~~~~~[0m
    Error occurs in the template of component DeliveryDetailPage.


Error: [96msrc/app/delivery-detail/delivery-detail.page.html[0m:[93m355[0m:[93m20[0m - [91merror[0m[90m TS2339: [0mProperty 'despatch_service' does not exist on type '{}'.

[7m355[0m        {{riderList.despatch_service}}
[7m   [0m [91m                   ~~~~~~~~~~~~~~~~[0m

  [96msrc/app/delivery-detail/delivery-detail.page.ts[0m:[93m22[0m:[93m15[0m
    [7m22[0m  templateUrl: "./delivery-detail.page.html",
    [7m  [0m [96m              ~~~~~~~~~~~~~~~~~~~~~~~~~~~~~[0m
    Error occurs in the template of component DeliveryDetailPage.


Error: [96msrc/app/delivery-detail/delivery-detail.page.html[0m:[93m365[0m:[93m20[0m - [91merror[0m[90m TS2339: [0mProperty 'despatch_remarks' does not exist on type '{}'.

[7m365[0m        {{riderList.despatch_remarks?riderList.despatch_remarks:'-'}}
[7m   [0m [91m                   ~~~~~~~~~~~~~~~~[0m

  [96msrc/app/delivery-detail/delivery-detail.page.ts[0m:[93m22[0m:[93m15[0m
    [7m22[0m  templateUrl: "./delivery-detail.page.html",
    [7m  [0m [96m              ~~~~~~~~~~~~~~~~~~~~~~~~~~~~~[0m
    Error occurs in the template of component DeliveryDetailPage.


Error: [96msrc/app/delivery-detail/delivery-detail.page.html[0m:[93m365[0m:[93m47[0m - [91merror[0m[90m TS2339: [0mProperty 'despatch_remarks' does not exist on type '{}'.

[7m365[0m        {{riderList.despatch_remarks?riderList.despatch_remarks:'-'}}
[7m   [0m [91m                                              ~~~~~~~~~~~~~~~~[0m

  [96msrc/app/delivery-detail/delivery-detail.page.ts[0m:[93m22[0m:[93m15[0m
    [7m22[0m  templateUrl: "./delivery-detail.page.html",
    [7m  [0m [96m              ~~~~~~~~~~~~~~~~~~~~~~~~~~~~~[0m
    Error occurs in the template of component DeliveryDetailPage.


Error: [96msrc/app/delivery-detail/delivery-detail.page.html[0m:[93m377[0m:[93m10[0m - [91merror[0m[90m TS7053: [0mElement implicitly has an 'any' type because expression of type '"cod_collect_amount"' can't be used to index type '{}'.
  Property 'cod_collect_amount' does not exist on type '{}'.

[7m377[0m   *ngIf="riderList['cod_collect_amount']>0"
[7m   [0m [91m         ~~~~~~~~~~~~~~~~~~~~~~~~~~~~~~~[0m

  [96msrc/app/delivery-detail/delivery-detail.page.ts[0m:[93m22[0m:[93m15[0m
    [7m22[0m  templateUrl: "./delivery-detail.page.html",
    [7m  [0m [96m              ~~~~~~~~~~~~~~~~~~~~~~~~~~~~~[0m
    Error occurs in the template of component DeliveryDetailPage.


Error: [96msrc/app/delivery-detail/delivery-detail.page.html[0m:[93m392[0m:[93m23[0m - [91merror[0m[90m TS2339: [0mProperty 'cod_collect_amount' does not exist on type '{}'.

[7m392[0m        RM {{riderList.cod_collect_amount}}
[7m   [0m [91m                      ~~~~~~~~~~~~~~~~~~[0m

  [96msrc/app/delivery-detail/delivery-detail.page.ts[0m:[93m22[0m:[93m15[0m
    [7m22[0m  templateUrl: "./delivery-detail.page.html",
    [7m  [0m [96m              ~~~~~~~~~~~~~~~~~~~~~~~~~~~~~[0m
    Error occurs in the template of component DeliveryDetailPage.


Error: [96msrc/app/delivery-detail/delivery-detail.page.html[0m:[93m400[0m:[93m30[0m - [91merror[0m[90m TS7053: [0mElement implicitly has an 'any' type because expression of type '"delivery_status"' can't be used to index type '{}'.
  Property 'delivery_status' does not exist on type '{}'.

[7m400[0m  <div class="itemcol" *ngIf="riderList['delivery_status']==0">
[7m   [0m [91m                             ~~~~~~~~~~~~~~~~~~~~~~~~~~~~[0m

  [96msrc/app/delivery-detail/delivery-detail.page.ts[0m:[93m22[0m:[93m15[0m
    [7m22[0m  templateUrl: "./delivery-detail.page.html",
    [7m  [0m [96m              ~~~~~~~~~~~~~~~~~~~~~~~~~~~~~[0m
    Error occurs in the template of component DeliveryDetailPage.


Error: [96msrc/app/delivery-detail/delivery-detail.page.html[0m:[93m425[0m:[93m23[0m - [91merror[0m[90m TS2339: [0mProperty 'id' does not exist on type 'never'.

[7m425[0m         [value]="item.id"
[7m   [0m [91m                      ~~[0m

  [96msrc/app/delivery-detail/delivery-detail.page.ts[0m:[93m22[0m:[93m15[0m
    [7m22[0m  templateUrl: "./delivery-detail.page.html",
    [7m  [0m [96m              ~~~~~~~~~~~~~~~~~~~~~~~~~~~~~[0m
    Error occurs in the template of component DeliveryDetailPage.


Error: [96msrc/app/delivery-detail/delivery-detail.page.html[0m:[93m442[0m:[93m18[0m - [91merror[0m[90m TS2554: [0mExpected 1 arguments, but got 0.

[7m442[0m         (click)="openActionSheet()"
[7m   [0m [91m                 ~~~~~~~~~~~~~~~[0m

  [96msrc/app/delivery-detail/delivery-detail.page.ts[0m:[93m22[0m:[93m15[0m
    [7m22[0m  templateUrl: "./delivery-detail.page.html",
    [7m  [0m [96m              ~~~~~~~~~~~~~~~~~~~~~~~~~~~~~[0m
    Error occurs in the template of component DeliveryDetailPage.


Error: [96msrc/app/commission-report/commission-report.page.html[0m:[93m115[0m:[93m40[0m - [91merror[0m[90m TS2339: [0mProperty 'action' does not exist on type 'never'.

[7m115[0m             <ion-col size="7" *ngIf="x.action == 0" style="padding-bottom:0;"><h3 class="desc">Pickup</h3></ion-col>
[7m   [0m [91m                                       ~~~~~~[0m

  [96msrc/app/commission-report/commission-report.page.ts[0m:[93m17[0m:[93m16[0m
    [7m17[0m   templateUrl: './commission-report.page.html',
    [7m  [0m [96m               ~~~~~~~~~~~~~~~~~~~~~~~~~~~~~~~[0m
    Error occurs in the template of component CommissionReportPage.


Error: [96msrc/app/commission-report/commission-report.page.html[0m:[93m116[0m:[93m40[0m - [91merror[0m[90m TS2339: [0mProperty 'action' does not exist on type 'never'.

[7m116[0m             <ion-col size="7" *ngIf="x.action == 1" style="padding-bottom:0;"><h3 class="desc">Delivery</h3></ion-col>
[7m   [0m [91m                                       ~~~~~~[0m

  [96msrc/app/commission-report/commission-report.page.ts[0m:[93m17[0m:[93m16[0m
    [7m17[0m   templateUrl: './commission-report.page.html',
    [7m  [0m [96m               ~~~~~~~~~~~~~~~~~~~~~~~~~~~~~~~[0m
    Error occurs in the template of component CommissionReportPage.


Error: [96msrc/app/commission-report/commission-report.page.html[0m:[93m120[0m:[93m78[0m - [91merror[0m[90m TS2339: [0mProperty 'rate' does not exist on type 'never'.

[7m120[0m             <ion-col size="7" style="padding-bottom:0;"><h3 class="desc">{{x.rate}}</h3></ion-col>
[7m   [0m [91m                                                                             ~~~~[0m

  [96msrc/app/commission-report/commission-report.page.ts[0m:[93m17[0m:[93m16[0m
    [7m17[0m   templateUrl: './commission-report.page.html',
    [7m  [0m [96m               ~~~~~~~~~~~~~~~~~~~~~~~~~~~~~~~[0m
    Error occurs in the template of component CommissionReportPage.


Error: [96msrc/app/commission-report/commission-report.page.html[0m:[93m124[0m:[93m79[0m - [91merror[0m[90m TS2339: [0mProperty 'commission' does not exist on type 'never'.

[7m124[0m           <ion-col size="7" style="padding-bottom:0;"><h3 class="desc">RM {{x.commission}}</h3></ion-col>
[7m   [0m [91m                                                                              ~~~~~~~~~~[0m

  [96msrc/app/commission-report/commission-report.page.ts[0m:[93m17[0m:[93m16[0m
    [7m17[0m   templateUrl: './commission-report.page.html',
    [7m  [0m [96m               ~~~~~~~~~~~~~~~~~~~~~~~~~~~~~~~[0m
    Error occurs in the template of component CommissionReportPage.


Error: [96msrc/app/commission-report/commission-report.page.html[0m:[93m128[0m:[93m76[0m - [91merror[0m[90m TS2339: [0mProperty 'created_date' does not exist on type 'never'.

[7m128[0m           <ion-col size="7" style="padding-bottom:0;"><h3 class="desc">{{x.created_date}}</h3></ion-col>
[7m   [0m [91m                                                                           ~~~~~~~~~~~~[0m

  [96msrc/app/commission-report/commission-report.page.ts[0m:[93m17[0m:[93m16[0m
    [7m17[0m   templateUrl: './commission-report.page.html',
    [7m  [0m [96m               ~~~~~~~~~~~~~~~~~~~~~~~~~~~~~~~[0m
    Error occurs in the template of component CommissionReportPage.


Error: [96msrc/app/scan/scan.page.html[0m:[93m84[0m:[93m32[0m - [91merror[0m[90m TS2554: [0mExpected 1 arguments, but got 0.

[7m84[0m             <ion-icon (click)="openActionSheet()" name="add-circle-outline" style="float: right; background-color: #243a76; color: #fbd23c;font-size: 25px; border-radius: 6px; vertical-align: middle; margin-left: 10px;"></ion-icon>
[7m  [0m [91m                               ~~~~~~~~~~~~~~~[0m

  [96msrc/app/scan/scan.page.ts[0m:[93m26[0m:[93m16[0m
    [7m26[0m   templateUrl: './scan.page.html',
    [7m  [0m [96m               ~~~~~~~~~~~~~~~~~~[0m
    Error occurs in the template of component ScanPage.


Error: [96msrc/app/result/result.page.html[0m:[93m19[0m:[93m31[0m - [91merror[0m[90m TS2339: [0mProperty 'tracking_no' does not exist on type 'never'.

[7m19[0m     <ion-accordion value="{{x.tracking_no}}" *ngFor="let x of riderList" class="ion-no-padding">
[7m  [0m [91m                              ~~~~~~~~~~~[0m

  [96msrc/app/result/result.page.ts[0m:[93m10[0m:[93m16[0m
    [7m10[0m   templateUrl: './result.page.html',
    [7m  [0m [96m               ~~~~~~~~~~~~~~~~~~~~[0m
    Error occurs in the template of component ResultPage.


Error: [96msrc/app/result/result.page.html[0m:[93m26[0m:[93m36[0m - [91merror[0m[90m TS2339: [0mProperty 'tracking_no' does not exist on type 'never'.

[7m26[0m                           <div>{{x.tracking_no}}</div>
[7m  [0m [91m                                   ~~~~~~~~~~~[0m

  [96msrc/app/result/result.page.ts[0m:[93m10[0m:[93m16[0m
    [7m10[0m   templateUrl: './result.page.html',
    [7m  [0m [96m               ~~~~~~~~~~~~~~~~~~~~[0m
    Error occurs in the template of component ResultPage.


Error: [96msrc/app/result/result.page.html[0m:[93m28[0m:[93m74[0m - [91merror[0m[90m TS2339: [0mProperty 'cod_collect_amount' does not exist on type 'never'.

[7m28[0m                       <h5 class="txt400" style="margin-top: 0;" *ngIf="x.cod_collect_amount>0">COD Amount:
[7m  [0m [91m                                                                         ~~~~~~~~~~~~~~~~~~[0m

  [96msrc/app/result/result.page.ts[0m:[93m10[0m:[93m16[0m
    [7m10[0m   templateUrl: './result.page.html',
    [7m  [0m [96m               ~~~~~~~~~~~~~~~~~~~~[0m
    Error occurs in the template of component ResultPage.


Error: [96msrc/app/result/result.page.html[0m:[93m29[0m:[93m37[0m - [91merror[0m[90m TS2339: [0mProperty 'cod_collect_amount' does not exist on type 'never'.

[7m29[0m                         <div>RM {{x.cod_collect_amount}}</div>
[7m  [0m [91m                                    ~~~~~~~~~~~~~~~~~~[0m

  [96msrc/app/result/result.page.ts[0m:[93m10[0m:[93m16[0m
    [7m10[0m   templateUrl: './result.page.html',
    [7m  [0m [96m               ~~~~~~~~~~~~~~~~~~~~[0m
    Error occurs in the template of component ResultPage.


Error: [96msrc/app/result/result.page.html[0m:[93m45[0m:[93m55[0m - [91merror[0m[90m TS2339: [0mProperty 'delivery_status_text' does not exist on type 'never'.

[7m45[0m                   <h5 class="txt400">Status: <div>{{x.delivery_status_text}}</div></h5>
[7m  [0m [91m                                                      ~~~~~~~~~~~~~~~~~~~~[0m

  [96msrc/app/result/result.page.ts[0m:[93m10[0m:[93m16[0m
    [7m10[0m   templateUrl: './result.page.html',
    [7m  [0m [96m               ~~~~~~~~~~~~~~~~~~~~[0m
    Error occurs in the template of component ResultPage.


Error: [96msrc/app/result/result.page.html[0m:[93m47[0m:[93m59[0m - [91merror[0m[90m TS2339: [0mProperty 'order_date' does not exist on type 'never'.

[7m47[0m                   <h5 class="txt400">Order Date: <div>{{x.order_date}}</div></h5>
[7m  [0m [91m                                                          ~~~~~~~~~~[0m

  [96msrc/app/result/result.page.ts[0m:[93m10[0m:[93m16[0m
    [7m10[0m   templateUrl: './result.page.html',
    [7m  [0m [96m               ~~~~~~~~~~~~~~~~~~~~[0m
    Error occurs in the template of component ResultPage.


Error: [96msrc/app/result/result.page.html[0m:[93m53[0m:[93m59[0m - [91merror[0m[90m TS2339: [0mProperty 'customer_name' does not exist on type 'never'.

[7m53[0m                   <h5 class="txt400">Ordered By: <div>{{x.customer_name}}</div></h5>
[7m  [0m [91m                                                          ~~~~~~~~~~~~~[0m

  [96msrc/app/result/result.page.ts[0m:[93m10[0m:[93m16[0m
    [7m10[0m   templateUrl: './result.page.html',
    [7m  [0m [96m               ~~~~~~~~~~~~~~~~~~~~[0m
    Error occurs in the template of component ResultPage.


Error: [96msrc/app/result/result.page.html[0m:[93m56[0m:[93m59[0m - [91merror[0m[90m TS2339: [0mProperty 'remark' does not exist on type 'never'.

[7m56[0m                       <h5 class="txt400">Remark: <div>{{x.remark?x.remark:'-'}}</div></h5>
[7m  [0m [91m                                                          ~~~~~~[0m

  [96msrc/app/result/result.page.ts[0m:[93m10[0m:[93m16[0m
    [7m10[0m   templateUrl: './result.page.html',
    [7m  [0m [96m               ~~~~~~~~~~~~~~~~~~~~[0m
    Error occurs in the template of component ResultPage.


Error: [96msrc/app/result/result.page.html[0m:[93m56[0m:[93m68[0m - [91merror[0m[90m TS2339: [0mProperty 'remark' does not exist on type 'never'.

[7m56[0m                       <h5 class="txt400">Remark: <div>{{x.remark?x.remark:'-'}}</div></h5>
[7m  [0m [91m                                                                   ~~~~~~[0m

  [96msrc/app/result/result.page.ts[0m:[93m10[0m:[93m16[0m
    [7m10[0m   templateUrl: './result.page.html',
    [7m  [0m [96m               ~~~~~~~~~~~~~~~~~~~~[0m
    Error occurs in the template of component ResultPage.


Error: [96msrc/app/result/result.page.html[0m:[93m63[0m:[93m91[0m - [91merror[0m[90m TS2339: [0mProperty 'sales_order_id' does not exist on type 'never'.

[7m63[0m                       <ion-button class="pickupdetail" [routerLink]="['/result-detail/'+x.sales_order_id]">Detail </ion-button>
[7m  [0m [91m                                                                                          ~~~~~~~~~~~~~~[0m

  [96msrc/app/result/result.page.ts[0m:[93m10[0m:[93m16[0m
    [7m10[0m   templateUrl: './result.page.html',
    [7m  [0m [96m               ~~~~~~~~~~~~~~~~~~~~[0m
    Error occurs in the template of component ResultPage.


Error: [96msrc/app/result-detail/result-detail.page.html[0m:[93m18[0m:[93m20[0m - [91merror[0m[90m TS2339: [0mProperty 'tracking_no' does not exist on type '{}'.

[7m18[0m     <p>{{riderList.tracking_no}}</p>
[7m  [0m [91m                   ~~~~~~~~~~~[0m

  [96msrc/app/result-detail/result-detail.page.ts[0m:[93m20[0m:[93m15[0m
    [7m20[0m  templateUrl: "./result-detail.page.html",
    [7m  [0m [96m              ~~~~~~~~~~~~~~~~~~~~~~~~~~~[0m
    Error occurs in the template of component ResultDetailPage.


Error: [96msrc/app/result-detail/result-detail.page.html[0m:[93m28[0m:[93m20[0m - [91merror[0m[90m TS2339: [0mProperty 'delivery_status_text' does not exist on type '{}'.

[7m28[0m        {{riderList.delivery_status_text}}
[7m  [0m [91m                   ~~~~~~~~~~~~~~~~~~~~[0m

  [96msrc/app/result-detail/result-detail.page.ts[0m:[93m20[0m:[93m15[0m
    [7m20[0m  templateUrl: "./result-detail.page.html",
    [7m  [0m [96m              ~~~~~~~~~~~~~~~~~~~~~~~~~~~[0m
    Error occurs in the template of component ResultDetailPage.


Error: [96msrc/app/result-detail/result-detail.page.html[0m:[93m38[0m:[93m20[0m - [91merror[0m[90m TS2339: [0mProperty 'service_type' does not exist on type '{}'.

[7m38[0m        {{riderList.service_type}}
[7m  [0m [91m                   ~~~~~~~~~~~~[0m

  [96msrc/app/result-detail/result-detail.page.ts[0m:[93m20[0m:[93m15[0m
    [7m20[0m  templateUrl: "./result-detail.page.html",
    [7m  [0m [96m              ~~~~~~~~~~~~~~~~~~~~~~~~~~~[0m
    Error occurs in the template of component ResultDetailPage.


Error: [96msrc/app/result-detail/result-detail.page.html[0m:[93m56[0m:[93m20[0m - [91merror[0m[90m TS2339: [0mProperty 'customer_name' does not exist on type '{}'.

[7m56[0m        {{riderList.customer_name}}
[7m  [0m [91m                   ~~~~~~~~~~~~~[0m

  [96msrc/app/result-detail/result-detail.page.ts[0m:[93m20[0m:[93m15[0m
    [7m20[0m  templateUrl: "./result-detail.page.html",
    [7m  [0m [96m              ~~~~~~~~~~~~~~~~~~~~~~~~~~~[0m
    Error occurs in the template of component ResultDetailPage.


Error: [96msrc/app/result-detail/result-detail.page.html[0m:[93m62[0m:[93m23[0m - [91merror[0m[90m TS2339: [0mProperty 'shipping_remark' does not exist on type '{}'.

[7m62[0m      *ngIf="riderList.shipping_remark && riderList.shipping_remark!='null'"
[7m  [0m [91m                      ~~~~~~~~~~~~~~~[0m

  [96msrc/app/result-detail/result-detail.page.ts[0m:[93m20[0m:[93m15[0m
    [7m20[0m  templateUrl: "./result-detail.page.html",
    [7m  [0m [96m              ~~~~~~~~~~~~~~~~~~~~~~~~~~~[0m
    Error occurs in the template of component ResultDetailPage.


Error: [96msrc/app/result-detail/result-detail.page.html[0m:[93m62[0m:[93m52[0m - [91merror[0m[90m TS2339: [0mProperty 'shipping_remark' does not exist on type '{}'.

[7m62[0m      *ngIf="riderList.shipping_remark && riderList.shipping_remark!='null'"
[7m  [0m [91m                                                   ~~~~~~~~~~~~~~~[0m

  [96msrc/app/result-detail/result-detail.page.ts[0m:[93m20[0m:[93m15[0m
    [7m20[0m  templateUrl: "./result-detail.page.html",
    [7m  [0m [96m              ~~~~~~~~~~~~~~~~~~~~~~~~~~~[0m
    Error occurs in the template of component ResultDetailPage.


Error: [96msrc/app/result-detail/result-detail.page.html[0m:[93m69[0m:[93m20[0m - [91merror[0m[90m TS2339: [0mProperty 'shipping_remark' does not exist on type '{}'.

[7m69[0m        {{riderList.shipping_remark?riderList.shipping_remark:'-'}}
[7m  [0m [91m                   ~~~~~~~~~~~~~~~[0m

  [96msrc/app/result-detail/result-detail.page.ts[0m:[93m20[0m:[93m15[0m
    [7m20[0m  templateUrl: "./result-detail.page.html",
    [7m  [0m [96m              ~~~~~~~~~~~~~~~~~~~~~~~~~~~[0m
    Error occurs in the template of component ResultDetailPage.


Error: [96msrc/app/result-detail/result-detail.page.html[0m:[93m69[0m:[93m46[0m - [91merror[0m[90m TS2339: [0mProperty 'shipping_remark' does not exist on type '{}'.

[7m69[0m        {{riderList.shipping_remark?riderList.shipping_remark:'-'}}
[7m  [0m [91m                                             ~~~~~~~~~~~~~~~[0m

  [96msrc/app/result-detail/result-detail.page.ts[0m:[93m20[0m:[93m15[0m
    [7m20[0m  templateUrl: "./result-detail.page.html",
    [7m  [0m [96m              ~~~~~~~~~~~~~~~~~~~~~~~~~~~[0m
    Error occurs in the template of component ResultDetailPage.


Error: [96msrc/app/result-detail/result-detail.page.html[0m:[93m75[0m:[93m23[0m - [91merror[0m[90m TS2339: [0mProperty 'service_transport' does not exist on type '{}'.

[7m75[0m      *ngIf="riderList.service_transport && riderList.service_transport!='null'"
[7m  [0m [91m                      ~~~~~~~~~~~~~~~~~[0m

  [96msrc/app/result-detail/result-detail.page.ts[0m:[93m20[0m:[93m15[0m
    [7m20[0m  templateUrl: "./result-detail.page.html",
    [7m  [0m [96m              ~~~~~~~~~~~~~~~~~~~~~~~~~~~[0m
    Error occurs in the template of component ResultDetailPage.


Error: [96msrc/app/result-detail/result-detail.page.html[0m:[93m75[0m:[93m54[0m - [91merror[0m[90m TS2339: [0mProperty 'service_transport' does not exist on type '{}'.

[7m75[0m      *ngIf="riderList.service_transport && riderList.service_transport!='null'"
[7m  [0m [91m                                                     ~~~~~~~~~~~~~~~~~[0m

  [96msrc/app/result-detail/result-detail.page.ts[0m:[93m20[0m:[93m15[0m
    [7m20[0m  templateUrl: "./result-detail.page.html",
    [7m  [0m [96m              ~~~~~~~~~~~~~~~~~~~~~~~~~~~[0m
    Error occurs in the template of component ResultDetailPage.


Error: [96msrc/app/result-detail/result-detail.page.html[0m:[93m82[0m:[93m20[0m - [91merror[0m[90m TS2339: [0mProperty 'service_transport' does not exist on type '{}'.

[7m82[0m        {{riderList.service_transport}}
[7m  [0m [91m                   ~~~~~~~~~~~~~~~~~[0m

  [96msrc/app/result-detail/result-detail.page.ts[0m:[93m20[0m:[93m15[0m
    [7m20[0m  templateUrl: "./result-detail.page.html",
    [7m  [0m [96m              ~~~~~~~~~~~~~~~~~~~~~~~~~~~[0m
    Error occurs in the template of component ResultDetailPage.


Error: [96msrc/app/result-detail/result-detail.page.html[0m:[93m93[0m:[93m23[0m - [91merror[0m[90m TS2339: [0mProperty 'unit_qty' does not exist on type '{}'.

[7m93[0m      *ngIf="riderList.unit_qty && riderList.unit_qty!='null'"
[7m  [0m [91m                      ~~~~~~~~[0m

  [96msrc/app/result-detail/result-detail.page.ts[0m:[93m20[0m:[93m15[0m
    [7m20[0m  templateUrl: "./result-detail.page.html",
    [7m  [0m [96m              ~~~~~~~~~~~~~~~~~~~~~~~~~~~[0m
    Error occurs in the template of component ResultDetailPage.


Error: [96msrc/app/result-detail/result-detail.page.html[0m:[93m93[0m:[93m45[0m - [91merror[0m[90m TS2339: [0mProperty 'unit_qty' does not exist on type '{}'.

[7m93[0m      *ngIf="riderList.unit_qty && riderList.unit_qty!='null'"
[7m  [0m [91m                                            ~~~~~~~~[0m

  [96msrc/app/result-detail/result-detail.page.ts[0m:[93m20[0m:[93m15[0m
    [7m20[0m  templateUrl: "./result-detail.page.html",
    [7m  [0m [96m              ~~~~~~~~~~~~~~~~~~~~~~~~~~~[0m
    Error occurs in the template of component ResultDetailPage.


Error: [96msrc/app/result-detail/result-detail.page.html[0m:[93m100[0m:[93m20[0m - [91merror[0m[90m TS2339: [0mProperty 'unit_qty' does not exist on type '{}'.

[7m100[0m        {{riderList.unit_qty}} Carton
[7m   [0m [91m                   ~~~~~~~~[0m

  [96msrc/app/result-detail/result-detail.page.ts[0m:[93m20[0m:[93m15[0m
    [7m20[0m  templateUrl: "./result-detail.page.html",
    [7m  [0m [96m              ~~~~~~~~~~~~~~~~~~~~~~~~~~~[0m
    Error occurs in the template of component ResultDetailPage.


Error: [96msrc/app/result-detail/result-detail.page.html[0m:[93m106[0m:[93m23[0m - [91merror[0m[90m TS2339: [0mProperty 'service_UOM' does not exist on type '{}'.

[7m106[0m      *ngIf="riderList.service_UOM && riderList.service_UOM!='null'"
[7m   [0m [91m                      ~~~~~~~~~~~[0m

  [96msrc/app/result-detail/result-detail.page.ts[0m:[93m20[0m:[93m15[0m
    [7m20[0m  templateUrl: "./result-detail.page.html",
    [7m  [0m [96m              ~~~~~~~~~~~~~~~~~~~~~~~~~~~[0m
    Error occurs in the template of component ResultDetailPage.


Error: [96msrc/app/result-detail/result-detail.page.html[0m:[93m106[0m:[93m48[0m - [91merror[0m[90m TS2339: [0mProperty 'service_UOM' does not exist on type '{}'.

[7m106[0m      *ngIf="riderList.service_UOM && riderList.service_UOM!='null'"
[7m   [0m [91m                                               ~~~~~~~~~~~[0m

  [96msrc/app/result-detail/result-detail.page.ts[0m:[93m20[0m:[93m15[0m
    [7m20[0m  templateUrl: "./result-detail.page.html",
    [7m  [0m [96m              ~~~~~~~~~~~~~~~~~~~~~~~~~~~[0m
    Error occurs in the template of component ResultDetailPage.


Error: [96msrc/app/result-detail/result-detail.page.html[0m:[93m113[0m:[93m20[0m - [91merror[0m[90m TS2339: [0mProperty 'service_UOM' does not exist on type '{}'.

[7m113[0m        {{riderList.service_UOM}}
[7m   [0m [91m                   ~~~~~~~~~~~[0m

  [96msrc/app/result-detail/result-detail.page.ts[0m:[93m20[0m:[93m15[0m
    [7m20[0m  templateUrl: "./result-detail.page.html",
    [7m  [0m [96m              ~~~~~~~~~~~~~~~~~~~~~~~~~~~[0m
    Error occurs in the template of component ResultDetailPage.


Error: [96msrc/app/result-detail/result-detail.page.html[0m:[93m119[0m:[93m23[0m - [91merror[0m[90m TS2339: [0mProperty 'weight' does not exist on type '{}'.

[7m119[0m      *ngIf="riderList.weight && riderList.weight!='null'"
[7m   [0m [91m                      ~~~~~~[0m

  [96msrc/app/result-detail/result-detail.page.ts[0m:[93m20[0m:[93m15[0m
    [7m20[0m  templateUrl: "./result-detail.page.html",
    [7m  [0m [96m              ~~~~~~~~~~~~~~~~~~~~~~~~~~~[0m
    Error occurs in the template of component ResultDetailPage.


Error: [96msrc/app/result-detail/result-detail.page.html[0m:[93m119[0m:[93m43[0m - [91merror[0m[90m TS2339: [0mProperty 'weight' does not exist on type '{}'.

[7m119[0m      *ngIf="riderList.weight && riderList.weight!='null'"
[7m   [0m [91m                                          ~~~~~~[0m

  [96msrc/app/result-detail/result-detail.page.ts[0m:[93m20[0m:[93m15[0m
    [7m20[0m  templateUrl: "./result-detail.page.html",
    [7m  [0m [96m              ~~~~~~~~~~~~~~~~~~~~~~~~~~~[0m
    Error occurs in the template of component ResultDetailPage.


Error: [96msrc/app/result-detail/result-detail.page.html[0m:[93m125[0m:[93m37[0m - [91merror[0m[90m TS2339: [0mProperty 'weight' does not exist on type '{}'.

[7m125[0m       ><h3 class="desc">{{riderList.weight}}</h3></ion-col
[7m   [0m [91m                                    ~~~~~~[0m

  [96msrc/app/result-detail/result-detail.page.ts[0m:[93m20[0m:[93m15[0m
    [7m20[0m  templateUrl: "./result-detail.page.html",
    [7m  [0m [96m              ~~~~~~~~~~~~~~~~~~~~~~~~~~~[0m
    Error occurs in the template of component ResultDetailPage.


Error: [96msrc/app/result-detail/result-detail.page.html[0m:[93m146[0m:[93m20[0m - [91merror[0m[90m TS2339: [0mProperty 'sender_name' does not exist on type '{}'.

[7m146[0m        {{riderList.sender_name?riderList.sender_name:'-'}}
[7m   [0m [91m                   ~~~~~~~~~~~[0m

  [96msrc/app/result-detail/result-detail.page.ts[0m:[93m20[0m:[93m15[0m
    [7m20[0m  templateUrl: "./result-detail.page.html",
    [7m  [0m [96m              ~~~~~~~~~~~~~~~~~~~~~~~~~~~[0m
    Error occurs in the template of component ResultDetailPage.


Error: [96msrc/app/result-detail/result-detail.page.html[0m:[93m146[0m:[93m42[0m - [91merror[0m[90m TS2339: [0mProperty 'sender_name' does not exist on type '{}'.

[7m146[0m        {{riderList.sender_name?riderList.sender_name:'-'}}
[7m   [0m [91m                                         ~~~~~~~~~~~[0m

  [96msrc/app/result-detail/result-detail.page.ts[0m:[93m20[0m:[93m15[0m
    [7m20[0m  templateUrl: "./result-detail.page.html",
    [7m  [0m [96m              ~~~~~~~~~~~~~~~~~~~~~~~~~~~[0m
    Error occurs in the template of component ResultDetailPage.


Error: [96msrc/app/result-detail/result-detail.page.html[0m:[93m156[0m:[93m20[0m - [91merror[0m[90m TS2339: [0mProperty 'sender_email' does not exist on type '{}'.

[7m156[0m        {{riderList.sender_email?riderList.sender_email:'-'}}
[7m   [0m [91m                   ~~~~~~~~~~~~[0m

  [96msrc/app/result-detail/result-detail.page.ts[0m:[93m20[0m:[93m15[0m
    [7m20[0m  templateUrl: "./result-detail.page.html",
    [7m  [0m [96m              ~~~~~~~~~~~~~~~~~~~~~~~~~~~[0m
    Error occurs in the template of component ResultDetailPage.


Error: [96msrc/app/result-detail/result-detail.page.html[0m:[93m156[0m:[93m43[0m - [91merror[0m[90m TS2339: [0mProperty 'sender_email' does not exist on type '{}'.

[7m156[0m        {{riderList.sender_email?riderList.sender_email:'-'}}
[7m   [0m [91m                                          ~~~~~~~~~~~~[0m

  [96msrc/app/result-detail/result-detail.page.ts[0m:[93m20[0m:[93m15[0m
    [7m20[0m  templateUrl: "./result-detail.page.html",
    [7m  [0m [96m              ~~~~~~~~~~~~~~~~~~~~~~~~~~~[0m
    Error occurs in the template of component ResultDetailPage.


Error: [96msrc/app/result-detail/result-detail.page.html[0m:[93m166[0m:[93m20[0m - [91merror[0m[90m TS2339: [0mProperty 'sender_mobile' does not exist on type '{}'.

[7m166[0m        {{riderList.sender_mobile?riderList.sender_mobile:'-'}}
[7m   [0m [91m                   ~~~~~~~~~~~~~[0m

  [96msrc/app/result-detail/result-detail.page.ts[0m:[93m20[0m:[93m15[0m
    [7m20[0m  templateUrl: "./result-detail.page.html",
    [7m  [0m [96m              ~~~~~~~~~~~~~~~~~~~~~~~~~~~[0m
    Error occurs in the template of component ResultDetailPage.


Error: [96msrc/app/result-detail/result-detail.page.html[0m:[93m166[0m:[93m44[0m - [91merror[0m[90m TS2339: [0mProperty 'sender_mobile' does not exist on type '{}'.

[7m166[0m        {{riderList.sender_mobile?riderList.sender_mobile:'-'}}
[7m   [0m [91m                                           ~~~~~~~~~~~~~[0m

  [96msrc/app/result-detail/result-detail.page.ts[0m:[93m20[0m:[93m15[0m
    [7m20[0m  templateUrl: "./result-detail.page.html",
    [7m  [0m [96m              ~~~~~~~~~~~~~~~~~~~~~~~~~~~[0m
    Error occurs in the template of component ResultDetailPage.


Error: [96msrc/app/result-detail/result-detail.page.html[0m:[93m178[0m:[93m54[0m - [91merror[0m[90m TS2339: [0mProperty 'sender_address1' does not exist on type '{}'.

[7m178[0m         href="https://maps.google.com/?q={{riderList.sender_address1}}+{{riderList.sender_address2}}+{{riderList.sender_postcode}}+ {{riderList.sender_city}}+ {{riderList.sender_state}} +{{riderList.sender_country}}"
[7m   [0m [91m                                                     ~~~~~~~~~~~~~~~[0m

  [96msrc/app/result-detail/result-detail.page.ts[0m:[93m20[0m:[93m15[0m
    [7m20[0m  templateUrl: "./result-detail.page.html",
    [7m  [0m [96m              ~~~~~~~~~~~~~~~~~~~~~~~~~~~[0m
    Error occurs in the template of component ResultDetailPage.


Error: [96msrc/app/result-detail/result-detail.page.html[0m:[93m178[0m:[93m84[0m - [91merror[0m[90m TS2339: [0mProperty 'sender_address2' does not exist on type '{}'.

[7m178[0m         href="https://maps.google.com/?q={{riderList.sender_address1}}+{{riderList.sender_address2}}+{{riderList.sender_postcode}}+ {{riderList.sender_city}}+ {{riderList.sender_state}} +{{riderList.sender_country}}"
[7m   [0m [91m                                                                                   ~~~~~~~~~~~~~~~[0m

  [96msrc/app/result-detail/result-detail.page.ts[0m:[93m20[0m:[93m15[0m
    [7m20[0m  templateUrl: "./result-detail.page.html",
    [7m  [0m [96m              ~~~~~~~~~~~~~~~~~~~~~~~~~~~[0m
    Error occurs in the template of component ResultDetailPage.


Error: [96msrc/app/result-detail/result-detail.page.html[0m:[93m178[0m:[93m114[0m - [91merror[0m[90m TS2339: [0mProperty 'sender_postcode' does not exist on type '{}'.

[7m178[0m         href="https://maps.google.com/?q={{riderList.sender_address1}}+{{riderList.sender_address2}}+{{riderList.sender_postcode}}+ {{riderList.sender_city}}+ {{riderList.sender_state}} +{{riderList.sender_country}}"
[7m   [0m [91m                                                                                                                 ~~~~~~~~~~~~~~~[0m

  [96msrc/app/result-detail/result-detail.page.ts[0m:[93m20[0m:[93m15[0m
    [7m20[0m  templateUrl: "./result-detail.page.html",
    [7m  [0m [96m              ~~~~~~~~~~~~~~~~~~~~~~~~~~~[0m
    Error occurs in the template of component ResultDetailPage.


Error: [96msrc/app/result-detail/result-detail.page.html[0m:[93m178[0m:[93m145[0m - [91merror[0m[90m TS2339: [0mProperty 'sender_city' does not exist on type '{}'.

[7m178[0m         href="https://maps.google.com/?q={{riderList.sender_address1}}+{{riderList.sender_address2}}+{{riderList.sender_postcode}}+ {{riderList.sender_city}}+ {{riderList.sender_state}} +{{riderList.sender_country}}"
[7m   [0m [91m                                                                                                                                                ~~~~~~~~~~~[0m

  [96msrc/app/result-detail/result-detail.page.ts[0m:[93m20[0m:[93m15[0m
    [7m20[0m  templateUrl: "./result-detail.page.html",
    [7m  [0m [96m              ~~~~~~~~~~~~~~~~~~~~~~~~~~~[0m
    Error occurs in the template of component ResultDetailPage.


Error: [96msrc/app/result-detail/result-detail.page.html[0m:[93m178[0m:[93m172[0m - [91merror[0m[90m TS2339: [0mProperty 'sender_state' does not exist on type '{}'.

[7m178[0m         href="https://maps.google.com/?q={{riderList.sender_address1}}+{{riderList.sender_address2}}+{{riderList.sender_postcode}}+ {{riderList.sender_city}}+ {{riderList.sender_state}} +{{riderList.sender_country}}"
[7m   [0m [91m                                                                                                                                                                           ~~~~~~~~~~~~[0m

  [96msrc/app/result-detail/result-detail.page.ts[0m:[93m20[0m:[93m15[0m
    [7m20[0m  templateUrl: "./result-detail.page.html",
    [7m  [0m [96m              ~~~~~~~~~~~~~~~~~~~~~~~~~~~[0m
    Error occurs in the template of component ResultDetailPage.


Error: [96msrc/app/result-detail/result-detail.page.html[0m:[93m178[0m:[93m200[0m - [91merror[0m[90m TS2339: [0mProperty 'sender_country' does not exist on type '{}'.

[7m178[0m         href="https://maps.google.com/?q={{riderList.sender_address1}}+{{riderList.sender_address2}}+{{riderList.sender_postcode}}+ {{riderList.sender_city}}+ {{riderList.sender_state}} +{{riderList.sender_country}}"
[7m   [0m [91m                                                                                                                                                                                                       ~~~~~~~~~~~~~~[0m

  [96msrc/app/result-detail/result-detail.page.ts[0m:[93m20[0m:[93m15[0m
    [7m20[0m  templateUrl: "./result-detail.page.html",
    [7m  [0m [96m              ~~~~~~~~~~~~~~~~~~~~~~~~~~~[0m
    Error occurs in the template of component ResultDetailPage.


Error: [96msrc/app/result-detail/result-detail.page.html[0m:[93m179[0m:[93m22[0m - [91merror[0m[90m TS2339: [0mProperty 'sender_address1' does not exist on type '{}'.

[7m179[0m         >{{riderList.sender_address1}}{{riderList.sender_address2}}
[7m   [0m [91m                     ~~~~~~~~~~~~~~~[0m

  [96msrc/app/result-detail/result-detail.page.ts[0m:[93m20[0m:[93m15[0m
    [7m20[0m  templateUrl: "./result-detail.page.html",
    [7m  [0m [96m              ~~~~~~~~~~~~~~~~~~~~~~~~~~~[0m
    Error occurs in the template of component ResultDetailPage.


Error: [96msrc/app/result-detail/result-detail.page.html[0m:[93m179[0m:[93m51[0m - [91merror[0m[90m TS2339: [0mProperty 'sender_address2' does not exist on type '{}'.

[7m179[0m         >{{riderList.sender_address1}}{{riderList.sender_address2}}
[7m   [0m [91m                                                  ~~~~~~~~~~~~~~~[0m

  [96msrc/app/result-detail/result-detail.page.ts[0m:[93m20[0m:[93m15[0m
    [7m20[0m  templateUrl: "./result-detail.page.html",
    [7m  [0m [96m              ~~~~~~~~~~~~~~~~~~~~~~~~~~~[0m
    Error occurs in the template of component ResultDetailPage.


Error: [96msrc/app/result-detail/result-detail.page.html[0m:[93m180[0m:[93m21[0m - [91merror[0m[90m TS2339: [0mProperty 'sender_postcode' does not exist on type '{}'.

[7m180[0m         {{riderList.sender_postcode}}
[7m   [0m [91m                    ~~~~~~~~~~~~~~~[0m

  [96msrc/app/result-detail/result-detail.page.ts[0m:[93m20[0m:[93m15[0m
    [7m20[0m  templateUrl: "./result-detail.page.html",
    [7m  [0m [96m              ~~~~~~~~~~~~~~~~~~~~~~~~~~~[0m
    Error occurs in the template of component ResultDetailPage.


Error: [96msrc/app/result-detail/result-detail.page.html[0m:[93m181[0m:[93m21[0m - [91merror[0m[90m TS2339: [0mProperty 'sender_city' does not exist on type '{}'.

[7m181[0m         {{riderList.sender_city}}
[7m   [0m [91m                    ~~~~~~~~~~~[0m

  [96msrc/app/result-detail/result-detail.page.ts[0m:[93m20[0m:[93m15[0m
    [7m20[0m  templateUrl: "./result-detail.page.html",
    [7m  [0m [96m              ~~~~~~~~~~~~~~~~~~~~~~~~~~~[0m
    Error occurs in the template of component ResultDetailPage.


Error: [96msrc/app/result-detail/result-detail.page.html[0m:[93m182[0m:[93m21[0m - [91merror[0m[90m TS2339: [0mProperty 'sender_state' does not exist on type '{}'.

[7m182[0m         {{riderList.sender_state}}
[7m   [0m [91m                    ~~~~~~~~~~~~[0m

  [96msrc/app/result-detail/result-detail.page.ts[0m:[93m20[0m:[93m15[0m
    [7m20[0m  templateUrl: "./result-detail.page.html",
    [7m  [0m [96m              ~~~~~~~~~~~~~~~~~~~~~~~~~~~[0m
    Error occurs in the template of component ResultDetailPage.


Error: [96msrc/app/result-detail/result-detail.page.html[0m:[93m183[0m:[93m21[0m - [91merror[0m[90m TS2339: [0mProperty 'sender_country' does not exist on type '{}'.

[7m183[0m         {{riderList.sender_country}}</a
[7m   [0m [91m                    ~~~~~~~~~~~~~~[0m

  [96msrc/app/result-detail/result-detail.page.ts[0m:[93m20[0m:[93m15[0m
    [7m20[0m  templateUrl: "./result-detail.page.html",
    [7m  [0m [96m              ~~~~~~~~~~~~~~~~~~~~~~~~~~~[0m
    Error occurs in the template of component ResultDetailPage.


Error: [96msrc/app/result-detail/result-detail.page.html[0m:[93m195[0m:[93m49[0m - [91merror[0m[90m TS2339: [0mProperty 'sender_address1' does not exist on type '{}'.

[7m195[0m         href="https://waze.com/ul?q={{riderList.sender_address1}},{{riderList.sender_address2}},{{riderList.sender_city}},{{riderList.sender_postcode}}"
[7m   [0m [91m                                                ~~~~~~~~~~~~~~~[0m

  [96msrc/app/result-detail/result-detail.page.ts[0m:[93m20[0m:[93m15[0m
    [7m20[0m  templateUrl: "./result-detail.page.html",
    [7m  [0m [96m              ~~~~~~~~~~~~~~~~~~~~~~~~~~~[0m
    Error occurs in the template of component ResultDetailPage.


Error: [96msrc/app/result-detail/result-detail.page.html[0m:[93m195[0m:[93m79[0m - [91merror[0m[90m TS2339: [0mProperty 'sender_address2' does not exist on type '{}'.

[7m195[0m         href="https://waze.com/ul?q={{riderList.sender_address1}},{{riderList.sender_address2}},{{riderList.sender_city}},{{riderList.sender_postcode}}"
[7m   [0m [91m                                                                              ~~~~~~~~~~~~~~~[0m

  [96msrc/app/result-detail/result-detail.page.ts[0m:[93m20[0m:[93m15[0m
    [7m20[0m  templateUrl: "./result-detail.page.html",
    [7m  [0m [96m              ~~~~~~~~~~~~~~~~~~~~~~~~~~~[0m
    Error occurs in the template of component ResultDetailPage.


Error: [96msrc/app/result-detail/result-detail.page.html[0m:[93m195[0m:[93m109[0m - [91merror[0m[90m TS2339: [0mProperty 'sender_city' does not exist on type '{}'.

[7m195[0m         href="https://waze.com/ul?q={{riderList.sender_address1}},{{riderList.sender_address2}},{{riderList.sender_city}},{{riderList.sender_postcode}}"
[7m   [0m [91m                                                                                                            ~~~~~~~~~~~[0m

  [96msrc/app/result-detail/result-detail.page.ts[0m:[93m20[0m:[93m15[0m
    [7m20[0m  templateUrl: "./result-detail.page.html",
    [7m  [0m [96m              ~~~~~~~~~~~~~~~~~~~~~~~~~~~[0m
    Error occurs in the template of component ResultDetailPage.


Error: [96msrc/app/result-detail/result-detail.page.html[0m:[93m195[0m:[93m135[0m - [91merror[0m[90m TS2339: [0mProperty 'sender_postcode' does not exist on type '{}'.

[7m195[0m         href="https://waze.com/ul?q={{riderList.sender_address1}},{{riderList.sender_address2}},{{riderList.sender_city}},{{riderList.sender_postcode}}"
[7m   [0m [91m                                                                                                                                      ~~~~~~~~~~~~~~~[0m

  [96msrc/app/result-detail/result-detail.page.ts[0m:[93m20[0m:[93m15[0m
    [7m20[0m  templateUrl: "./result-detail.page.html",
    [7m  [0m [96m              ~~~~~~~~~~~~~~~~~~~~~~~~~~~[0m
    Error occurs in the template of component ResultDetailPage.


Error: [96msrc/app/result-detail/result-detail.page.html[0m:[93m204[0m:[93m54[0m - [91merror[0m[90m TS2339: [0mProperty 'sender_address1' does not exist on type '{}'.

[7m204[0m         href="https://maps.google.com/?q={{riderList.sender_address1}}+{{riderList.sender_address2}}+{{riderList.sender_postcode}}+ {{riderList.sender_city}}+ {{riderList.sender_state}} +{{riderList.sender_country}}"
[7m   [0m [91m                                                     ~~~~~~~~~~~~~~~[0m

  [96msrc/app/result-detail/result-detail.page.ts[0m:[93m20[0m:[93m15[0m
    [7m20[0m  templateUrl: "./result-detail.page.html",
    [7m  [0m [96m              ~~~~~~~~~~~~~~~~~~~~~~~~~~~[0m
    Error occurs in the template of component ResultDetailPage.


Error: [96msrc/app/result-detail/result-detail.page.html[0m:[93m204[0m:[93m84[0m - [91merror[0m[90m TS2339: [0mProperty 'sender_address2' does not exist on type '{}'.

[7m204[0m         href="https://maps.google.com/?q={{riderList.sender_address1}}+{{riderList.sender_address2}}+{{riderList.sender_postcode}}+ {{riderList.sender_city}}+ {{riderList.sender_state}} +{{riderList.sender_country}}"
[7m   [0m [91m                                                                                   ~~~~~~~~~~~~~~~[0m

  [96msrc/app/result-detail/result-detail.page.ts[0m:[93m20[0m:[93m15[0m
    [7m20[0m  templateUrl: "./result-detail.page.html",
    [7m  [0m [96m              ~~~~~~~~~~~~~~~~~~~~~~~~~~~[0m
    Error occurs in the template of component ResultDetailPage.


Error: [96msrc/app/result-detail/result-detail.page.html[0m:[93m204[0m:[93m114[0m - [91merror[0m[90m TS2339: [0mProperty 'sender_postcode' does not exist on type '{}'.

[7m204[0m         href="https://maps.google.com/?q={{riderList.sender_address1}}+{{riderList.sender_address2}}+{{riderList.sender_postcode}}+ {{riderList.sender_city}}+ {{riderList.sender_state}} +{{riderList.sender_country}}"
[7m   [0m [91m                                                                                                                 ~~~~~~~~~~~~~~~[0m

  [96msrc/app/result-detail/result-detail.page.ts[0m:[93m20[0m:[93m15[0m
    [7m20[0m  templateUrl: "./result-detail.page.html",
    [7m  [0m [96m              ~~~~~~~~~~~~~~~~~~~~~~~~~~~[0m
    Error occurs in the template of component ResultDetailPage.


Error: [96msrc/app/result-detail/result-detail.page.html[0m:[93m204[0m:[93m145[0m - [91merror[0m[90m TS2339: [0mProperty 'sender_city' does not exist on type '{}'.

[7m204[0m         href="https://maps.google.com/?q={{riderList.sender_address1}}+{{riderList.sender_address2}}+{{riderList.sender_postcode}}+ {{riderList.sender_city}}+ {{riderList.sender_state}} +{{riderList.sender_country}}"
[7m   [0m [91m                                                                                                                                                ~~~~~~~~~~~[0m

  [96msrc/app/result-detail/result-detail.page.ts[0m:[93m20[0m:[93m15[0m
    [7m20[0m  templateUrl: "./result-detail.page.html",
    [7m  [0m [96m              ~~~~~~~~~~~~~~~~~~~~~~~~~~~[0m
    Error occurs in the template of component ResultDetailPage.


Error: [96msrc/app/result-detail/result-detail.page.html[0m:[93m204[0m:[93m172[0m - [91merror[0m[90m TS2339: [0mProperty 'sender_state' does not exist on type '{}'.

[7m204[0m         href="https://maps.google.com/?q={{riderList.sender_address1}}+{{riderList.sender_address2}}+{{riderList.sender_postcode}}+ {{riderList.sender_city}}+ {{riderList.sender_state}} +{{riderList.sender_country}}"
[7m   [0m [91m                                                                                                                                                                           ~~~~~~~~~~~~[0m

  [96msrc/app/result-detail/result-detail.page.ts[0m:[93m20[0m:[93m15[0m
    [7m20[0m  templateUrl: "./result-detail.page.html",
    [7m  [0m [96m              ~~~~~~~~~~~~~~~~~~~~~~~~~~~[0m
    Error occurs in the template of component ResultDetailPage.


Error: [96msrc/app/result-detail/result-detail.page.html[0m:[93m204[0m:[93m200[0m - [91merror[0m[90m TS2339: [0mProperty 'sender_country' does not exist on type '{}'.

[7m204[0m         href="https://maps.google.com/?q={{riderList.sender_address1}}+{{riderList.sender_address2}}+{{riderList.sender_postcode}}+ {{riderList.sender_city}}+ {{riderList.sender_state}} +{{riderList.sender_country}}"
[7m   [0m [91m                                                                                                                                                                                                       ~~~~~~~~~~~~~~[0m

  [96msrc/app/result-detail/result-detail.page.ts[0m:[93m20[0m:[93m15[0m
    [7m20[0m  templateUrl: "./result-detail.page.html",
    [7m  [0m [96m              ~~~~~~~~~~~~~~~~~~~~~~~~~~~[0m
    Error occurs in the template of component ResultDetailPage.


Error: [96msrc/app/result-detail/result-detail.page.html[0m:[93m212[0m:[93m64[0m - [91merror[0m[90m TS2339: [0mProperty 'sender_mobile' does not exist on type '{}'.

[7m212[0m         href="https://api.whatsapp.com/send/?phone={{riderList.sender_mobile}}&text=Dear+Valued+Customer%2C+RIDER+will+be+picking+up+your+shipment+within+30mins&app_absent=0"
[7m   [0m [91m                                                               ~~~~~~~~~~~~~[0m

  [96msrc/app/result-detail/result-detail.page.ts[0m:[93m20[0m:[93m15[0m
    [7m20[0m  templateUrl: "./result-detail.page.html",
    [7m  [0m [96m              ~~~~~~~~~~~~~~~~~~~~~~~~~~~[0m
    Error occurs in the template of component ResultDetailPage.


Error: [96msrc/app/result-detail/result-detail.page.html[0m:[93m221[0m:[93m31[0m - [91merror[0m[90m TS2339: [0mProperty 'sender_mobile' does not exist on type '{}'.

[7m221[0m         href="tel:{{riderList.sender_mobile}}"
[7m   [0m [91m                              ~~~~~~~~~~~~~[0m

  [96msrc/app/result-detail/result-detail.page.ts[0m:[93m20[0m:[93m15[0m
    [7m20[0m  templateUrl: "./result-detail.page.html",
    [7m  [0m [96m              ~~~~~~~~~~~~~~~~~~~~~~~~~~~[0m
    Error occurs in the template of component ResultDetailPage.


Error: [96msrc/app/result-detail/result-detail.page.html[0m:[93m236[0m:[93m10[0m - [91merror[0m[90m TS7053: [0mElement implicitly has an 'any' type because expression of type '"middle_hub_id"' can't be used to index type '{}'.
  Property 'middle_hub_id' does not exist on type '{}'.

[7m236[0m   *ngIf="riderList['middle_hub_id']!=0"
[7m   [0m [91m         ~~~~~~~~~~~~~~~~~~~~~~~~~~[0m

  [96msrc/app/result-detail/result-detail.page.ts[0m:[93m20[0m:[93m15[0m
    [7m20[0m  templateUrl: "./result-detail.page.html",
    [7m  [0m [96m              ~~~~~~~~~~~~~~~~~~~~~~~~~~~[0m
    Error occurs in the template of component ResultDetailPage.


Error: [96msrc/app/result-detail/result-detail.page.html[0m:[93m251[0m:[93m20[0m - [91merror[0m[90m TS2339: [0mProperty 'hub_title' does not exist on type '{}'.

[7m251[0m        {{riderList.hub_title?riderList.hub_title:'-'}}
[7m   [0m [91m                   ~~~~~~~~~[0m

  [96msrc/app/result-detail/result-detail.page.ts[0m:[93m20[0m:[93m15[0m
    [7m20[0m  templateUrl: "./result-detail.page.html",
    [7m  [0m [96m              ~~~~~~~~~~~~~~~~~~~~~~~~~~~[0m
    Error occurs in the template of component ResultDetailPage.


Error: [96msrc/app/result-detail/result-detail.page.html[0m:[93m251[0m:[93m40[0m - [91merror[0m[90m TS2339: [0mProperty 'hub_title' does not exist on type '{}'.

[7m251[0m        {{riderList.hub_title?riderList.hub_title:'-'}}
[7m   [0m [91m                                       ~~~~~~~~~[0m

  [96msrc/app/result-detail/result-detail.page.ts[0m:[93m20[0m:[93m15[0m
    [7m20[0m  templateUrl: "./result-detail.page.html",
    [7m  [0m [96m              ~~~~~~~~~~~~~~~~~~~~~~~~~~~[0m
    Error occurs in the template of component ResultDetailPage.


Error: [96msrc/app/result-detail/result-detail.page.html[0m:[93m261[0m:[93m20[0m - [91merror[0m[90m TS2339: [0mProperty 'hub_email' does not exist on type '{}'.

[7m261[0m        {{riderList.hub_email?riderList.hub_email:'-'}}
[7m   [0m [91m                   ~~~~~~~~~[0m

  [96msrc/app/result-detail/result-detail.page.ts[0m:[93m20[0m:[93m15[0m
    [7m20[0m  templateUrl: "./result-detail.page.html",
    [7m  [0m [96m              ~~~~~~~~~~~~~~~~~~~~~~~~~~~[0m
    Error occurs in the template of component ResultDetailPage.


Error: [96msrc/app/result-detail/result-detail.page.html[0m:[93m261[0m:[93m40[0m - [91merror[0m[90m TS2339: [0mProperty 'hub_email' does not exist on type '{}'.

[7m261[0m        {{riderList.hub_email?riderList.hub_email:'-'}}
[7m   [0m [91m                                       ~~~~~~~~~[0m

  [96msrc/app/result-detail/result-detail.page.ts[0m:[93m20[0m:[93m15[0m
    [7m20[0m  templateUrl: "./result-detail.page.html",
    [7m  [0m [96m              ~~~~~~~~~~~~~~~~~~~~~~~~~~~[0m
    Error occurs in the template of component ResultDetailPage.


Error: [96msrc/app/result-detail/result-detail.page.html[0m:[93m271[0m:[93m20[0m - [91merror[0m[90m TS2339: [0mProperty 'hub_mobile' does not exist on type '{}'.

[7m271[0m        {{riderList.hub_mobile?riderList.hub_mobile:'-'}}
[7m   [0m [91m                   ~~~~~~~~~~[0m

  [96msrc/app/result-detail/result-detail.page.ts[0m:[93m20[0m:[93m15[0m
    [7m20[0m  templateUrl: "./result-detail.page.html",
    [7m  [0m [96m              ~~~~~~~~~~~~~~~~~~~~~~~~~~~[0m
    Error occurs in the template of component ResultDetailPage.


Error: [96msrc/app/result-detail/result-detail.page.html[0m:[93m271[0m:[93m41[0m - [91merror[0m[90m TS2339: [0mProperty 'hub_mobile' does not exist on type '{}'.

[7m271[0m        {{riderList.hub_mobile?riderList.hub_mobile:'-'}}
[7m   [0m [91m                                        ~~~~~~~~~~[0m

  [96msrc/app/result-detail/result-detail.page.ts[0m:[93m20[0m:[93m15[0m
    [7m20[0m  templateUrl: "./result-detail.page.html",
    [7m  [0m [96m              ~~~~~~~~~~~~~~~~~~~~~~~~~~~[0m
    Error occurs in the template of component ResultDetailPage.


Error: [96msrc/app/result-detail/result-detail.page.html[0m:[93m283[0m:[93m54[0m - [91merror[0m[90m TS2339: [0mProperty 'hub_address1' does not exist on type '{}'.

[7m283[0m         href="https://maps.google.com/?q={{riderList.hub_address1}}+{{riderList.hub_address2}}+ {{riderList.hub_postcode}} +{{riderList.hub_city}}+ {{riderList.hub_state}} + {{riderList.hub_country}}"
[7m   [0m [91m                                                     ~~~~~~~~~~~~[0m

  [96msrc/app/result-detail/result-detail.page.ts[0m:[93m20[0m:[93m15[0m
    [7m20[0m  templateUrl: "./result-detail.page.html",
    [7m  [0m [96m              ~~~~~~~~~~~~~~~~~~~~~~~~~~~[0m
    Error occurs in the template of component ResultDetailPage.


Error: [96msrc/app/result-detail/result-detail.page.html[0m:[93m283[0m:[93m81[0m - [91merror[0m[90m TS2339: [0mProperty 'hub_address2' does not exist on type '{}'.

[7m283[0m         href="https://maps.google.com/?q={{riderList.hub_address1}}+{{riderList.hub_address2}}+ {{riderList.hub_postcode}} +{{riderList.hub_city}}+ {{riderList.hub_state}} + {{riderList.hub_country}}"
[7m   [0m [91m                                                                                ~~~~~~~~~~~~[0m

  [96msrc/app/result-detail/result-detail.page.ts[0m:[93m20[0m:[93m15[0m
    [7m20[0m  templateUrl: "./result-detail.page.html",
    [7m  [0m [96m              ~~~~~~~~~~~~~~~~~~~~~~~~~~~[0m
    Error occurs in the template of component ResultDetailPage.


Error: [96msrc/app/result-detail/result-detail.page.html[0m:[93m283[0m:[93m109[0m - [91merror[0m[90m TS2339: [0mProperty 'hub_postcode' does not exist on type '{}'.

[7m283[0m         href="https://maps.google.com/?q={{riderList.hub_address1}}+{{riderList.hub_address2}}+ {{riderList.hub_postcode}} +{{riderList.hub_city}}+ {{riderList.hub_state}} + {{riderList.hub_country}}"
[7m   [0m [91m                                                                                                            ~~~~~~~~~~~~[0m

  [96msrc/app/result-detail/result-detail.page.ts[0m:[93m20[0m:[93m15[0m
    [7m20[0m  templateUrl: "./result-detail.page.html",
    [7m  [0m [96m              ~~~~~~~~~~~~~~~~~~~~~~~~~~~[0m
    Error occurs in the template of component ResultDetailPage.


Error: [96msrc/app/result-detail/result-detail.page.html[0m:[93m283[0m:[93m137[0m - [91merror[0m[90m TS2339: [0mProperty 'hub_city' does not exist on type '{}'.

[7m283[0m         href="https://maps.google.com/?q={{riderList.hub_address1}}+{{riderList.hub_address2}}+ {{riderList.hub_postcode}} +{{riderList.hub_city}}+ {{riderList.hub_state}} + {{riderList.hub_country}}"
[7m   [0m [91m                                                                                                                                        ~~~~~~~~[0m

  [96msrc/app/result-detail/result-detail.page.ts[0m:[93m20[0m:[93m15[0m
    [7m20[0m  templateUrl: "./result-detail.page.html",
    [7m  [0m [96m              ~~~~~~~~~~~~~~~~~~~~~~~~~~~[0m
    Error occurs in the template of component ResultDetailPage.


Error: [96msrc/app/result-detail/result-detail.page.html[0m:[93m283[0m:[93m161[0m - [91merror[0m[90m TS2339: [0mProperty 'hub_state' does not exist on type '{}'.

[7m283[0m         href="https://maps.google.com/?q={{riderList.hub_address1}}+{{riderList.hub_address2}}+ {{riderList.hub_postcode}} +{{riderList.hub_city}}+ {{riderList.hub_state}} + {{riderList.hub_country}}"
[7m   [0m [91m                                                                                                                                                                ~~~~~~~~~[0m

  [96msrc/app/result-detail/result-detail.page.ts[0m:[93m20[0m:[93m15[0m
    [7m20[0m  templateUrl: "./result-detail.page.html",
    [7m  [0m [96m              ~~~~~~~~~~~~~~~~~~~~~~~~~~~[0m
    Error occurs in the template of component ResultDetailPage.


Error: [96msrc/app/result-detail/result-detail.page.html[0m:[93m283[0m:[93m187[0m - [91merror[0m[90m TS2339: [0mProperty 'hub_country' does not exist on type '{}'.

[7m283[0m         href="https://maps.google.com/?q={{riderList.hub_address1}}+{{riderList.hub_address2}}+ {{riderList.hub_postcode}} +{{riderList.hub_city}}+ {{riderList.hub_state}} + {{riderList.hub_country}}"
[7m   [0m [91m                                                                                                                                                                                          ~~~~~~~~~~~[0m

  [96msrc/app/result-detail/result-detail.page.ts[0m:[93m20[0m:[93m15[0m
    [7m20[0m  templateUrl: "./result-detail.page.html",
    [7m  [0m [96m              ~~~~~~~~~~~~~~~~~~~~~~~~~~~[0m
    Error occurs in the template of component ResultDetailPage.


Error: [96msrc/app/result-detail/result-detail.page.html[0m:[93m284[0m:[93m22[0m - [91merror[0m[90m TS2339: [0mProperty 'hub_address1' does not exist on type '{}'.

[7m284[0m         >{{riderList.hub_address1}}
[7m   [0m [91m                     ~~~~~~~~~~~~[0m

  [96msrc/app/result-detail/result-detail.page.ts[0m:[93m20[0m:[93m15[0m
    [7m20[0m  templateUrl: "./result-detail.page.html",
    [7m  [0m [96m              ~~~~~~~~~~~~~~~~~~~~~~~~~~~[0m
    Error occurs in the template of component ResultDetailPage.


Error: [96msrc/app/result-detail/result-detail.page.html[0m:[93m285[0m:[93m21[0m - [91merror[0m[90m TS2339: [0mProperty 'hub_address2' does not exist on type '{}'.

[7m285[0m         {{riderList.hub_address2}}
[7m   [0m [91m                    ~~~~~~~~~~~~[0m

  [96msrc/app/result-detail/result-detail.page.ts[0m:[93m20[0m:[93m15[0m
    [7m20[0m  templateUrl: "./result-detail.page.html",
    [7m  [0m [96m              ~~~~~~~~~~~~~~~~~~~~~~~~~~~[0m
    Error occurs in the template of component ResultDetailPage.


Error: [96msrc/app/result-detail/result-detail.page.html[0m:[93m286[0m:[93m21[0m - [91merror[0m[90m TS2339: [0mProperty 'hub_postcode' does not exist on type '{}'.

[7m286[0m         {{riderList.hub_postcode}}
[7m   [0m [91m                    ~~~~~~~~~~~~[0m

  [96msrc/app/result-detail/result-detail.page.ts[0m:[93m20[0m:[93m15[0m
    [7m20[0m  templateUrl: "./result-detail.page.html",
    [7m  [0m [96m              ~~~~~~~~~~~~~~~~~~~~~~~~~~~[0m
    Error occurs in the template of component ResultDetailPage.


Error: [96msrc/app/result-detail/result-detail.page.html[0m:[93m287[0m:[93m21[0m - [91merror[0m[90m TS2339: [0mProperty 'hub_city' does not exist on type '{}'.

[7m287[0m         {{riderList.hub_city}} {{riderList.hub_state}}
[7m   [0m [91m                    ~~~~~~~~[0m

  [96msrc/app/result-detail/result-detail.page.ts[0m:[93m20[0m:[93m15[0m
    [7m20[0m  templateUrl: "./result-detail.page.html",
    [7m  [0m [96m              ~~~~~~~~~~~~~~~~~~~~~~~~~~~[0m
    Error occurs in the template of component ResultDetailPage.


Error: [96msrc/app/result-detail/result-detail.page.html[0m:[93m287[0m:[93m44[0m - [91merror[0m[90m TS2339: [0mProperty 'hub_state' does not exist on type '{}'.

[7m287[0m         {{riderList.hub_city}} {{riderList.hub_state}}
[7m   [0m [91m                                           ~~~~~~~~~[0m

  [96msrc/app/result-detail/result-detail.page.ts[0m:[93m20[0m:[93m15[0m
    [7m20[0m  templateUrl: "./result-detail.page.html",
    [7m  [0m [96m              ~~~~~~~~~~~~~~~~~~~~~~~~~~~[0m
    Error occurs in the template of component ResultDetailPage.


Error: [96msrc/app/result-detail/result-detail.page.html[0m:[93m288[0m:[93m21[0m - [91merror[0m[90m TS2339: [0mProperty 'hub_country' does not exist on type '{}'.

[7m288[0m         {{riderList.hub_country}}</a
[7m   [0m [91m                    ~~~~~~~~~~~[0m

  [96msrc/app/result-detail/result-detail.page.ts[0m:[93m20[0m:[93m15[0m
    [7m20[0m  templateUrl: "./result-detail.page.html",
    [7m  [0m [96m              ~~~~~~~~~~~~~~~~~~~~~~~~~~~[0m
    Error occurs in the template of component ResultDetailPage.


Error: [96msrc/app/result-detail/result-detail.page.html[0m:[93m311[0m:[93m20[0m - [91merror[0m[90m TS2339: [0mProperty 'recipient_name' does not exist on type '{}'.

[7m311[0m        {{riderList.recipient_name}}
[7m   [0m [91m                   ~~~~~~~~~~~~~~[0m

  [96msrc/app/result-detail/result-detail.page.ts[0m:[93m20[0m:[93m15[0m
    [7m20[0m  templateUrl: "./result-detail.page.html",
    [7m  [0m [96m              ~~~~~~~~~~~~~~~~~~~~~~~~~~~[0m
    Error occurs in the template of component ResultDetailPage.


Error: [96msrc/app/result-detail/result-detail.page.html[0m:[93m321[0m:[93m20[0m - [91merror[0m[90m TS2339: [0mProperty 'recipient_email' does not exist on type '{}'.

[7m321[0m        {{riderList.recipient_email}}
[7m   [0m [91m                   ~~~~~~~~~~~~~~~[0m

  [96msrc/app/result-detail/result-detail.page.ts[0m:[93m20[0m:[93m15[0m
    [7m20[0m  templateUrl: "./result-detail.page.html",
    [7m  [0m [96m              ~~~~~~~~~~~~~~~~~~~~~~~~~~~[0m
    Error occurs in the template of component ResultDetailPage.


Error: [96msrc/app/result-detail/result-detail.page.html[0m:[93m331[0m:[93m20[0m - [91merror[0m[90m TS2339: [0mProperty 'recipient_mobile' does not exist on type '{}'.

[7m331[0m        {{riderList.recipient_mobile}}
[7m   [0m [91m                   ~~~~~~~~~~~~~~~~[0m

  [96msrc/app/result-detail/result-detail.page.ts[0m:[93m20[0m:[93m15[0m
    [7m20[0m  templateUrl: "./result-detail.page.html",
    [7m  [0m [96m              ~~~~~~~~~~~~~~~~~~~~~~~~~~~[0m
    Error occurs in the template of component ResultDetailPage.


Error: [96msrc/app/result-detail/result-detail.page.html[0m:[93m343[0m:[93m54[0m - [91merror[0m[90m TS2339: [0mProperty 'recipient_address1' does not exist on type '{}'.

[7m343[0m         href="https://maps.google.com/?q={{riderList.recipient_address1}} + {{riderList.recipient_address2}} + {{riderList.recipient_postcode}} + {{riderList.recipient_city}} + {{riderList.recipient_state}} + {{riderList.recipient_country}}"
[7m   [0m [91m                                                     ~~~~~~~~~~~~~~~~~~[0m

  [96msrc/app/result-detail/result-detail.page.ts[0m:[93m20[0m:[93m15[0m
    [7m20[0m  templateUrl: "./result-detail.page.html",
    [7m  [0m [96m              ~~~~~~~~~~~~~~~~~~~~~~~~~~~[0m
    Error occurs in the template of component ResultDetailPage.


Error: [96msrc/app/result-detail/result-detail.page.html[0m:[93m343[0m:[93m89[0m - [91merror[0m[90m TS2339: [0mProperty 'recipient_address2' does not exist on type '{}'.

[7m343[0m         href="https://maps.google.com/?q={{riderList.recipient_address1}} + {{riderList.recipient_address2}} + {{riderList.recipient_postcode}} + {{riderList.recipient_city}} + {{riderList.recipient_state}} + {{riderList.recipient_country}}"
[7m   [0m [91m                                                                                        ~~~~~~~~~~~~~~~~~~[0m

  [96msrc/app/result-detail/result-detail.page.ts[0m:[93m20[0m:[93m15[0m
    [7m20[0m  templateUrl: "./result-detail.page.html",
    [7m  [0m [96m              ~~~~~~~~~~~~~~~~~~~~~~~~~~~[0m
    Error occurs in the template of component ResultDetailPage.


Error: [96msrc/app/result-detail/result-detail.page.html[0m:[93m343[0m:[93m124[0m - [91merror[0m[90m TS2339: [0mProperty 'recipient_postcode' does not exist on type '{}'.

[7m343[0m         href="https://maps.google.com/?q={{riderList.recipient_address1}} + {{riderList.recipient_address2}} + {{riderList.recipient_postcode}} + {{riderList.recipient_city}} + {{riderList.recipient_state}} + {{riderList.recipient_country}}"
[7m   [0m [91m                                                                                                                           ~~~~~~~~~~~~~~~~~~[0m

  [96msrc/app/result-detail/result-detail.page.ts[0m:[93m20[0m:[93m15[0m
    [7m20[0m  templateUrl: "./result-detail.page.html",
    [7m  [0m [96m              ~~~~~~~~~~~~~~~~~~~~~~~~~~~[0m
    Error occurs in the template of component ResultDetailPage.


Error: [96msrc/app/result-detail/result-detail.page.html[0m:[93m343[0m:[93m159[0m - [91merror[0m[90m TS2339: [0mProperty 'recipient_city' does not exist on type '{}'.

[7m343[0m         href="https://maps.google.com/?q={{riderList.recipient_address1}} + {{riderList.recipient_address2}} + {{riderList.recipient_postcode}} + {{riderList.recipient_city}} + {{riderList.recipient_state}} + {{riderList.recipient_country}}"
[7m   [0m [91m                                                                                                                                                              ~~~~~~~~~~~~~~[0m

  [96msrc/app/result-detail/result-detail.page.ts[0m:[93m20[0m:[93m15[0m
    [7m20[0m  templateUrl: "./result-detail.page.html",
    [7m  [0m [96m              ~~~~~~~~~~~~~~~~~~~~~~~~~~~[0m
    Error occurs in the template of component ResultDetailPage.


Error: [96msrc/app/result-detail/result-detail.page.html[0m:[93m343[0m:[93m190[0m - [91merror[0m[90m TS2339: [0mProperty 'recipient_state' does not exist on type '{}'.

[7m343[0m         href="https://maps.google.com/?q={{riderList.recipient_address1}} + {{riderList.recipient_address2}} + {{riderList.recipient_postcode}} + {{riderList.recipient_city}} + {{riderList.recipient_state}} + {{riderList.recipient_country}}"
[7m   [0m [91m                                                                                                                                                                                             ~~~~~~~~~~~~~~~[0m

  [96msrc/app/result-detail/result-detail.page.ts[0m:[93m20[0m:[93m15[0m
    [7m20[0m  templateUrl: "./result-detail.page.html",
    [7m  [0m [96m              ~~~~~~~~~~~~~~~~~~~~~~~~~~~[0m
    Error occurs in the template of component ResultDetailPage.


Error: [96msrc/app/result-detail/result-detail.page.html[0m:[93m343[0m:[93m222[0m - [91merror[0m[90m TS2339: [0mProperty 'recipient_country' does not exist on type '{}'.

[7m343[0m         href="https://maps.google.com/?q={{riderList.recipient_address1}} + {{riderList.recipient_address2}} + {{riderList.recipient_postcode}} + {{riderList.recipient_city}} + {{riderList.recipient_state}} + {{riderList.recipient_country}}"
[7m   [0m [91m                                                                                                                                                                                                                             ~~~~~~~~~~~~~~~~~[0m

  [96msrc/app/result-detail/result-detail.page.ts[0m:[93m20[0m:[93m15[0m
    [7m20[0m  templateUrl: "./result-detail.page.html",
    [7m  [0m [96m              ~~~~~~~~~~~~~~~~~~~~~~~~~~~[0m
    Error occurs in the template of component ResultDetailPage.


Error: [96msrc/app/result-detail/result-detail.page.html[0m:[93m344[0m:[93m22[0m - [91merror[0m[90m TS2339: [0mProperty 'recipient_address1' does not exist on type '{}'.

[7m344[0m         >{{riderList.recipient_address1}}
[7m   [0m [91m                     ~~~~~~~~~~~~~~~~~~[0m

  [96msrc/app/result-detail/result-detail.page.ts[0m:[93m20[0m:[93m15[0m
    [7m20[0m  templateUrl: "./result-detail.page.html",
    [7m  [0m [96m              ~~~~~~~~~~~~~~~~~~~~~~~~~~~[0m
    Error occurs in the template of component ResultDetailPage.


Error: [96msrc/app/result-detail/result-detail.page.html[0m:[93m345[0m:[93m21[0m - [91merror[0m[90m TS2339: [0mProperty 'recipient_address2' does not exist on type '{}'.

[7m345[0m         {{riderList.recipient_address2}}
[7m   [0m [91m                    ~~~~~~~~~~~~~~~~~~[0m

  [96msrc/app/result-detail/result-detail.page.ts[0m:[93m20[0m:[93m15[0m
    [7m20[0m  templateUrl: "./result-detail.page.html",
    [7m  [0m [96m              ~~~~~~~~~~~~~~~~~~~~~~~~~~~[0m
    Error occurs in the template of component ResultDetailPage.


Error: [96msrc/app/result-detail/result-detail.page.html[0m:[93m346[0m:[93m21[0m - [91merror[0m[90m TS2339: [0mProperty 'recipient_postcode' does not exist on type '{}'.

[7m346[0m         {{riderList.recipient_postcode}}
[7m   [0m [91m                    ~~~~~~~~~~~~~~~~~~[0m

  [96msrc/app/result-detail/result-detail.page.ts[0m:[93m20[0m:[93m15[0m
    [7m20[0m  templateUrl: "./result-detail.page.html",
    [7m  [0m [96m              ~~~~~~~~~~~~~~~~~~~~~~~~~~~[0m
    Error occurs in the template of component ResultDetailPage.


Error: [96msrc/app/result-detail/result-detail.page.html[0m:[93m347[0m:[93m21[0m - [91merror[0m[90m TS2339: [0mProperty 'recipient_city' does not exist on type '{}'.

[7m347[0m         {{riderList.recipient_city}}
[7m   [0m [91m                    ~~~~~~~~~~~~~~[0m

  [96msrc/app/result-detail/result-detail.page.ts[0m:[93m20[0m:[93m15[0m
    [7m20[0m  templateUrl: "./result-detail.page.html",
    [7m  [0m [96m              ~~~~~~~~~~~~~~~~~~~~~~~~~~~[0m
    Error occurs in the template of component ResultDetailPage.


Error: [96msrc/app/result-detail/result-detail.page.html[0m:[93m348[0m:[93m21[0m - [91merror[0m[90m TS2339: [0mProperty 'recipient_state' does not exist on type '{}'.

[7m348[0m         {{riderList.recipient_state}}
[7m   [0m [91m                    ~~~~~~~~~~~~~~~[0m

  [96msrc/app/result-detail/result-detail.page.ts[0m:[93m20[0m:[93m15[0m
    [7m20[0m  templateUrl: "./result-detail.page.html",
    [7m  [0m [96m              ~~~~~~~~~~~~~~~~~~~~~~~~~~~[0m
    Error occurs in the template of component ResultDetailPage.


Error: [96msrc/app/result-detail/result-detail.page.html[0m:[93m349[0m:[93m21[0m - [91merror[0m[90m TS2339: [0mProperty 'recipient_country' does not exist on type '{}'.

[7m349[0m         {{riderList.recipient_country}}</a
[7m   [0m [91m                    ~~~~~~~~~~~~~~~~~[0m

  [96msrc/app/result-detail/result-detail.page.ts[0m:[93m20[0m:[93m15[0m
    [7m20[0m  templateUrl: "./result-detail.page.html",
    [7m  [0m [96m              ~~~~~~~~~~~~~~~~~~~~~~~~~~~[0m
    Error occurs in the template of component ResultDetailPage.


Error: [96msrc/app/result-detail/result-detail.page.html[0m:[93m361[0m:[93m49[0m - [91merror[0m[90m TS2339: [0mProperty 'recipient_address1' does not exist on type '{}'.

[7m361[0m         href="https://waze.com/ul?q={{riderList.recipient_address1}},{{riderList.recipient_address2}},{{riderList.recipient_city}},{{riderList.recipient_postcode}}"
[7m   [0m [91m                                                ~~~~~~~~~~~~~~~~~~[0m

  [96msrc/app/result-detail/result-detail.page.ts[0m:[93m20[0m:[93m15[0m
    [7m20[0m  templateUrl: "./result-detail.page.html",
    [7m  [0m [96m              ~~~~~~~~~~~~~~~~~~~~~~~~~~~[0m
    Error occurs in the template of component ResultDetailPage.


Error: [96msrc/app/result-detail/result-detail.page.html[0m:[93m361[0m:[93m82[0m - [91merror[0m[90m TS2339: [0mProperty 'recipient_address2' does not exist on type '{}'.

[7m361[0m         href="https://waze.com/ul?q={{riderList.recipient_address1}},{{riderList.recipient_address2}},{{riderList.recipient_city}},{{riderList.recipient_postcode}}"
[7m   [0m [91m                                                                                 ~~~~~~~~~~~~~~~~~~[0m

  [96msrc/app/result-detail/result-detail.page.ts[0m:[93m20[0m:[93m15[0m
    [7m20[0m  templateUrl: "./result-detail.page.html",
    [7m  [0m [96m              ~~~~~~~~~~~~~~~~~~~~~~~~~~~[0m
    Error occurs in the template of component ResultDetailPage.


Error: [96msrc/app/result-detail/result-detail.page.html[0m:[93m361[0m:[93m115[0m - [91merror[0m[90m TS2339: [0mProperty 'recipient_city' does not exist on type '{}'.

[7m361[0m         href="https://waze.com/ul?q={{riderList.recipient_address1}},{{riderList.recipient_address2}},{{riderList.recipient_city}},{{riderList.recipient_postcode}}"
[7m   [0m [91m                                                                                                                  ~~~~~~~~~~~~~~[0m

  [96msrc/app/result-detail/result-detail.page.ts[0m:[93m20[0m:[93m15[0m
    [7m20[0m  templateUrl: "./result-detail.page.html",
    [7m  [0m [96m              ~~~~~~~~~~~~~~~~~~~~~~~~~~~[0m
    Error occurs in the template of component ResultDetailPage.


Error: [96msrc/app/result-detail/result-detail.page.html[0m:[93m361[0m:[93m144[0m - [91merror[0m[90m TS2339: [0mProperty 'recipient_postcode' does not exist on type '{}'.

[7m361[0m         href="https://waze.com/ul?q={{riderList.recipient_address1}},{{riderList.recipient_address2}},{{riderList.recipient_city}},{{riderList.recipient_postcode}}"
[7m   [0m [91m                                                                                                                                               ~~~~~~~~~~~~~~~~~~[0m

  [96msrc/app/result-detail/result-detail.page.ts[0m:[93m20[0m:[93m15[0m
    [7m20[0m  templateUrl: "./result-detail.page.html",
    [7m  [0m [96m              ~~~~~~~~~~~~~~~~~~~~~~~~~~~[0m
    Error occurs in the template of component ResultDetailPage.


Error: [96msrc/app/result-detail/result-detail.page.html[0m:[93m370[0m:[93m54[0m - [91merror[0m[90m TS2339: [0mProperty 'recipient_address1' does not exist on type '{}'.

[7m370[0m         href="https://maps.google.com/?q={{riderList.recipient_address1}} + {{riderList.recipient_address2}} + {{riderList.recipient_postcode}} + {{riderList.recipient_city}} + {{riderList.recipient_state}} + {{riderList.recipient_country}}"
[7m   [0m [91m                                                     ~~~~~~~~~~~~~~~~~~[0m

  [96msrc/app/result-detail/result-detail.page.ts[0m:[93m20[0m:[93m15[0m
    [7m20[0m  templateUrl: "./result-detail.page.html",
    [7m  [0m [96m              ~~~~~~~~~~~~~~~~~~~~~~~~~~~[0m
    Error occurs in the template of component ResultDetailPage.


Error: [96msrc/app/result-detail/result-detail.page.html[0m:[93m370[0m:[93m89[0m - [91merror[0m[90m TS2339: [0mProperty 'recipient_address2' does not exist on type '{}'.

[7m370[0m         href="https://maps.google.com/?q={{riderList.recipient_address1}} + {{riderList.recipient_address2}} + {{riderList.recipient_postcode}} + {{riderList.recipient_city}} + {{riderList.recipient_state}} + {{riderList.recipient_country}}"
[7m   [0m [91m                                                                                        ~~~~~~~~~~~~~~~~~~[0m

  [96msrc/app/result-detail/result-detail.page.ts[0m:[93m20[0m:[93m15[0m
    [7m20[0m  templateUrl: "./result-detail.page.html",
    [7m  [0m [96m              ~~~~~~~~~~~~~~~~~~~~~~~~~~~[0m
    Error occurs in the template of component ResultDetailPage.


Error: [96msrc/app/result-detail/result-detail.page.html[0m:[93m370[0m:[93m124[0m - [91merror[0m[90m TS2339: [0mProperty 'recipient_postcode' does not exist on type '{}'.

[7m370[0m         href="https://maps.google.com/?q={{riderList.recipient_address1}} + {{riderList.recipient_address2}} + {{riderList.recipient_postcode}} + {{riderList.recipient_city}} + {{riderList.recipient_state}} + {{riderList.recipient_country}}"
[7m   [0m [91m                                                                                                                           ~~~~~~~~~~~~~~~~~~[0m

  [96msrc/app/result-detail/result-detail.page.ts[0m:[93m20[0m:[93m15[0m
    [7m20[0m  templateUrl: "./result-detail.page.html",
    [7m  [0m [96m              ~~~~~~~~~~~~~~~~~~~~~~~~~~~[0m
    Error occurs in the template of component ResultDetailPage.


Error: [96msrc/app/result-detail/result-detail.page.html[0m:[93m370[0m:[93m159[0m - [91merror[0m[90m TS2339: [0mProperty 'recipient_city' does not exist on type '{}'.

[7m370[0m         href="https://maps.google.com/?q={{riderList.recipient_address1}} + {{riderList.recipient_address2}} + {{riderList.recipient_postcode}} + {{riderList.recipient_city}} + {{riderList.recipient_state}} + {{riderList.recipient_country}}"
[7m   [0m [91m                                                                                                                                                              ~~~~~~~~~~~~~~[0m

  [96msrc/app/result-detail/result-detail.page.ts[0m:[93m20[0m:[93m15[0m
    [7m20[0m  templateUrl: "./result-detail.page.html",
    [7m  [0m [96m              ~~~~~~~~~~~~~~~~~~~~~~~~~~~[0m
    Error occurs in the template of component ResultDetailPage.


Error: [96msrc/app/result-detail/result-detail.page.html[0m:[93m370[0m:[93m190[0m - [91merror[0m[90m TS2339: [0mProperty 'recipient_state' does not exist on type '{}'.

[7m370[0m         href="https://maps.google.com/?q={{riderList.recipient_address1}} + {{riderList.recipient_address2}} + {{riderList.recipient_postcode}} + {{riderList.recipient_city}} + {{riderList.recipient_state}} + {{riderList.recipient_country}}"
[7m   [0m [91m                                                                                                                                                                                             ~~~~~~~~~~~~~~~[0m

  [96msrc/app/result-detail/result-detail.page.ts[0m:[93m20[0m:[93m15[0m
    [7m20[0m  templateUrl: "./result-detail.page.html",
    [7m  [0m [96m              ~~~~~~~~~~~~~~~~~~~~~~~~~~~[0m
    Error occurs in the template of component ResultDetailPage.


Error: [96msrc/app/result-detail/result-detail.page.html[0m:[93m370[0m:[93m222[0m - [91merror[0m[90m TS2339: [0mProperty 'recipient_country' does not exist on type '{}'.

[7m370[0m         href="https://maps.google.com/?q={{riderList.recipient_address1}} + {{riderList.recipient_address2}} + {{riderList.recipient_postcode}} + {{riderList.recipient_city}} + {{riderList.recipient_state}} + {{riderList.recipient_country}}"
[7m   [0m [91m                                                                                                                                                                                                                             ~~~~~~~~~~~~~~~~~[0m

  [96msrc/app/result-detail/result-detail.page.ts[0m:[93m20[0m:[93m15[0m
    [7m20[0m  templateUrl: "./result-detail.page.html",
    [7m  [0m [96m              ~~~~~~~~~~~~~~~~~~~~~~~~~~~[0m
    Error occurs in the template of component ResultDetailPage.


Error: [96msrc/app/result-detail/result-detail.page.html[0m:[93m378[0m:[93m64[0m - [91merror[0m[90m TS2339: [0mProperty 'recipient_mobile' does not exist on type '{}'.

[7m378[0m         href="https://api.whatsapp.com/send/?phone={{riderList.recipient_mobile}}&text=Dear+Valued+Customer%2C+RIDER+will+be+picking+up+your+shipment+within+30mins&app_absent=0"
[7m   [0m [91m                                                               ~~~~~~~~~~~~~~~~[0m

  [96msrc/app/result-detail/result-detail.page.ts[0m:[93m20[0m:[93m15[0m
    [7m20[0m  templateUrl: "./result-detail.page.html",
    [7m  [0m [96m              ~~~~~~~~~~~~~~~~~~~~~~~~~~~[0m
    Error occurs in the template of component ResultDetailPage.


Error: [96msrc/app/result-detail/result-detail.page.html[0m:[93m387[0m:[93m31[0m - [91merror[0m[90m TS2339: [0mProperty 'recipient_mobile' does not exist on type '{}'.

[7m387[0m         href="tel:{{riderList.recipient_mobile}}"
[7m   [0m [91m                              ~~~~~~~~~~~~~~~~[0m

  [96msrc/app/result-detail/result-detail.page.ts[0m:[93m20[0m:[93m15[0m
    [7m20[0m  templateUrl: "./result-detail.page.html",
    [7m  [0m [96m              ~~~~~~~~~~~~~~~~~~~~~~~~~~~[0m
    Error occurs in the template of component ResultDetailPage.


Error: [96msrc/app/result-detail/result-detail.page.html[0m:[93m402[0m:[93m20[0m - [91merror[0m[90m TS2339: [0mProperty 'despatch_category' does not exist on type '{}'.

[7m402[0m   *ngIf="riderList.despatch_category && riderList.despatch_category!='null'"
[7m   [0m [91m                   ~~~~~~~~~~~~~~~~~[0m

  [96msrc/app/result-detail/result-detail.page.ts[0m:[93m20[0m:[93m15[0m
    [7m20[0m  templateUrl: "./result-detail.page.html",
    [7m  [0m [96m              ~~~~~~~~~~~~~~~~~~~~~~~~~~~[0m
    Error occurs in the template of component ResultDetailPage.


Error: [96msrc/app/result-detail/result-detail.page.html[0m:[93m402[0m:[93m51[0m - [91merror[0m[90m TS2339: [0mProperty 'despatch_category' does not exist on type '{}'.

[7m402[0m   *ngIf="riderList.despatch_category && riderList.despatch_category!='null'"
[7m   [0m [91m                                                  ~~~~~~~~~~~~~~~~~[0m

  [96msrc/app/result-detail/result-detail.page.ts[0m:[93m20[0m:[93m15[0m
    [7m20[0m  templateUrl: "./result-detail.page.html",
    [7m  [0m [96m              ~~~~~~~~~~~~~~~~~~~~~~~~~~~[0m
    Error occurs in the template of component ResultDetailPage.


Error: [96msrc/app/result-detail/result-detail.page.html[0m:[93m417[0m:[93m20[0m - [91merror[0m[90m TS2339: [0mProperty 'despatch_category' does not exist on type '{}'.

[7m417[0m        {{riderList.despatch_category}}
[7m   [0m [91m                   ~~~~~~~~~~~~~~~~~[0m

  [96msrc/app/result-detail/result-detail.page.ts[0m:[93m20[0m:[93m15[0m
    [7m20[0m  templateUrl: "./result-detail.page.html",
    [7m  [0m [96m              ~~~~~~~~~~~~~~~~~~~~~~~~~~~[0m
    Error occurs in the template of component ResultDetailPage.


Error: [96msrc/app/result-detail/result-detail.page.html[0m:[93m427[0m:[93m20[0m - [91merror[0m[90m TS2339: [0mProperty 'despatch_service' does not exist on type '{}'.

[7m427[0m        {{riderList.despatch_service}}
[7m   [0m [91m                   ~~~~~~~~~~~~~~~~[0m

  [96msrc/app/result-detail/result-detail.page.ts[0m:[93m20[0m:[93m15[0m
    [7m20[0m  templateUrl: "./result-detail.page.html",
    [7m  [0m [96m              ~~~~~~~~~~~~~~~~~~~~~~~~~~~[0m
    Error occurs in the template of component ResultDetailPage.


Error: [96msrc/app/result-detail/result-detail.page.html[0m:[93m437[0m:[93m20[0m - [91merror[0m[90m TS2339: [0mProperty 'despatch_remarks' does not exist on type '{}'.

[7m437[0m        {{riderList.despatch_remarks?riderList.despatch_remarks:'-'}}
[7m   [0m [91m                   ~~~~~~~~~~~~~~~~[0m

  [96msrc/app/result-detail/result-detail.page.ts[0m:[93m20[0m:[93m15[0m
    [7m20[0m  templateUrl: "./result-detail.page.html",
    [7m  [0m [96m              ~~~~~~~~~~~~~~~~~~~~~~~~~~~[0m
    Error occurs in the template of component ResultDetailPage.


Error: [96msrc/app/result-detail/result-detail.page.html[0m:[93m437[0m:[93m47[0m - [91merror[0m[90m TS2339: [0mProperty 'despatch_remarks' does not exist on type '{}'.

[7m437[0m        {{riderList.despatch_remarks?riderList.despatch_remarks:'-'}}
[7m   [0m [91m                                              ~~~~~~~~~~~~~~~~[0m

  [96msrc/app/result-detail/result-detail.page.ts[0m:[93m20[0m:[93m15[0m
    [7m20[0m  templateUrl: "./result-detail.page.html",
    [7m  [0m [96m              ~~~~~~~~~~~~~~~~~~~~~~~~~~~[0m
    Error occurs in the template of component ResultDetailPage.


Error: [96msrc/app/result-detail/result-detail.page.html[0m:[93m449[0m:[93m10[0m - [91merror[0m[90m TS7053: [0mElement implicitly has an 'any' type because expression of type '"cod_collect_amount"' can't be used to index type '{}'.
  Property 'cod_collect_amount' does not exist on type '{}'.

[7m449[0m   *ngIf="riderList['cod_collect_amount']>0"
[7m   [0m [91m         ~~~~~~~~~~~~~~~~~~~~~~~~~~~~~~~[0m

  [96msrc/app/result-detail/result-detail.page.ts[0m:[93m20[0m:[93m15[0m
    [7m20[0m  templateUrl: "./result-detail.page.html",
    [7m  [0m [96m              ~~~~~~~~~~~~~~~~~~~~~~~~~~~[0m
    Error occurs in the template of component ResultDetailPage.


Error: [96msrc/app/result-detail/result-detail.page.html[0m:[93m464[0m:[93m23[0m - [91merror[0m[90m TS2339: [0mProperty 'cod_collect_amount' does not exist on type '{}'.

[7m464[0m        RM {{riderList.cod_collect_amount}}
[7m   [0m [91m                      ~~~~~~~~~~~~~~~~~~[0m

  [96msrc/app/result-detail/result-detail.page.ts[0m:[93m20[0m:[93m15[0m
    [7m20[0m  templateUrl: "./result-detail.page.html",
    [7m  [0m [96m              ~~~~~~~~~~~~~~~~~~~~~~~~~~~[0m
    Error occurs in the template of component ResultDetailPage.


Error: [96msrc/app/result-detail/result-detail.page.html[0m:[93m560[0m:[93m23[0m - [91merror[0m[90m TS2339: [0mProperty 'id' does not exist on type 'never'.

[7m560[0m         [value]="item.id"
[7m   [0m [91m                      ~~[0m

  [96msrc/app/result-detail/result-detail.page.ts[0m:[93m20[0m:[93m15[0m
    [7m20[0m  templateUrl: "./result-detail.page.html",
    [7m  [0m [96m              ~~~~~~~~~~~~~~~~~~~~~~~~~~~[0m
    Error occurs in the template of component ResultDetailPage.


Error: [96msrc/app/result-detail/result-detail.page.html[0m:[93m577[0m:[93m18[0m - [91merror[0m[90m TS2554: [0mExpected 1 arguments, but got 0.

[7m577[0m         (click)="openActionSheet()"
[7m   [0m [91m                 ~~~~~~~~~~~~~~~[0m

  [96msrc/app/result-detail/result-detail.page.ts[0m:[93m20[0m:[93m15[0m
    [7m20[0m  templateUrl: "./result-detail.page.html",
    [7m  [0m [96m              ~~~~~~~~~~~~~~~~~~~~~~~~~~~[0m
    Error occurs in the template of component ResultDetailPage.


Error: [96msrc/app/pickup-order/pickup-order.page.html[0m:[93m16[0m:[93m36[0m - [91merror[0m[90m TS2339: [0mProperty 'tracking_no' does not exist on type 'never'.

[7m16[0m                           <div>{{x.tracking_no}}</div>
[7m  [0m [91m                                   ~~~~~~~~~~~[0m

  [96msrc/app/pickup-order/pickup-order.page.ts[0m:[93m11[0m:[93m16[0m
    [7m11[0m   templateUrl: './pickup-order.page.html',
    [7m  [0m [96m               ~~~~~~~~~~~~~~~~~~~~~~~~~~[0m
    Error occurs in the template of component PickupOrderPage.


Error: [96msrc/app/pickup-order/pickup-order.page.html[0m:[93m19[0m:[93m60[0m - [91merror[0m[90m TS2339: [0mProperty 'customer_address1' does not exist on type 'never'.

[7m19[0m                       <h5 class="txt400">Address: <div>{{x.customer_address1}},<br/>{{x.customer_address2}},<br/>{{x.customer_city}},{{x.customer_postcode}}</div></h5>
[7m  [0m [91m                                                           ~~~~~~~~~~~~~~~~~[0m

  [96msrc/app/pickup-order/pickup-order.page.ts[0m:[93m11[0m:[93m16[0m
    [7m11[0m   templateUrl: './pickup-order.page.html',
    [7m  [0m [96m               ~~~~~~~~~~~~~~~~~~~~~~~~~~[0m
    Error occurs in the template of component PickupOrderPage.


Error: [96msrc/app/pickup-order/pickup-order.page.html[0m:[93m19[0m:[93m89[0m - [91merror[0m[90m TS2339: [0mProperty 'customer_address2' does not exist on type 'never'.

[7m19[0m                       <h5 class="txt400">Address: <div>{{x.customer_address1}},<br/>{{x.customer_address2}},<br/>{{x.customer_city}},{{x.customer_postcode}}</div></h5>
[7m  [0m [91m                                                                                        ~~~~~~~~~~~~~~~~~[0m

  [96msrc/app/pickup-order/pickup-order.page.ts[0m:[93m11[0m:[93m16[0m
    [7m11[0m   templateUrl: './pickup-order.page.html',
    [7m  [0m [96m               ~~~~~~~~~~~~~~~~~~~~~~~~~~[0m
    Error occurs in the template of component PickupOrderPage.


Error: [96msrc/app/pickup-order/pickup-order.page.html[0m:[93m19[0m:[93m118[0m - [91merror[0m[90m TS2339: [0mProperty 'customer_city' does not exist on type 'never'.

[7m19[0m                       <h5 class="txt400">Address: <div>{{x.customer_address1}},<br/>{{x.customer_address2}},<br/>{{x.customer_city}},{{x.customer_postcode}}</div></h5>
[7m  [0m [91m                                                                                                                     ~~~~~~~~~~~~~[0m

  [96msrc/app/pickup-order/pickup-order.page.ts[0m:[93m11[0m:[93m16[0m
    [7m11[0m   templateUrl: './pickup-order.page.html',
    [7m  [0m [96m               ~~~~~~~~~~~~~~~~~~~~~~~~~~[0m
    Error occurs in the template of component PickupOrderPage.


Error: [96msrc/app/pickup-order/pickup-order.page.html[0m:[93m19[0m:[93m138[0m - [91merror[0m[90m TS2339: [0mProperty 'customer_postcode' does not exist on type 'never'.

[7m19[0m                       <h5 class="txt400">Address: <div>{{x.customer_address1}},<br/>{{x.customer_address2}},<br/>{{x.customer_city}},{{x.customer_postcode}}</div></h5>
[7m  [0m [91m                                                                                                                                         ~~~~~~~~~~~~~~~~~[0m

  [96msrc/app/pickup-order/pickup-order.page.ts[0m:[93m11[0m:[93m16[0m
    [7m11[0m   templateUrl: './pickup-order.page.html',
    [7m  [0m [96m               ~~~~~~~~~~~~~~~~~~~~~~~~~~[0m
    Error occurs in the template of component PickupOrderPage.


Error: [96msrc/app/delivery-order/delivery-order.page.html[0m:[93m16[0m:[93m36[0m - [91merror[0m[90m TS2339: [0mProperty 'tracking_no' does not exist on type 'never'.

[7m16[0m                           <div>{{x.tracking_no}}</div>
[7m  [0m [91m                                   ~~~~~~~~~~~[0m

  [96msrc/app/delivery-order/delivery-order.page.ts[0m:[93m11[0m:[93m16[0m
    [7m11[0m   templateUrl: './delivery-order.page.html',
    [7m  [0m [96m               ~~~~~~~~~~~~~~~~~~~~~~~~~~~~[0m
    Error occurs in the template of component DeliveryOrderPage.


Error: [96msrc/app/delivery-order/delivery-order.page.html[0m:[93m19[0m:[93m60[0m - [91merror[0m[90m TS2339: [0mProperty 'customer_address1' does not exist on type 'never'.

[7m19[0m                       <h5 class="txt400">Address: <div>{{x.customer_address1}},<br/>{{x.customer_address2}},<br/>{{x.customer_city}},{{x.customer_postcode}}</div></h5>
[7m  [0m [91m                                                           ~~~~~~~~~~~~~~~~~[0m

  [96msrc/app/delivery-order/delivery-order.page.ts[0m:[93m11[0m:[93m16[0m
    [7m11[0m   templateUrl: './delivery-order.page.html',
    [7m  [0m [96m               ~~~~~~~~~~~~~~~~~~~~~~~~~~~~[0m
    Error occurs in the template of component DeliveryOrderPage.


Error: [96msrc/app/delivery-order/delivery-order.page.html[0m:[93m19[0m:[93m89[0m - [91merror[0m[90m TS2339: [0mProperty 'customer_address2' does not exist on type 'never'.

[7m19[0m                       <h5 class="txt400">Address: <div>{{x.customer_address1}},<br/>{{x.customer_address2}},<br/>{{x.customer_city}},{{x.customer_postcode}}</div></h5>
[7m  [0m [91m                                                                                        ~~~~~~~~~~~~~~~~~[0m

  [96msrc/app/delivery-order/delivery-order.page.ts[0m:[93m11[0m:[93m16[0m
    [7m11[0m   templateUrl: './delivery-order.page.html',
    [7m  [0m [96m               ~~~~~~~~~~~~~~~~~~~~~~~~~~~~[0m
    Error occurs in the template of component DeliveryOrderPage.


Error: [96msrc/app/delivery-order/delivery-order.page.html[0m:[93m19[0m:[93m118[0m - [91merror[0m[90m TS2339: [0mProperty 'customer_city' does not exist on type 'never'.

[7m19[0m                       <h5 class="txt400">Address: <div>{{x.customer_address1}},<br/>{{x.customer_address2}},<br/>{{x.customer_city}},{{x.customer_postcode}}</div></h5>
[7m  [0m [91m                                                                                                                     ~~~~~~~~~~~~~[0m

  [96msrc/app/delivery-order/delivery-order.page.ts[0m:[93m11[0m:[93m16[0m
    [7m11[0m   templateUrl: './delivery-order.page.html',
    [7m  [0m [96m               ~~~~~~~~~~~~~~~~~~~~~~~~~~~~[0m
    Error occurs in the template of component DeliveryOrderPage.


Error: [96msrc/app/delivery-order/delivery-order.page.html[0m:[93m19[0m:[93m138[0m - [91merror[0m[90m TS2339: [0mProperty 'customer_postcode' does not exist on type 'never'.

[7m19[0m                       <h5 class="txt400">Address: <div>{{x.customer_address1}},<br/>{{x.customer_address2}},<br/>{{x.customer_city}},{{x.customer_postcode}}</div></h5>
[7m  [0m [91m                                                                                                                                         ~~~~~~~~~~~~~~~~~[0m

  [96msrc/app/delivery-order/delivery-order.page.ts[0m:[93m11[0m:[93m16[0m
    [7m11[0m   templateUrl: './delivery-order.page.html',
    [7m  [0m [96m               ~~~~~~~~~~~~~~~~~~~~~~~~~~~~[0m
    Error occurs in the template of component DeliveryOrderPage.


Error: [96msrc/app/collection-detail/collection-detail.page.html[0m:[93m12[0m:[93m28[0m - [91merror[0m[90m TS2339: [0mProperty 'serial_no' does not exist on type '{}'.

[7m12[0m     <p>{{collectionDetails.serial_no}}</p>
[7m  [0m [91m                           ~~~~~~~~~[0m

  [96msrc/app/collection-detail/collection-detail.page.ts[0m:[93m22[0m:[93m16[0m
    [7m22[0m   templateUrl: './collection-detail.page.html',
    [7m  [0m [96m               ~~~~~~~~~~~~~~~~~~~~~~~~~~~~~~~[0m
    Error occurs in the template of component CollectionDetailPage.


Error: [96msrc/app/collection-detail/collection-detail.page.html[0m:[93m14[0m:[93m31[0m - [91merror[0m[90m TS2339: [0mProperty 'order_status' does not exist on type '{}'.

[7m14[0m      *ngIf="collectionDetails.order_status == 1 || collectionDetails.order_status == 2 || collectionDetails.order_status == 4"
[7m  [0m [91m                              ~~~~~~~~~~~~[0m

  [96msrc/app/collection-detail/collection-detail.page.ts[0m:[93m22[0m:[93m16[0m
    [7m22[0m   templateUrl: './collection-detail.page.html',
    [7m  [0m [96m               ~~~~~~~~~~~~~~~~~~~~~~~~~~~~~~~[0m
    Error occurs in the template of component CollectionDetailPage.


Error: [96msrc/app/collection-detail/collection-detail.page.html[0m:[93m14[0m:[93m70[0m - [91merror[0m[90m TS2339: [0mProperty 'order_status' does not exist on type '{}'.

[7m14[0m      *ngIf="collectionDetails.order_status == 1 || collectionDetails.order_status == 2 || collectionDetails.order_status == 4"
[7m  [0m [91m                                                                     ~~~~~~~~~~~~[0m

  [96msrc/app/collection-detail/collection-detail.page.ts[0m:[93m22[0m:[93m16[0m
    [7m22[0m   templateUrl: './collection-detail.page.html',
    [7m  [0m [96m               ~~~~~~~~~~~~~~~~~~~~~~~~~~~~~~~[0m
    Error occurs in the template of component CollectionDetailPage.


Error: [96msrc/app/collection-detail/collection-detail.page.html[0m:[93m14[0m:[93m109[0m - [91merror[0m[90m TS2339: [0mProperty 'order_status' does not exist on type '{}'.

[7m14[0m      *ngIf="collectionDetails.order_status == 1 || collectionDetails.order_status == 2 || collectionDetails.order_status == 4"
[7m  [0m [91m                                                                                                            ~~~~~~~~~~~~[0m

  [96msrc/app/collection-detail/collection-detail.page.ts[0m:[93m22[0m:[93m16[0m
    [7m22[0m   templateUrl: './collection-detail.page.html',
    [7m  [0m [96m               ~~~~~~~~~~~~~~~~~~~~~~~~~~~~~~~[0m
    Error occurs in the template of component CollectionDetailPage.


Error: [96msrc/app/collection-detail/collection-detail.page.html[0m:[93m15[0m:[93m62[0m - [91merror[0m[90m TS2339: [0mProperty 'purchase_order_id' does not exist on type '{}'.

[7m15[0m      class="btngrn" [routerLink]="['/grn/'+collectionDetails.purchase_order_id]">GRN Update</ion-button>
[7m  [0m [91m                                                             ~~~~~~~~~~~~~~~~~[0m

  [96msrc/app/collection-detail/collection-detail.page.ts[0m:[93m22[0m:[93m16[0m
    [7m22[0m   templateUrl: './collection-detail.page.html',
    [7m  [0m [96m               ~~~~~~~~~~~~~~~~~~~~~~~~~~~~~~~[0m
    Error occurs in the template of component CollectionDetailPage.


Error: [96msrc/app/collection-detail/collection-detail.page.html[0m:[93m16[0m:[93m42[0m - [91merror[0m[90m TS2339: [0mProperty 'order_status' does not exist on type '{}'.

[7m16[0m     <ion-button *ngIf="collectionDetails.order_status == 3" class="btngrn"
[7m  [0m [91m                                         ~~~~~~~~~~~~[0m

  [96msrc/app/collection-detail/collection-detail.page.ts[0m:[93m22[0m:[93m16[0m
    [7m22[0m   templateUrl: './collection-detail.page.html',
    [7m  [0m [96m               ~~~~~~~~~~~~~~~~~~~~~~~~~~~~~~~[0m
    Error occurs in the template of component CollectionDetailPage.


Error: [96msrc/app/collection-detail/collection-detail.page.html[0m:[93m17[0m:[93m46[0m - [91merror[0m[90m TS2339: [0mProperty 'purchase_order_id' does not exist on type '{}'.

[7m17[0m      [routerLink]="['/qc/'+collectionDetails.purchase_order_id]">QC List</ion-button>
[7m  [0m [91m                                             ~~~~~~~~~~~~~~~~~[0m

  [96msrc/app/collection-detail/collection-detail.page.ts[0m:[93m22[0m:[93m16[0m
    [7m22[0m   templateUrl: './collection-detail.page.html',
    [7m  [0m [96m               ~~~~~~~~~~~~~~~~~~~~~~~~~~~~~~~[0m
    Error occurs in the template of component CollectionDetailPage.


Error: [96msrc/app/collection-detail/collection-detail.page.html[0m:[93m26[0m:[93m44[0m - [91merror[0m[90m TS2339: [0mProperty 'price_per_gram_final' does not exist on type '{}'.

[7m26[0m       <h3 class="desc">{{collectionDetails.price_per_gram_final | number:'.3'}}</h3>
[7m  [0m [91m                                           ~~~~~~~~~~~~~~~~~~~~[0m

  [96msrc/app/collection-detail/collection-detail.page.ts[0m:[93m22[0m:[93m16[0m
    [7m22[0m   templateUrl: './collection-detail.page.html',
    [7m  [0m [96m               ~~~~~~~~~~~~~~~~~~~~~~~~~~~~~~~[0m
    Error occurs in the template of component CollectionDetailPage.


Error: [96msrc/app/collection-detail/collection-detail.page.html[0m:[93m33[0m:[93m44[0m - [91merror[0m[90m TS2339: [0mProperty 'XAU_amount' does not exist on type '{}'.

[7m33[0m       <h3 class="desc">{{collectionDetails.XAU_amount | number:'.3'}}</h3>
[7m  [0m [91m                                           ~~~~~~~~~~[0m

  [96msrc/app/collection-detail/collection-detail.page.ts[0m:[93m22[0m:[93m16[0m
    [7m22[0m   templateUrl: './collection-detail.page.html',
    [7m  [0m [96m               ~~~~~~~~~~~~~~~~~~~~~~~~~~~~~~~[0m
    Error occurs in the template of component CollectionDetailPage.


Error: [96msrc/app/collection-detail/collection-detail.page.html[0m:[93m63[0m:[93m83[0m - [91merror[0m[90m TS2339: [0mProperty 'itemList' does not exist on type '{}'.

[7m63[0m     <ion-row class="ion-align-items-center" *ngFor="let item of collectionDetails.itemList">
[7m  [0m [91m                                                                                  ~~~~~~~~[0m

  [96msrc/app/collection-detail/collection-detail.page.ts[0m:[93m22[0m:[93m16[0m
    [7m22[0m   templateUrl: './collection-detail.page.html',
    [7m  [0m [96m               ~~~~~~~~~~~~~~~~~~~~~~~~~~~~~~~[0m
    Error occurs in the template of component CollectionDetailPage.


Error: [96msrc/app/collection-detail/collection-detail.page.html[0m:[93m87[0m:[93m44[0m - [91merror[0m[90m TS2339: [0mProperty 'remark' does not exist on type '{}'.

[7m87[0m       <h3 class="desc">{{collectionDetails.remark}}</h3>
[7m  [0m [91m                                           ~~~~~~[0m

  [96msrc/app/collection-detail/collection-detail.page.ts[0m:[93m22[0m:[93m16[0m
    [7m22[0m   templateUrl: './collection-detail.page.html',
    [7m  [0m [96m               ~~~~~~~~~~~~~~~~~~~~~~~~~~~~~~~[0m
    Error occurs in the template of component CollectionDetailPage.


Error: [96msrc/app/collection-detail/collection-detail.page.html[0m:[93m105[0m:[93m45[0m - [91merror[0m[90m TS2339: [0mProperty 'remark_pic' does not exist on type '{}'.

[7m105[0m     <div *ngFor="let x of collectionDetails.remark_pic">
[7m   [0m [91m                                            ~~~~~~~~~~[0m

  [96msrc/app/collection-detail/collection-detail.page.ts[0m:[93m22[0m:[93m16[0m
    [7m22[0m   templateUrl: './collection-detail.page.html',
    [7m  [0m [96m               ~~~~~~~~~~~~~~~~~~~~~~~~~~~~~~~[0m
    Error occurs in the template of component CollectionDetailPage.


Error: [96msrc/app/modal-grn/modal-grn.page.html[0m:[93m162[0m:[93m21[0m - [91merror[0m[90m NG8001: [0m'ion-slides' is not a known element:
1. If 'ion-slides' is an Angular component, then verify that it is part of this module.
2. If 'ion-slides' is a Web Component then add 'CUSTOM_ELEMENTS_SCHEMA' to the '@NgModule.schemas' of this component to suppress this message.

[7m162[0m                     <ion-slides pager="true" [options]="slideOpts">
[7m   [0m [91m                    ~~~~~~~~~~~~~~~~~~~~~~~~~~~~~~~~~~~~~~~~~~~~~~~[0m

  [96msrc/app/modal-grn/modal-grn.page.ts[0m:[93m25[0m:[93m16[0m
    [7m25[0m   templateUrl: './modal-grn.page.html',
    [7m  [0m [96m               ~~~~~~~~~~~~~~~~~~~~~~~[0m
    Error occurs in the template of component ModalGrnPage.


Error: [96msrc/app/modal-grn/modal-grn.page.html[0m:[93m162[0m:[93m46[0m - [91merror[0m[90m NG8002: [0mCan't bind to 'options' since it isn't a known property of 'ion-slides'.
1. If 'ion-slides' is an Angular component and it has 'options' input, then verify that it is part of this module.
2. If 'ion-slides' is a Web Component then add 'CUSTOM_ELEMENTS_SCHEMA' to the '@NgModule.schemas' of this component to suppress this message.
3. To allow any property add 'NO_ERRORS_SCHEMA' to the '@NgModule.schemas' of this component.

[7m162[0m                     <ion-slides pager="true" [options]="slideOpts">
[7m   [0m [91m                                             ~~~~~~~~~~~~~~~~~~~~~[0m

  [96msrc/app/modal-grn/modal-grn.page.ts[0m:[93m25[0m:[93m16[0m
    [7m25[0m   templateUrl: './modal-grn.page.html',
    [7m  [0m [96m               ~~~~~~~~~~~~~~~~~~~~~~~[0m
    Error occurs in the template of component ModalGrnPage.


Error: [96msrc/app/modal-grn/modal-grn.page.html[0m:[93m164[0m:[93m25[0m - [91merror[0m[90m NG8001: [0m'ion-slide' is not a known element:
1. If 'ion-slide' is an Angular component, then verify that it is part of this module.
2. If 'ion-slide' is a Web Component then add 'CUSTOM_ELEMENTS_SCHEMA' to the '@NgModule.schemas' of this component to suppress this message.

[7m164[0m                         <ion-slide class="item-slide" *ngFor="let x of modalData.MultipleImageUrl"><!-- List item images -->
[7m   [0m [91m                        ~~~~~~~~~~~~~~~~~~~~~~~~~~~~~~~~~~~~~~~~~~~~~~~~~~~~~~~~~~~~~~~~~~~~~~~~~~~[0m

  [96msrc/app/modal-grn/modal-grn.page.ts[0m:[93m25[0m:[93m16[0m
    [7m25[0m   templateUrl: './modal-grn.page.html',
    [7m  [0m [96m               ~~~~~~~~~~~~~~~~~~~~~~~[0m
    Error occurs in the template of component ModalGrnPage.


Error: [96msrc/app/grn/grn.page.html[0m:[93m115[0m:[93m109[0m - [91merror[0m[90m TS2339: [0mProperty 'warehouse_id' does not exist on type 'never'.

[7m115[0m                             <td (click)="view_detail(item)" [style.backgroundColor]="getWarehouseColor(item.warehouse_id)">
[7m   [0m [91m                                                                                                            ~~~~~~~~~~~~[0m

  [96msrc/app/grn/grn.page.ts[0m:[93m30[0m:[93m15[0m
    [7m30[0m  templateUrl: './grn.page.html',
    [7m  [0m [96m              ~~~~~~~~~~~~~~~~~[0m
    Error occurs in the template of component GrnPage.


Error: [96msrc/app/grn/grn.page.html[0m:[93m116[0m:[93m51[0m - [91merror[0m[90m TS2339: [0mProperty 'MultipleImageUrl' does not exist on type 'never'.

[7m116[0m                                 <span *ngIf="item.MultipleImageUrl.length == 0">{{item.gold_name}}</span>
[7m   [0m [91m                                                  ~~~~~~~~~~~~~~~~[0m

  [96msrc/app/grn/grn.page.ts[0m:[93m30[0m:[93m15[0m
    [7m30[0m  templateUrl: './grn.page.html',
    [7m  [0m [96m              ~~~~~~~~~~~~~~~~~[0m
    Error occurs in the template of component GrnPage.


Error: [96msrc/app/grn/grn.page.html[0m:[93m116[0m:[93m88[0m - [91merror[0m[90m TS2339: [0mProperty 'gold_name' does not exist on type 'never'.

[7m116[0m                                 <span *ngIf="item.MultipleImageUrl.length == 0">{{item.gold_name}}</span>
[7m   [0m [91m                                                                                       ~~~~~~~~~[0m

  [96msrc/app/grn/grn.page.ts[0m:[93m30[0m:[93m15[0m
    [7m30[0m  templateUrl: './grn.page.html',
    [7m  [0m [96m              ~~~~~~~~~~~~~~~~~[0m
    Error occurs in the template of component GrnPage.


Error: [96msrc/app/grn/grn.page.html[0m:[93m117[0m:[93m51[0m - [91merror[0m[90m TS2339: [0mProperty 'MultipleImageUrl' does not exist on type 'never'.

[7m117[0m                                 <span *ngIf="item.MultipleImageUrl.length > 0" style="text-decoration: underline;" >{{item.gold_name}}</span>
[7m   [0m [91m                                                  ~~~~~~~~~~~~~~~~[0m

  [96msrc/app/grn/grn.page.ts[0m:[93m30[0m:[93m15[0m
    [7m30[0m  templateUrl: './grn.page.html',
    [7m  [0m [96m              ~~~~~~~~~~~~~~~~~[0m
    Error occurs in the template of component GrnPage.


Error: [96msrc/app/grn/grn.page.html[0m:[93m117[0m:[93m124[0m - [91merror[0m[90m TS2339: [0mProperty 'gold_name' does not exist on type 'never'.

[7m117[0m                                 <span *ngIf="item.MultipleImageUrl.length > 0" style="text-decoration: underline;" >{{item.gold_name}}</span>
[7m   [0m [91m                                                                                                                           ~~~~~~~~~[0m

  [96msrc/app/grn/grn.page.ts[0m:[93m30[0m:[93m15[0m
    [7m30[0m  templateUrl: './grn.page.html',
    [7m  [0m [96m              ~~~~~~~~~~~~~~~~~[0m
    Error occurs in the template of component GrnPage.


Error: [96msrc/app/grn/grn.page.html[0m:[93m129[0m:[93m68[0m - [91merror[0m[90m TS2339: [0mProperty 'gram' does not exist on type 'never'.

[7m129[0m                             <td (click)="view_detail(item)">{{item.gram | number :'.2'}}</td>
[7m   [0m [91m                                                                   ~~~~[0m

  [96msrc/app/grn/grn.page.ts[0m:[93m30[0m:[93m15[0m
    [7m30[0m  templateUrl: './grn.page.html',
    [7m  [0m [96m              ~~~~~~~~~~~~~~~~~[0m
    Error occurs in the template of component GrnPage.


Error: [96msrc/app/grn/grn.page.html[0m:[93m130[0m:[93m68[0m - [91merror[0m[90m TS2339: [0mProperty 'gold_pure_percent' does not exist on type 'never'.

[7m130[0m                             <td (click)="view_detail(item)">{{item.gold_pure_percent}}</td>
[7m   [0m [91m                                                                   ~~~~~~~~~~~~~~~~~[0m

  [96msrc/app/grn/grn.page.ts[0m:[93m30[0m:[93m15[0m
    [7m30[0m  templateUrl: './grn.page.html',
    [7m  [0m [96m              ~~~~~~~~~~~~~~~~~[0m
    Error occurs in the template of component GrnPage.


Error: [96msrc/app/grn/grn.page.html[0m:[93m132[0m:[93m40[0m - [91merror[0m[90m TS2339: [0mProperty 'XAU_amount' does not exist on type 'never'.

[7m132[0m                                 {{item.XAU_amount | number :'.3'}}
[7m   [0m [91m                                       ~~~~~~~~~~[0m

  [96msrc/app/grn/grn.page.ts[0m:[93m30[0m:[93m15[0m
    [7m30[0m  templateUrl: './grn.page.html',
    [7m  [0m [96m              ~~~~~~~~~~~~~~~~~[0m
    Error occurs in the template of component GrnPage.


Error: [96msrc/app/grn/grn.page.html[0m:[93m193[0m:[93m54[0m - [91merror[0m[90m TS2339: [0mProperty 'delete_img_tng' does not exist on type 'GrnPage'.

[7m193[0m                                     <button (click)="delete_img_tng(tng_img, 0)" class="deleteImageBtn">x</button>
[7m   [0m [91m                                                     ~~~~~~~~~~~~~~[0m

  [96msrc/app/grn/grn.page.ts[0m:[93m30[0m:[93m15[0m
    [7m30[0m  templateUrl: './grn.page.html',
    [7m  [0m [96m              ~~~~~~~~~~~~~~~~~[0m
    Error occurs in the template of component GrnPage.


Error: [96msrc/app/grn/grn.page.html[0m:[93m200[0m:[93m69[0m - [91merror[0m[90m TS2339: [0mProperty 'delete_img_tng' does not exist on type 'GrnPage'.

[7m200[0m                             <button class="deleteImageBtn" (click)="delete_img_tng(ShowImageUrl_tng, 0)" style="font-size: 30px; border-radius: 50%; padding: 5px 8px; top: 5%; right: 3%;">
[7m   [0m [91m                                                                    ~~~~~~~~~~~~~~[0m

  [96msrc/app/grn/grn.page.ts[0m:[93m30[0m:[93m15[0m
    [7m30[0m  templateUrl: './grn.page.html',
    [7m  [0m [96m              ~~~~~~~~~~~~~~~~~[0m
    Error occurs in the template of component GrnPage.


Error: [96msrc/app/grn/grn.page.html[0m:[93m233[0m:[93m54[0m - [91merror[0m[90m TS2339: [0mProperty 'delete_img_tng' does not exist on type 'GrnPage'.

[7m233[0m                                     <button (click)="delete_img_tng(do_img, 1)" class="deleteImageBtn">x</button>
[7m   [0m [91m                                                     ~~~~~~~~~~~~~~[0m

  [96msrc/app/grn/grn.page.ts[0m:[93m30[0m:[93m15[0m
    [7m30[0m  templateUrl: './grn.page.html',
    [7m  [0m [96m              ~~~~~~~~~~~~~~~~~[0m
    Error occurs in the template of component GrnPage.


Error: [96msrc/app/grn/grn.page.html[0m:[93m240[0m:[93m69[0m - [91merror[0m[90m TS2339: [0mProperty 'delete_img_tng' does not exist on type 'GrnPage'.

[7m240[0m                             <button class="deleteImageBtn" (click)="delete_img_tng(ShowImageUrl_do, 1)" style="font-size: 30px; border-radius: 50%; padding: 5px 8px; top: 5%; right: 3%;">
[7m   [0m [91m                                                                    ~~~~~~~~~~~~~~[0m

  [96msrc/app/grn/grn.page.ts[0m:[93m30[0m:[93m15[0m
    [7m30[0m  templateUrl: './grn.page.html',
    [7m  [0m [96m              ~~~~~~~~~~~~~~~~~[0m
    Error occurs in the template of component GrnPage.


Error: [96msrc/app/grn/grn.page.html[0m:[93m258[0m:[93m46[0m - [91merror[0m[90m TS2339: [0mProperty 'MultipleImageUrl' does not exist on type 'never'.

[7m258[0m                         <ion-row *ngIf="item.MultipleImageUrl.length !== 0">
[7m   [0m [91m                                             ~~~~~~~~~~~~~~~~[0m

  [96msrc/app/grn/grn.page.ts[0m:[93m30[0m:[93m15[0m
    [7m30[0m  templateUrl: './grn.page.html',
    [7m  [0m [96m              ~~~~~~~~~~~~~~~~~[0m
    Error occurs in the template of component GrnPage.


Error: [96msrc/app/grn/grn.page.html[0m:[93m259[0m:[93m107[0m - [91merror[0m[90m TS2339: [0mProperty 'gold_name' does not exist on type 'never'.

[7m259[0m                             <div style="font-size: 15px; color: gray; font-weight: 600;">Image for {{item.gold_name}} ({{item.gold_pure_percent}}%)</div>
[7m   [0m [91m                                                                                                          ~~~~~~~~~[0m

  [96msrc/app/grn/grn.page.ts[0m:[93m30[0m:[93m15[0m
    [7m30[0m  templateUrl: './grn.page.html',
    [7m  [0m [96m              ~~~~~~~~~~~~~~~~~[0m
    Error occurs in the template of component GrnPage.


Error: [96msrc/app/grn/grn.page.html[0m:[93m259[0m:[93m127[0m - [91merror[0m[90m TS2339: [0mProperty 'gold_pure_percent' does not exist on type 'never'.

[7m259[0m                             <div style="font-size: 15px; color: gray; font-weight: 600;">Image for {{item.gold_name}} ({{item.gold_pure_percent}}%)</div>
[7m   [0m [91m                                                                                                                              ~~~~~~~~~~~~~~~~~[0m

  [96msrc/app/grn/grn.page.ts[0m:[93m30[0m:[93m15[0m
    [7m30[0m  templateUrl: './grn.page.html',
    [7m  [0m [96m              ~~~~~~~~~~~~~~~~~[0m
    Error occurs in the template of component GrnPage.


Error: [96msrc/app/grn/grn.page.html[0m:[93m263[0m:[93m89[0m - [91merror[0m[90m TS2339: [0mProperty 'MultipleImageUrl' does not exist on type 'never'.

[7m263[0m                                     <ion-slide class="item-slide" *ngFor="let x of item.MultipleImageUrl"><!-- List item images -->
[7m   [0m [91m                                                                                        ~~~~~~~~~~~~~~~~[0m

  [96msrc/app/grn/grn.page.ts[0m:[93m30[0m:[93m15[0m
    [7m30[0m  templateUrl: './grn.page.html',
    [7m  [0m [96m              ~~~~~~~~~~~~~~~~~[0m
    Error occurs in the template of component GrnPage.


Error: [96msrc/app/grn/grn.page.html[0m:[93m264[0m:[93m101[0m - [91merror[0m[90m TS2339: [0mProperty 'showImage' does not exist on type 'never'.

[7m264[0m                                         <div class="image-slide-content" [ngStyle]="{'border': item.showImage === x ? '3px solid red' : 'none'}">
[7m   [0m [91m                                                                                                    ~~~~~~~~~[0m

  [96msrc/app/grn/grn.page.ts[0m:[93m30[0m:[93m15[0m
    [7m30[0m  templateUrl: './grn.page.html',
    [7m  [0m [96m              ~~~~~~~~~~~~~~~~~[0m
    Error occurs in the template of component GrnPage.


Error: [96msrc/app/grn/grn.page.html[0m:[93m265[0m:[93m80[0m - [91merror[0m[90m TS2339: [0mProperty 'showImage' does not exist on type 'never'.

[7m265[0m                                             <img [src]="x.image" (click)="item.showImage = (item.showImage == ''? x : (item.showImage == x? '': x))" class="itemImage">
[7m   [0m [91m                                                                               ~~~~~~~~~[0m

  [96msrc/app/grn/grn.page.ts[0m:[93m30[0m:[93m15[0m
    [7m30[0m  templateUrl: './grn.page.html',
    [7m  [0m [96m              ~~~~~~~~~~~~~~~~~[0m
    Error occurs in the template of component GrnPage.


Error: [96msrc/app/grn/grn.page.html[0m:[93m265[0m:[93m98[0m - [91merror[0m[90m TS2339: [0mProperty 'showImage' does not exist on type 'never'.

[7m265[0m                                             <img [src]="x.image" (click)="item.showImage = (item.showImage == ''? x : (item.showImage == x? '': x))" class="itemImage">
[7m   [0m [91m                                                                                                 ~~~~~~~~~[0m

  [96msrc/app/grn/grn.page.ts[0m:[93m30[0m:[93m15[0m
    [7m30[0m  templateUrl: './grn.page.html',
    [7m  [0m [96m              ~~~~~~~~~~~~~~~~~[0m
    Error occurs in the template of component GrnPage.


Error: [96msrc/app/grn/grn.page.html[0m:[93m265[0m:[93m125[0m - [91merror[0m[90m TS2339: [0mProperty 'showImage' does not exist on type 'never'.

[7m265[0m                                             <img [src]="x.image" (click)="item.showImage = (item.showImage == ''? x : (item.showImage == x? '': x))" class="itemImage">
[7m   [0m [91m                                                                                                                            ~~~~~~~~~[0m

  [96msrc/app/grn/grn.page.ts[0m:[93m30[0m:[93m15[0m
    [7m30[0m  templateUrl: './grn.page.html',
    [7m  [0m [96m              ~~~~~~~~~~~~~~~~~[0m
    Error occurs in the template of component GrnPage.


Error: [96msrc/app/grn/grn.page.html[0m:[93m267[0m:[93m58[0m - [91merror[0m[90m TS2339: [0mProperty 'delete_img' does not exist on type 'GrnPage'.

[7m267[0m                                         <button (click)="delete_img(x,i)" class="deleteImageBtn">x</button>
[7m   [0m [91m                                                         ~~~~~~~~~~[0m

  [96msrc/app/grn/grn.page.ts[0m:[93m30[0m:[93m15[0m
    [7m30[0m  templateUrl: './grn.page.html',
    [7m  [0m [96m              ~~~~~~~~~~~~~~~~~[0m
    Error occurs in the template of component GrnPage.


Error: [96msrc/app/grn/grn.page.html[0m:[93m272[0m:[93m90[0m - [91merror[0m[90m TS2339: [0mProperty 'showImage' does not exist on type 'never'.

[7m272[0m                             <ion-col size="12" class="ion-align-self-center" *ngIf="item.showImage">
[7m   [0m [91m                                                                                         ~~~~~~~~~[0m

  [96msrc/app/grn/grn.page.ts[0m:[93m30[0m:[93m15[0m
    [7m30[0m  templateUrl: './grn.page.html',
    [7m  [0m [96m              ~~~~~~~~~~~~~~~~~[0m
    Error occurs in the template of component GrnPage.


Error: [96msrc/app/grn/grn.page.html[0m:[93m273[0m:[93m50[0m - [91merror[0m[90m TS2339: [0mProperty 'showImage' does not exist on type 'never'.

[7m273[0m                                 <img [src]="item.showImage" style="width: 100%;" class="logoimg">
[7m   [0m [91m                                                 ~~~~~~~~~[0m

  [96msrc/app/grn/grn.page.ts[0m:[93m30[0m:[93m15[0m
    [7m30[0m  templateUrl: './grn.page.html',
    [7m  [0m [96m              ~~~~~~~~~~~~~~~~~[0m
    Error occurs in the template of component GrnPage.


Error: [96msrc/app/grn/grn.page.html[0m:[93m274[0m:[93m73[0m - [91merror[0m[90m TS2339: [0mProperty 'delete_img' does not exist on type 'GrnPage'.

[7m274[0m                                 <button class="deleteImageBtn" (click)="delete_img(item.showImage,i)" style="font-size: 30px; border-radius: 50%; padding: 5px 8px; top: 5%; right: 3%;">
[7m   [0m [91m                                                                        ~~~~~~~~~~[0m

  [96msrc/app/grn/grn.page.ts[0m:[93m30[0m:[93m15[0m
    [7m30[0m  templateUrl: './grn.page.html',
    [7m  [0m [96m              ~~~~~~~~~~~~~~~~~[0m
    Error occurs in the template of component GrnPage.


Error: [96msrc/app/grn/grn.page.html[0m:[93m274[0m:[93m89[0m - [91merror[0m[90m TS2339: [0mProperty 'showImage' does not exist on type 'never'.

[7m274[0m                                 <button class="deleteImageBtn" (click)="delete_img(item.showImage,i)" style="font-size: 30px; border-radius: 50%; padding: 5px 8px; top: 5%; right: 3%;">
[7m   [0m [91m                                                                                        ~~~~~~~~~[0m

  [96msrc/app/grn/grn.page.ts[0m:[93m30[0m:[93m15[0m
    [7m30[0m  templateUrl: './grn.page.html',
    [7m  [0m [96m              ~~~~~~~~~~~~~~~~~[0m
    Error occurs in the template of component GrnPage.


Error: [96msrc/app/grn/grn.page.html[0m:[93m367[0m:[93m33[0m - [91merror[0m[90m TS2367: [0mThis comparison appears to be unintentional because the types 'string' and 'number' have no overlap.

[7m367[0m                     <img *ngIf="payment.image != 0" [src]="payment.image" style="width: 100%; border: 1px solid lightgray; border-radius: 10px;" class="logoimg">
[7m   [0m [91m                                ~~~~~~~~~~~~~~~~~~[0m

  [96msrc/app/grn/grn.page.ts[0m:[93m30[0m:[93m15[0m
    [7m30[0m  templateUrl: './grn.page.html',
    [7m  [0m [96m              ~~~~~~~~~~~~~~~~~[0m
    Error occurs in the template of component GrnPage.


Error: [96msrc/app/grn/grn.page.html[0m:[93m368[0m:[93m133[0m - [91merror[0m[90m TS2339: [0mProperty 'delete_img_tng' does not exist on type 'GrnPage'.

[7m368[0m                     <ion-button *ngIf="payment.image !== ''" style="margin: 0; font-size: 14px;" color="danger" mode="ios" (click)="delete_img_tng(payment.image, 2)"
[7m   [0m [91m                                                                                                                                    ~~~~~~~~~~~~~~[0m

  [96msrc/app/grn/grn.page.ts[0m:[93m30[0m:[93m15[0m
    [7m30[0m  templateUrl: './grn.page.html',
    [7m  [0m [96m              ~~~~~~~~~~~~~~~~~[0m
    Error occurs in the template of component GrnPage.


Error: [96msrc/app/grn/grn.page.html[0m:[93m375[0m:[93m33[0m - [91merror[0m[90m TS2367: [0mThis comparison appears to be unintentional because the types 'string' and 'number' have no overlap.

[7m375[0m                     <img *ngIf="payment.signature != 0" [src]="payment.signature" style="width: 100%; border: 1px solid lightgray; border-radius: 10px;" class="logoimg">
[7m   [0m [91m                                ~~~~~~~~~~~~~~~~~~~~~~[0m

  [96msrc/app/grn/grn.page.ts[0m:[93m30[0m:[93m15[0m
    [7m30[0m  templateUrl: './grn.page.html',
    [7m  [0m [96m              ~~~~~~~~~~~~~~~~~[0m
    Error occurs in the template of component GrnPage.


Error: [96msrc/app/grn/grn.page.html[0m:[93m386[0m:[93m117[0m - [91merror[0m[90m TS2551: [0mProperty 'customerRemarkShow' does not exist on type 'GrnPage'. Did you mean 'customer_remark'?

[7m386[0m                         <h3 class="grntitle">Customer Remarks <ion-icon name="chevron-down-circle-outline" (click)="customerRemarkShow=!customerRemarkShow"></ion-icon></h3>
[7m   [0m [91m                                                                                                                    ~~~~~~~~~~~~~~~~~~[0m

  [96msrc/app/grn/grn.page.ts[0m:[93m30[0m:[93m15[0m
    [7m30[0m  templateUrl: './grn.page.html',
    [7m  [0m [96m              ~~~~~~~~~~~~~~~~~[0m
    Error occurs in the template of component GrnPage.


Error: [96msrc/app/grn/grn.page.html[0m:[93m386[0m:[93m137[0m - [91merror[0m[90m TS2551: [0mProperty 'customerRemarkShow' does not exist on type 'GrnPage'. Did you mean 'customer_remark'?

[7m386[0m                         <h3 class="grntitle">Customer Remarks <ion-icon name="chevron-down-circle-outline" (click)="customerRemarkShow=!customerRemarkShow"></ion-icon></h3>
[7m   [0m [91m                                                                                                                                        ~~~~~~~~~~~~~~~~~~[0m

  [96msrc/app/grn/grn.page.ts[0m:[93m30[0m:[93m15[0m
    [7m30[0m  templateUrl: './grn.page.html',
    [7m  [0m [96m              ~~~~~~~~~~~~~~~~~[0m
    Error occurs in the template of component GrnPage.


Error: [96msrc/app/grn/grn.page.html[0m:[93m388[0m:[93m37[0m - [91merror[0m[90m TS2551: [0mProperty 'customerRemarkShow' does not exist on type 'GrnPage'. Did you mean 'customer_remark'?

[7m388[0m                     <ion-col *ngIf="customerRemarkShow" size="12" class="ion-align-self-center">
[7m   [0m [91m                                    ~~~~~~~~~~~~~~~~~~[0m

  [96msrc/app/grn/grn.page.ts[0m:[93m30[0m:[93m15[0m
    [7m30[0m  templateUrl: './grn.page.html',
    [7m  [0m [96m              ~~~~~~~~~~~~~~~~~[0m
    Error occurs in the template of component GrnPage.


Error: [96msrc/app/grn/grn.page.html[0m:[93m400[0m:[93m113[0m - [91merror[0m[90m TS2339: [0mProperty 'internalRemarkShow' does not exist on type 'GrnPage'.

[7m400[0m                     <h3 class="grntitle">Internal Remarks <ion-icon name="chevron-down-circle-outline" (click)="internalRemarkShow=!internalRemarkShow"></ion-icon></h3>
[7m   [0m [91m                                                                                                                ~~~~~~~~~~~~~~~~~~[0m

  [96msrc/app/grn/grn.page.ts[0m:[93m30[0m:[93m15[0m
    [7m30[0m  templateUrl: './grn.page.html',
    [7m  [0m [96m              ~~~~~~~~~~~~~~~~~[0m
    Error occurs in the template of component GrnPage.


Error: [96msrc/app/grn/grn.page.html[0m:[93m400[0m:[93m133[0m - [91merror[0m[90m TS2339: [0mProperty 'internalRemarkShow' does not exist on type 'GrnPage'.

[7m400[0m                     <h3 class="grntitle">Internal Remarks <ion-icon name="chevron-down-circle-outline" (click)="internalRemarkShow=!internalRemarkShow"></ion-icon></h3>
[7m   [0m [91m                                                                                                                                    ~~~~~~~~~~~~~~~~~~[0m

  [96msrc/app/grn/grn.page.ts[0m:[93m30[0m:[93m15[0m
    [7m30[0m  templateUrl: './grn.page.html',
    [7m  [0m [96m              ~~~~~~~~~~~~~~~~~[0m
    Error occurs in the template of component GrnPage.


Error: [96msrc/app/grn/grn.page.html[0m:[93m402[0m:[93m33[0m - [91merror[0m[90m TS2339: [0mProperty 'internalRemarkShow' does not exist on type 'GrnPage'.

[7m402[0m                 <ion-col *ngIf="internalRemarkShow" size="12" class="ion-align-self-center">
[7m   [0m [91m                                ~~~~~~~~~~~~~~~~~~[0m

  [96msrc/app/grn/grn.page.ts[0m:[93m30[0m:[93m15[0m
    [7m30[0m  templateUrl: './grn.page.html',
    [7m  [0m [96m              ~~~~~~~~~~~~~~~~~[0m
    Error occurs in the template of component GrnPage.


Error: [96msrc/app/grn/grn.page.html[0m:[93m187[0m:[93m29[0m - [91merror[0m[90m NG8001: [0m'ion-slides' is not a known element:
1. If 'ion-slides' is an Angular component, then verify that it is part of this module.
2. If 'ion-slides' is a Web Component then add 'CUSTOM_ELEMENTS_SCHEMA' to the '@NgModule.schemas' of this component to suppress this message.

[7m187[0m                             <ion-slides pager="true" [options]="slideOpts">
[7m   [0m [91m                            ~~~~~~~~~~~~~~~~~~~~~~~~~~~~~~~~~~~~~~~~~~~~~~~[0m

  [96msrc/app/grn/grn.page.ts[0m:[93m30[0m:[93m15[0m
    [7m30[0m  templateUrl: './grn.page.html',
    [7m  [0m [96m              ~~~~~~~~~~~~~~~~~[0m
    Error occurs in the template of component GrnPage.


Error: [96msrc/app/grn/grn.page.html[0m:[93m187[0m:[93m54[0m - [91merror[0m[90m NG8002: [0mCan't bind to 'options' since it isn't a known property of 'ion-slides'.
1. If 'ion-slides' is an Angular component and it has 'options' input, then verify that it is part of this module.
2. If 'ion-slides' is a Web Component then add 'CUSTOM_ELEMENTS_SCHEMA' to the '@NgModule.schemas' of this component to suppress this message.
3. To allow any property add 'NO_ERRORS_SCHEMA' to the '@NgModule.schemas' of this component.

[7m187[0m                             <ion-slides pager="true" [options]="slideOpts">
[7m   [0m [91m                                                     ~~~~~~~~~~~~~~~~~~~~~[0m

  [96msrc/app/grn/grn.page.ts[0m:[93m30[0m:[93m15[0m
    [7m30[0m  templateUrl: './grn.page.html',
    [7m  [0m [96m              ~~~~~~~~~~~~~~~~~[0m
    Error occurs in the template of component GrnPage.


Error: [96msrc/app/grn/grn.page.html[0m:[93m189[0m:[93m33[0m - [91merror[0m[90m NG8001: [0m'ion-slide' is not a known element:
1. If 'ion-slide' is an Angular component, then verify that it is part of this module.
2. If 'ion-slide' is a Web Component then add 'CUSTOM_ELEMENTS_SCHEMA' to the '@NgModule.schemas' of this component to suppress this message.

[7m189[0m                                 <ion-slide class="item-slide" *ngFor="let tng_img of MultipleImageUrl_tng"><!-- List item images -->
[7m   [0m [91m                                ~~~~~~~~~~~~~~~~~~~~~~~~~~~~~~~~~~~~~~~~~~~~~~~~~~~~~~~~~~~~~~~~~~~~~~~~~~~[0m

  [96msrc/app/grn/grn.page.ts[0m:[93m30[0m:[93m15[0m
    [7m30[0m  templateUrl: './grn.page.html',
    [7m  [0m [96m              ~~~~~~~~~~~~~~~~~[0m
    Error occurs in the template of component GrnPage.


Error: [96msrc/app/grn/grn.page.html[0m:[93m227[0m:[93m29[0m - [91merror[0m[90m NG8001: [0m'ion-slides' is not a known element:
1. If 'ion-slides' is an Angular component, then verify that it is part of this module.
2. If 'ion-slides' is a Web Component then add 'CUSTOM_ELEMENTS_SCHEMA' to the '@NgModule.schemas' of this component to suppress this message.

[7m227[0m                             <ion-slides pager="true" [options]="slideOpts">
[7m   [0m [91m                            ~~~~~~~~~~~~~~~~~~~~~~~~~~~~~~~~~~~~~~~~~~~~~~~[0m

  [96msrc/app/grn/grn.page.ts[0m:[93m30[0m:[93m15[0m
    [7m30[0m  templateUrl: './grn.page.html',
    [7m  [0m [96m              ~~~~~~~~~~~~~~~~~[0m
    Error occurs in the template of component GrnPage.


Error: [96msrc/app/grn/grn.page.html[0m:[93m227[0m:[93m54[0m - [91merror[0m[90m NG8002: [0mCan't bind to 'options' since it isn't a known property of 'ion-slides'.
1. If 'ion-slides' is an Angular component and it has 'options' input, then verify that it is part of this module.
2. If 'ion-slides' is a Web Component then add 'CUSTOM_ELEMENTS_SCHEMA' to the '@NgModule.schemas' of this component to suppress this message.
3. To allow any property add 'NO_ERRORS_SCHEMA' to the '@NgModule.schemas' of this component.

[7m227[0m                             <ion-slides pager="true" [options]="slideOpts">
[7m   [0m [91m                                                     ~~~~~~~~~~~~~~~~~~~~~[0m

  [96msrc/app/grn/grn.page.ts[0m:[93m30[0m:[93m15[0m
    [7m30[0m  templateUrl: './grn.page.html',
    [7m  [0m [96m              ~~~~~~~~~~~~~~~~~[0m
    Error occurs in the template of component GrnPage.


Error: [96msrc/app/grn/grn.page.html[0m:[93m229[0m:[93m33[0m - [91merror[0m[90m NG8001: [0m'ion-slide' is not a known element:
1. If 'ion-slide' is an Angular component, then verify that it is part of this module.
2. If 'ion-slide' is a Web Component then add 'CUSTOM_ELEMENTS_SCHEMA' to the '@NgModule.schemas' of this component to suppress this message.

[7m229[0m                                 <ion-slide class="item-slide" *ngFor="let do_img of MultipleImageUrl_DO"><!-- List item images -->
[7m   [0m [91m                                ~~~~~~~~~~~~~~~~~~~~~~~~~~~~~~~~~~~~~~~~~~~~~~~~~~~~~~~~~~~~~~~~~~~~~~~~~[0m

  [96msrc/app/grn/grn.page.ts[0m:[93m30[0m:[93m15[0m
    [7m30[0m  templateUrl: './grn.page.html',
    [7m  [0m [96m              ~~~~~~~~~~~~~~~~~[0m
    Error occurs in the template of component GrnPage.


Error: [96msrc/app/grn/grn.page.html[0m:[93m261[0m:[93m33[0m - [91merror[0m[90m NG8001: [0m'ion-slides' is not a known element:
1. If 'ion-slides' is an Angular component, then verify that it is part of this module.
2. If 'ion-slides' is a Web Component then add 'CUSTOM_ELEMENTS_SCHEMA' to the '@NgModule.schemas' of this component to suppress this message.

[7m261[0m                                 <ion-slides pager="true" [options]="slideOpts">
[7m   [0m [91m                                ~~~~~~~~~~~~~~~~~~~~~~~~~~~~~~~~~~~~~~~~~~~~~~~[0m

  [96msrc/app/grn/grn.page.ts[0m:[93m30[0m:[93m15[0m
    [7m30[0m  templateUrl: './grn.page.html',
    [7m  [0m [96m              ~~~~~~~~~~~~~~~~~[0m
    Error occurs in the template of component GrnPage.


Error: [96msrc/app/grn/grn.page.html[0m:[93m261[0m:[93m58[0m - [91merror[0m[90m NG8002: [0mCan't bind to 'options' since it isn't a known property of 'ion-slides'.
1. If 'ion-slides' is an Angular component and it has 'options' input, then verify that it is part of this module.
2. If 'ion-slides' is a Web Component then add 'CUSTOM_ELEMENTS_SCHEMA' to the '@NgModule.schemas' of this component to suppress this message.
3. To allow any property add 'NO_ERRORS_SCHEMA' to the '@NgModule.schemas' of this component.

[7m261[0m                                 <ion-slides pager="true" [options]="slideOpts">
[7m   [0m [91m                                                         ~~~~~~~~~~~~~~~~~~~~~[0m

  [96msrc/app/grn/grn.page.ts[0m:[93m30[0m:[93m15[0m
    [7m30[0m  templateUrl: './grn.page.html',
    [7m  [0m [96m              ~~~~~~~~~~~~~~~~~[0m
    Error occurs in the template of component GrnPage.


Error: [96msrc/app/grn/grn.page.html[0m:[93m263[0m:[93m37[0m - [91merror[0m[90m NG8001: [0m'ion-slide' is not a known element:
1. If 'ion-slide' is an Angular component, then verify that it is part of this module.
2. If 'ion-slide' is a Web Component then add 'CUSTOM_ELEMENTS_SCHEMA' to the '@NgModule.schemas' of this component to suppress this message.

[7m263[0m                                     <ion-slide class="item-slide" *ngFor="let x of item.MultipleImageUrl"><!-- List item images -->
[7m   [0m [91m                                    ~~~~~~~~~~~~~~~~~~~~~~~~~~~~~~~~~~~~~~~~~~~~~~~~~~~~~~~~~~~~~~~~~~~~~~[0m

  [96msrc/app/grn/grn.page.ts[0m:[93m30[0m:[93m15[0m
    [7m30[0m  templateUrl: './grn.page.html',
    [7m  [0m [96m              ~~~~~~~~~~~~~~~~~[0m
    Error occurs in the template of component GrnPage.


Error: [96msrc/app/grn-by-task/grn-by-task.page.html[0m:[93m115[0m:[93m109[0m - [91merror[0m[90m TS2339: [0mProperty 'warehouse_id' does not exist on type 'never'.

[7m115[0m                             <td (click)="view_detail(item)" [style.backgroundColor]="getWarehouseColor(item.warehouse_id)">
[7m   [0m [91m                                                                                                            ~~~~~~~~~~~~[0m

  [96msrc/app/grn-by-task/grn-by-task.page.ts[0m:[93m29[0m:[93m15[0m
    [7m29[0m  templateUrl: './grn-by-task.page.html',
    [7m  [0m [96m              ~~~~~~~~~~~~~~~~~~~~~~~~~[0m
    Error occurs in the template of component GrnByTaskPage.


Error: [96msrc/app/grn-by-task/grn-by-task.page.html[0m:[93m116[0m:[93m51[0m - [91merror[0m[90m TS2339: [0mProperty 'MultipleImageUrl' does not exist on type 'never'.

[7m116[0m                                 <span *ngIf="item.MultipleImageUrl.length == 0">{{item.gold_name}}</span>
[7m   [0m [91m                                                  ~~~~~~~~~~~~~~~~[0m

  [96msrc/app/grn-by-task/grn-by-task.page.ts[0m:[93m29[0m:[93m15[0m
    [7m29[0m  templateUrl: './grn-by-task.page.html',
    [7m  [0m [96m              ~~~~~~~~~~~~~~~~~~~~~~~~~[0m
    Error occurs in the template of component GrnByTaskPage.


Error: [96msrc/app/grn-by-task/grn-by-task.page.html[0m:[93m116[0m:[93m88[0m - [91merror[0m[90m TS2339: [0mProperty 'gold_name' does not exist on type 'never'.

[7m116[0m                                 <span *ngIf="item.MultipleImageUrl.length == 0">{{item.gold_name}}</span>
[7m   [0m [91m                                                                                       ~~~~~~~~~[0m

  [96msrc/app/grn-by-task/grn-by-task.page.ts[0m:[93m29[0m:[93m15[0m
    [7m29[0m  templateUrl: './grn-by-task.page.html',
    [7m  [0m [96m              ~~~~~~~~~~~~~~~~~~~~~~~~~[0m
    Error occurs in the template of component GrnByTaskPage.


Error: [96msrc/app/grn-by-task/grn-by-task.page.html[0m:[93m117[0m:[93m51[0m - [91merror[0m[90m TS2339: [0mProperty 'MultipleImageUrl' does not exist on type 'never'.

[7m117[0m                                 <span *ngIf="item.MultipleImageUrl.length > 0" style="text-decoration: underline;" >{{item.gold_name}}</span>
[7m   [0m [91m                                                  ~~~~~~~~~~~~~~~~[0m

  [96msrc/app/grn-by-task/grn-by-task.page.ts[0m:[93m29[0m:[93m15[0m
    [7m29[0m  templateUrl: './grn-by-task.page.html',
    [7m  [0m [96m              ~~~~~~~~~~~~~~~~~~~~~~~~~[0m
    Error occurs in the template of component GrnByTaskPage.


Error: [96msrc/app/grn-by-task/grn-by-task.page.html[0m:[93m117[0m:[93m124[0m - [91merror[0m[90m TS2339: [0mProperty 'gold_name' does not exist on type 'never'.

[7m117[0m                                 <span *ngIf="item.MultipleImageUrl.length > 0" style="text-decoration: underline;" >{{item.gold_name}}</span>
[7m   [0m [91m                                                                                                                           ~~~~~~~~~[0m

  [96msrc/app/grn-by-task/grn-by-task.page.ts[0m:[93m29[0m:[93m15[0m
    [7m29[0m  templateUrl: './grn-by-task.page.html',
    [7m  [0m [96m              ~~~~~~~~~~~~~~~~~~~~~~~~~[0m
    Error occurs in the template of component GrnByTaskPage.


Error: [96msrc/app/grn-by-task/grn-by-task.page.html[0m:[93m129[0m:[93m68[0m - [91merror[0m[90m TS2339: [0mProperty 'gram' does not exist on type 'never'.

[7m129[0m                             <td (click)="view_detail(item)">{{item.gram | number :'.2'}}</td>
[7m   [0m [91m                                                                   ~~~~[0m

  [96msrc/app/grn-by-task/grn-by-task.page.ts[0m:[93m29[0m:[93m15[0m
    [7m29[0m  templateUrl: './grn-by-task.page.html',
    [7m  [0m [96m              ~~~~~~~~~~~~~~~~~~~~~~~~~[0m
    Error occurs in the template of component GrnByTaskPage.


Error: [96msrc/app/grn-by-task/grn-by-task.page.html[0m:[93m130[0m:[93m68[0m - [91merror[0m[90m TS2339: [0mProperty 'gold_pure_percent' does not exist on type 'never'.

[7m130[0m                             <td (click)="view_detail(item)">{{item.gold_pure_percent}}</td>
[7m   [0m [91m                                                                   ~~~~~~~~~~~~~~~~~[0m

  [96msrc/app/grn-by-task/grn-by-task.page.ts[0m:[93m29[0m:[93m15[0m
    [7m29[0m  templateUrl: './grn-by-task.page.html',
    [7m  [0m [96m              ~~~~~~~~~~~~~~~~~~~~~~~~~[0m
    Error occurs in the template of component GrnByTaskPage.


Error: [96msrc/app/grn-by-task/grn-by-task.page.html[0m:[93m132[0m:[93m40[0m - [91merror[0m[90m TS2339: [0mProperty 'XAU_amount' does not exist on type 'never'.

[7m132[0m                                 {{item.XAU_amount | number :'.3'}}
[7m   [0m [91m                                       ~~~~~~~~~~[0m

  [96msrc/app/grn-by-task/grn-by-task.page.ts[0m:[93m29[0m:[93m15[0m
    [7m29[0m  templateUrl: './grn-by-task.page.html',
    [7m  [0m [96m              ~~~~~~~~~~~~~~~~~~~~~~~~~[0m
    Error occurs in the template of component GrnByTaskPage.


Error: [96msrc/app/grn-by-task/grn-by-task.page.html[0m:[93m258[0m:[93m46[0m - [91merror[0m[90m TS2339: [0mProperty 'MultipleImageUrl' does not exist on type 'never'.

[7m258[0m                         <ion-row *ngIf="item.MultipleImageUrl.length !== 0">
[7m   [0m [91m                                             ~~~~~~~~~~~~~~~~[0m

  [96msrc/app/grn-by-task/grn-by-task.page.ts[0m:[93m29[0m:[93m15[0m
    [7m29[0m  templateUrl: './grn-by-task.page.html',
    [7m  [0m [96m              ~~~~~~~~~~~~~~~~~~~~~~~~~[0m
    Error occurs in the template of component GrnByTaskPage.


Error: [96msrc/app/grn-by-task/grn-by-task.page.html[0m:[93m259[0m:[93m107[0m - [91merror[0m[90m TS2339: [0mProperty 'gold_name' does not exist on type 'never'.

[7m259[0m                             <div style="font-size: 15px; color: gray; font-weight: 600;">Image for {{item.gold_name}} ({{item.gold_pure_percent}}%)</div>
[7m   [0m [91m                                                                                                          ~~~~~~~~~[0m

  [96msrc/app/grn-by-task/grn-by-task.page.ts[0m:[93m29[0m:[93m15[0m
    [7m29[0m  templateUrl: './grn-by-task.page.html',
    [7m  [0m [96m              ~~~~~~~~~~~~~~~~~~~~~~~~~[0m
    Error occurs in the template of component GrnByTaskPage.


Error: [96msrc/app/grn-by-task/grn-by-task.page.html[0m:[93m259[0m:[93m127[0m - [91merror[0m[90m TS2339: [0mProperty 'gold_pure_percent' does not exist on type 'never'.

[7m259[0m                             <div style="font-size: 15px; color: gray; font-weight: 600;">Image for {{item.gold_name}} ({{item.gold_pure_percent}}%)</div>
[7m   [0m [91m                                                                                                                              ~~~~~~~~~~~~~~~~~[0m

  [96msrc/app/grn-by-task/grn-by-task.page.ts[0m:[93m29[0m:[93m15[0m
    [7m29[0m  templateUrl: './grn-by-task.page.html',
    [7m  [0m [96m              ~~~~~~~~~~~~~~~~~~~~~~~~~[0m
    Error occurs in the template of component GrnByTaskPage.


Error: [96msrc/app/grn-by-task/grn-by-task.page.html[0m:[93m263[0m:[93m89[0m - [91merror[0m[90m TS2339: [0mProperty 'MultipleImageUrl' does not exist on type 'never'.

[7m263[0m                                     <ion-slide class="item-slide" *ngFor="let x of item.MultipleImageUrl"><!-- List item images -->
[7m   [0m [91m                                                                                        ~~~~~~~~~~~~~~~~[0m

  [96msrc/app/grn-by-task/grn-by-task.page.ts[0m:[93m29[0m:[93m15[0m
    [7m29[0m  templateUrl: './grn-by-task.page.html',
    [7m  [0m [96m              ~~~~~~~~~~~~~~~~~~~~~~~~~[0m
    Error occurs in the template of component GrnByTaskPage.


Error: [96msrc/app/grn-by-task/grn-by-task.page.html[0m:[93m264[0m:[93m101[0m - [91merror[0m[90m TS2339: [0mProperty 'showImage' does not exist on type 'never'.

[7m264[0m                                         <div class="image-slide-content" [ngStyle]="{'border': item.showImage === x ? '3px solid red' : 'none'}">
[7m   [0m [91m                                                                                                    ~~~~~~~~~[0m

  [96msrc/app/grn-by-task/grn-by-task.page.ts[0m:[93m29[0m:[93m15[0m
    [7m29[0m  templateUrl: './grn-by-task.page.html',
    [7m  [0m [96m              ~~~~~~~~~~~~~~~~~~~~~~~~~[0m
    Error occurs in the template of component GrnByTaskPage.


Error: [96msrc/app/grn-by-task/grn-by-task.page.html[0m:[93m265[0m:[93m80[0m - [91merror[0m[90m TS2339: [0mProperty 'showImage' does not exist on type 'never'.

[7m265[0m                                             <img [src]="x.image" (click)="item.showImage = (item.showImage == ''? x : (item.showImage == x? '': x))" class="itemImage">
[7m   [0m [91m                                                                               ~~~~~~~~~[0m

  [96msrc/app/grn-by-task/grn-by-task.page.ts[0m:[93m29[0m:[93m15[0m
    [7m29[0m  templateUrl: './grn-by-task.page.html',
    [7m  [0m [96m              ~~~~~~~~~~~~~~~~~~~~~~~~~[0m
    Error occurs in the template of component GrnByTaskPage.


Error: [96msrc/app/grn-by-task/grn-by-task.page.html[0m:[93m265[0m:[93m98[0m - [91merror[0m[90m TS2339: [0mProperty 'showImage' does not exist on type 'never'.

[7m265[0m                                             <img [src]="x.image" (click)="item.showImage = (item.showImage == ''? x : (item.showImage == x? '': x))" class="itemImage">
[7m   [0m [91m                                                                                                 ~~~~~~~~~[0m

  [96msrc/app/grn-by-task/grn-by-task.page.ts[0m:[93m29[0m:[93m15[0m
    [7m29[0m  templateUrl: './grn-by-task.page.html',
    [7m  [0m [96m              ~~~~~~~~~~~~~~~~~~~~~~~~~[0m
    Error occurs in the template of component GrnByTaskPage.


Error: [96msrc/app/grn-by-task/grn-by-task.page.html[0m:[93m265[0m:[93m125[0m - [91merror[0m[90m TS2339: [0mProperty 'showImage' does not exist on type 'never'.

[7m265[0m                                             <img [src]="x.image" (click)="item.showImage = (item.showImage == ''? x : (item.showImage == x? '': x))" class="itemImage">
[7m   [0m [91m                                                                                                                            ~~~~~~~~~[0m

  [96msrc/app/grn-by-task/grn-by-task.page.ts[0m:[93m29[0m:[93m15[0m
    [7m29[0m  templateUrl: './grn-by-task.page.html',
    [7m  [0m [96m              ~~~~~~~~~~~~~~~~~~~~~~~~~[0m
    Error occurs in the template of component GrnByTaskPage.


Error: [96msrc/app/grn-by-task/grn-by-task.page.html[0m:[93m272[0m:[93m90[0m - [91merror[0m[90m TS2339: [0mProperty 'showImage' does not exist on type 'never'.

[7m272[0m                             <ion-col size="12" class="ion-align-self-center" *ngIf="item.showImage">
[7m   [0m [91m                                                                                         ~~~~~~~~~[0m

  [96msrc/app/grn-by-task/grn-by-task.page.ts[0m:[93m29[0m:[93m15[0m
    [7m29[0m  templateUrl: './grn-by-task.page.html',
    [7m  [0m [96m              ~~~~~~~~~~~~~~~~~~~~~~~~~[0m
    Error occurs in the template of component GrnByTaskPage.


Error: [96msrc/app/grn-by-task/grn-by-task.page.html[0m:[93m273[0m:[93m50[0m - [91merror[0m[90m TS2339: [0mProperty 'showImage' does not exist on type 'never'.

[7m273[0m                                 <img [src]="item.showImage" style="width: 100%;" class="logoimg">
[7m   [0m [91m                                                 ~~~~~~~~~[0m

  [96msrc/app/grn-by-task/grn-by-task.page.ts[0m:[93m29[0m:[93m15[0m
    [7m29[0m  templateUrl: './grn-by-task.page.html',
    [7m  [0m [96m              ~~~~~~~~~~~~~~~~~~~~~~~~~[0m
    Error occurs in the template of component GrnByTaskPage.


Error: [96msrc/app/grn-by-task/grn-by-task.page.html[0m:[93m274[0m:[93m89[0m - [91merror[0m[90m TS2339: [0mProperty 'showImage' does not exist on type 'never'.

[7m274[0m                                 <button class="deleteImageBtn" (click)="delete_img(item.showImage,i)" style="font-size: 30px; border-radius: 50%; padding: 5px 8px; top: 5%; right: 3%;">
[7m   [0m [91m                                                                                        ~~~~~~~~~[0m

  [96msrc/app/grn-by-task/grn-by-task.page.ts[0m:[93m29[0m:[93m15[0m
    [7m29[0m  templateUrl: './grn-by-task.page.html',
    [7m  [0m [96m              ~~~~~~~~~~~~~~~~~~~~~~~~~[0m
    Error occurs in the template of component GrnByTaskPage.


Error: [96msrc/app/grn-by-task/grn-by-task.page.html[0m:[93m367[0m:[93m33[0m - [91merror[0m[90m TS2367: [0mThis comparison appears to be unintentional because the types 'string' and 'number' have no overlap.

[7m367[0m                     <img *ngIf="payment.image != 0" [src]="payment.image" style="width: 100%; border: 1px solid lightgray; border-radius: 10px;" class="logoimg">
[7m   [0m [91m                                ~~~~~~~~~~~~~~~~~~[0m

  [96msrc/app/grn-by-task/grn-by-task.page.ts[0m:[93m29[0m:[93m15[0m
    [7m29[0m  templateUrl: './grn-by-task.page.html',
    [7m  [0m [96m              ~~~~~~~~~~~~~~~~~~~~~~~~~[0m
    Error occurs in the template of component GrnByTaskPage.


Error: [96msrc/app/grn-by-task/grn-by-task.page.html[0m:[93m375[0m:[93m33[0m - [91merror[0m[90m TS2367: [0mThis comparison appears to be unintentional because the types 'string' and 'number' have no overlap.

[7m375[0m                     <img *ngIf="payment.signature != 0" [src]="payment.signature" style="width: 100%; border: 1px solid lightgray; border-radius: 10px;" class="logoimg">
[7m   [0m [91m                                ~~~~~~~~~~~~~~~~~~~~~~[0m

  [96msrc/app/grn-by-task/grn-by-task.page.ts[0m:[93m29[0m:[93m15[0m
    [7m29[0m  templateUrl: './grn-by-task.page.html',
    [7m  [0m [96m              ~~~~~~~~~~~~~~~~~~~~~~~~~[0m
    Error occurs in the template of component GrnByTaskPage.


Error: [96msrc/app/grn-by-task/grn-by-task.page.html[0m:[93m386[0m:[93m117[0m - [91merror[0m[90m TS2551: [0mProperty 'customerRemarkShow' does not exist on type 'GrnByTaskPage'. Did you mean 'customer_remark'?

[7m386[0m                         <h3 class="grntitle">Customer Remarks <ion-icon name="chevron-down-circle-outline" (click)="customerRemarkShow=!customerRemarkShow"></ion-icon></h3>
[7m   [0m [91m                                                                                                                    ~~~~~~~~~~~~~~~~~~[0m

  [96msrc/app/grn-by-task/grn-by-task.page.ts[0m:[93m29[0m:[93m15[0m
    [7m29[0m  templateUrl: './grn-by-task.page.html',
    [7m  [0m [96m              ~~~~~~~~~~~~~~~~~~~~~~~~~[0m
    Error occurs in the template of component GrnByTaskPage.


Error: [96msrc/app/grn-by-task/grn-by-task.page.html[0m:[93m386[0m:[93m137[0m - [91merror[0m[90m TS2551: [0mProperty 'customerRemarkShow' does not exist on type 'GrnByTaskPage'. Did you mean 'customer_remark'?

[7m386[0m                         <h3 class="grntitle">Customer Remarks <ion-icon name="chevron-down-circle-outline" (click)="customerRemarkShow=!customerRemarkShow"></ion-icon></h3>
[7m   [0m [91m                                                                                                                                        ~~~~~~~~~~~~~~~~~~[0m

  [96msrc/app/grn-by-task/grn-by-task.page.ts[0m:[93m29[0m:[93m15[0m
    [7m29[0m  templateUrl: './grn-by-task.page.html',
    [7m  [0m [96m              ~~~~~~~~~~~~~~~~~~~~~~~~~[0m
    Error occurs in the template of component GrnByTaskPage.


Error: [96msrc/app/grn-by-task/grn-by-task.page.html[0m:[93m388[0m:[93m37[0m - [91merror[0m[90m TS2551: [0mProperty 'customerRemarkShow' does not exist on type 'GrnByTaskPage'. Did you mean 'customer_remark'?

[7m388[0m                     <ion-col *ngIf="customerRemarkShow" size="12" class="ion-align-self-center">
[7m   [0m [91m                                    ~~~~~~~~~~~~~~~~~~[0m

  [96msrc/app/grn-by-task/grn-by-task.page.ts[0m:[93m29[0m:[93m15[0m
    [7m29[0m  templateUrl: './grn-by-task.page.html',
    [7m  [0m [96m              ~~~~~~~~~~~~~~~~~~~~~~~~~[0m
    Error occurs in the template of component GrnByTaskPage.


Error: [96msrc/app/grn-by-task/grn-by-task.page.html[0m:[93m400[0m:[93m113[0m - [91merror[0m[90m TS2339: [0mProperty 'internalRemarkShow' does not exist on type 'GrnByTaskPage'.

[7m400[0m                     <h3 class="grntitle">Internal Remarks <ion-icon name="chevron-down-circle-outline" (click)="internalRemarkShow=!internalRemarkShow"></ion-icon></h3>
[7m   [0m [91m                                                                                                                ~~~~~~~~~~~~~~~~~~[0m

  [96msrc/app/grn-by-task/grn-by-task.page.ts[0m:[93m29[0m:[93m15[0m
    [7m29[0m  templateUrl: './grn-by-task.page.html',
    [7m  [0m [96m              ~~~~~~~~~~~~~~~~~~~~~~~~~[0m
    Error occurs in the template of component GrnByTaskPage.


Error: [96msrc/app/grn-by-task/grn-by-task.page.html[0m:[93m400[0m:[93m133[0m - [91merror[0m[90m TS2339: [0mProperty 'internalRemarkShow' does not exist on type 'GrnByTaskPage'.

[7m400[0m                     <h3 class="grntitle">Internal Remarks <ion-icon name="chevron-down-circle-outline" (click)="internalRemarkShow=!internalRemarkShow"></ion-icon></h3>
[7m   [0m [91m                                                                                                                                    ~~~~~~~~~~~~~~~~~~[0m

  [96msrc/app/grn-by-task/grn-by-task.page.ts[0m:[93m29[0m:[93m15[0m
    [7m29[0m  templateUrl: './grn-by-task.page.html',
    [7m  [0m [96m              ~~~~~~~~~~~~~~~~~~~~~~~~~[0m
    Error occurs in the template of component GrnByTaskPage.


Error: [96msrc/app/grn-by-task/grn-by-task.page.html[0m:[93m402[0m:[93m33[0m - [91merror[0m[90m TS2339: [0mProperty 'internalRemarkShow' does not exist on type 'GrnByTaskPage'.

[7m402[0m                 <ion-col *ngIf="internalRemarkShow" size="12" class="ion-align-self-center">
[7m   [0m [91m                                ~~~~~~~~~~~~~~~~~~[0m

  [96msrc/app/grn-by-task/grn-by-task.page.ts[0m:[93m29[0m:[93m15[0m
    [7m29[0m  templateUrl: './grn-by-task.page.html',
    [7m  [0m [96m              ~~~~~~~~~~~~~~~~~~~~~~~~~[0m
    Error occurs in the template of component GrnByTaskPage.


Error: [96msrc/app/grn-by-task/grn-by-task.page.html[0m:[93m187[0m:[93m29[0m - [91merror[0m[90m NG8001: [0m'ion-slides' is not a known element:
1. If 'ion-slides' is an Angular component, then verify that it is part of this module.
2. If 'ion-slides' is a Web Component then add 'CUSTOM_ELEMENTS_SCHEMA' to the '@NgModule.schemas' of this component to suppress this message.

[7m187[0m                             <ion-slides pager="true" [options]="slideOpts">
[7m   [0m [91m                            ~~~~~~~~~~~~~~~~~~~~~~~~~~~~~~~~~~~~~~~~~~~~~~~[0m

  [96msrc/app/grn-by-task/grn-by-task.page.ts[0m:[93m29[0m:[93m15[0m
    [7m29[0m  templateUrl: './grn-by-task.page.html',
    [7m  [0m [96m              ~~~~~~~~~~~~~~~~~~~~~~~~~[0m
    Error occurs in the template of component GrnByTaskPage.


Error: [96msrc/app/grn-by-task/grn-by-task.page.html[0m:[93m187[0m:[93m54[0m - [91merror[0m[90m NG8002: [0mCan't bind to 'options' since it isn't a known property of 'ion-slides'.
1. If 'ion-slides' is an Angular component and it has 'options' input, then verify that it is part of this module.
2. If 'ion-slides' is a Web Component then add 'CUSTOM_ELEMENTS_SCHEMA' to the '@NgModule.schemas' of this component to suppress this message.
3. To allow any property add 'NO_ERRORS_SCHEMA' to the '@NgModule.schemas' of this component.

[7m187[0m                             <ion-slides pager="true" [options]="slideOpts">
[7m   [0m [91m                                                     ~~~~~~~~~~~~~~~~~~~~~[0m

  [96msrc/app/grn-by-task/grn-by-task.page.ts[0m:[93m29[0m:[93m15[0m
    [7m29[0m  templateUrl: './grn-by-task.page.html',
    [7m  [0m [96m              ~~~~~~~~~~~~~~~~~~~~~~~~~[0m
    Error occurs in the template of component GrnByTaskPage.


Error: [96msrc/app/grn-by-task/grn-by-task.page.html[0m:[93m189[0m:[93m33[0m - [91merror[0m[90m NG8001: [0m'ion-slide' is not a known element:
1. If 'ion-slide' is an Angular component, then verify that it is part of this module.
2. If 'ion-slide' is a Web Component then add 'CUSTOM_ELEMENTS_SCHEMA' to the '@NgModule.schemas' of this component to suppress this message.

[7m189[0m                                 <ion-slide class="item-slide" *ngFor="let tng_img of MultipleImageUrl_tng"><!-- List item images -->
[7m   [0m [91m                                ~~~~~~~~~~~~~~~~~~~~~~~~~~~~~~~~~~~~~~~~~~~~~~~~~~~~~~~~~~~~~~~~~~~~~~~~~~~[0m

  [96msrc/app/grn-by-task/grn-by-task.page.ts[0m:[93m29[0m:[93m15[0m
    [7m29[0m  templateUrl: './grn-by-task.page.html',
    [7m  [0m [96m              ~~~~~~~~~~~~~~~~~~~~~~~~~[0m
    Error occurs in the template of component GrnByTaskPage.


Error: [96msrc/app/grn-by-task/grn-by-task.page.html[0m:[93m227[0m:[93m29[0m - [91merror[0m[90m NG8001: [0m'ion-slides' is not a known element:
1. If 'ion-slides' is an Angular component, then verify that it is part of this module.
2. If 'ion-slides' is a Web Component then add 'CUSTOM_ELEMENTS_SCHEMA' to the '@NgModule.schemas' of this component to suppress this message.

[7m227[0m                             <ion-slides pager="true" [options]="slideOpts">
[7m   [0m [91m                            ~~~~~~~~~~~~~~~~~~~~~~~~~~~~~~~~~~~~~~~~~~~~~~~[0m

  [96msrc/app/grn-by-task/grn-by-task.page.ts[0m:[93m29[0m:[93m15[0m
    [7m29[0m  templateUrl: './grn-by-task.page.html',
    [7m  [0m [96m              ~~~~~~~~~~~~~~~~~~~~~~~~~[0m
    Error occurs in the template of component GrnByTaskPage.


Error: [96msrc/app/grn-by-task/grn-by-task.page.html[0m:[93m227[0m:[93m54[0m - [91merror[0m[90m NG8002: [0mCan't bind to 'options' since it isn't a known property of 'ion-slides'.
1. If 'ion-slides' is an Angular component and it has 'options' input, then verify that it is part of this module.
2. If 'ion-slides' is a Web Component then add 'CUSTOM_ELEMENTS_SCHEMA' to the '@NgModule.schemas' of this component to suppress this message.
3. To allow any property add 'NO_ERRORS_SCHEMA' to the '@NgModule.schemas' of this component.

[7m227[0m                             <ion-slides pager="true" [options]="slideOpts">
[7m   [0m [91m                                                     ~~~~~~~~~~~~~~~~~~~~~[0m

  [96msrc/app/grn-by-task/grn-by-task.page.ts[0m:[93m29[0m:[93m15[0m
    [7m29[0m  templateUrl: './grn-by-task.page.html',
    [7m  [0m [96m              ~~~~~~~~~~~~~~~~~~~~~~~~~[0m
    Error occurs in the template of component GrnByTaskPage.


Error: [96msrc/app/grn-by-task/grn-by-task.page.html[0m:[93m229[0m:[93m33[0m - [91merror[0m[90m NG8001: [0m'ion-slide' is not a known element:
1. If 'ion-slide' is an Angular component, then verify that it is part of this module.
2. If 'ion-slide' is a Web Component then add 'CUSTOM_ELEMENTS_SCHEMA' to the '@NgModule.schemas' of this component to suppress this message.

[7m229[0m                                 <ion-slide class="item-slide" *ngFor="let do_img of MultipleImageUrl_DO"><!-- List item images -->
[7m   [0m [91m                                ~~~~~~~~~~~~~~~~~~~~~~~~~~~~~~~~~~~~~~~~~~~~~~~~~~~~~~~~~~~~~~~~~~~~~~~~~[0m

  [96msrc/app/grn-by-task/grn-by-task.page.ts[0m:[93m29[0m:[93m15[0m
    [7m29[0m  templateUrl: './grn-by-task.page.html',
    [7m  [0m [96m              ~~~~~~~~~~~~~~~~~~~~~~~~~[0m
    Error occurs in the template of component GrnByTaskPage.


Error: [96msrc/app/grn-by-task/grn-by-task.page.html[0m:[93m261[0m:[93m33[0m - [91merror[0m[90m NG8001: [0m'ion-slides' is not a known element:
1. If 'ion-slides' is an Angular component, then verify that it is part of this module.
2. If 'ion-slides' is a Web Component then add 'CUSTOM_ELEMENTS_SCHEMA' to the '@NgModule.schemas' of this component to suppress this message.

[7m261[0m                                 <ion-slides pager="true" [options]="slideOpts">
[7m   [0m [91m                                ~~~~~~~~~~~~~~~~~~~~~~~~~~~~~~~~~~~~~~~~~~~~~~~[0m

  [96msrc/app/grn-by-task/grn-by-task.page.ts[0m:[93m29[0m:[93m15[0m
    [7m29[0m  templateUrl: './grn-by-task.page.html',
    [7m  [0m [96m              ~~~~~~~~~~~~~~~~~~~~~~~~~[0m
    Error occurs in the template of component GrnByTaskPage.


Error: [96msrc/app/grn-by-task/grn-by-task.page.html[0m:[93m261[0m:[93m58[0m - [91merror[0m[90m NG8002: [0mCan't bind to 'options' since it isn't a known property of 'ion-slides'.
1. If 'ion-slides' is an Angular component and it has 'options' input, then verify that it is part of this module.
2. If 'ion-slides' is a Web Component then add 'CUSTOM_ELEMENTS_SCHEMA' to the '@NgModule.schemas' of this component to suppress this message.
3. To allow any property add 'NO_ERRORS_SCHEMA' to the '@NgModule.schemas' of this component.

[7m261[0m                                 <ion-slides pager="true" [options]="slideOpts">
[7m   [0m [91m                                                         ~~~~~~~~~~~~~~~~~~~~~[0m

  [96msrc/app/grn-by-task/grn-by-task.page.ts[0m:[93m29[0m:[93m15[0m
    [7m29[0m  templateUrl: './grn-by-task.page.html',
    [7m  [0m [96m              ~~~~~~~~~~~~~~~~~~~~~~~~~[0m
    Error occurs in the template of component GrnByTaskPage.


Error: [96msrc/app/grn-by-task/grn-by-task.page.html[0m:[93m263[0m:[93m37[0m - [91merror[0m[90m NG8001: [0m'ion-slide' is not a known element:
1. If 'ion-slide' is an Angular component, then verify that it is part of this module.
2. If 'ion-slide' is a Web Component then add 'CUSTOM_ELEMENTS_SCHEMA' to the '@NgModule.schemas' of this component to suppress this message.

[7m263[0m                                     <ion-slide class="item-slide" *ngFor="let x of item.MultipleImageUrl"><!-- List item images -->
[7m   [0m [91m                                    ~~~~~~~~~~~~~~~~~~~~~~~~~~~~~~~~~~~~~~~~~~~~~~~~~~~~~~~~~~~~~~~~~~~~~~[0m

  [96msrc/app/grn-by-task/grn-by-task.page.ts[0m:[93m29[0m:[93m15[0m
    [7m29[0m  templateUrl: './grn-by-task.page.html',
    [7m  [0m [96m              ~~~~~~~~~~~~~~~~~~~~~~~~~[0m
    Error occurs in the template of component GrnByTaskPage.


Error: [96msrc/app/qc-detail/qc-detail.page.html[0m:[93m10[0m:[93m38[0m - [91merror[0m[90m TS2339: [0mProperty 'total_XAU_amount' does not exist on type '{}'.

[7m10[0m                       <h2>{{summary?.total_XAU_amount | number: '.3'}}/{{collectionDetails?.total_XAU | number: '.3'}}</h2>
[7m  [0m [91m                                     ~~~~~~~~~~~~~~~~[0m

  [96msrc/app/qc-detail/qc-detail.page.ts[0m:[93m23[0m:[93m16[0m
    [7m23[0m   templateUrl: './qc-detail.page.html',
    [7m  [0m [96m               ~~~~~~~~~~~~~~~~~~~~~~~[0m
    Error occurs in the template of component QcDetailPage.


Error: [96msrc/app/qc-detail/qc-detail.page.html[0m:[93m10[0m:[93m93[0m - [91merror[0m[90m TS2339: [0mProperty 'total_XAU' does not exist on type '{ itemList: never[]; item_type: number; poData: string; }'.

[7m10[0m                       <h2>{{summary?.total_XAU_amount | number: '.3'}}/{{collectionDetails?.total_XAU | number: '.3'}}</h2>
[7m  [0m [91m                                                                                            ~~~~~~~~~[0m

  [96msrc/app/qc-detail/qc-detail.page.ts[0m:[93m23[0m:[93m16[0m
    [7m23[0m   templateUrl: './qc-detail.page.html',
    [7m  [0m [96m               ~~~~~~~~~~~~~~~~~~~~~~~[0m
    Error occurs in the template of component QcDetailPage.


Error: [96msrc/app/qc-detail/qc-detail.page.html[0m:[93m14[0m:[93m51[0m - [91merror[0m[90m TS2339: [0mProperty 'final_amount' does not exist on type '{ itemList: never[]; item_type: number; poData: string; }'.

[7m14[0m                       <h2>RM {{collectionDetails?.final_amount | number: '.2'}}</h2>
[7m  [0m [91m                                                  ~~~~~~~~~~~~[0m

  [96msrc/app/qc-detail/qc-detail.page.ts[0m:[93m23[0m:[93m16[0m
    [7m23[0m   templateUrl: './qc-detail.page.html',
    [7m  [0m [96m               ~~~~~~~~~~~~~~~~~~~~~~~[0m
    Error occurs in the template of component QcDetailPage.


Error: [96msrc/app/qc-detail/qc-detail.page.html[0m:[93m45[0m:[93m56[0m - [91merror[0m[90m TS2339: [0mProperty 'serial_no' does not exist on type '{ itemList: never[]; item_type: number; poData: string; }'.

[7m45[0m                                 <p>{{collectionDetails.serial_no}}</p>
[7m  [0m [91m                                                       ~~~~~~~~~[0m

  [96msrc/app/qc-detail/qc-detail.page.ts[0m:[93m23[0m:[93m16[0m
    [7m23[0m   templateUrl: './qc-detail.page.html',
    [7m  [0m [96m               ~~~~~~~~~~~~~~~~~~~~~~~[0m
    Error occurs in the template of component QcDetailPage.


Error: [96msrc/app/qc-detail/qc-detail.page.html[0m:[93m55[0m:[93m48[0m - [91merror[0m[90m TS2339: [0mProperty 'final_amount' does not exist on type '{ itemList: never[]; item_type: number; poData: string; }'.

[7m55[0m                     <h2>RM {{collectionDetails.final_amount | number: '.3'}}</h2>
[7m  [0m [91m                                               ~~~~~~~~~~~~[0m

  [96msrc/app/qc-detail/qc-detail.page.ts[0m:[93m23[0m:[93m16[0m
    [7m23[0m   templateUrl: './qc-detail.page.html',
    [7m  [0m [96m               ~~~~~~~~~~~~~~~~~~~~~~~[0m
    Error occurs in the template of component QcDetailPage.


Error: [96msrc/app/qc-detail/qc-detail.page.html[0m:[93m60[0m:[93m45[0m - [91merror[0m[90m TS2339: [0mProperty 'total_XAU' does not exist on type '{ itemList: never[]; item_type: number; poData: string; }'.

[7m60[0m                     <h2>{{collectionDetails.total_XAU | number: '.3'}}</h2>
[7m  [0m [91m                                            ~~~~~~~~~[0m

  [96msrc/app/qc-detail/qc-detail.page.ts[0m:[93m23[0m:[93m16[0m
    [7m23[0m   templateUrl: './qc-detail.page.html',
    [7m  [0m [96m               ~~~~~~~~~~~~~~~~~~~~~~~[0m
    Error occurs in the template of component QcDetailPage.


Error: [96msrc/app/qc-detail/qc-detail.page.html[0m:[93m67[0m:[93m46[0m - [91merror[0m[90m TS2339: [0mProperty 'total_XAU_collect' does not exist on type '{ itemList: never[]; item_type: number; poData: string; }'.

[7m67[0m                     <h2>{{collectionDetails?.total_XAU_collect}}/{{collectionDetails?.poData.XAU_amount}}</h2>
[7m  [0m [91m                                             ~~~~~~~~~~~~~~~~~[0m

  [96msrc/app/qc-detail/qc-detail.page.ts[0m:[93m23[0m:[93m16[0m
    [7m23[0m   templateUrl: './qc-detail.page.html',
    [7m  [0m [96m               ~~~~~~~~~~~~~~~~~~~~~~~[0m
    Error occurs in the template of component QcDetailPage.


Error: [96msrc/app/qc-detail/qc-detail.page.html[0m:[93m67[0m:[93m94[0m - [91merror[0m[90m TS2532: [0mObject is possibly 'undefined'.

[7m67[0m                     <h2>{{collectionDetails?.total_XAU_collect}}/{{collectionDetails?.poData.XAU_amount}}</h2>
[7m  [0m [91m                                                                                             ~~~~~~~~~~[0m

  [96msrc/app/qc-detail/qc-detail.page.ts[0m:[93m23[0m:[93m16[0m
    [7m23[0m   templateUrl: './qc-detail.page.html',
    [7m  [0m [96m               ~~~~~~~~~~~~~~~~~~~~~~~[0m
    Error occurs in the template of component QcDetailPage.


Error: [96msrc/app/qc-detail/qc-detail.page.html[0m:[93m67[0m:[93m94[0m - [91merror[0m[90m TS2339: [0mProperty 'XAU_amount' does not exist on type 'string'.

[7m67[0m                     <h2>{{collectionDetails?.total_XAU_collect}}/{{collectionDetails?.poData.XAU_amount}}</h2>
[7m  [0m [91m                                                                                             ~~~~~~~~~~[0m

  [96msrc/app/qc-detail/qc-detail.page.ts[0m:[93m23[0m:[93m16[0m
    [7m23[0m   templateUrl: './qc-detail.page.html',
    [7m  [0m [96m               ~~~~~~~~~~~~~~~~~~~~~~~[0m
    Error occurs in the template of component QcDetailPage.


Error: [96msrc/app/qc-detail/qc-detail.page.html[0m:[93m72[0m:[93m45[0m - [91merror[0m[90m TS2339: [0mProperty 'remark' does not exist on type '{ itemList: never[]; item_type: number; poData: string; }'.

[7m72[0m                     <h2>{{collectionDetails.remark}}</h2>
[7m  [0m [91m                                            ~~~~~~[0m

  [96msrc/app/qc-detail/qc-detail.page.ts[0m:[93m23[0m:[93m16[0m
    [7m23[0m   templateUrl: './qc-detail.page.html',
    [7m  [0m [96m               ~~~~~~~~~~~~~~~~~~~~~~~[0m
    Error occurs in the template of component QcDetailPage.


Error: [96msrc/app/qc-detail/qc-detail.page.html[0m:[93m82[0m:[93m105[0m - [91merror[0m[90m TS2339: [0mProperty 'is_deleted' does not exist on type 'never'.

[7m82[0m        <div class="grnlist" *ngFor="let item of grnList; let i = index ;let last = last" [hidden]="item.is_deleted == 1">
[7m  [0m [91m                                                                                                        ~~~~~~~~~~[0m

  [96msrc/app/qc-detail/qc-detail.page.ts[0m:[93m23[0m:[93m16[0m
    [7m23[0m   templateUrl: './qc-detail.page.html',
    [7m  [0m [96m               ~~~~~~~~~~~~~~~~~~~~~~~[0m
    Error occurs in the template of component QcDetailPage.


Error: [96msrc/app/qc-detail/qc-detail.page.html[0m:[93m88[0m:[93m135[0m - [91merror[0m[90m TS2339: [0mProperty 'item_type' does not exist on type 'never'.

[7m88[0m                     <ion-select value="variation" interface="action-sheet" cancelText='Cancel' class="pickupselect" [(ngModel)]="item.item_type" (ionChange)="recalculate(item)"  >
[7m  [0m [91m                                                                                                                                      ~~~~~~~~~[0m

  [96msrc/app/qc-detail/qc-detail.page.ts[0m:[93m23[0m:[93m16[0m
    [7m23[0m   templateUrl: './qc-detail.page.html',
    [7m  [0m [96m               ~~~~~~~~~~~~~~~~~~~~~~~[0m
    Error occurs in the template of component QcDetailPage.


Error: [96msrc/app/qc-detail/qc-detail.page.html[0m:[93m88[0m:[93m135[0m - [91merror[0m[90m TS2339: [0mProperty 'item_type' does not exist on type 'never'.

[7m88[0m                     <ion-select value="variation" interface="action-sheet" cancelText='Cancel' class="pickupselect" [(ngModel)]="item.item_type" (ionChange)="recalculate(item)"  >
[7m  [0m [91m                                                                                                                                      ~~~~~~~~~[0m

  [96msrc/app/qc-detail/qc-detail.page.ts[0m:[93m23[0m:[93m16[0m
    [7m23[0m   templateUrl: './qc-detail.page.html',
    [7m  [0m [96m               ~~~~~~~~~~~~~~~~~~~~~~~[0m
    Error occurs in the template of component QcDetailPage.


Error: [96msrc/app/qc-detail/qc-detail.page.html[0m:[93m89[0m:[93m95[0m - [91merror[0m[90m TS2339: [0mProperty 'item_type_id' does not exist on type 'never'.

[7m89[0m                         <ion-select-option *ngFor="let x of customerBItemTypeList" value="{{x.item_type_id}}">{{x.title}}</ion-select-option>
[7m  [0m [91m                                                                                              ~~~~~~~~~~~~[0m

  [96msrc/app/qc-detail/qc-detail.page.ts[0m:[93m23[0m:[93m16[0m
    [7m23[0m   templateUrl: './qc-detail.page.html',
    [7m  [0m [96m               ~~~~~~~~~~~~~~~~~~~~~~~[0m
    Error occurs in the template of component QcDetailPage.


Error: [96msrc/app/qc-detail/qc-detail.page.html[0m:[93m89[0m:[93m115[0m - [91merror[0m[90m TS2339: [0mProperty 'title' does not exist on type 'never'.

[7m89[0m                         <ion-select-option *ngFor="let x of customerBItemTypeList" value="{{x.item_type_id}}">{{x.title}}</ion-select-option>
[7m  [0m [91m                                                                                                                  ~~~~~[0m

  [96msrc/app/qc-detail/qc-detail.page.ts[0m:[93m23[0m:[93m16[0m
    [7m23[0m   templateUrl: './qc-detail.page.html',
    [7m  [0m [96m               ~~~~~~~~~~~~~~~~~~~~~~~[0m
    Error occurs in the template of component QcDetailPage.


Error: [96msrc/app/qc-detail/qc-detail.page.html[0m:[93m94[0m:[93m135[0m - [91merror[0m[90m TS2339: [0mProperty 'item_code' does not exist on type 'never'.

[7m94[0m                     <ion-select value="variation" interface="action-sheet" cancelText='Cancel' class="pickupselect" [(ngModel)]="item.item_code"  (ionChange)="recalculate(item)"  >
[7m  [0m [91m                                                                                                                                      ~~~~~~~~~[0m

  [96msrc/app/qc-detail/qc-detail.page.ts[0m:[93m23[0m:[93m16[0m
    [7m23[0m   templateUrl: './qc-detail.page.html',
    [7m  [0m [96m               ~~~~~~~~~~~~~~~~~~~~~~~[0m
    Error occurs in the template of component QcDetailPage.


Error: [96msrc/app/qc-detail/qc-detail.page.html[0m:[93m94[0m:[93m135[0m - [91merror[0m[90m TS2339: [0mProperty 'item_code' does not exist on type 'never'.

[7m94[0m                     <ion-select value="variation" interface="action-sheet" cancelText='Cancel' class="pickupselect" [(ngModel)]="item.item_code"  (ionChange)="recalculate(item)"  >
[7m  [0m [91m                                                                                                                                      ~~~~~~~~~[0m

  [96msrc/app/qc-detail/qc-detail.page.ts[0m:[93m23[0m:[93m16[0m
    [7m23[0m   templateUrl: './qc-detail.page.html',
    [7m  [0m [96m               ~~~~~~~~~~~~~~~~~~~~~~~[0m
    Error occurs in the template of component QcDetailPage.


Error: [96msrc/app/qc-detail/qc-detail.page.html[0m:[93m95[0m:[93m96[0m - [91merror[0m[90m TS2339: [0mProperty 'id' does not exist on type 'never'.

[7m95[0m                         <ion-select-option *ngFor="let x of customerGoldPurityList" value="{{x.id}}">{{x.gold_name}} ({{x.override_gold_pure_percent}}%)</ion-select-option>
[7m  [0m [91m                                                                                               ~~[0m

  [96msrc/app/qc-detail/qc-detail.page.ts[0m:[93m23[0m:[93m16[0m
    [7m23[0m   templateUrl: './qc-detail.page.html',
    [7m  [0m [96m               ~~~~~~~~~~~~~~~~~~~~~~~[0m
    Error occurs in the template of component QcDetailPage.


Error: [96msrc/app/qc-detail/qc-detail.page.html[0m:[93m95[0m:[93m106[0m - [91merror[0m[90m TS2339: [0mProperty 'gold_name' does not exist on type 'never'.

[7m95[0m                         <ion-select-option *ngFor="let x of customerGoldPurityList" value="{{x.id}}">{{x.gold_name}} ({{x.override_gold_pure_percent}}%)</ion-select-option>
[7m  [0m [91m                                                                                                         ~~~~~~~~~[0m

  [96msrc/app/qc-detail/qc-detail.page.ts[0m:[93m23[0m:[93m16[0m
    [7m23[0m   templateUrl: './qc-detail.page.html',
    [7m  [0m [96m               ~~~~~~~~~~~~~~~~~~~~~~~[0m
    Error occurs in the template of component QcDetailPage.


Error: [96msrc/app/qc-detail/qc-detail.page.html[0m:[93m95[0m:[93m123[0m - [91merror[0m[90m TS2339: [0mProperty 'override_gold_pure_percent' does not exist on type 'never'.

[7m95[0m                         <ion-select-option *ngFor="let x of customerGoldPurityList" value="{{x.id}}">{{x.gold_name}} ({{x.override_gold_pure_percent}}%)</ion-select-option>
[7m  [0m [91m                                                                                                                          ~~~~~~~~~~~~~~~~~~~~~~~~~~[0m

  [96msrc/app/qc-detail/qc-detail.page.ts[0m:[93m23[0m:[93m16[0m
    [7m23[0m   templateUrl: './qc-detail.page.html',
    [7m  [0m [96m               ~~~~~~~~~~~~~~~~~~~~~~~[0m
    Error occurs in the template of component QcDetailPage.


Error: [96msrc/app/qc-detail/qc-detail.page.html[0m:[93m102[0m:[93m112[0m - [91merror[0m[90m TS2339: [0mProperty 'gold_pure_percent' does not exist on type 'never'.

[7m102[0m                     <h2 style="border: 1px solid black;"><ion-input type="number" step="0.1" [(ngModel)]="item.gold_pure_percent" (ionChange)="recalculate(item)" ></ion-input></h2>
[7m   [0m [91m                                                                                                               ~~~~~~~~~~~~~~~~~[0m

  [96msrc/app/qc-detail/qc-detail.page.ts[0m:[93m23[0m:[93m16[0m
    [7m23[0m   templateUrl: './qc-detail.page.html',
    [7m  [0m [96m               ~~~~~~~~~~~~~~~~~~~~~~~[0m
    Error occurs in the template of component QcDetailPage.


Error: [96msrc/app/qc-detail/qc-detail.page.html[0m:[93m102[0m:[93m112[0m - [91merror[0m[90m TS2339: [0mProperty 'gold_pure_percent' does not exist on type 'never'.

[7m102[0m                     <h2 style="border: 1px solid black;"><ion-input type="number" step="0.1" [(ngModel)]="item.gold_pure_percent" (ionChange)="recalculate(item)" ></ion-input></h2>
[7m   [0m [91m                                                                                                               ~~~~~~~~~~~~~~~~~[0m

  [96msrc/app/qc-detail/qc-detail.page.ts[0m:[93m23[0m:[93m16[0m
    [7m23[0m   templateUrl: './qc-detail.page.html',
    [7m  [0m [96m               ~~~~~~~~~~~~~~~~~~~~~~~[0m
    Error occurs in the template of component QcDetailPage.


Error: [96msrc/app/qc-detail/qc-detail.page.html[0m:[93m107[0m:[93m69[0m - [91merror[0m[90m TS2339: [0mProperty 'XAU_amount' does not exist on type 'never'.

[7m107[0m                     <h2><ion-input type="number"  [(ngModel)]="item.XAU_amount" (ionChange)="recalculate(item)" disabled="disabled"></ion-input></h2>
[7m   [0m [91m                                                                    ~~~~~~~~~~[0m

  [96msrc/app/qc-detail/qc-detail.page.ts[0m:[93m23[0m:[93m16[0m
    [7m23[0m   templateUrl: './qc-detail.page.html',
    [7m  [0m [96m               ~~~~~~~~~~~~~~~~~~~~~~~[0m
    Error occurs in the template of component QcDetailPage.


Error: [96msrc/app/qc-detail/qc-detail.page.html[0m:[93m107[0m:[93m69[0m - [91merror[0m[90m TS2339: [0mProperty 'XAU_amount' does not exist on type 'never'.

[7m107[0m                     <h2><ion-input type="number"  [(ngModel)]="item.XAU_amount" (ionChange)="recalculate(item)" disabled="disabled"></ion-input></h2>
[7m   [0m [91m                                                                    ~~~~~~~~~~[0m

  [96msrc/app/qc-detail/qc-detail.page.ts[0m:[93m23[0m:[93m16[0m
    [7m23[0m   templateUrl: './qc-detail.page.html',
    [7m  [0m [96m               ~~~~~~~~~~~~~~~~~~~~~~~[0m
    Error occurs in the template of component QcDetailPage.


Error: [96msrc/app/qc-detail/qc-detail.page.html[0m:[93m116[0m:[93m68[0m - [91merror[0m[90m TS2339: [0mProperty 'gram' does not exist on type 'never'.

[7m116[0m                         <ion-input type="number" [(ngModel)]="item.gram" (ionChange)="recalculate(item)" ></ion-input>
[7m   [0m [91m                                                                   ~~~~[0m

  [96msrc/app/qc-detail/qc-detail.page.ts[0m:[93m23[0m:[93m16[0m
    [7m23[0m   templateUrl: './qc-detail.page.html',
    [7m  [0m [96m               ~~~~~~~~~~~~~~~~~~~~~~~[0m
    Error occurs in the template of component QcDetailPage.


Error: [96msrc/app/qc-detail/qc-detail.page.html[0m:[93m116[0m:[93m68[0m - [91merror[0m[90m TS2339: [0mProperty 'gram' does not exist on type 'never'.

[7m116[0m                         <ion-input type="number" [(ngModel)]="item.gram" (ionChange)="recalculate(item)" ></ion-input>
[7m   [0m [91m                                                                   ~~~~[0m

  [96msrc/app/qc-detail/qc-detail.page.ts[0m:[93m23[0m:[93m16[0m
    [7m23[0m   templateUrl: './qc-detail.page.html',
    [7m  [0m [96m               ~~~~~~~~~~~~~~~~~~~~~~~[0m
    Error occurs in the template of component QcDetailPage.


Error: [96msrc/app/qc-detail/qc-detail.page.html[0m:[93m123[0m:[93m103[0m - [91merror[0m[90m TS2339: [0mProperty 'item_multiple_image' does not exist on type 'never'.

[7m123[0m                     <ion-slides pager="true" [options]="slideOpts" class="homepagesilder" *ngIf="item.item_multiple_image && item.item_is_multiple_image == 1">
[7m   [0m [91m                                                                                                      ~~~~~~~~~~~~~~~~~~~[0m

  [96msrc/app/qc-detail/qc-detail.page.ts[0m:[93m23[0m:[93m16[0m
    [7m23[0m   templateUrl: './qc-detail.page.html',
    [7m  [0m [96m               ~~~~~~~~~~~~~~~~~~~~~~~[0m
    Error occurs in the template of component QcDetailPage.


Error: [96msrc/app/qc-detail/qc-detail.page.html[0m:[93m123[0m:[93m131[0m - [91merror[0m[90m TS2339: [0mProperty 'item_is_multiple_image' does not exist on type 'never'.

[7m123[0m                     <ion-slides pager="true" [options]="slideOpts" class="homepagesilder" *ngIf="item.item_multiple_image && item.item_is_multiple_image == 1">
[7m   [0m [91m                                                                                                                                  ~~~~~~~~~~~~~~~~~~~~~~[0m

  [96msrc/app/qc-detail/qc-detail.page.ts[0m:[93m23[0m:[93m16[0m
    [7m23[0m   templateUrl: './qc-detail.page.html',
    [7m  [0m [96m               ~~~~~~~~~~~~~~~~~~~~~~~[0m
    Error occurs in the template of component QcDetailPage.


Error: [96msrc/app/qc-detail/qc-detail.page.html[0m:[93m124[0m:[93m56[0m - [91merror[0m[90m TS2339: [0mProperty 'item_multiple_image' does not exist on type 'never'.

[7m124[0m                       <ion-slide *ngFor="let x of item.item_multiple_image">
[7m   [0m [91m                                                       ~~~~~~~~~~~~~~~~~~~[0m

  [96msrc/app/qc-detail/qc-detail.page.ts[0m:[93m23[0m:[93m16[0m
    [7m23[0m   templateUrl: './qc-detail.page.html',
    [7m  [0m [96m               ~~~~~~~~~~~~~~~~~~~~~~~[0m
    Error occurs in the template of component QcDetailPage.


Error: [96msrc/app/qc-detail/qc-detail.page.html[0m:[93m131[0m:[93m103[0m - [91merror[0m[90m TS2339: [0mProperty 'item_image' does not exist on type 'never'.

[7m131[0m                     <ion-slides pager="true" [options]="slideOpts" class="homepagesilder" *ngIf="item.item_image && item.item_is_multiple_image == 0">
[7m   [0m [91m                                                                                                      ~~~~~~~~~~[0m

  [96msrc/app/qc-detail/qc-detail.page.ts[0m:[93m23[0m:[93m16[0m
    [7m23[0m   templateUrl: './qc-detail.page.html',
    [7m  [0m [96m               ~~~~~~~~~~~~~~~~~~~~~~~[0m
    Error occurs in the template of component QcDetailPage.


Error: [96msrc/app/qc-detail/qc-detail.page.html[0m:[93m131[0m:[93m122[0m - [91merror[0m[90m TS2339: [0mProperty 'item_is_multiple_image' does not exist on type 'never'.

[7m131[0m                     <ion-slides pager="true" [options]="slideOpts" class="homepagesilder" *ngIf="item.item_image && item.item_is_multiple_image == 0">
[7m   [0m [91m                                                                                                                         ~~~~~~~~~~~~~~~~~~~~~~[0m

  [96msrc/app/qc-detail/qc-detail.page.ts[0m:[93m23[0m:[93m16[0m
    [7m23[0m   templateUrl: './qc-detail.page.html',
    [7m  [0m [96m               ~~~~~~~~~~~~~~~~~~~~~~~[0m
    Error occurs in the template of component QcDetailPage.


Error: [96msrc/app/qc-detail/qc-detail.page.html[0m:[93m134[0m:[93m48[0m - [91merror[0m[90m TS2339: [0mProperty 'item_image' does not exist on type 'never'.

[7m134[0m                               <img [src]="item.item_image" />
[7m   [0m [91m                                               ~~~~~~~~~~[0m

  [96msrc/app/qc-detail/qc-detail.page.ts[0m:[93m23[0m:[93m16[0m
    [7m23[0m   templateUrl: './qc-detail.page.html',
    [7m  [0m [96m               ~~~~~~~~~~~~~~~~~~~~~~~[0m
    Error occurs in the template of component QcDetailPage.


Error: [96msrc/app/qc-detail/qc-detail.page.html[0m:[93m159[0m:[93m121[0m - [91merror[0m[90m TS2339: [0mProperty 'remark' does not exist on type 'never'.

[7m159[0m                         <ion-input style="border: 1px solid black;" placeholder="Remarks" type="text" [(ngModel)]="item.remark"></ion-input>
[7m   [0m [91m                                                                                                                        ~~~~~~[0m

  [96msrc/app/qc-detail/qc-detail.page.ts[0m:[93m23[0m:[93m16[0m
    [7m23[0m   templateUrl: './qc-detail.page.html',
    [7m  [0m [96m               ~~~~~~~~~~~~~~~~~~~~~~~[0m
    Error occurs in the template of component QcDetailPage.


Error: [96msrc/app/qc-detail/qc-detail.page.html[0m:[93m159[0m:[93m121[0m - [91merror[0m[90m TS2339: [0mProperty 'remark' does not exist on type 'never'.

[7m159[0m                         <ion-input style="border: 1px solid black;" placeholder="Remarks" type="text" [(ngModel)]="item.remark"></ion-input>
[7m   [0m [91m                                                                                                                        ~~~~~~[0m

  [96msrc/app/qc-detail/qc-detail.page.ts[0m:[93m23[0m:[93m16[0m
    [7m23[0m   templateUrl: './qc-detail.page.html',
    [7m  [0m [96m               ~~~~~~~~~~~~~~~~~~~~~~~[0m
    Error occurs in the template of component QcDetailPage.


Error: [96msrc/app/qc-detail/qc-detail.page.html[0m:[93m168[0m:[93m42[0m - [91merror[0m[90m TS2339: [0mProperty 'imageUrl' does not exist on type 'never'.

[7m168[0m                     <ion-row *ngIf="item.imageUrl && item.is_multiple_image == 0">
[7m   [0m [91m                                         ~~~~~~~~[0m

  [96msrc/app/qc-detail/qc-detail.page.ts[0m:[93m23[0m:[93m16[0m
    [7m23[0m   templateUrl: './qc-detail.page.html',
    [7m  [0m [96m               ~~~~~~~~~~~~~~~~~~~~~~~[0m
    Error occurs in the template of component QcDetailPage.


Error: [96msrc/app/qc-detail/qc-detail.page.html[0m:[93m168[0m:[93m59[0m - [91merror[0m[90m TS2339: [0mProperty 'is_multiple_image' does not exist on type 'never'.

[7m168[0m                     <ion-row *ngIf="item.imageUrl && item.is_multiple_image == 0">
[7m   [0m [91m                                                          ~~~~~~~~~~~~~~~~~[0m

  [96msrc/app/qc-detail/qc-detail.page.ts[0m:[93m23[0m:[93m16[0m
    [7m23[0m   templateUrl: './qc-detail.page.html',
    [7m  [0m [96m               ~~~~~~~~~~~~~~~~~~~~~~~[0m
    Error occurs in the template of component QcDetailPage.


Error: [96msrc/app/qc-detail/qc-detail.page.html[0m:[93m171[0m:[93m46[0m - [91merror[0m[90m TS2339: [0mProperty 'imageUrl' does not exist on type 'never'.

[7m171[0m                             <img [src]="item.imageUrl" style="width: 100%;" class="logoimg">
[7m   [0m [91m                                             ~~~~~~~~[0m

  [96msrc/app/qc-detail/qc-detail.page.ts[0m:[93m23[0m:[93m16[0m
    [7m23[0m   templateUrl: './qc-detail.page.html',
    [7m  [0m [96m               ~~~~~~~~~~~~~~~~~~~~~~~[0m
    Error occurs in the template of component QcDetailPage.


Error: [96msrc/app/qc-detail/qc-detail.page.html[0m:[93m173[0m:[93m68[0m - [91merror[0m[90m TS2339: [0mProperty 'imageUrl' does not exist on type 'never'.

[7m173[0m                             <ion-button (click)="delete_img(0,item.imageUrl,i)" class="buttontheme-orange" color="danger">Delete</ion-button>
[7m   [0m [91m                                                                   ~~~~~~~~[0m

  [96msrc/app/qc-detail/qc-detail.page.ts[0m:[93m23[0m:[93m16[0m
    [7m23[0m   templateUrl: './qc-detail.page.html',
    [7m  [0m [96m               ~~~~~~~~~~~~~~~~~~~~~~~[0m
    Error occurs in the template of component QcDetailPage.


Error: [96msrc/app/qc-detail/qc-detail.page.html[0m:[93m178[0m:[93m42[0m - [91merror[0m[90m TS2339: [0mProperty 'MultipleImageUrl' does not exist on type 'never'.

[7m178[0m                     <ion-row *ngIf="item.MultipleImageUrl && item.is_multiple_image == 1">
[7m   [0m [91m                                         ~~~~~~~~~~~~~~~~[0m

  [96msrc/app/qc-detail/qc-detail.page.ts[0m:[93m23[0m:[93m16[0m
    [7m23[0m   templateUrl: './qc-detail.page.html',
    [7m  [0m [96m               ~~~~~~~~~~~~~~~~~~~~~~~[0m
    Error occurs in the template of component QcDetailPage.


Error: [96msrc/app/qc-detail/qc-detail.page.html[0m:[93m178[0m:[93m67[0m - [91merror[0m[90m TS2339: [0mProperty 'is_multiple_image' does not exist on type 'never'.

[7m178[0m                     <ion-row *ngIf="item.MultipleImageUrl && item.is_multiple_image == 1">
[7m   [0m [91m                                                                  ~~~~~~~~~~~~~~~~~[0m

  [96msrc/app/qc-detail/qc-detail.page.ts[0m:[93m23[0m:[93m16[0m
    [7m23[0m   templateUrl: './qc-detail.page.html',
    [7m  [0m [96m               ~~~~~~~~~~~~~~~~~~~~~~~[0m
    Error occurs in the template of component QcDetailPage.


Error: [96msrc/app/qc-detail/qc-detail.page.html[0m:[93m179[0m:[93m94[0m - [91merror[0m[90m TS2339: [0mProperty 'MultipleImageUrl' does not exist on type 'never'.

[7m179[0m                       <ion-col size="12" class="ion-align-self-center" *ngFor="let x of item.MultipleImageUrl">
[7m   [0m [91m                                                                                             ~~~~~~~~~~~~~~~~[0m

  [96msrc/app/qc-detail/qc-detail.page.ts[0m:[93m23[0m:[93m16[0m
    [7m23[0m   templateUrl: './qc-detail.page.html',
    [7m  [0m [96m               ~~~~~~~~~~~~~~~~~~~~~~~[0m
    Error occurs in the template of component QcDetailPage.


Error: [96msrc/app/qc-detail/qc-detail.page.html[0m:[93m205[0m:[93m35[0m - [91merror[0m[90m TS2339: [0mProperty 'total_gram' does not exist on type '{}'.

[7m205[0m                     <h2>{{summary.total_gram | number: '.2'}}</h2>
[7m   [0m [91m                                  ~~~~~~~~~~[0m

  [96msrc/app/qc-detail/qc-detail.page.ts[0m:[93m23[0m:[93m16[0m
    [7m23[0m   templateUrl: './qc-detail.page.html',
    [7m  [0m [96m               ~~~~~~~~~~~~~~~~~~~~~~~[0m
    Error occurs in the template of component QcDetailPage.


Error: [96msrc/app/qc-detail/qc-detail.page.html[0m:[93m123[0m:[93m21[0m - [91merror[0m[90m NG8001: [0m'ion-slides' is not a known element:
1. If 'ion-slides' is an Angular component, then verify that it is part of this module.
2. If 'ion-slides' is a Web Component then add 'CUSTOM_ELEMENTS_SCHEMA' to the '@NgModule.schemas' of this component to suppress this message.

[7m123[0m                     <ion-slides pager="true" [options]="slideOpts" class="homepagesilder" *ngIf="item.item_multiple_image && item.item_is_multiple_image == 1">
[7m   [0m [91m                    ~~~~~~~~~~~~~~~~~~~~~~~~~~~~~~~~~~~~~~~~~~~~~~~~~~~~~~~~~~~~~~~~~~~~~~~~~~~~~~~~~~~~~~~~~~~~~~~~~~~~~~~~~~~~~~~~~~~~~~~~~~~~~~~~~~~~~~~~~~~[0m

  [96msrc/app/qc-detail/qc-detail.page.ts[0m:[93m23[0m:[93m16[0m
    [7m23[0m   templateUrl: './qc-detail.page.html',
    [7m  [0m [96m               ~~~~~~~~~~~~~~~~~~~~~~~[0m
    Error occurs in the template of component QcDetailPage.


Error: [96msrc/app/qc-detail/qc-detail.page.html[0m:[93m123[0m:[93m46[0m - [91merror[0m[90m NG8002: [0mCan't bind to 'options' since it isn't a known property of 'ion-slides'.
1. If 'ion-slides' is an Angular component and it has 'options' input, then verify that it is part of this module.
2. If 'ion-slides' is a Web Component then add 'CUSTOM_ELEMENTS_SCHEMA' to the '@NgModule.schemas' of this component to suppress this message.
3. To allow any property add 'NO_ERRORS_SCHEMA' to the '@NgModule.schemas' of this component.

[7m123[0m                     <ion-slides pager="true" [options]="slideOpts" class="homepagesilder" *ngIf="item.item_multiple_image && item.item_is_multiple_image == 1">
[7m   [0m [91m                                             ~~~~~~~~~~~~~~~~~~~~~[0m

  [96msrc/app/qc-detail/qc-detail.page.ts[0m:[93m23[0m:[93m16[0m
    [7m23[0m   templateUrl: './qc-detail.page.html',
    [7m  [0m [96m               ~~~~~~~~~~~~~~~~~~~~~~~[0m
    Error occurs in the template of component QcDetailPage.


Error: [96msrc/app/qc-detail/qc-detail.page.html[0m:[93m124[0m:[93m23[0m - [91merror[0m[90m NG8001: [0m'ion-slide' is not a known element:
1. If 'ion-slide' is an Angular component, then verify that it is part of this module.
2. If 'ion-slide' is a Web Component then add 'CUSTOM_ELEMENTS_SCHEMA' to the '@NgModule.schemas' of this component to suppress this message.

[7m124[0m                       <ion-slide *ngFor="let x of item.item_multiple_image">
[7m   [0m [91m                      ~~~~~~~~~~~~~~~~~~~~~~~~~~~~~~~~~~~~~~~~~~~~~~~~~~~~~~[0m

  [96msrc/app/qc-detail/qc-detail.page.ts[0m:[93m23[0m:[93m16[0m
    [7m23[0m   templateUrl: './qc-detail.page.html',
    [7m  [0m [96m               ~~~~~~~~~~~~~~~~~~~~~~~[0m
    Error occurs in the template of component QcDetailPage.


Error: [96msrc/app/qc-detail/qc-detail.page.html[0m:[93m131[0m:[93m21[0m - [91merror[0m[90m NG8001: [0m'ion-slides' is not a known element:
1. If 'ion-slides' is an Angular component, then verify that it is part of this module.
2. If 'ion-slides' is a Web Component then add 'CUSTOM_ELEMENTS_SCHEMA' to the '@NgModule.schemas' of this component to suppress this message.

[7m131[0m                     <ion-slides pager="true" [options]="slideOpts" class="homepagesilder" *ngIf="item.item_image && item.item_is_multiple_image == 0">
[7m   [0m [91m                    ~~~~~~~~~~~~~~~~~~~~~~~~~~~~~~~~~~~~~~~~~~~~~~~~~~~~~~~~~~~~~~~~~~~~~~~~~~~~~~~~~~~~~~~~~~~~~~~~~~~~~~~~~~~~~~~~~~~~~~~~~~~~~~~~~~[0m

  [96msrc/app/qc-detail/qc-detail.page.ts[0m:[93m23[0m:[93m16[0m
    [7m23[0m   templateUrl: './qc-detail.page.html',
    [7m  [0m [96m               ~~~~~~~~~~~~~~~~~~~~~~~[0m
    Error occurs in the template of component QcDetailPage.


Error: [96msrc/app/qc-detail/qc-detail.page.html[0m:[93m131[0m:[93m46[0m - [91merror[0m[90m NG8002: [0mCan't bind to 'options' since it isn't a known property of 'ion-slides'.
1. If 'ion-slides' is an Angular component and it has 'options' input, then verify that it is part of this module.
2. If 'ion-slides' is a Web Component then add 'CUSTOM_ELEMENTS_SCHEMA' to the '@NgModule.schemas' of this component to suppress this message.
3. To allow any property add 'NO_ERRORS_SCHEMA' to the '@NgModule.schemas' of this component.

[7m131[0m                     <ion-slides pager="true" [options]="slideOpts" class="homepagesilder" *ngIf="item.item_image && item.item_is_multiple_image == 0">
[7m   [0m [91m                                             ~~~~~~~~~~~~~~~~~~~~~[0m

  [96msrc/app/qc-detail/qc-detail.page.ts[0m:[93m23[0m:[93m16[0m
    [7m23[0m   templateUrl: './qc-detail.page.html',
    [7m  [0m [96m               ~~~~~~~~~~~~~~~~~~~~~~~[0m
    Error occurs in the template of component QcDetailPage.


Error: [96msrc/app/qc-detail/qc-detail.page.html[0m:[93m132[0m:[93m23[0m - [91merror[0m[90m NG8001: [0m'ion-slide' is not a known element:
1. If 'ion-slide' is an Angular component, then verify that it is part of this module.
2. If 'ion-slide' is a Web Component then add 'CUSTOM_ELEMENTS_SCHEMA' to the '@NgModule.schemas' of this component to suppress this message.

[7m132[0m                       <ion-slide>
[7m   [0m [91m                      ~~~~~~~~~~~[0m

  [96msrc/app/qc-detail/qc-detail.page.ts[0m:[93m23[0m:[93m16[0m
    [7m23[0m   templateUrl: './qc-detail.page.html',
    [7m  [0m [96m               ~~~~~~~~~~~~~~~~~~~~~~~[0m
    Error occurs in the template of component QcDetailPage.


Error: [96msrc/app/collection-order/collection-order.page.html[0m:[93m9[0m:[93m56[0m - [91merror[0m[90m TS2339: [0mProperty 'order_status' does not exist on type 'never'.

[7m9[0m    <div class="status" style="{{(status_color_kvList[x.order_status])?'color:'+status_color_kvList[x.order_status]+';border-color:'+status_color_kvList[x.order_status]:''}}">{{x.order_status_name}}</div>
[7m [0m [91m                                                       ~~~~~~~~~~~~[0m

  [96msrc/app/collection-order/collection-order.page.ts[0m:[93m11[0m:[93m15[0m
    [7m11[0m  templateUrl: './collection-order.page.html',
    [7m  [0m [96m              ~~~~~~~~~~~~~~~~~~~~~~~~~~~~~~[0m
    Error occurs in the template of component CollectionOrderPage.


Error: [96msrc/app/collection-order/collection-order.page.html[0m:[93m9[0m:[93m102[0m - [91merror[0m[90m TS2339: [0mProperty 'order_status' does not exist on type 'never'.

[7m9[0m    <div class="status" style="{{(status_color_kvList[x.order_status])?'color:'+status_color_kvList[x.order_status]+';border-color:'+status_color_kvList[x.order_status]:''}}">{{x.order_status_name}}</div>
[7m [0m [91m                                                                                                     ~~~~~~~~~~~~[0m

  [96msrc/app/collection-order/collection-order.page.ts[0m:[93m11[0m:[93m15[0m
    [7m11[0m  templateUrl: './collection-order.page.html',
    [7m  [0m [96m              ~~~~~~~~~~~~~~~~~~~~~~~~~~~~~~[0m
    Error occurs in the template of component CollectionOrderPage.


Error: [96msrc/app/collection-order/collection-order.page.html[0m:[93m9[0m:[93m155[0m - [91merror[0m[90m TS2339: [0mProperty 'order_status' does not exist on type 'never'.

[7m9[0m    <div class="status" style="{{(status_color_kvList[x.order_status])?'color:'+status_color_kvList[x.order_status]+';border-color:'+status_color_kvList[x.order_status]:''}}">{{x.order_status_name}}</div>
[7m [0m [91m                                                                                                                                                          ~~~~~~~~~~~~[0m

  [96msrc/app/collection-order/collection-order.page.ts[0m:[93m11[0m:[93m15[0m
    [7m11[0m  templateUrl: './collection-order.page.html',
    [7m  [0m [96m              ~~~~~~~~~~~~~~~~~~~~~~~~~~~~~~[0m
    Error occurs in the template of component CollectionOrderPage.


Error: [96msrc/app/collection-order/collection-order.page.html[0m:[93m9[0m:[93m179[0m - [91merror[0m[90m TS2339: [0mProperty 'order_status_name' does not exist on type 'never'.

[7m9[0m    <div class="status" style="{{(status_color_kvList[x.order_status])?'color:'+status_color_kvList[x.order_status]+';border-color:'+status_color_kvList[x.order_status]:''}}">{{x.order_status_name}}</div>
[7m [0m [91m                                                                                                                                                                                  ~~~~~~~~~~~~~~~~~[0m

  [96msrc/app/collection-order/collection-order.page.ts[0m:[93m11[0m:[93m15[0m
    [7m11[0m  templateUrl: './collection-order.page.html',
    [7m  [0m [96m              ~~~~~~~~~~~~~~~~~~~~~~~~~~~~~~[0m
    Error occurs in the template of component CollectionOrderPage.


Error: [96msrc/app/collection-order/collection-order.page.html[0m:[93m19[0m:[93m18[0m - [91merror[0m[90m TS2339: [0mProperty 'customerDetail' does not exist on type 'never'.

[7m19[0m         <div>{{x.customerDetail.name}}</div>
[7m  [0m [91m                 ~~~~~~~~~~~~~~[0m

  [96msrc/app/collection-order/collection-order.page.ts[0m:[93m11[0m:[93m15[0m
    [7m11[0m  templateUrl: './collection-order.page.html',
    [7m  [0m [96m              ~~~~~~~~~~~~~~~~~~~~~~~~~~~~~~[0m
    Error occurs in the template of component CollectionOrderPage.


Error: [96msrc/app/collection-order/collection-order.page.html[0m:[93m30[0m:[93m13[0m - [91merror[0m[90m TS2339: [0mProperty 'pickup_city' does not exist on type 'never'.

[7m30[0m         {{x.pickup_city}}, {{x.pickup_state}}
[7m  [0m [91m            ~~~~~~~~~~~[0m

  [96msrc/app/collection-order/collection-order.page.ts[0m:[93m11[0m:[93m15[0m
    [7m11[0m  templateUrl: './collection-order.page.html',
    [7m  [0m [96m              ~~~~~~~~~~~~~~~~~~~~~~~~~~~~~~[0m
    Error occurs in the template of component CollectionOrderPage.


Error: [96msrc/app/collection-order/collection-order.page.html[0m:[93m30[0m:[93m32[0m - [91merror[0m[90m TS2339: [0mProperty 'pickup_state' does not exist on type 'never'.

[7m30[0m         {{x.pickup_city}}, {{x.pickup_state}}
[7m  [0m [91m                               ~~~~~~~~~~~~[0m

  [96msrc/app/collection-order/collection-order.page.ts[0m:[93m11[0m:[93m15[0m
    [7m11[0m  templateUrl: './collection-order.page.html',
    [7m  [0m [96m              ~~~~~~~~~~~~~~~~~~~~~~~~~~~~~~[0m
    Error occurs in the template of component CollectionOrderPage.


Error: [96msrc/app/punch-card/punch-card.page.html[0m:[93m3[0m:[93m69[0m - [91merror[0m[90m TS2339: [0mProperty 'onSwipeLeft' does not exist on type 'PunchCardPage'.

[7m3[0m <ion-content class="specialcontent whitepage" appSwipe (swipeLeft)="onSwipeLeft($event)" mode="ios">
[7m [0m [91m                                                                    ~~~~~~~~~~~[0m

  [96msrc/app/punch-card/punch-card.page.ts[0m:[93m11[0m:[93m15[0m
    [7m11[0m  templateUrl: './punch-card.page.html',
    [7m  [0m [96m              ~~~~~~~~~~~~~~~~~~~~~~~~[0m
    Error occurs in the template of component PunchCardPage.


Error: [96msrc/app/punch-card/punch-card.page.html[0m:[93m46[0m:[93m34[0m - [91merror[0m[90m TS2339: [0mProperty 'date' does not exist on type 'never'.

[7m46[0m         <ion-col size="6">{{item.date}}</ion-col>
[7m  [0m [91m                                 ~~~~[0m

  [96msrc/app/punch-card/punch-card.page.ts[0m:[93m11[0m:[93m15[0m
    [7m11[0m  templateUrl: './punch-card.page.html',
    [7m  [0m [96m              ~~~~~~~~~~~~~~~~~~~~~~~~[0m
    Error occurs in the template of component PunchCardPage.


Error: [96msrc/app/punch-card/punch-card.page.html[0m:[93m48[0m:[93m27[0m - [91merror[0m[90m TS2339: [0mProperty 'date' does not exist on type 'never'.

[7m48[0m          <div *ngIf="item.date <= today">
[7m  [0m [91m                          ~~~~[0m

  [96msrc/app/punch-card/punch-card.page.ts[0m:[93m11[0m:[93m15[0m
    [7m11[0m  templateUrl: './punch-card.page.html',
    [7m  [0m [96m              ~~~~~~~~~~~~~~~~~~~~~~~~[0m
    Error occurs in the template of component PunchCardPage.


Error: [96msrc/app/punch-card/punch-card.page.html[0m:[93m49[0m:[93m29[0m - [91merror[0m[90m TS2339: [0mProperty 'clock_in' does not exist on type 'never'.

[7m49[0m           <span *ngIf="item.clock_in" (click)="view_detail(item.clock_in_data)">{{item.clock_in}}</span>
[7m  [0m [91m                            ~~~~~~~~[0m

  [96msrc/app/punch-card/punch-card.page.ts[0m:[93m11[0m:[93m15[0m
    [7m11[0m  templateUrl: './punch-card.page.html',
    [7m  [0m [96m              ~~~~~~~~~~~~~~~~~~~~~~~~[0m
    Error occurs in the template of component PunchCardPage.


Error: [96msrc/app/punch-card/punch-card.page.html[0m:[93m49[0m:[93m65[0m - [91merror[0m[90m TS2339: [0mProperty 'clock_in_data' does not exist on type 'never'.

[7m49[0m           <span *ngIf="item.clock_in" (click)="view_detail(item.clock_in_data)">{{item.clock_in}}</span>
[7m  [0m [91m                                                                ~~~~~~~~~~~~~[0m

  [96msrc/app/punch-card/punch-card.page.ts[0m:[93m11[0m:[93m15[0m
    [7m11[0m  templateUrl: './punch-card.page.html',
    [7m  [0m [96m              ~~~~~~~~~~~~~~~~~~~~~~~~[0m
    Error occurs in the template of component PunchCardPage.


Error: [96msrc/app/punch-card/punch-card.page.html[0m:[93m49[0m:[93m88[0m - [91merror[0m[90m TS2339: [0mProperty 'clock_in' does not exist on type 'never'.

[7m49[0m           <span *ngIf="item.clock_in" (click)="view_detail(item.clock_in_data)">{{item.clock_in}}</span>
[7m  [0m [91m                                                                                       ~~~~~~~~[0m

  [96msrc/app/punch-card/punch-card.page.ts[0m:[93m11[0m:[93m15[0m
    [7m11[0m  templateUrl: './punch-card.page.html',
    [7m  [0m [96m              ~~~~~~~~~~~~~~~~~~~~~~~~[0m
    Error occurs in the template of component PunchCardPage.


Error: [96msrc/app/punch-card/punch-card.page.html[0m:[93m50[0m:[93m30[0m - [91merror[0m[90m TS2339: [0mProperty 'clock_in' does not exist on type 'never'.

[7m50[0m           <span *ngIf="!item.clock_in">-</span>
[7m  [0m [91m                             ~~~~~~~~[0m

  [96msrc/app/punch-card/punch-card.page.ts[0m:[93m11[0m:[93m15[0m
    [7m11[0m  templateUrl: './punch-card.page.html',
    [7m  [0m [96m              ~~~~~~~~~~~~~~~~~~~~~~~~[0m
    Error occurs in the template of component PunchCardPage.


Error: [96msrc/app/punch-card/punch-card.page.html[0m:[93m53[0m:[93m29[0m - [91merror[0m[90m TS2339: [0mProperty 'clock_in' does not exist on type 'never'.

[7m53[0m           <span *ngIf="item.clock_in">{{item.clock_in}}</span>
[7m  [0m [91m                            ~~~~~~~~[0m

  [96msrc/app/punch-card/punch-card.page.ts[0m:[93m11[0m:[93m15[0m
    [7m11[0m  templateUrl: './punch-card.page.html',
    [7m  [0m [96m              ~~~~~~~~~~~~~~~~~~~~~~~~[0m
    Error occurs in the template of component PunchCardPage.


Error: [96msrc/app/punch-card/punch-card.page.html[0m:[93m53[0m:[93m46[0m - [91merror[0m[90m TS2339: [0mProperty 'clock_in' does not exist on type 'never'.

[7m53[0m           <span *ngIf="item.clock_in">{{item.clock_in}}</span>
[7m  [0m [91m                                             ~~~~~~~~[0m

  [96msrc/app/punch-card/punch-card.page.ts[0m:[93m11[0m:[93m15[0m
    [7m11[0m  templateUrl: './punch-card.page.html',
    [7m  [0m [96m              ~~~~~~~~~~~~~~~~~~~~~~~~[0m
    Error occurs in the template of component PunchCardPage.


Error: [96msrc/app/punch-card/punch-card.page.html[0m:[93m54[0m:[93m30[0m - [91merror[0m[90m TS2339: [0mProperty 'clock_in' does not exist on type 'never'.

[7m54[0m           <span *ngIf="!item.clock_in"></span>
[7m  [0m [91m                             ~~~~~~~~[0m

  [96msrc/app/punch-card/punch-card.page.ts[0m:[93m11[0m:[93m15[0m
    [7m11[0m  templateUrl: './punch-card.page.html',
    [7m  [0m [96m              ~~~~~~~~~~~~~~~~~~~~~~~~[0m
    Error occurs in the template of component PunchCardPage.


Error: [96msrc/app/punch-card/punch-card.page.html[0m:[93m58[0m:[93m27[0m - [91merror[0m[90m TS2339: [0mProperty 'date' does not exist on type 'never'.

[7m58[0m          <div *ngIf="item.date <= today">
[7m  [0m [91m                          ~~~~[0m

  [96msrc/app/punch-card/punch-card.page.ts[0m:[93m11[0m:[93m15[0m
    [7m11[0m  templateUrl: './punch-card.page.html',
    [7m  [0m [96m              ~~~~~~~~~~~~~~~~~~~~~~~~[0m
    Error occurs in the template of component PunchCardPage.


Error: [96msrc/app/punch-card/punch-card.page.html[0m:[93m59[0m:[93m29[0m - [91merror[0m[90m TS2339: [0mProperty 'clock_out' does not exist on type 'never'.

[7m59[0m           <span *ngIf="item.clock_out" (click)="view_detail(item.clock_out_data)">{{item.clock_out}}</span>
[7m  [0m [91m                            ~~~~~~~~~[0m

  [96msrc/app/punch-card/punch-card.page.ts[0m:[93m11[0m:[93m15[0m
    [7m11[0m  templateUrl: './punch-card.page.html',
    [7m  [0m [96m              ~~~~~~~~~~~~~~~~~~~~~~~~[0m
    Error occurs in the template of component PunchCardPage.


Error: [96msrc/app/punch-card/punch-card.page.html[0m:[93m59[0m:[93m66[0m - [91merror[0m[90m TS2339: [0mProperty 'clock_out_data' does not exist on type 'never'.

[7m59[0m           <span *ngIf="item.clock_out" (click)="view_detail(item.clock_out_data)">{{item.clock_out}}</span>
[7m  [0m [91m                                                                 ~~~~~~~~~~~~~~[0m

  [96msrc/app/punch-card/punch-card.page.ts[0m:[93m11[0m:[93m15[0m
    [7m11[0m  templateUrl: './punch-card.page.html',
    [7m  [0m [96m              ~~~~~~~~~~~~~~~~~~~~~~~~[0m
    Error occurs in the template of component PunchCardPage.


Error: [96msrc/app/punch-card/punch-card.page.html[0m:[93m59[0m:[93m90[0m - [91merror[0m[90m TS2339: [0mProperty 'clock_out' does not exist on type 'never'.

[7m59[0m           <span *ngIf="item.clock_out" (click)="view_detail(item.clock_out_data)">{{item.clock_out}}</span>
[7m  [0m [91m                                                                                         ~~~~~~~~~[0m

  [96msrc/app/punch-card/punch-card.page.ts[0m:[93m11[0m:[93m15[0m
    [7m11[0m  templateUrl: './punch-card.page.html',
    [7m  [0m [96m              ~~~~~~~~~~~~~~~~~~~~~~~~[0m
    Error occurs in the template of component PunchCardPage.


Error: [96msrc/app/punch-card/punch-card.page.html[0m:[93m60[0m:[93m30[0m - [91merror[0m[90m TS2339: [0mProperty 'clock_out' does not exist on type 'never'.

[7m60[0m           <span *ngIf="!item.clock_out">-</span>
[7m  [0m [91m                             ~~~~~~~~~[0m

  [96msrc/app/punch-card/punch-card.page.ts[0m:[93m11[0m:[93m15[0m
    [7m11[0m  templateUrl: './punch-card.page.html',
    [7m  [0m [96m              ~~~~~~~~~~~~~~~~~~~~~~~~[0m
    Error occurs in the template of component PunchCardPage.


Error: [96msrc/app/punch-card/punch-card.page.html[0m:[93m63[0m:[93m29[0m - [91merror[0m[90m TS2339: [0mProperty 'clock_out' does not exist on type 'never'.

[7m63[0m           <span *ngIf="item.clock_out">{{item.clock_out}}</span>
[7m  [0m [91m                            ~~~~~~~~~[0m

  [96msrc/app/punch-card/punch-card.page.ts[0m:[93m11[0m:[93m15[0m
    [7m11[0m  templateUrl: './punch-card.page.html',
    [7m  [0m [96m              ~~~~~~~~~~~~~~~~~~~~~~~~[0m
    Error occurs in the template of component PunchCardPage.


Error: [96msrc/app/punch-card/punch-card.page.html[0m:[93m63[0m:[93m47[0m - [91merror[0m[90m TS2339: [0mProperty 'clock_out' does not exist on type 'never'.

[7m63[0m           <span *ngIf="item.clock_out">{{item.clock_out}}</span>
[7m  [0m [91m                                              ~~~~~~~~~[0m

  [96msrc/app/punch-card/punch-card.page.ts[0m:[93m11[0m:[93m15[0m
    [7m11[0m  templateUrl: './punch-card.page.html',
    [7m  [0m [96m              ~~~~~~~~~~~~~~~~~~~~~~~~[0m
    Error occurs in the template of component PunchCardPage.


Error: [96msrc/app/punch-card/punch-card.page.html[0m:[93m64[0m:[93m30[0m - [91merror[0m[90m TS2339: [0mProperty 'clock_out' does not exist on type 'never'.

[7m64[0m           <span *ngIf="!item.clock_out"></span>
[7m  [0m [91m                             ~~~~~~~~~[0m

  [96msrc/app/punch-card/punch-card.page.ts[0m:[93m11[0m:[93m15[0m
    [7m11[0m  templateUrl: './punch-card.page.html',
    [7m  [0m [96m              ~~~~~~~~~~~~~~~~~~~~~~~~[0m
    Error occurs in the template of component PunchCardPage.


Error: [96msrc/app/punching/punching.page.html[0m:[93m3[0m:[93m69[0m - [91merror[0m[90m TS2339: [0mProperty 'onSwipeLeft' does not exist on type 'PunchingPage'.

[7m3[0m <ion-content class="specialcontent whitepage" appSwipe (swipeLeft)="onSwipeLeft($event)" mode="ios">
[7m [0m [91m                                                                    ~~~~~~~~~~~[0m

  [96msrc/app/punching/punching.page.ts[0m:[93m13[0m:[93m15[0m
    [7m13[0m  templateUrl: './punching.page.html',
    [7m  [0m [96m              ~~~~~~~~~~~~~~~~~~~~~~[0m
    Error occurs in the template of component PunchingPage.


Error: [96msrc/app/job-log/filter.pipe.ts[0m:[93m6[0m:[93m14[0m - [91merror[0m[90m NG6007: [0mThe Pipe 'FilterPipe' is declared by more than one NgModule.

[7m6[0m export class FilterPipe implements PipeTransform {
[7m [0m [91m             ~~~~~~~~~~[0m

  [96msrc/app/job-log-history/job-log-history.module.ts[0m:[93m19[0m:[93m5[0m
    [7m19[0m     FilterPipe,
    [7m  [0m [96m    ~~~~~~~~~~[0m
    'FilterPipe' is listed in the declarations of the NgModule 'JobLogHistoryPageModule'.
  [96msrc/app/job-log/job-log.module.ts[0m:[93m19[0m:[93m5[0m
    [7m19[0m     FilterPipe,
    [7m  [0m [96m    ~~~~~~~~~~[0m
    'FilterPipe' is listed in the declarations of the NgModule 'JobLogPageModule'.


Error: [96msrc/app/customer-list/search.pipe.ts[0m:[93m6[0m:[93m14[0m - [91merror[0m[90m NG6007: [0mThe Pipe 'SearchPipe' is declared by more than one NgModule.

[7m6[0m export class SearchPipe implements PipeTransform {
[7m [0m [91m             ~~~~~~~~~~[0m

  [96msrc/app/bullion-pending-reweight/bullion-pending-reweight.module.ts[0m:[93m19[0m:[93m5[0m
    [7m19[0m     SearchPipe,
    [7m  [0m [96m    ~~~~~~~~~~[0m
    'SearchPipe' is listed in the declarations of the NgModule 'BullionPendingReweightPageModule'.
  [96msrc/app/bullion-pending-check/bullion-pending-check.module.ts[0m:[93m22[0m:[93m5[0m
    [7m22[0m     SearchPipe,
    [7m  [0m [96m    ~~~~~~~~~~[0m
    'SearchPipe' is listed in the declarations of the NgModule 'BullionPendingCheckPageModule'.
  [96msrc/app/bullion-pending-tbc/bullion-pending-tbc.module.ts[0m:[93m19[0m:[93m5[0m
    [7m19[0m     SearchPipe,
    [7m  [0m [96m    ~~~~~~~~~~[0m
    'SearchPipe' is listed in the declarations of the NgModule 'BullionPendingTBCPageModule'.
  [96msrc/app/collection-supplier/collection-supplier.module.ts[0m:[93m18[0m:[93m5[0m
    [7m18[0m     SearchPipe,
    [7m  [0m [96m    ~~~~~~~~~~[0m
    'SearchPipe' is listed in the declarations of the NgModule 'CollectionSupplierPageModule'.
  [96msrc/app/weight/weight.module.ts[0m:[93m18[0m:[93m69[0m
    [7m18[0m   declarations: [WeightPage, CommonHeaderComponent, MytabComponent, SearchPipe]
    [7m  [0m [96m                                                                    ~~~~~~~~~~[0m
    'SearchPipe' is listed in the declarations of the NgModule 'WeightPageModule'.
  [96msrc/app/test/test.module.ts[0m:[93m18[0m:[93m5[0m
    [7m18[0m     SearchPipe,
    [7m  [0m [96m    ~~~~~~~~~~[0m
    'SearchPipe' is listed in the declarations of the NgModule 'TestPageModule'.
  [96msrc/app/redeem-task/redeem-task.module.ts[0m:[93m22[0m:[93m5[0m
    [7m22[0m     SearchPipe,
    [7m  [0m [96m    ~~~~~~~~~~[0m
    'SearchPipe' is listed in the declarations of the NgModule 'RedeemTaskPageModule'.
  [96msrc/app/gold-shipment-clock-in-list/gold-shipment-clock-in-list.module.ts[0m:[93m19[0m:[93m5[0m
    [7m19[0m     SearchPipe,
    [7m  [0m [96m    ~~~~~~~~~~[0m
    'SearchPipe' is listed in the declarations of the NgModule 'GoldShipmentClockInListPageModule'.
  [96msrc/app/gold-shipment-list/gold-shipment-list.module.ts[0m:[93m19[0m:[93m5[0m
    [7m19[0m     SearchPipe,
    [7m  [0m [96m    ~~~~~~~~~~[0m
    'SearchPipe' is listed in the declarations of the NgModule 'GoldShipmentListPageModule'.
  [96msrc/app/assay-report-clock-in-list/assay-report-clock-in-list.module.ts[0m:[93m19[0m:[93m5[0m
    [7m19[0m     SearchPipe,
    [7m  [0m [96m    ~~~~~~~~~~[0m
    'SearchPipe' is listed in the declarations of the NgModule 'AssayReportClockInListPageModule'.
  [96msrc/app/exchange-note-list/exchange-note-list.module.ts[0m:[93m19[0m:[93m5[0m
    [7m19[0m     SearchPipe,
    [7m  [0m [96m    ~~~~~~~~~~[0m
    'SearchPipe' is listed in the declarations of the NgModule 'ExchangeNoteListPageModule'.
  [96msrc/app/melting-job-list/melting-job-list.module.ts[0m:[93m19[0m:[93m5[0m
    [7m19[0m     SearchPipe,
    [7m  [0m [96m    ~~~~~~~~~~[0m
    'SearchPipe' is listed in the declarations of the NgModule 'MeltingJobListPageModule'.
  [96msrc/app/melting-job-wizard-list/melting-job-wizard-list.module.ts[0m:[93m19[0m:[93m5[0m
    [7m19[0m     SearchPipe,
    [7m  [0m [96m    ~~~~~~~~~~[0m
    'SearchPipe' is listed in the declarations of the NgModule 'MeltingJobWizardListPageModule'.
  [96msrc/app/customer-list/customer-list.module.ts[0m:[93m18[0m:[93m5[0m
    [7m18[0m     SearchPipe,
    [7m  [0m [96m    ~~~~~~~~~~[0m
    'SearchPipe' is listed in the declarations of the NgModule 'CustomerListPageModule'.


Error: [96msrc/app/modal-pending-reweight/modal-pending-reweight.page.html[0m:[93m143[0m:[93m57[0m - [91merror[0m[90m TS2339: [0mProperty 'slideOpts' does not exist on type 'ModalPendingReweightPage'.

[7m143[0m                     <ion-slides pager="true" [options]="slideOpts">
[7m   [0m [91m                                                        ~~~~~~~~~[0m

  [96msrc/app/modal-pending-reweight/modal-pending-reweight.page.ts[0m:[93m25[0m:[93m16[0m
    [7m25[0m   templateUrl: './modal-pending-reweight.page.html',
    [7m  [0m [96m               ~~~~~~~~~~~~~~~~~~~~~~~~~~~~~~~~~~~~[0m
    Error occurs in the template of component ModalPendingReweightPage.


Error: [96msrc/app/modal-pending-reweight/modal-pending-reweight.page.html[0m:[93m143[0m:[93m21[0m - [91merror[0m[90m NG8001: [0m'ion-slides' is not a known element:
1. If 'ion-slides' is an Angular component, then verify that it is part of this module.
2. If 'ion-slides' is a Web Component then add 'CUSTOM_ELEMENTS_SCHEMA' to the '@NgModule.schemas' of this component to suppress this message.

[7m143[0m                     <ion-slides pager="true" [options]="slideOpts">
[7m   [0m [91m                    ~~~~~~~~~~~~~~~~~~~~~~~~~~~~~~~~~~~~~~~~~~~~~~~[0m

  [96msrc/app/modal-pending-reweight/modal-pending-reweight.page.ts[0m:[93m25[0m:[93m16[0m
    [7m25[0m   templateUrl: './modal-pending-reweight.page.html',
    [7m  [0m [96m               ~~~~~~~~~~~~~~~~~~~~~~~~~~~~~~~~~~~~[0m
    Error occurs in the template of component ModalPendingReweightPage.


Error: [96msrc/app/modal-pending-reweight/modal-pending-reweight.page.html[0m:[93m143[0m:[93m46[0m - [91merror[0m[90m NG8002: [0mCan't bind to 'options' since it isn't a known property of 'ion-slides'.
1. If 'ion-slides' is an Angular component and it has 'options' input, then verify that it is part of this module.
2. If 'ion-slides' is a Web Component then add 'CUSTOM_ELEMENTS_SCHEMA' to the '@NgModule.schemas' of this component to suppress this message.
3. To allow any property add 'NO_ERRORS_SCHEMA' to the '@NgModule.schemas' of this component.

[7m143[0m                     <ion-slides pager="true" [options]="slideOpts">
[7m   [0m [91m                                             ~~~~~~~~~~~~~~~~~~~~~[0m

  [96msrc/app/modal-pending-reweight/modal-pending-reweight.page.ts[0m:[93m25[0m:[93m16[0m
    [7m25[0m   templateUrl: './modal-pending-reweight.page.html',
    [7m  [0m [96m               ~~~~~~~~~~~~~~~~~~~~~~~~~~~~~~~~~~~~[0m
    Error occurs in the template of component ModalPendingReweightPage.


Error: [96msrc/app/modal-pending-reweight/modal-pending-reweight.page.html[0m:[93m145[0m:[93m25[0m - [91merror[0m[90m NG8001: [0m'ion-slide' is not a known element:
1. If 'ion-slide' is an Angular component, then verify that it is part of this module.
2. If 'ion-slide' is a Web Component then add 'CUSTOM_ELEMENTS_SCHEMA' to the '@NgModule.schemas' of this component to suppress this message.

[7m145[0m                         <ion-slide class="item-slide" *ngFor="let x of modalData.MultipleImageUrl"><!-- List item images -->
[7m   [0m [91m                        ~~~~~~~~~~~~~~~~~~~~~~~~~~~~~~~~~~~~~~~~~~~~~~~~~~~~~~~~~~~~~~~~~~~~~~~~~~~[0m

  [96msrc/app/modal-pending-reweight/modal-pending-reweight.page.ts[0m:[93m25[0m:[93m16[0m
    [7m25[0m   templateUrl: './modal-pending-reweight.page.html',
    [7m  [0m [96m               ~~~~~~~~~~~~~~~~~~~~~~~~~~~~~~~~~~~~[0m
    Error occurs in the template of component ModalPendingReweightPage.


Error: [96msrc/app/bullion-pending-reweight-detail/bullion-pending-reweight-detail.page.html[0m:[93m14[0m:[93m115[0m - [91merror[0m[90m TS2339: [0mProperty 'total_XAU' does not exist on type '{}'.

[7m14[0m                         <span id="total_XAU_amount_desc" style="color:{{calculate_summary()['total_XAU']>=grnData.total_XAU?'green':'orange'}}">{{calculate_summary()['total_XAU']| number:'.3'}}</span>
[7m  [0m [91m                                                                                                                  ~~~~~~~~~[0m

  [96msrc/app/bullion-pending-reweight-detail/bullion-pending-reweight-detail.page.ts[0m:[93m26[0m:[93m15[0m
    [7m26[0m  templateUrl: './bullion-pending-reweight-detail.page.html',
    [7m  [0m [96m              ~~~~~~~~~~~~~~~~~~~~~~~~~~~~~~~~~~~~~~~~~~~~~[0m
    Error occurs in the template of component BullionPendingReweightDetailPage.


Error: [96msrc/app/bullion-pending-reweight-detail/bullion-pending-reweight-detail.page.html[0m:[93m16[0m:[93m47[0m - [91merror[0m[90m TS2339: [0mProperty 'total_XAU' does not exist on type '{}'.

[7m16[0m                         <span id="">{{grnData.total_XAU | number:'.3'}}</span>
[7m  [0m [91m                                              ~~~~~~~~~[0m

  [96msrc/app/bullion-pending-reweight-detail/bullion-pending-reweight-detail.page.ts[0m:[93m26[0m:[93m15[0m
    [7m26[0m  templateUrl: './bullion-pending-reweight-detail.page.html',
    [7m  [0m [96m              ~~~~~~~~~~~~~~~~~~~~~~~~~~~~~~~~~~~~~~~~~~~~~[0m
    Error occurs in the template of component BullionPendingReweightDetailPage.


Error: [96msrc/app/bullion-pending-reweight-detail/bullion-pending-reweight-detail.page.html[0m:[93m27[0m:[93m76[0m - [91merror[0m[90m TS2339: [0mProperty 'total_XAU' does not exist on type '{}'.

[7m27[0m                         *ngIf="calculate_summary()['total_XAU'] != grnData.total_XAU">
[7m  [0m [91m                                                                           ~~~~~~~~~[0m

  [96msrc/app/bullion-pending-reweight-detail/bullion-pending-reweight-detail.page.ts[0m:[93m26[0m:[93m15[0m
    [7m26[0m  templateUrl: './bullion-pending-reweight-detail.page.html',
    [7m  [0m [96m              ~~~~~~~~~~~~~~~~~~~~~~~~~~~~~~~~~~~~~~~~~~~~~[0m
    Error occurs in the template of component BullionPendingReweightDetailPage.


Error: [96msrc/app/bullion-pending-reweight-detail/bullion-pending-reweight-detail.page.html[0m:[93m26[0m:[93m97[0m - [91merror[0m[90m TS2339: [0mProperty 'total_XAU' does not exist on type '{}'.

[7m26[0m                     <div id="moreless_desc" [class]="calculate_summary()['total_XAU'] > grnData.total_XAU ? 'diffmore' : 'diffless'"
[7m  [0m [91m                                                                                                ~~~~~~~~~[0m

  [96msrc/app/bullion-pending-reweight-detail/bullion-pending-reweight-detail.page.ts[0m:[93m26[0m:[93m15[0m
    [7m26[0m  templateUrl: './bullion-pending-reweight-detail.page.html',
    [7m  [0m [96m              ~~~~~~~~~~~~~~~~~~~~~~~~~~~~~~~~~~~~~~~~~~~~~[0m
    Error occurs in the template of component BullionPendingReweightDetailPage.


Error: [96msrc/app/bullion-pending-reweight-detail/bullion-pending-reweight-detail.page.html[0m:[93m28[0m:[93m70[0m - [91merror[0m[90m TS2339: [0mProperty 'total_XAU' does not exist on type '{}'.

[7m28[0m                         {{calculate_summary()['total_XAU'] - grnData.total_XAU | number: '.3'}}
[7m  [0m [91m                                                                     ~~~~~~~~~[0m

  [96msrc/app/bullion-pending-reweight-detail/bullion-pending-reweight-detail.page.ts[0m:[93m26[0m:[93m15[0m
    [7m26[0m  templateUrl: './bullion-pending-reweight-detail.page.html',
    [7m  [0m [96m              ~~~~~~~~~~~~~~~~~~~~~~~~~~~~~~~~~~~~~~~~~~~~~[0m
    Error occurs in the template of component BullionPendingReweightDetailPage.


Error: [96msrc/app/bullion-pending-reweight-detail/bullion-pending-reweight-detail.page.html[0m:[93m90[0m:[93m109[0m - [91merror[0m[90m TS2339: [0mProperty 'warehouse_id' does not exist on type 'never'.

[7m90[0m                             <td (click)="view_detail(item)" [style.backgroundColor]="getWarehouseColor(item.warehouse_id)">
[7m  [0m [91m                                                                                                            ~~~~~~~~~~~~[0m

  [96msrc/app/bullion-pending-reweight-detail/bullion-pending-reweight-detail.page.ts[0m:[93m26[0m:[93m15[0m
    [7m26[0m  templateUrl: './bullion-pending-reweight-detail.page.html',
    [7m  [0m [96m              ~~~~~~~~~~~~~~~~~~~~~~~~~~~~~~~~~~~~~~~~~~~~~[0m
    Error occurs in the template of component BullionPendingReweightDetailPage.


Error: [96msrc/app/bullion-pending-reweight-detail/bullion-pending-reweight-detail.page.html[0m:[93m91[0m:[93m51[0m - [91merror[0m[90m TS2339: [0mProperty 'MultipleImageUrl' does not exist on type 'never'.

[7m91[0m                                 <span *ngIf="item.MultipleImageUrl.length == 0">{{item.gold_name}}</span>
[7m  [0m [91m                                                  ~~~~~~~~~~~~~~~~[0m

  [96msrc/app/bullion-pending-reweight-detail/bullion-pending-reweight-detail.page.ts[0m:[93m26[0m:[93m15[0m
    [7m26[0m  templateUrl: './bullion-pending-reweight-detail.page.html',
    [7m  [0m [96m              ~~~~~~~~~~~~~~~~~~~~~~~~~~~~~~~~~~~~~~~~~~~~~[0m
    Error occurs in the template of component BullionPendingReweightDetailPage.


Error: [96msrc/app/bullion-pending-reweight-detail/bullion-pending-reweight-detail.page.html[0m:[93m91[0m:[93m88[0m - [91merror[0m[90m TS2339: [0mProperty 'gold_name' does not exist on type 'never'.

[7m91[0m                                 <span *ngIf="item.MultipleImageUrl.length == 0">{{item.gold_name}}</span>
[7m  [0m [91m                                                                                       ~~~~~~~~~[0m

  [96msrc/app/bullion-pending-reweight-detail/bullion-pending-reweight-detail.page.ts[0m:[93m26[0m:[93m15[0m
    [7m26[0m  templateUrl: './bullion-pending-reweight-detail.page.html',
    [7m  [0m [96m              ~~~~~~~~~~~~~~~~~~~~~~~~~~~~~~~~~~~~~~~~~~~~~[0m
    Error occurs in the template of component BullionPendingReweightDetailPage.


Error: [96msrc/app/bullion-pending-reweight-detail/bullion-pending-reweight-detail.page.html[0m:[93m92[0m:[93m51[0m - [91merror[0m[90m TS2339: [0mProperty 'MultipleImageUrl' does not exist on type 'never'.

[7m92[0m                                 <span *ngIf="item.MultipleImageUrl.length > 0" style="text-decoration: underline;" >{{item.gold_name}}</span>
[7m  [0m [91m                                                  ~~~~~~~~~~~~~~~~[0m

  [96msrc/app/bullion-pending-reweight-detail/bullion-pending-reweight-detail.page.ts[0m:[93m26[0m:[93m15[0m
    [7m26[0m  templateUrl: './bullion-pending-reweight-detail.page.html',
    [7m  [0m [96m              ~~~~~~~~~~~~~~~~~~~~~~~~~~~~~~~~~~~~~~~~~~~~~[0m
    Error occurs in the template of component BullionPendingReweightDetailPage.


Error: [96msrc/app/bullion-pending-reweight-detail/bullion-pending-reweight-detail.page.html[0m:[93m92[0m:[93m124[0m - [91merror[0m[90m TS2339: [0mProperty 'gold_name' does not exist on type 'never'.

[7m92[0m                                 <span *ngIf="item.MultipleImageUrl.length > 0" style="text-decoration: underline;" >{{item.gold_name}}</span>
[7m  [0m [91m                                                                                                                           ~~~~~~~~~[0m

  [96msrc/app/bullion-pending-reweight-detail/bullion-pending-reweight-detail.page.ts[0m:[93m26[0m:[93m15[0m
    [7m26[0m  templateUrl: './bullion-pending-reweight-detail.page.html',
    [7m  [0m [96m              ~~~~~~~~~~~~~~~~~~~~~~~~~~~~~~~~~~~~~~~~~~~~~[0m
    Error occurs in the template of component BullionPendingReweightDetailPage.


Error: [96msrc/app/bullion-pending-reweight-detail/bullion-pending-reweight-detail.page.html[0m:[93m94[0m:[93m68[0m - [91merror[0m[90m TS2339: [0mProperty 'gram' does not exist on type 'never'.

[7m94[0m                             <td (click)="view_detail(item)">{{item.gram  | number :'.2'}}</td>
[7m  [0m [91m                                                                   ~~~~[0m

  [96msrc/app/bullion-pending-reweight-detail/bullion-pending-reweight-detail.page.ts[0m:[93m26[0m:[93m15[0m
    [7m26[0m  templateUrl: './bullion-pending-reweight-detail.page.html',
    [7m  [0m [96m              ~~~~~~~~~~~~~~~~~~~~~~~~~~~~~~~~~~~~~~~~~~~~~[0m
    Error occurs in the template of component BullionPendingReweightDetailPage.


Error: [96msrc/app/bullion-pending-reweight-detail/bullion-pending-reweight-detail.page.html[0m:[93m95[0m:[93m68[0m - [91merror[0m[90m TS2339: [0mProperty 'gold_pure_percent' does not exist on type 'never'.

[7m95[0m                             <td (click)="view_detail(item)">{{item.gold_pure_percent}}</td>
[7m  [0m [91m                                                                   ~~~~~~~~~~~~~~~~~[0m

  [96msrc/app/bullion-pending-reweight-detail/bullion-pending-reweight-detail.page.ts[0m:[93m26[0m:[93m15[0m
    [7m26[0m  templateUrl: './bullion-pending-reweight-detail.page.html',
    [7m  [0m [96m              ~~~~~~~~~~~~~~~~~~~~~~~~~~~~~~~~~~~~~~~~~~~~~[0m
    Error occurs in the template of component BullionPendingReweightDetailPage.


Error: [96msrc/app/bullion-pending-reweight-detail/bullion-pending-reweight-detail.page.html[0m:[93m96[0m:[93m68[0m - [91merror[0m[90m TS2339: [0mProperty 'XAU_amount' does not exist on type 'never'.

[7m96[0m                             <td (click)="view_detail(item)">{{item.XAU_amount | number :'.3'}}</td>
[7m  [0m [91m                                                                   ~~~~~~~~~~[0m

  [96msrc/app/bullion-pending-reweight-detail/bullion-pending-reweight-detail.page.ts[0m:[93m26[0m:[93m15[0m
    [7m26[0m  templateUrl: './bullion-pending-reweight-detail.page.html',
    [7m  [0m [96m              ~~~~~~~~~~~~~~~~~~~~~~~~~~~~~~~~~~~~~~~~~~~~~[0m
    Error occurs in the template of component BullionPendingReweightDetailPage.


Error: [96msrc/app/bullion-pending-reweight-detail/bullion-pending-reweight-detail.page.html[0m:[93m140[0m:[93m46[0m - [91merror[0m[90m TS2339: [0mProperty 'MultipleImageUrl' does not exist on type 'never'.

[7m140[0m                         <ion-row *ngIf="item.MultipleImageUrl.length !== 0">
[7m   [0m [91m                                             ~~~~~~~~~~~~~~~~[0m

  [96msrc/app/bullion-pending-reweight-detail/bullion-pending-reweight-detail.page.ts[0m:[93m26[0m:[93m15[0m
    [7m26[0m  templateUrl: './bullion-pending-reweight-detail.page.html',
    [7m  [0m [96m              ~~~~~~~~~~~~~~~~~~~~~~~~~~~~~~~~~~~~~~~~~~~~~[0m
    Error occurs in the template of component BullionPendingReweightDetailPage.


Error: [96msrc/app/bullion-pending-reweight-detail/bullion-pending-reweight-detail.page.html[0m:[93m141[0m:[93m107[0m - [91merror[0m[90m TS2339: [0mProperty 'gold_name' does not exist on type 'never'.

[7m141[0m                             <div style="font-size: 15px; color: gray; font-weight: 600;">Image for {{item.gold_name}} ({{item.gold_pure_percent}}%)</div>
[7m   [0m [91m                                                                                                          ~~~~~~~~~[0m

  [96msrc/app/bullion-pending-reweight-detail/bullion-pending-reweight-detail.page.ts[0m:[93m26[0m:[93m15[0m
    [7m26[0m  templateUrl: './bullion-pending-reweight-detail.page.html',
    [7m  [0m [96m              ~~~~~~~~~~~~~~~~~~~~~~~~~~~~~~~~~~~~~~~~~~~~~[0m
    Error occurs in the template of component BullionPendingReweightDetailPage.


Error: [96msrc/app/bullion-pending-reweight-detail/bullion-pending-reweight-detail.page.html[0m:[93m141[0m:[93m127[0m - [91merror[0m[90m TS2339: [0mProperty 'gold_pure_percent' does not exist on type 'never'.

[7m141[0m                             <div style="font-size: 15px; color: gray; font-weight: 600;">Image for {{item.gold_name}} ({{item.gold_pure_percent}}%)</div>
[7m   [0m [91m                                                                                                                              ~~~~~~~~~~~~~~~~~[0m

  [96msrc/app/bullion-pending-reweight-detail/bullion-pending-reweight-detail.page.ts[0m:[93m26[0m:[93m15[0m
    [7m26[0m  templateUrl: './bullion-pending-reweight-detail.page.html',
    [7m  [0m [96m              ~~~~~~~~~~~~~~~~~~~~~~~~~~~~~~~~~~~~~~~~~~~~~[0m
    Error occurs in the template of component BullionPendingReweightDetailPage.


Error: [96msrc/app/bullion-pending-reweight-detail/bullion-pending-reweight-detail.page.html[0m:[93m145[0m:[93m89[0m - [91merror[0m[90m TS2339: [0mProperty 'MultipleImageUrl' does not exist on type 'never'.

[7m145[0m                                     <ion-slide class="item-slide" *ngFor="let x of item.MultipleImageUrl"><!-- List item images -->
[7m   [0m [91m                                                                                        ~~~~~~~~~~~~~~~~[0m

  [96msrc/app/bullion-pending-reweight-detail/bullion-pending-reweight-detail.page.ts[0m:[93m26[0m:[93m15[0m
    [7m26[0m  templateUrl: './bullion-pending-reweight-detail.page.html',
    [7m  [0m [96m              ~~~~~~~~~~~~~~~~~~~~~~~~~~~~~~~~~~~~~~~~~~~~~[0m
    Error occurs in the template of component BullionPendingReweightDetailPage.


Error: [96msrc/app/bullion-pending-reweight-detail/bullion-pending-reweight-detail.page.html[0m:[93m146[0m:[93m101[0m - [91merror[0m[90m TS2339: [0mProperty 'showImage' does not exist on type 'never'.

[7m146[0m                                         <div class="image-slide-content" [ngStyle]="{'border': item.showImage === x ? '3px solid red' : 'none'}">
[7m   [0m [91m                                                                                                    ~~~~~~~~~[0m

  [96msrc/app/bullion-pending-reweight-detail/bullion-pending-reweight-detail.page.ts[0m:[93m26[0m:[93m15[0m
    [7m26[0m  templateUrl: './bullion-pending-reweight-detail.page.html',
    [7m  [0m [96m              ~~~~~~~~~~~~~~~~~~~~~~~~~~~~~~~~~~~~~~~~~~~~~[0m
    Error occurs in the template of component BullionPendingReweightDetailPage.


Error: [96msrc/app/bullion-pending-reweight-detail/bullion-pending-reweight-detail.page.html[0m:[93m147[0m:[93m80[0m - [91merror[0m[90m TS2339: [0mProperty 'showImage' does not exist on type 'never'.

[7m147[0m                                             <img [src]="x.image" (click)="item.showImage = (item.showImage == ''? x : (item.showImage == x? '': x))" class="itemImage">
[7m   [0m [91m                                                                               ~~~~~~~~~[0m

  [96msrc/app/bullion-pending-reweight-detail/bullion-pending-reweight-detail.page.ts[0m:[93m26[0m:[93m15[0m
    [7m26[0m  templateUrl: './bullion-pending-reweight-detail.page.html',
    [7m  [0m [96m              ~~~~~~~~~~~~~~~~~~~~~~~~~~~~~~~~~~~~~~~~~~~~~[0m
    Error occurs in the template of component BullionPendingReweightDetailPage.


Error: [96msrc/app/bullion-pending-reweight-detail/bullion-pending-reweight-detail.page.html[0m:[93m147[0m:[93m98[0m - [91merror[0m[90m TS2339: [0mProperty 'showImage' does not exist on type 'never'.

[7m147[0m                                             <img [src]="x.image" (click)="item.showImage = (item.showImage == ''? x : (item.showImage == x? '': x))" class="itemImage">
[7m   [0m [91m                                                                                                 ~~~~~~~~~[0m

  [96msrc/app/bullion-pending-reweight-detail/bullion-pending-reweight-detail.page.ts[0m:[93m26[0m:[93m15[0m
    [7m26[0m  templateUrl: './bullion-pending-reweight-detail.page.html',
    [7m  [0m [96m              ~~~~~~~~~~~~~~~~~~~~~~~~~~~~~~~~~~~~~~~~~~~~~[0m
    Error occurs in the template of component BullionPendingReweightDetailPage.


Error: [96msrc/app/bullion-pending-reweight-detail/bullion-pending-reweight-detail.page.html[0m:[93m147[0m:[93m125[0m - [91merror[0m[90m TS2339: [0mProperty 'showImage' does not exist on type 'never'.

[7m147[0m                                             <img [src]="x.image" (click)="item.showImage = (item.showImage == ''? x : (item.showImage == x? '': x))" class="itemImage">
[7m   [0m [91m                                                                                                                            ~~~~~~~~~[0m

  [96msrc/app/bullion-pending-reweight-detail/bullion-pending-reweight-detail.page.ts[0m:[93m26[0m:[93m15[0m
    [7m26[0m  templateUrl: './bullion-pending-reweight-detail.page.html',
    [7m  [0m [96m              ~~~~~~~~~~~~~~~~~~~~~~~~~~~~~~~~~~~~~~~~~~~~~[0m
    Error occurs in the template of component BullionPendingReweightDetailPage.


Error: [96msrc/app/bullion-pending-reweight-detail/bullion-pending-reweight-detail.page.html[0m:[93m154[0m:[93m90[0m - [91merror[0m[90m TS2339: [0mProperty 'showImage' does not exist on type 'never'.

[7m154[0m                             <ion-col size="12" class="ion-align-self-center" *ngIf="item.showImage">
[7m   [0m [91m                                                                                         ~~~~~~~~~[0m

  [96msrc/app/bullion-pending-reweight-detail/bullion-pending-reweight-detail.page.ts[0m:[93m26[0m:[93m15[0m
    [7m26[0m  templateUrl: './bullion-pending-reweight-detail.page.html',
    [7m  [0m [96m              ~~~~~~~~~~~~~~~~~~~~~~~~~~~~~~~~~~~~~~~~~~~~~[0m
    Error occurs in the template of component BullionPendingReweightDetailPage.


Error: [96msrc/app/bullion-pending-reweight-detail/bullion-pending-reweight-detail.page.html[0m:[93m155[0m:[93m50[0m - [91merror[0m[90m TS2339: [0mProperty 'showImage' does not exist on type 'never'.

[7m155[0m                                 <img [src]="item.showImage" style="width: 100%;" class="logoimg">
[7m   [0m [91m                                                 ~~~~~~~~~[0m

  [96msrc/app/bullion-pending-reweight-detail/bullion-pending-reweight-detail.page.ts[0m:[93m26[0m:[93m15[0m
    [7m26[0m  templateUrl: './bullion-pending-reweight-detail.page.html',
    [7m  [0m [96m              ~~~~~~~~~~~~~~~~~~~~~~~~~~~~~~~~~~~~~~~~~~~~~[0m
    Error occurs in the template of component BullionPendingReweightDetailPage.


Error: [96msrc/app/bullion-pending-reweight-detail/bullion-pending-reweight-detail.page.html[0m:[93m156[0m:[93m91[0m - [91merror[0m[90m TS2339: [0mProperty 'showImage' does not exist on type 'never'.

[7m156[0m                                 <button class="deleteImageBtn" (click)="delete_img(0,item.showImage,i)" style="font-size: 30px; border-radius: 50%; padding: 5px 8px; top: 5%; right: 3%;">
[7m   [0m [91m                                                                                          ~~~~~~~~~[0m

  [96msrc/app/bullion-pending-reweight-detail/bullion-pending-reweight-detail.page.ts[0m:[93m26[0m:[93m15[0m
    [7m26[0m  templateUrl: './bullion-pending-reweight-detail.page.html',
    [7m  [0m [96m              ~~~~~~~~~~~~~~~~~~~~~~~~~~~~~~~~~~~~~~~~~~~~~[0m
    Error occurs in the template of component BullionPendingReweightDetailPage.


Error: [96msrc/app/bullion-pending-reweight-detail/bullion-pending-reweight-detail.page.html[0m:[93m179[0m:[93m113[0m - [91merror[0m[90m TS2339: [0mProperty 'internalRemarkShow' does not exist on type 'BullionPendingReweightDetailPage'.

[7m179[0m                     <h3 class="grntitle">Internal Remarks <ion-icon name="chevron-down-circle-outline" (click)="internalRemarkShow=!internalRemarkShow"></ion-icon></h3>
[7m   [0m [91m                                                                                                                ~~~~~~~~~~~~~~~~~~[0m

  [96msrc/app/bullion-pending-reweight-detail/bullion-pending-reweight-detail.page.ts[0m:[93m26[0m:[93m15[0m
    [7m26[0m  templateUrl: './bullion-pending-reweight-detail.page.html',
    [7m  [0m [96m              ~~~~~~~~~~~~~~~~~~~~~~~~~~~~~~~~~~~~~~~~~~~~~[0m
    Error occurs in the template of component BullionPendingReweightDetailPage.


Error: [96msrc/app/bullion-pending-reweight-detail/bullion-pending-reweight-detail.page.html[0m:[93m179[0m:[93m133[0m - [91merror[0m[90m TS2339: [0mProperty 'internalRemarkShow' does not exist on type 'BullionPendingReweightDetailPage'.

[7m179[0m                     <h3 class="grntitle">Internal Remarks <ion-icon name="chevron-down-circle-outline" (click)="internalRemarkShow=!internalRemarkShow"></ion-icon></h3>
[7m   [0m [91m                                                                                                                                    ~~~~~~~~~~~~~~~~~~[0m

  [96msrc/app/bullion-pending-reweight-detail/bullion-pending-reweight-detail.page.ts[0m:[93m26[0m:[93m15[0m
    [7m26[0m  templateUrl: './bullion-pending-reweight-detail.page.html',
    [7m  [0m [96m              ~~~~~~~~~~~~~~~~~~~~~~~~~~~~~~~~~~~~~~~~~~~~~[0m
    Error occurs in the template of component BullionPendingReweightDetailPage.


Error: [96msrc/app/bullion-pending-reweight-detail/bullion-pending-reweight-detail.page.html[0m:[93m183[0m:[93m72[0m - [91merror[0m[90m TS2339: [0mProperty 'remark' does not exist on type '{}'.

[7m183[0m                         <ion-textarea type="text" [(ngModel)]="grnData.remark" (ionBlur)="saveDraft()" rows="3"></ion-textarea>
[7m   [0m [91m                                                                       ~~~~~~[0m

  [96msrc/app/bullion-pending-reweight-detail/bullion-pending-reweight-detail.page.ts[0m:[93m26[0m:[93m15[0m
    [7m26[0m  templateUrl: './bullion-pending-reweight-detail.page.html',
    [7m  [0m [96m              ~~~~~~~~~~~~~~~~~~~~~~~~~~~~~~~~~~~~~~~~~~~~~[0m
    Error occurs in the template of component BullionPendingReweightDetailPage.


Error: [96msrc/app/bullion-pending-reweight-detail/bullion-pending-reweight-detail.page.html[0m:[93m183[0m:[93m72[0m - [91merror[0m[90m TS2339: [0mProperty 'remark' does not exist on type '{}'.

[7m183[0m                         <ion-textarea type="text" [(ngModel)]="grnData.remark" (ionBlur)="saveDraft()" rows="3"></ion-textarea>
[7m   [0m [91m                                                                       ~~~~~~[0m

  [96msrc/app/bullion-pending-reweight-detail/bullion-pending-reweight-detail.page.ts[0m:[93m26[0m:[93m15[0m
    [7m26[0m  templateUrl: './bullion-pending-reweight-detail.page.html',
    [7m  [0m [96m              ~~~~~~~~~~~~~~~~~~~~~~~~~~~~~~~~~~~~~~~~~~~~~[0m
    Error occurs in the template of component BullionPendingReweightDetailPage.


Error: [96msrc/app/bullion-pending-reweight-detail/bullion-pending-reweight-detail.page.html[0m:[93m208[0m:[93m40[0m - [91merror[0m[90m TS2339: [0mProperty 'user_id' does not exist on type 'never'.

[7m208[0m                         value="{{rider.user_id}}">{{rider.name}}
[7m   [0m [91m                                       ~~~~~~~[0m

  [96msrc/app/bullion-pending-reweight-detail/bullion-pending-reweight-detail.page.ts[0m:[93m26[0m:[93m15[0m
    [7m26[0m  templateUrl: './bullion-pending-reweight-detail.page.html',
    [7m  [0m [96m              ~~~~~~~~~~~~~~~~~~~~~~~~~~~~~~~~~~~~~~~~~~~~~[0m
    Error occurs in the template of component BullionPendingReweightDetailPage.


Error: [96msrc/app/bullion-pending-reweight-detail/bullion-pending-reweight-detail.page.html[0m:[93m208[0m:[93m59[0m - [91merror[0m[90m TS2339: [0mProperty 'name' does not exist on type 'never'.

[7m208[0m                         value="{{rider.user_id}}">{{rider.name}}
[7m   [0m [91m                                                          ~~~~[0m

  [96msrc/app/bullion-pending-reweight-detail/bullion-pending-reweight-detail.page.ts[0m:[93m26[0m:[93m15[0m
    [7m26[0m  templateUrl: './bullion-pending-reweight-detail.page.html',
    [7m  [0m [96m              ~~~~~~~~~~~~~~~~~~~~~~~~~~~~~~~~~~~~~~~~~~~~~[0m
    Error occurs in the template of component BullionPendingReweightDetailPage.


Error: [96msrc/app/bullion-pending-reweight-detail/bullion-pending-reweight-detail.page.html[0m:[93m143[0m:[93m33[0m - [91merror[0m[90m NG8001: [0m'ion-slides' is not a known element:
1. If 'ion-slides' is an Angular component, then verify that it is part of this module.
2. If 'ion-slides' is a Web Component then add 'CUSTOM_ELEMENTS_SCHEMA' to the '@NgModule.schemas' of this component to suppress this message.

[7m143[0m                                 <ion-slides pager="true" [options]="slideOpts">
[7m   [0m [91m                                ~~~~~~~~~~~~~~~~~~~~~~~~~~~~~~~~~~~~~~~~~~~~~~~[0m

  [96msrc/app/bullion-pending-reweight-detail/bullion-pending-reweight-detail.page.ts[0m:[93m26[0m:[93m15[0m
    [7m26[0m  templateUrl: './bullion-pending-reweight-detail.page.html',
    [7m  [0m [96m              ~~~~~~~~~~~~~~~~~~~~~~~~~~~~~~~~~~~~~~~~~~~~~[0m
    Error occurs in the template of component BullionPendingReweightDetailPage.


Error: [96msrc/app/bullion-pending-reweight-detail/bullion-pending-reweight-detail.page.html[0m:[93m143[0m:[93m58[0m - [91merror[0m[90m NG8002: [0mCan't bind to 'options' since it isn't a known property of 'ion-slides'.
1. If 'ion-slides' is an Angular component and it has 'options' input, then verify that it is part of this module.
2. If 'ion-slides' is a Web Component then add 'CUSTOM_ELEMENTS_SCHEMA' to the '@NgModule.schemas' of this component to suppress this message.
3. To allow any property add 'NO_ERRORS_SCHEMA' to the '@NgModule.schemas' of this component.

[7m143[0m                                 <ion-slides pager="true" [options]="slideOpts">
[7m   [0m [91m                                                         ~~~~~~~~~~~~~~~~~~~~~[0m

  [96msrc/app/bullion-pending-reweight-detail/bullion-pending-reweight-detail.page.ts[0m:[93m26[0m:[93m15[0m
    [7m26[0m  templateUrl: './bullion-pending-reweight-detail.page.html',
    [7m  [0m [96m              ~~~~~~~~~~~~~~~~~~~~~~~~~~~~~~~~~~~~~~~~~~~~~[0m
    Error occurs in the template of component BullionPendingReweightDetailPage.


Error: [96msrc/app/bullion-pending-reweight-detail/bullion-pending-reweight-detail.page.html[0m:[93m145[0m:[93m37[0m - [91merror[0m[90m NG8001: [0m'ion-slide' is not a known element:
1. If 'ion-slide' is an Angular component, then verify that it is part of this module.
2. If 'ion-slide' is a Web Component then add 'CUSTOM_ELEMENTS_SCHEMA' to the '@NgModule.schemas' of this component to suppress this message.

[7m145[0m                                     <ion-slide class="item-slide" *ngFor="let x of item.MultipleImageUrl"><!-- List item images -->
[7m   [0m [91m                                    ~~~~~~~~~~~~~~~~~~~~~~~~~~~~~~~~~~~~~~~~~~~~~~~~~~~~~~~~~~~~~~~~~~~~~~[0m

  [96msrc/app/bullion-pending-reweight-detail/bullion-pending-reweight-detail.page.ts[0m:[93m26[0m:[93m15[0m
    [7m26[0m  templateUrl: './bullion-pending-reweight-detail.page.html',
    [7m  [0m [96m              ~~~~~~~~~~~~~~~~~~~~~~~~~~~~~~~~~~~~~~~~~~~~~[0m
    Error occurs in the template of component BullionPendingReweightDetailPage.


Error: [96msrc/app/modal-qc/modal-qc.page.html[0m:[93m103[0m:[93m57[0m - [91merror[0m[90m TS2339: [0mProperty 'warehouseList' does not exist on type 'ModalQcPage'.

[7m103[0m                     <ion-select-option *ngFor="let x of warehouseList" value="{{x.warehouse_id}}">{{x.name}}
[7m   [0m [91m                                                        ~~~~~~~~~~~~~[0m

  [96msrc/app/modal-qc/modal-qc.page.ts[0m:[93m25[0m:[93m16[0m
    [7m25[0m   templateUrl: './modal-qc.page.html',
    [7m  [0m [96m               ~~~~~~~~~~~~~~~~~~~~~~[0m
    Error occurs in the template of component ModalQcPage.


Error: [96msrc/app/modal-qc/modal-qc.page.html[0m:[93m145[0m:[93m57[0m - [91merror[0m[90m TS2339: [0mProperty 'slideOpts' does not exist on type 'ModalQcPage'.

[7m145[0m                     <ion-slides pager="true" [options]="slideOpts">
[7m   [0m [91m                                                        ~~~~~~~~~[0m

  [96msrc/app/modal-qc/modal-qc.page.ts[0m:[93m25[0m:[93m16[0m
    [7m25[0m   templateUrl: './modal-qc.page.html',
    [7m  [0m [96m               ~~~~~~~~~~~~~~~~~~~~~~[0m
    Error occurs in the template of component ModalQcPage.


Error: [96msrc/app/modal-qc/modal-qc.page.html[0m:[93m145[0m:[93m21[0m - [91merror[0m[90m NG8001: [0m'ion-slides' is not a known element:
1. If 'ion-slides' is an Angular component, then verify that it is part of this module.
2. If 'ion-slides' is a Web Component then add 'CUSTOM_ELEMENTS_SCHEMA' to the '@NgModule.schemas' of this component to suppress this message.

[7m145[0m                     <ion-slides pager="true" [options]="slideOpts">
[7m   [0m [91m                    ~~~~~~~~~~~~~~~~~~~~~~~~~~~~~~~~~~~~~~~~~~~~~~~[0m

  [96msrc/app/modal-qc/modal-qc.page.ts[0m:[93m25[0m:[93m16[0m
    [7m25[0m   templateUrl: './modal-qc.page.html',
    [7m  [0m [96m               ~~~~~~~~~~~~~~~~~~~~~~[0m
    Error occurs in the template of component ModalQcPage.


Error: [96msrc/app/modal-qc/modal-qc.page.html[0m:[93m145[0m:[93m46[0m - [91merror[0m[90m NG8002: [0mCan't bind to 'options' since it isn't a known property of 'ion-slides'.
1. If 'ion-slides' is an Angular component and it has 'options' input, then verify that it is part of this module.
2. If 'ion-slides' is a Web Component then add 'CUSTOM_ELEMENTS_SCHEMA' to the '@NgModule.schemas' of this component to suppress this message.
3. To allow any property add 'NO_ERRORS_SCHEMA' to the '@NgModule.schemas' of this component.

[7m145[0m                     <ion-slides pager="true" [options]="slideOpts">
[7m   [0m [91m                                             ~~~~~~~~~~~~~~~~~~~~~[0m

  [96msrc/app/modal-qc/modal-qc.page.ts[0m:[93m25[0m:[93m16[0m
    [7m25[0m   templateUrl: './modal-qc.page.html',
    [7m  [0m [96m               ~~~~~~~~~~~~~~~~~~~~~~[0m
    Error occurs in the template of component ModalQcPage.


Error: [96msrc/app/modal-qc/modal-qc.page.html[0m:[93m147[0m:[93m25[0m - [91merror[0m[90m NG8001: [0m'ion-slide' is not a known element:
1. If 'ion-slide' is an Angular component, then verify that it is part of this module.
2. If 'ion-slide' is a Web Component then add 'CUSTOM_ELEMENTS_SCHEMA' to the '@NgModule.schemas' of this component to suppress this message.

[7m147[0m                         <ion-slide class="item-slide" *ngFor="let x of modalData.MultipleImageUrl"><!-- List item images -->
[7m   [0m [91m                        ~~~~~~~~~~~~~~~~~~~~~~~~~~~~~~~~~~~~~~~~~~~~~~~~~~~~~~~~~~~~~~~~~~~~~~~~~~~[0m

  [96msrc/app/modal-qc/modal-qc.page.ts[0m:[93m25[0m:[93m16[0m
    [7m25[0m   templateUrl: './modal-qc.page.html',
    [7m  [0m [96m               ~~~~~~~~~~~~~~~~~~~~~~[0m
    Error occurs in the template of component ModalQcPage.


Error: [96msrc/app/bullion-pending-check-detail/bullion-pending-check-detail.page.html[0m:[93m14[0m:[93m115[0m - [91merror[0m[90m TS2339: [0mProperty 'total_XAU' does not exist on type '{}'.

[7m14[0m                         <span id="total_XAU_amount_desc" style="color:{{calculate_summary()['total_XAU']>=grnData.total_XAU?'green':'orange'}}">{{calculate_summary()['total_XAU']| number:'.3'}}</span>
[7m  [0m [91m                                                                                                                  ~~~~~~~~~[0m

  [96msrc/app/bullion-pending-check-detail/bullion-pending-check-detail.page.ts[0m:[93m26[0m:[93m15[0m
    [7m26[0m  templateUrl: './bullion-pending-check-detail.page.html',
    [7m  [0m [96m              ~~~~~~~~~~~~~~~~~~~~~~~~~~~~~~~~~~~~~~~~~~[0m
    Error occurs in the template of component BullionPendingCheckDetailPage.


Error: [96msrc/app/bullion-pending-check-detail/bullion-pending-check-detail.page.html[0m:[93m16[0m:[93m47[0m - [91merror[0m[90m TS2339: [0mProperty 'total_XAU' does not exist on type '{}'.

[7m16[0m                         <span id="">{{grnData.total_XAU | number:'.3'}}</span>
[7m  [0m [91m                                              ~~~~~~~~~[0m

  [96msrc/app/bullion-pending-check-detail/bullion-pending-check-detail.page.ts[0m:[93m26[0m:[93m15[0m
    [7m26[0m  templateUrl: './bullion-pending-check-detail.page.html',
    [7m  [0m [96m              ~~~~~~~~~~~~~~~~~~~~~~~~~~~~~~~~~~~~~~~~~~[0m
    Error occurs in the template of component BullionPendingCheckDetailPage.


Error: [96msrc/app/bullion-pending-check-detail/bullion-pending-check-detail.page.html[0m:[93m27[0m:[93m76[0m - [91merror[0m[90m TS2339: [0mProperty 'total_XAU' does not exist on type '{}'.

[7m27[0m                         *ngIf="calculate_summary()['total_XAU'] != grnData.total_XAU">
[7m  [0m [91m                                                                           ~~~~~~~~~[0m

  [96msrc/app/bullion-pending-check-detail/bullion-pending-check-detail.page.ts[0m:[93m26[0m:[93m15[0m
    [7m26[0m  templateUrl: './bullion-pending-check-detail.page.html',
    [7m  [0m [96m              ~~~~~~~~~~~~~~~~~~~~~~~~~~~~~~~~~~~~~~~~~~[0m
    Error occurs in the template of component BullionPendingCheckDetailPage.


Error: [96msrc/app/bullion-pending-check-detail/bullion-pending-check-detail.page.html[0m:[93m26[0m:[93m97[0m - [91merror[0m[90m TS2339: [0mProperty 'total_XAU' does not exist on type '{}'.

[7m26[0m                     <div id="moreless_desc" [class]="calculate_summary()['total_XAU'] > grnData.total_XAU ? 'diffmore' : 'diffless'"
[7m  [0m [91m                                                                                                ~~~~~~~~~[0m

  [96msrc/app/bullion-pending-check-detail/bullion-pending-check-detail.page.ts[0m:[93m26[0m:[93m15[0m
    [7m26[0m  templateUrl: './bullion-pending-check-detail.page.html',
    [7m  [0m [96m              ~~~~~~~~~~~~~~~~~~~~~~~~~~~~~~~~~~~~~~~~~~[0m
    Error occurs in the template of component BullionPendingCheckDetailPage.


Error: [96msrc/app/bullion-pending-check-detail/bullion-pending-check-detail.page.html[0m:[93m28[0m:[93m70[0m - [91merror[0m[90m TS2339: [0mProperty 'total_XAU' does not exist on type '{}'.

[7m28[0m                         {{calculate_summary()['total_XAU'] - grnData.total_XAU | number: '.3'}}
[7m  [0m [91m                                                                     ~~~~~~~~~[0m

  [96msrc/app/bullion-pending-check-detail/bullion-pending-check-detail.page.ts[0m:[93m26[0m:[93m15[0m
    [7m26[0m  templateUrl: './bullion-pending-check-detail.page.html',
    [7m  [0m [96m              ~~~~~~~~~~~~~~~~~~~~~~~~~~~~~~~~~~~~~~~~~~[0m
    Error occurs in the template of component BullionPendingCheckDetailPage.


Error: [96msrc/app/bullion-pending-check-detail/bullion-pending-check-detail.page.html[0m:[93m90[0m:[93m109[0m - [91merror[0m[90m TS2339: [0mProperty 'warehouse_id' does not exist on type 'never'.

[7m90[0m                             <td (click)="view_detail(item)" [style.backgroundColor]="getWarehouseColor(item.warehouse_id)">
[7m  [0m [91m                                                                                                            ~~~~~~~~~~~~[0m

  [96msrc/app/bullion-pending-check-detail/bullion-pending-check-detail.page.ts[0m:[93m26[0m:[93m15[0m
    [7m26[0m  templateUrl: './bullion-pending-check-detail.page.html',
    [7m  [0m [96m              ~~~~~~~~~~~~~~~~~~~~~~~~~~~~~~~~~~~~~~~~~~[0m
    Error occurs in the template of component BullionPendingCheckDetailPage.


Error: [96msrc/app/bullion-pending-check-detail/bullion-pending-check-detail.page.html[0m:[93m91[0m:[93m51[0m - [91merror[0m[90m TS2339: [0mProperty 'MultipleImageUrl' does not exist on type 'never'.

[7m91[0m                                 <span *ngIf="item.MultipleImageUrl.length == 0">{{item.gold_name}}</span>
[7m  [0m [91m                                                  ~~~~~~~~~~~~~~~~[0m

  [96msrc/app/bullion-pending-check-detail/bullion-pending-check-detail.page.ts[0m:[93m26[0m:[93m15[0m
    [7m26[0m  templateUrl: './bullion-pending-check-detail.page.html',
    [7m  [0m [96m              ~~~~~~~~~~~~~~~~~~~~~~~~~~~~~~~~~~~~~~~~~~[0m
    Error occurs in the template of component BullionPendingCheckDetailPage.


Error: [96msrc/app/bullion-pending-check-detail/bullion-pending-check-detail.page.html[0m:[93m91[0m:[93m88[0m - [91merror[0m[90m TS2339: [0mProperty 'gold_name' does not exist on type 'never'.

[7m91[0m                                 <span *ngIf="item.MultipleImageUrl.length == 0">{{item.gold_name}}</span>
[7m  [0m [91m                                                                                       ~~~~~~~~~[0m

  [96msrc/app/bullion-pending-check-detail/bullion-pending-check-detail.page.ts[0m:[93m26[0m:[93m15[0m
    [7m26[0m  templateUrl: './bullion-pending-check-detail.page.html',
    [7m  [0m [96m              ~~~~~~~~~~~~~~~~~~~~~~~~~~~~~~~~~~~~~~~~~~[0m
    Error occurs in the template of component BullionPendingCheckDetailPage.


Error: [96msrc/app/bullion-pending-check-detail/bullion-pending-check-detail.page.html[0m:[93m92[0m:[93m51[0m - [91merror[0m[90m TS2339: [0mProperty 'MultipleImageUrl' does not exist on type 'never'.

[7m92[0m                                 <span *ngIf="item.MultipleImageUrl.length > 0" style="text-decoration: underline;" >{{item.gold_name}}</span>
[7m  [0m [91m                                                  ~~~~~~~~~~~~~~~~[0m

  [96msrc/app/bullion-pending-check-detail/bullion-pending-check-detail.page.ts[0m:[93m26[0m:[93m15[0m
    [7m26[0m  templateUrl: './bullion-pending-check-detail.page.html',
    [7m  [0m [96m              ~~~~~~~~~~~~~~~~~~~~~~~~~~~~~~~~~~~~~~~~~~[0m
    Error occurs in the template of component BullionPendingCheckDetailPage.


Error: [96msrc/app/bullion-pending-check-detail/bullion-pending-check-detail.page.html[0m:[93m92[0m:[93m124[0m - [91merror[0m[90m TS2339: [0mProperty 'gold_name' does not exist on type 'never'.

[7m92[0m                                 <span *ngIf="item.MultipleImageUrl.length > 0" style="text-decoration: underline;" >{{item.gold_name}}</span>
[7m  [0m [91m                                                                                                                           ~~~~~~~~~[0m

  [96msrc/app/bullion-pending-check-detail/bullion-pending-check-detail.page.ts[0m:[93m26[0m:[93m15[0m
    [7m26[0m  templateUrl: './bullion-pending-check-detail.page.html',
    [7m  [0m [96m              ~~~~~~~~~~~~~~~~~~~~~~~~~~~~~~~~~~~~~~~~~~[0m
    Error occurs in the template of component BullionPendingCheckDetailPage.


Error: [96msrc/app/bullion-pending-check-detail/bullion-pending-check-detail.page.html[0m:[93m94[0m:[93m68[0m - [91merror[0m[90m TS2339: [0mProperty 'gram' does not exist on type 'never'.

[7m94[0m                             <td (click)="view_detail(item)">{{item.gram  | number :'.2'}}</td>
[7m  [0m [91m                                                                   ~~~~[0m

  [96msrc/app/bullion-pending-check-detail/bullion-pending-check-detail.page.ts[0m:[93m26[0m:[93m15[0m
    [7m26[0m  templateUrl: './bullion-pending-check-detail.page.html',
    [7m  [0m [96m              ~~~~~~~~~~~~~~~~~~~~~~~~~~~~~~~~~~~~~~~~~~[0m
    Error occurs in the template of component BullionPendingCheckDetailPage.


Error: [96msrc/app/bullion-pending-check-detail/bullion-pending-check-detail.page.html[0m:[93m95[0m:[93m68[0m - [91merror[0m[90m TS2339: [0mProperty 'gold_pure_percent' does not exist on type 'never'.

[7m95[0m                             <td (click)="view_detail(item)">{{item.gold_pure_percent}}</td>
[7m  [0m [91m                                                                   ~~~~~~~~~~~~~~~~~[0m

  [96msrc/app/bullion-pending-check-detail/bullion-pending-check-detail.page.ts[0m:[93m26[0m:[93m15[0m
    [7m26[0m  templateUrl: './bullion-pending-check-detail.page.html',
    [7m  [0m [96m              ~~~~~~~~~~~~~~~~~~~~~~~~~~~~~~~~~~~~~~~~~~[0m
    Error occurs in the template of component BullionPendingCheckDetailPage.


Error: [96msrc/app/bullion-pending-check-detail/bullion-pending-check-detail.page.html[0m:[93m96[0m:[93m68[0m - [91merror[0m[90m TS2339: [0mProperty 'XAU_amount' does not exist on type 'never'.

[7m96[0m                             <td (click)="view_detail(item)">{{item.XAU_amount | number :'.3'}}</td>
[7m  [0m [91m                                                                   ~~~~~~~~~~[0m

  [96msrc/app/bullion-pending-check-detail/bullion-pending-check-detail.page.ts[0m:[93m26[0m:[93m15[0m
    [7m26[0m  templateUrl: './bullion-pending-check-detail.page.html',
    [7m  [0m [96m              ~~~~~~~~~~~~~~~~~~~~~~~~~~~~~~~~~~~~~~~~~~[0m
    Error occurs in the template of component BullionPendingCheckDetailPage.


Error: [96msrc/app/bullion-pending-check-detail/bullion-pending-check-detail.page.html[0m:[93m134[0m:[93m46[0m - [91merror[0m[90m TS2339: [0mProperty 'MultipleImageUrl' does not exist on type 'never'.

[7m134[0m                         <ion-row *ngIf="item.MultipleImageUrl.length !== 0">
[7m   [0m [91m                                             ~~~~~~~~~~~~~~~~[0m

  [96msrc/app/bullion-pending-check-detail/bullion-pending-check-detail.page.ts[0m:[93m26[0m:[93m15[0m
    [7m26[0m  templateUrl: './bullion-pending-check-detail.page.html',
    [7m  [0m [96m              ~~~~~~~~~~~~~~~~~~~~~~~~~~~~~~~~~~~~~~~~~~[0m
    Error occurs in the template of component BullionPendingCheckDetailPage.


Error: [96msrc/app/bullion-pending-check-detail/bullion-pending-check-detail.page.html[0m:[93m135[0m:[93m107[0m - [91merror[0m[90m TS2339: [0mProperty 'gold_name' does not exist on type 'never'.

[7m135[0m                             <div style="font-size: 15px; color: gray; font-weight: 600;">Image for {{item.gold_name}} ({{item.gold_pure_percent}}%)</div>
[7m   [0m [91m                                                                                                          ~~~~~~~~~[0m

  [96msrc/app/bullion-pending-check-detail/bullion-pending-check-detail.page.ts[0m:[93m26[0m:[93m15[0m
    [7m26[0m  templateUrl: './bullion-pending-check-detail.page.html',
    [7m  [0m [96m              ~~~~~~~~~~~~~~~~~~~~~~~~~~~~~~~~~~~~~~~~~~[0m
    Error occurs in the template of component BullionPendingCheckDetailPage.


Error: [96msrc/app/bullion-pending-check-detail/bullion-pending-check-detail.page.html[0m:[93m135[0m:[93m127[0m - [91merror[0m[90m TS2339: [0mProperty 'gold_pure_percent' does not exist on type 'never'.

[7m135[0m                             <div style="font-size: 15px; color: gray; font-weight: 600;">Image for {{item.gold_name}} ({{item.gold_pure_percent}}%)</div>
[7m   [0m [91m                                                                                                                              ~~~~~~~~~~~~~~~~~[0m

  [96msrc/app/bullion-pending-check-detail/bullion-pending-check-detail.page.ts[0m:[93m26[0m:[93m15[0m
    [7m26[0m  templateUrl: './bullion-pending-check-detail.page.html',
    [7m  [0m [96m              ~~~~~~~~~~~~~~~~~~~~~~~~~~~~~~~~~~~~~~~~~~[0m
    Error occurs in the template of component BullionPendingCheckDetailPage.


Error: [96msrc/app/bullion-pending-check-detail/bullion-pending-check-detail.page.html[0m:[93m139[0m:[93m89[0m - [91merror[0m[90m TS2339: [0mProperty 'MultipleImageUrl' does not exist on type 'never'.

[7m139[0m                                     <ion-slide class="item-slide" *ngFor="let x of item.MultipleImageUrl"><!-- List item images -->
[7m   [0m [91m                                                                                        ~~~~~~~~~~~~~~~~[0m

  [96msrc/app/bullion-pending-check-detail/bullion-pending-check-detail.page.ts[0m:[93m26[0m:[93m15[0m
    [7m26[0m  templateUrl: './bullion-pending-check-detail.page.html',
    [7m  [0m [96m              ~~~~~~~~~~~~~~~~~~~~~~~~~~~~~~~~~~~~~~~~~~[0m
    Error occurs in the template of component BullionPendingCheckDetailPage.


Error: [96msrc/app/bullion-pending-check-detail/bullion-pending-check-detail.page.html[0m:[93m140[0m:[93m101[0m - [91merror[0m[90m TS2339: [0mProperty 'showImage' does not exist on type 'never'.

[7m140[0m                                         <div class="image-slide-content" [ngStyle]="{'border': item.showImage === x ? '3px solid red' : 'none'}">
[7m   [0m [91m                                                                                                    ~~~~~~~~~[0m

  [96msrc/app/bullion-pending-check-detail/bullion-pending-check-detail.page.ts[0m:[93m26[0m:[93m15[0m
    [7m26[0m  templateUrl: './bullion-pending-check-detail.page.html',
    [7m  [0m [96m              ~~~~~~~~~~~~~~~~~~~~~~~~~~~~~~~~~~~~~~~~~~[0m
    Error occurs in the template of component BullionPendingCheckDetailPage.


Error: [96msrc/app/bullion-pending-check-detail/bullion-pending-check-detail.page.html[0m:[93m141[0m:[93m80[0m - [91merror[0m[90m TS2339: [0mProperty 'showImage' does not exist on type 'never'.

[7m141[0m                                             <img [src]="x.image" (click)="item.showImage = (item.showImage == ''? x : (item.showImage == x? '': x))" class="itemImage">
[7m   [0m [91m                                                                               ~~~~~~~~~[0m

  [96msrc/app/bullion-pending-check-detail/bullion-pending-check-detail.page.ts[0m:[93m26[0m:[93m15[0m
    [7m26[0m  templateUrl: './bullion-pending-check-detail.page.html',
    [7m  [0m [96m              ~~~~~~~~~~~~~~~~~~~~~~~~~~~~~~~~~~~~~~~~~~[0m
    Error occurs in the template of component BullionPendingCheckDetailPage.


Error: [96msrc/app/bullion-pending-check-detail/bullion-pending-check-detail.page.html[0m:[93m141[0m:[93m98[0m - [91merror[0m[90m TS2339: [0mProperty 'showImage' does not exist on type 'never'.

[7m141[0m                                             <img [src]="x.image" (click)="item.showImage = (item.showImage == ''? x : (item.showImage == x? '': x))" class="itemImage">
[7m   [0m [91m                                                                                                 ~~~~~~~~~[0m

  [96msrc/app/bullion-pending-check-detail/bullion-pending-check-detail.page.ts[0m:[93m26[0m:[93m15[0m
    [7m26[0m  templateUrl: './bullion-pending-check-detail.page.html',
    [7m  [0m [96m              ~~~~~~~~~~~~~~~~~~~~~~~~~~~~~~~~~~~~~~~~~~[0m
    Error occurs in the template of component BullionPendingCheckDetailPage.


Error: [96msrc/app/bullion-pending-check-detail/bullion-pending-check-detail.page.html[0m:[93m141[0m:[93m125[0m - [91merror[0m[90m TS2339: [0mProperty 'showImage' does not exist on type 'never'.

[7m141[0m                                             <img [src]="x.image" (click)="item.showImage = (item.showImage == ''? x : (item.showImage == x? '': x))" class="itemImage">
[7m   [0m [91m                                                                                                                            ~~~~~~~~~[0m

  [96msrc/app/bullion-pending-check-detail/bullion-pending-check-detail.page.ts[0m:[93m26[0m:[93m15[0m
    [7m26[0m  templateUrl: './bullion-pending-check-detail.page.html',
    [7m  [0m [96m              ~~~~~~~~~~~~~~~~~~~~~~~~~~~~~~~~~~~~~~~~~~[0m
    Error occurs in the template of component BullionPendingCheckDetailPage.


Error: [96msrc/app/bullion-pending-check-detail/bullion-pending-check-detail.page.html[0m:[93m148[0m:[93m90[0m - [91merror[0m[90m TS2339: [0mProperty 'showImage' does not exist on type 'never'.

[7m148[0m                             <ion-col size="12" class="ion-align-self-center" *ngIf="item.showImage">
[7m   [0m [91m                                                                                         ~~~~~~~~~[0m

  [96msrc/app/bullion-pending-check-detail/bullion-pending-check-detail.page.ts[0m:[93m26[0m:[93m15[0m
    [7m26[0m  templateUrl: './bullion-pending-check-detail.page.html',
    [7m  [0m [96m              ~~~~~~~~~~~~~~~~~~~~~~~~~~~~~~~~~~~~~~~~~~[0m
    Error occurs in the template of component BullionPendingCheckDetailPage.


Error: [96msrc/app/bullion-pending-check-detail/bullion-pending-check-detail.page.html[0m:[93m149[0m:[93m50[0m - [91merror[0m[90m TS2339: [0mProperty 'showImage' does not exist on type 'never'.

[7m149[0m                                 <img [src]="item.showImage" style="width: 100%;" class="logoimg">
[7m   [0m [91m                                                 ~~~~~~~~~[0m

  [96msrc/app/bullion-pending-check-detail/bullion-pending-check-detail.page.ts[0m:[93m26[0m:[93m15[0m
    [7m26[0m  templateUrl: './bullion-pending-check-detail.page.html',
    [7m  [0m [96m              ~~~~~~~~~~~~~~~~~~~~~~~~~~~~~~~~~~~~~~~~~~[0m
    Error occurs in the template of component BullionPendingCheckDetailPage.


Error: [96msrc/app/bullion-pending-check-detail/bullion-pending-check-detail.page.html[0m:[93m150[0m:[93m91[0m - [91merror[0m[90m TS2339: [0mProperty 'showImage' does not exist on type 'never'.

[7m150[0m                                 <button class="deleteImageBtn" (click)="delete_img(0,item.showImage,i)" style="font-size: 30px; border-radius: 50%; padding: 5px 8px; top: 5%; right: 3%;">
[7m   [0m [91m                                                                                          ~~~~~~~~~[0m

  [96msrc/app/bullion-pending-check-detail/bullion-pending-check-detail.page.ts[0m:[93m26[0m:[93m15[0m
    [7m26[0m  templateUrl: './bullion-pending-check-detail.page.html',
    [7m  [0m [96m              ~~~~~~~~~~~~~~~~~~~~~~~~~~~~~~~~~~~~~~~~~~[0m
    Error occurs in the template of component BullionPendingCheckDetailPage.


Error: [96msrc/app/bullion-pending-check-detail/bullion-pending-check-detail.page.html[0m:[93m173[0m:[93m113[0m - [91merror[0m[90m TS2339: [0mProperty 'internalRemarkShow' does not exist on type 'BullionPendingCheckDetailPage'.

[7m173[0m                     <h3 class="grntitle">Internal Remarks <ion-icon name="chevron-down-circle-outline" (click)="internalRemarkShow=!internalRemarkShow"></ion-icon></h3>
[7m   [0m [91m                                                                                                                ~~~~~~~~~~~~~~~~~~[0m

  [96msrc/app/bullion-pending-check-detail/bullion-pending-check-detail.page.ts[0m:[93m26[0m:[93m15[0m
    [7m26[0m  templateUrl: './bullion-pending-check-detail.page.html',
    [7m  [0m [96m              ~~~~~~~~~~~~~~~~~~~~~~~~~~~~~~~~~~~~~~~~~~[0m
    Error occurs in the template of component BullionPendingCheckDetailPage.


Error: [96msrc/app/bullion-pending-check-detail/bullion-pending-check-detail.page.html[0m:[93m173[0m:[93m133[0m - [91merror[0m[90m TS2339: [0mProperty 'internalRemarkShow' does not exist on type 'BullionPendingCheckDetailPage'.

[7m173[0m                     <h3 class="grntitle">Internal Remarks <ion-icon name="chevron-down-circle-outline" (click)="internalRemarkShow=!internalRemarkShow"></ion-icon></h3>
[7m   [0m [91m                                                                                                                                    ~~~~~~~~~~~~~~~~~~[0m

  [96msrc/app/bullion-pending-check-detail/bullion-pending-check-detail.page.ts[0m:[93m26[0m:[93m15[0m
    [7m26[0m  templateUrl: './bullion-pending-check-detail.page.html',
    [7m  [0m [96m              ~~~~~~~~~~~~~~~~~~~~~~~~~~~~~~~~~~~~~~~~~~[0m
    Error occurs in the template of component BullionPendingCheckDetailPage.


Error: [96msrc/app/bullion-pending-check-detail/bullion-pending-check-detail.page.html[0m:[93m177[0m:[93m72[0m - [91merror[0m[90m TS2339: [0mProperty 'remark' does not exist on type '{}'.

[7m177[0m                         <ion-textarea type="text" [(ngModel)]="grnData.remark" (ionBlur)="saveDraft()" rows="3"></ion-textarea>
[7m   [0m [91m                                                                       ~~~~~~[0m

  [96msrc/app/bullion-pending-check-detail/bullion-pending-check-detail.page.ts[0m:[93m26[0m:[93m15[0m
    [7m26[0m  templateUrl: './bullion-pending-check-detail.page.html',
    [7m  [0m [96m              ~~~~~~~~~~~~~~~~~~~~~~~~~~~~~~~~~~~~~~~~~~[0m
    Error occurs in the template of component BullionPendingCheckDetailPage.


Error: [96msrc/app/bullion-pending-check-detail/bullion-pending-check-detail.page.html[0m:[93m177[0m:[93m72[0m - [91merror[0m[90m TS2339: [0mProperty 'remark' does not exist on type '{}'.

[7m177[0m                         <ion-textarea type="text" [(ngModel)]="grnData.remark" (ionBlur)="saveDraft()" rows="3"></ion-textarea>
[7m   [0m [91m                                                                       ~~~~~~[0m

  [96msrc/app/bullion-pending-check-detail/bullion-pending-check-detail.page.ts[0m:[93m26[0m:[93m15[0m
    [7m26[0m  templateUrl: './bullion-pending-check-detail.page.html',
    [7m  [0m [96m              ~~~~~~~~~~~~~~~~~~~~~~~~~~~~~~~~~~~~~~~~~~[0m
    Error occurs in the template of component BullionPendingCheckDetailPage.


Error: [96msrc/app/bullion-pending-check-detail/bullion-pending-check-detail.page.html[0m:[93m137[0m:[93m33[0m - [91merror[0m[90m NG8001: [0m'ion-slides' is not a known element:
1. If 'ion-slides' is an Angular component, then verify that it is part of this module.
2. If 'ion-slides' is a Web Component then add 'CUSTOM_ELEMENTS_SCHEMA' to the '@NgModule.schemas' of this component to suppress this message.

[7m137[0m                                 <ion-slides pager="true" [options]="slideOpts">
[7m   [0m [91m                                ~~~~~~~~~~~~~~~~~~~~~~~~~~~~~~~~~~~~~~~~~~~~~~~[0m

  [96msrc/app/bullion-pending-check-detail/bullion-pending-check-detail.page.ts[0m:[93m26[0m:[93m15[0m
    [7m26[0m  templateUrl: './bullion-pending-check-detail.page.html',
    [7m  [0m [96m              ~~~~~~~~~~~~~~~~~~~~~~~~~~~~~~~~~~~~~~~~~~[0m
    Error occurs in the template of component BullionPendingCheckDetailPage.


Error: [96msrc/app/bullion-pending-check-detail/bullion-pending-check-detail.page.html[0m:[93m137[0m:[93m58[0m - [91merror[0m[90m NG8002: [0mCan't bind to 'options' since it isn't a known property of 'ion-slides'.
1. If 'ion-slides' is an Angular component and it has 'options' input, then verify that it is part of this module.
2. If 'ion-slides' is a Web Component then add 'CUSTOM_ELEMENTS_SCHEMA' to the '@NgModule.schemas' of this component to suppress this message.
3. To allow any property add 'NO_ERRORS_SCHEMA' to the '@NgModule.schemas' of this component.

[7m137[0m                                 <ion-slides pager="true" [options]="slideOpts">
[7m   [0m [91m                                                         ~~~~~~~~~~~~~~~~~~~~~[0m

  [96msrc/app/bullion-pending-check-detail/bullion-pending-check-detail.page.ts[0m:[93m26[0m:[93m15[0m
    [7m26[0m  templateUrl: './bullion-pending-check-detail.page.html',
    [7m  [0m [96m              ~~~~~~~~~~~~~~~~~~~~~~~~~~~~~~~~~~~~~~~~~~[0m
    Error occurs in the template of component BullionPendingCheckDetailPage.


Error: [96msrc/app/bullion-pending-check-detail/bullion-pending-check-detail.page.html[0m:[93m139[0m:[93m37[0m - [91merror[0m[90m NG8001: [0m'ion-slide' is not a known element:
1. If 'ion-slide' is an Angular component, then verify that it is part of this module.
2. If 'ion-slide' is a Web Component then add 'CUSTOM_ELEMENTS_SCHEMA' to the '@NgModule.schemas' of this component to suppress this message.

[7m139[0m                                     <ion-slide class="item-slide" *ngFor="let x of item.MultipleImageUrl"><!-- List item images -->
[7m   [0m [91m                                    ~~~~~~~~~~~~~~~~~~~~~~~~~~~~~~~~~~~~~~~~~~~~~~~~~~~~~~~~~~~~~~~~~~~~~~[0m

  [96msrc/app/bullion-pending-check-detail/bullion-pending-check-detail.page.ts[0m:[93m26[0m:[93m15[0m
    [7m26[0m  templateUrl: './bullion-pending-check-detail.page.html',
    [7m  [0m [96m              ~~~~~~~~~~~~~~~~~~~~~~~~~~~~~~~~~~~~~~~~~~[0m
    Error occurs in the template of component BullionPendingCheckDetailPage.


Error: [96msrc/app/bullion-pending-tbc/bullion-pending-tbc.page.html[0m:[93m143[0m:[93m36[0m - [91merror[0m[90m TS2571: [0mObject is of type 'unknown'.

[7m143[0m           <td>{{keyValuePair.value.gold_name }}</td>
[7m   [0m [91m                                   ~~~~~~~~~[0m

  [96msrc/app/bullion-pending-tbc/bullion-pending-tbc.page.ts[0m:[93m17[0m:[93m16[0m
    [7m17[0m   templateUrl: './bullion-pending-tbc.page.html',
    [7m  [0m [96m               ~~~~~~~~~~~~~~~~~~~~~~~~~~~~~~~~~[0m
    Error occurs in the template of component BullionPendingTBCPage.


Error: [96msrc/app/bullion-pending-tbc/bullion-pending-tbc.page.html[0m:[93m144[0m:[93m36[0m - [91merror[0m[90m TS2571: [0mObject is of type 'unknown'.

[7m144[0m           <td>{{keyValuePair.value.gram | number :'.2'}}</td>
[7m   [0m [91m                                   ~~~~[0m

  [96msrc/app/bullion-pending-tbc/bullion-pending-tbc.page.ts[0m:[93m17[0m:[93m16[0m
    [7m17[0m   templateUrl: './bullion-pending-tbc.page.html',
    [7m  [0m [96m               ~~~~~~~~~~~~~~~~~~~~~~~~~~~~~~~~~[0m
    Error occurs in the template of component BullionPendingTBCPage.


Error: [96msrc/app/bullion-pending-tbc/bullion-pending-tbc.page.html[0m:[93m145[0m:[93m36[0m - [91merror[0m[90m TS2571: [0mObject is of type 'unknown'.

[7m145[0m           <td>{{keyValuePair.value.gold_pure_percent}}</td>
[7m   [0m [91m                                   ~~~~~~~~~~~~~~~~~[0m

  [96msrc/app/bullion-pending-tbc/bullion-pending-tbc.page.ts[0m:[93m17[0m:[93m16[0m
    [7m17[0m   templateUrl: './bullion-pending-tbc.page.html',
    [7m  [0m [96m               ~~~~~~~~~~~~~~~~~~~~~~~~~~~~~~~~~[0m
    Error occurs in the template of component BullionPendingTBCPage.


Error: [96msrc/app/bullion-pending-tbc/bullion-pending-tbc.page.html[0m:[93m146[0m:[93m36[0m - [91merror[0m[90m TS2571: [0mObject is of type 'unknown'.

[7m146[0m           <td>{{keyValuePair.value.XAU_amount | number :'.3'}}</td>
[7m   [0m [91m                                   ~~~~~~~~~~[0m

  [96msrc/app/bullion-pending-tbc/bullion-pending-tbc.page.ts[0m:[93m17[0m:[93m16[0m
    [7m17[0m   templateUrl: './bullion-pending-tbc.page.html',
    [7m  [0m [96m               ~~~~~~~~~~~~~~~~~~~~~~~~~~~~~~~~~[0m
    Error occurs in the template of component BullionPendingTBCPage.


Error: [96msrc/app/bullion-pending-tbc-detail/bullion-pending-tbc-detail.page.html[0m:[93m14[0m:[93m115[0m - [91merror[0m[90m TS2339: [0mProperty 'total_XAU' does not exist on type '{ is_approved: number; }'.

[7m14[0m                         <span id="total_XAU_amount_desc" style="color:{{calculate_summary()['total_XAU']>=grnData.total_XAU?'green':'orange'}}">{{calculate_summary()['total_XAU']| number:'.3'}}</span>
[7m  [0m [91m                                                                                                                  ~~~~~~~~~[0m

  [96msrc/app/bullion-pending-tbc-detail/bullion-pending-tbc-detail.page.ts[0m:[93m23[0m:[93m15[0m
    [7m23[0m  templateUrl: './bullion-pending-tbc-detail.page.html',
    [7m  [0m [96m              ~~~~~~~~~~~~~~~~~~~~~~~~~~~~~~~~~~~~~~~~[0m
    Error occurs in the template of component BullionPendingTBCDetailPage.


Error: [96msrc/app/bullion-pending-tbc-detail/bullion-pending-tbc-detail.page.html[0m:[93m16[0m:[93m47[0m - [91merror[0m[90m TS2339: [0mProperty 'total_XAU' does not exist on type '{ is_approved: number; }'.

[7m16[0m                         <span id="">{{grnData.total_XAU | number:'.3'}}</span>
[7m  [0m [91m                                              ~~~~~~~~~[0m

  [96msrc/app/bullion-pending-tbc-detail/bullion-pending-tbc-detail.page.ts[0m:[93m23[0m:[93m15[0m
    [7m23[0m  templateUrl: './bullion-pending-tbc-detail.page.html',
    [7m  [0m [96m              ~~~~~~~~~~~~~~~~~~~~~~~~~~~~~~~~~~~~~~~~[0m
    Error occurs in the template of component BullionPendingTBCDetailPage.


Error: [96msrc/app/bullion-pending-tbc-detail/bullion-pending-tbc-detail.page.html[0m:[93m27[0m:[93m76[0m - [91merror[0m[90m TS2339: [0mProperty 'total_XAU' does not exist on type '{ is_approved: number; }'.

[7m27[0m                         *ngIf="calculate_summary()['total_XAU'] != grnData.total_XAU">
[7m  [0m [91m                                                                           ~~~~~~~~~[0m

  [96msrc/app/bullion-pending-tbc-detail/bullion-pending-tbc-detail.page.ts[0m:[93m23[0m:[93m15[0m
    [7m23[0m  templateUrl: './bullion-pending-tbc-detail.page.html',
    [7m  [0m [96m              ~~~~~~~~~~~~~~~~~~~~~~~~~~~~~~~~~~~~~~~~[0m
    Error occurs in the template of component BullionPendingTBCDetailPage.


Error: [96msrc/app/bullion-pending-tbc-detail/bullion-pending-tbc-detail.page.html[0m:[93m26[0m:[93m97[0m - [91merror[0m[90m TS2339: [0mProperty 'total_XAU' does not exist on type '{ is_approved: number; }'.

[7m26[0m                     <div id="moreless_desc" [class]="calculate_summary()['total_XAU'] > grnData.total_XAU ? 'diffmore' : 'diffless'"
[7m  [0m [91m                                                                                                ~~~~~~~~~[0m

  [96msrc/app/bullion-pending-tbc-detail/bullion-pending-tbc-detail.page.ts[0m:[93m23[0m:[93m15[0m
    [7m23[0m  templateUrl: './bullion-pending-tbc-detail.page.html',
    [7m  [0m [96m              ~~~~~~~~~~~~~~~~~~~~~~~~~~~~~~~~~~~~~~~~[0m
    Error occurs in the template of component BullionPendingTBCDetailPage.


Error: [96msrc/app/bullion-pending-tbc-detail/bullion-pending-tbc-detail.page.html[0m:[93m28[0m:[93m70[0m - [91merror[0m[90m TS2339: [0mProperty 'total_XAU' does not exist on type '{ is_approved: number; }'.

[7m28[0m                         {{calculate_summary()['total_XAU'] - grnData.total_XAU | number: '.3'}}
[7m  [0m [91m                                                                     ~~~~~~~~~[0m

  [96msrc/app/bullion-pending-tbc-detail/bullion-pending-tbc-detail.page.ts[0m:[93m23[0m:[93m15[0m
    [7m23[0m  templateUrl: './bullion-pending-tbc-detail.page.html',
    [7m  [0m [96m              ~~~~~~~~~~~~~~~~~~~~~~~~~~~~~~~~~~~~~~~~[0m
    Error occurs in the template of component BullionPendingTBCDetailPage.


Error: [96msrc/app/bullion-pending-tbc-detail/bullion-pending-tbc-detail.page.html[0m:[93m103[0m:[93m81[0m - [91merror[0m[90m TS2339: [0mProperty 'warehouse_id' does not exist on type 'never'.

[7m103[0m                             <td [style.backgroundColor]="getWarehouseColor(item.warehouse_id)">{{item.gold_name}}</td>
[7m   [0m [91m                                                                                ~~~~~~~~~~~~[0m

  [96msrc/app/bullion-pending-tbc-detail/bullion-pending-tbc-detail.page.ts[0m:[93m23[0m:[93m15[0m
    [7m23[0m  templateUrl: './bullion-pending-tbc-detail.page.html',
    [7m  [0m [96m              ~~~~~~~~~~~~~~~~~~~~~~~~~~~~~~~~~~~~~~~~[0m
    Error occurs in the template of component BullionPendingTBCDetailPage.


Error: [96msrc/app/bullion-pending-tbc-detail/bullion-pending-tbc-detail.page.html[0m:[93m103[0m:[93m103[0m - [91merror[0m[90m TS2339: [0mProperty 'gold_name' does not exist on type 'never'.

[7m103[0m                             <td [style.backgroundColor]="getWarehouseColor(item.warehouse_id)">{{item.gold_name}}</td>
[7m   [0m [91m                                                                                                      ~~~~~~~~~[0m

  [96msrc/app/bullion-pending-tbc-detail/bullion-pending-tbc-detail.page.ts[0m:[93m23[0m:[93m15[0m
    [7m23[0m  templateUrl: './bullion-pending-tbc-detail.page.html',
    [7m  [0m [96m              ~~~~~~~~~~~~~~~~~~~~~~~~~~~~~~~~~~~~~~~~[0m
    Error occurs in the template of component BullionPendingTBCDetailPage.


Error: [96msrc/app/bullion-pending-tbc-detail/bullion-pending-tbc-detail.page.html[0m:[93m104[0m:[93m40[0m - [91merror[0m[90m TS2339: [0mProperty 'gram' does not exist on type 'never'.

[7m104[0m                             <td>{{item.gram  | number :'.2'}}</td>
[7m   [0m [91m                                       ~~~~[0m

  [96msrc/app/bullion-pending-tbc-detail/bullion-pending-tbc-detail.page.ts[0m:[93m23[0m:[93m15[0m
    [7m23[0m  templateUrl: './bullion-pending-tbc-detail.page.html',
    [7m  [0m [96m              ~~~~~~~~~~~~~~~~~~~~~~~~~~~~~~~~~~~~~~~~[0m
    Error occurs in the template of component BullionPendingTBCDetailPage.


Error: [96msrc/app/bullion-pending-tbc-detail/bullion-pending-tbc-detail.page.html[0m:[93m105[0m:[93m40[0m - [91merror[0m[90m TS2339: [0mProperty 'gold_pure_percent' does not exist on type 'never'.

[7m105[0m                             <td>{{item.gold_pure_percent}}</td>
[7m   [0m [91m                                       ~~~~~~~~~~~~~~~~~[0m

  [96msrc/app/bullion-pending-tbc-detail/bullion-pending-tbc-detail.page.ts[0m:[93m23[0m:[93m15[0m
    [7m23[0m  templateUrl: './bullion-pending-tbc-detail.page.html',
    [7m  [0m [96m              ~~~~~~~~~~~~~~~~~~~~~~~~~~~~~~~~~~~~~~~~[0m
    Error occurs in the template of component BullionPendingTBCDetailPage.


Error: [96msrc/app/bullion-pending-tbc-detail/bullion-pending-tbc-detail.page.html[0m:[93m106[0m:[93m40[0m - [91merror[0m[90m TS2339: [0mProperty 'XAU_amount' does not exist on type 'never'.

[7m106[0m                             <td>{{item.XAU_amount | number :'.3'}}</td>
[7m   [0m [91m                                       ~~~~~~~~~~[0m

  [96msrc/app/bullion-pending-tbc-detail/bullion-pending-tbc-detail.page.ts[0m:[93m23[0m:[93m15[0m
    [7m23[0m  templateUrl: './bullion-pending-tbc-detail.page.html',
    [7m  [0m [96m              ~~~~~~~~~~~~~~~~~~~~~~~~~~~~~~~~~~~~~~~~[0m
    Error occurs in the template of component BullionPendingTBCDetailPage.


Error: [96msrc/app/bullion-pending-tbc-detail/bullion-pending-tbc-detail.page.html[0m:[93m134[0m:[93m68[0m - [91merror[0m[90m TS2339: [0mProperty 'goods_received_note_detail_id' does not exist on type 'never'.

[7m134[0m                 <td [routerLink]="['/bullion-change-request/'+item.goods_received_note_detail_id]" [style.backgroundColor]="getWarehouseColor(item.warehouse_id)">{{item.gold_name}}</td>
[7m   [0m [91m                                                                   ~~~~~~~~~~~~~~~~~~~~~~~~~~~~~[0m

  [96msrc/app/bullion-pending-tbc-detail/bullion-pending-tbc-detail.page.ts[0m:[93m23[0m:[93m15[0m
    [7m23[0m  templateUrl: './bullion-pending-tbc-detail.page.html',
    [7m  [0m [96m              ~~~~~~~~~~~~~~~~~~~~~~~~~~~~~~~~~~~~~~~~[0m
    Error occurs in the template of component BullionPendingTBCDetailPage.


Error: [96msrc/app/bullion-pending-tbc-detail/bullion-pending-tbc-detail.page.html[0m:[93m134[0m:[93m148[0m - [91merror[0m[90m TS2339: [0mProperty 'warehouse_id' does not exist on type 'never'.

[7m134[0m                 <td [routerLink]="['/bullion-change-request/'+item.goods_received_note_detail_id]" [style.backgroundColor]="getWarehouseColor(item.warehouse_id)">{{item.gold_name}}</td>
[7m   [0m [91m                                                                                                                                                   ~~~~~~~~~~~~[0m

  [96msrc/app/bullion-pending-tbc-detail/bullion-pending-tbc-detail.page.ts[0m:[93m23[0m:[93m15[0m
    [7m23[0m  templateUrl: './bullion-pending-tbc-detail.page.html',
    [7m  [0m [96m              ~~~~~~~~~~~~~~~~~~~~~~~~~~~~~~~~~~~~~~~~[0m
    Error occurs in the template of component BullionPendingTBCDetailPage.


Error: [96msrc/app/bullion-pending-tbc-detail/bullion-pending-tbc-detail.page.html[0m:[93m134[0m:[93m170[0m - [91merror[0m[90m TS2339: [0mProperty 'gold_name' does not exist on type 'never'.

[7m134[0m                 <td [routerLink]="['/bullion-change-request/'+item.goods_received_note_detail_id]" [style.backgroundColor]="getWarehouseColor(item.warehouse_id)">{{item.gold_name}}</td>
[7m   [0m [91m                                                                                                                                                                         ~~~~~~~~~[0m

  [96msrc/app/bullion-pending-tbc-detail/bullion-pending-tbc-detail.page.ts[0m:[93m23[0m:[93m15[0m
    [7m23[0m  templateUrl: './bullion-pending-tbc-detail.page.html',
    [7m  [0m [96m              ~~~~~~~~~~~~~~~~~~~~~~~~~~~~~~~~~~~~~~~~[0m
    Error occurs in the template of component BullionPendingTBCDetailPage.


Error: [96msrc/app/bullion-pending-tbc-detail/bullion-pending-tbc-detail.page.html[0m:[93m135[0m:[93m68[0m - [91merror[0m[90m TS2339: [0mProperty 'goods_received_note_detail_id' does not exist on type 'never'.

[7m135[0m                 <td [routerLink]="['/bullion-change-request/'+item.goods_received_note_detail_id]">{{item.gram  | number :'.2'}}</td>
[7m   [0m [91m                                                                   ~~~~~~~~~~~~~~~~~~~~~~~~~~~~~[0m

  [96msrc/app/bullion-pending-tbc-detail/bullion-pending-tbc-detail.page.ts[0m:[93m23[0m:[93m15[0m
    [7m23[0m  templateUrl: './bullion-pending-tbc-detail.page.html',
    [7m  [0m [96m              ~~~~~~~~~~~~~~~~~~~~~~~~~~~~~~~~~~~~~~~~[0m
    Error occurs in the template of component BullionPendingTBCDetailPage.


Error: [96msrc/app/bullion-pending-tbc-detail/bullion-pending-tbc-detail.page.html[0m:[93m135[0m:[93m107[0m - [91merror[0m[90m TS2339: [0mProperty 'gram' does not exist on type 'never'.

[7m135[0m                 <td [routerLink]="['/bullion-change-request/'+item.goods_received_note_detail_id]">{{item.gram  | number :'.2'}}</td>
[7m   [0m [91m                                                                                                          ~~~~[0m

  [96msrc/app/bullion-pending-tbc-detail/bullion-pending-tbc-detail.page.ts[0m:[93m23[0m:[93m15[0m
    [7m23[0m  templateUrl: './bullion-pending-tbc-detail.page.html',
    [7m  [0m [96m              ~~~~~~~~~~~~~~~~~~~~~~~~~~~~~~~~~~~~~~~~[0m
    Error occurs in the template of component BullionPendingTBCDetailPage.


Error: [96msrc/app/bullion-pending-tbc-detail/bullion-pending-tbc-detail.page.html[0m:[93m136[0m:[93m68[0m - [91merror[0m[90m TS2339: [0mProperty 'goods_received_note_detail_id' does not exist on type 'never'.

[7m136[0m                 <td [routerLink]="['/bullion-change-request/'+item.goods_received_note_detail_id]">{{item.gold_pure_percent}}</td>
[7m   [0m [91m                                                                   ~~~~~~~~~~~~~~~~~~~~~~~~~~~~~[0m

  [96msrc/app/bullion-pending-tbc-detail/bullion-pending-tbc-detail.page.ts[0m:[93m23[0m:[93m15[0m
    [7m23[0m  templateUrl: './bullion-pending-tbc-detail.page.html',
    [7m  [0m [96m              ~~~~~~~~~~~~~~~~~~~~~~~~~~~~~~~~~~~~~~~~[0m
    Error occurs in the template of component BullionPendingTBCDetailPage.


Error: [96msrc/app/bullion-pending-tbc-detail/bullion-pending-tbc-detail.page.html[0m:[93m136[0m:[93m107[0m - [91merror[0m[90m TS2339: [0mProperty 'gold_pure_percent' does not exist on type 'never'.

[7m136[0m                 <td [routerLink]="['/bullion-change-request/'+item.goods_received_note_detail_id]">{{item.gold_pure_percent}}</td>
[7m   [0m [91m                                                                                                          ~~~~~~~~~~~~~~~~~[0m

  [96msrc/app/bullion-pending-tbc-detail/bullion-pending-tbc-detail.page.ts[0m:[93m23[0m:[93m15[0m
    [7m23[0m  templateUrl: './bullion-pending-tbc-detail.page.html',
    [7m  [0m [96m              ~~~~~~~~~~~~~~~~~~~~~~~~~~~~~~~~~~~~~~~~[0m
    Error occurs in the template of component BullionPendingTBCDetailPage.


Error: [96msrc/app/bullion-pending-tbc-detail/bullion-pending-tbc-detail.page.html[0m:[93m137[0m:[93m68[0m - [91merror[0m[90m TS2339: [0mProperty 'goods_received_note_detail_id' does not exist on type 'never'.

[7m137[0m                 <td [routerLink]="['/bullion-change-request/'+item.goods_received_note_detail_id]">{{item.XAU_amount | number :'.3'}}</td>
[7m   [0m [91m                                                                   ~~~~~~~~~~~~~~~~~~~~~~~~~~~~~[0m

  [96msrc/app/bullion-pending-tbc-detail/bullion-pending-tbc-detail.page.ts[0m:[93m23[0m:[93m15[0m
    [7m23[0m  templateUrl: './bullion-pending-tbc-detail.page.html',
    [7m  [0m [96m              ~~~~~~~~~~~~~~~~~~~~~~~~~~~~~~~~~~~~~~~~[0m
    Error occurs in the template of component BullionPendingTBCDetailPage.


Error: [96msrc/app/bullion-pending-tbc-detail/bullion-pending-tbc-detail.page.html[0m:[93m137[0m:[93m107[0m - [91merror[0m[90m TS2339: [0mProperty 'XAU_amount' does not exist on type 'never'.

[7m137[0m                 <td [routerLink]="['/bullion-change-request/'+item.goods_received_note_detail_id]">{{item.XAU_amount | number :'.3'}}</td>
[7m   [0m [91m                                                                                                          ~~~~~~~~~~[0m

  [96msrc/app/bullion-pending-tbc-detail/bullion-pending-tbc-detail.page.ts[0m:[93m23[0m:[93m15[0m
    [7m23[0m  templateUrl: './bullion-pending-tbc-detail.page.html',
    [7m  [0m [96m              ~~~~~~~~~~~~~~~~~~~~~~~~~~~~~~~~~~~~~~~~[0m
    Error occurs in the template of component BullionPendingTBCDetailPage.


Error: [96msrc/app/bullion-pending-tbc-detail/bullion-pending-tbc-detail.page.html[0m:[93m166[0m:[93m69[0m - [91merror[0m[90m TS2339: [0mProperty 'warehouse_id' does not exist on type 'never'.

[7m166[0m                 <td [style.backgroundColor]="getWarehouseColor(item.warehouse_id)">{{item.gold_name}}</td>
[7m   [0m [91m                                                                    ~~~~~~~~~~~~[0m

  [96msrc/app/bullion-pending-tbc-detail/bullion-pending-tbc-detail.page.ts[0m:[93m23[0m:[93m15[0m
    [7m23[0m  templateUrl: './bullion-pending-tbc-detail.page.html',
    [7m  [0m [96m              ~~~~~~~~~~~~~~~~~~~~~~~~~~~~~~~~~~~~~~~~[0m
    Error occurs in the template of component BullionPendingTBCDetailPage.


Error: [96msrc/app/bullion-pending-tbc-detail/bullion-pending-tbc-detail.page.html[0m:[93m166[0m:[93m91[0m - [91merror[0m[90m TS2339: [0mProperty 'gold_name' does not exist on type 'never'.

[7m166[0m                 <td [style.backgroundColor]="getWarehouseColor(item.warehouse_id)">{{item.gold_name}}</td>
[7m   [0m [91m                                                                                          ~~~~~~~~~[0m

  [96msrc/app/bullion-pending-tbc-detail/bullion-pending-tbc-detail.page.ts[0m:[93m23[0m:[93m15[0m
    [7m23[0m  templateUrl: './bullion-pending-tbc-detail.page.html',
    [7m  [0m [96m              ~~~~~~~~~~~~~~~~~~~~~~~~~~~~~~~~~~~~~~~~[0m
    Error occurs in the template of component BullionPendingTBCDetailPage.


Error: [96msrc/app/bullion-pending-tbc-detail/bullion-pending-tbc-detail.page.html[0m:[93m167[0m:[93m28[0m - [91merror[0m[90m TS2339: [0mProperty 'weight' does not exist on type 'never'.

[7m167[0m                 <td>{{item.weight  | number :'.2'}}</td>
[7m   [0m [91m                           ~~~~~~[0m

  [96msrc/app/bullion-pending-tbc-detail/bullion-pending-tbc-detail.page.ts[0m:[93m23[0m:[93m15[0m
    [7m23[0m  templateUrl: './bullion-pending-tbc-detail.page.html',
    [7m  [0m [96m              ~~~~~~~~~~~~~~~~~~~~~~~~~~~~~~~~~~~~~~~~[0m
    Error occurs in the template of component BullionPendingTBCDetailPage.


Error: [96msrc/app/bullion-pending-tbc-detail/bullion-pending-tbc-detail.page.html[0m:[93m168[0m:[93m28[0m - [91merror[0m[90m TS2339: [0mProperty 'gold_pure_percentage' does not exist on type 'never'.

[7m168[0m                 <td>{{item.gold_pure_percentage}}</td>
[7m   [0m [91m                           ~~~~~~~~~~~~~~~~~~~~[0m

  [96msrc/app/bullion-pending-tbc-detail/bullion-pending-tbc-detail.page.ts[0m:[93m23[0m:[93m15[0m
    [7m23[0m  templateUrl: './bullion-pending-tbc-detail.page.html',
    [7m  [0m [96m              ~~~~~~~~~~~~~~~~~~~~~~~~~~~~~~~~~~~~~~~~[0m
    Error occurs in the template of component BullionPendingTBCDetailPage.


Error: [96msrc/app/bullion-pending-tbc-detail/bullion-pending-tbc-detail.page.html[0m:[93m169[0m:[93m28[0m - [91merror[0m[90m TS2339: [0mProperty 'XAU' does not exist on type 'never'.

[7m169[0m                 <td>{{item.XAU | number :'.3'}}</td>
[7m   [0m [91m                           ~~~[0m

  [96msrc/app/bullion-pending-tbc-detail/bullion-pending-tbc-detail.page.ts[0m:[93m23[0m:[93m15[0m
    [7m23[0m  templateUrl: './bullion-pending-tbc-detail.page.html',
    [7m  [0m [96m              ~~~~~~~~~~~~~~~~~~~~~~~~~~~~~~~~~~~~~~~~[0m
    Error occurs in the template of component BullionPendingTBCDetailPage.


Error: [96msrc/app/bullion-pending-tbc-detail/bullion-pending-tbc-detail.page.html[0m:[93m172[0m:[93m52[0m - [91merror[0m[90m TS2339: [0mProperty 'warehouse_id' does not exist on type 'never'.

[7m172[0m                                  [(ngModel)]="item.warehouse_id">
[7m   [0m [91m                                                   ~~~~~~~~~~~~[0m

  [96msrc/app/bullion-pending-tbc-detail/bullion-pending-tbc-detail.page.ts[0m:[93m23[0m:[93m15[0m
    [7m23[0m  templateUrl: './bullion-pending-tbc-detail.page.html',
    [7m  [0m [96m              ~~~~~~~~~~~~~~~~~~~~~~~~~~~~~~~~~~~~~~~~[0m
    Error occurs in the template of component BullionPendingTBCDetailPage.


Error: [96msrc/app/bullion-pending-tbc-detail/bullion-pending-tbc-detail.page.html[0m:[93m172[0m:[93m52[0m - [91merror[0m[90m TS2339: [0mProperty 'warehouse_id' does not exist on type 'never'.

[7m172[0m                                  [(ngModel)]="item.warehouse_id">
[7m   [0m [91m                                                   ~~~~~~~~~~~~[0m

  [96msrc/app/bullion-pending-tbc-detail/bullion-pending-tbc-detail.page.ts[0m:[93m23[0m:[93m15[0m
    [7m23[0m  templateUrl: './bullion-pending-tbc-detail.page.html',
    [7m  [0m [96m              ~~~~~~~~~~~~~~~~~~~~~~~~~~~~~~~~~~~~~~~~[0m
    Error occurs in the template of component BullionPendingTBCDetailPage.


Error: [96msrc/app/bullion-pending-tbc-detail/bullion-pending-tbc-detail.page.html[0m:[93m173[0m:[93m81[0m - [91merror[0m[90m TS2339: [0mProperty 'warehouse_id' does not exist on type 'never'.

[7m173[0m                   <ion-select-option *ngFor="let x of warehouseList" value="{{x.warehouse_id}}">{{x.name}}
[7m   [0m [91m                                                                                ~~~~~~~~~~~~[0m

  [96msrc/app/bullion-pending-tbc-detail/bullion-pending-tbc-detail.page.ts[0m:[93m23[0m:[93m15[0m
    [7m23[0m  templateUrl: './bullion-pending-tbc-detail.page.html',
    [7m  [0m [96m              ~~~~~~~~~~~~~~~~~~~~~~~~~~~~~~~~~~~~~~~~[0m
    Error occurs in the template of component BullionPendingTBCDetailPage.


Error: [96msrc/app/bullion-pending-tbc-detail/bullion-pending-tbc-detail.page.html[0m:[93m173[0m:[93m101[0m - [91merror[0m[90m TS2339: [0mProperty 'name' does not exist on type 'never'.

[7m173[0m                   <ion-select-option *ngFor="let x of warehouseList" value="{{x.warehouse_id}}">{{x.name}}
[7m   [0m [91m                                                                                                    ~~~~[0m

  [96msrc/app/bullion-pending-tbc-detail/bullion-pending-tbc-detail.page.ts[0m:[93m23[0m:[93m15[0m
    [7m23[0m  templateUrl: './bullion-pending-tbc-detail.page.html',
    [7m  [0m [96m              ~~~~~~~~~~~~~~~~~~~~~~~~~~~~~~~~~~~~~~~~[0m
    Error occurs in the template of component BullionPendingTBCDetailPage.


Error: [96msrc/app/bullion-pending-tbc-detail/bullion-pending-tbc-detail.page.html[0m:[93m199[0m:[93m46[0m - [91merror[0m[90m TS2339: [0mProperty 'MultipleImageUrl' does not exist on type 'never'.

[7m199[0m                         <ion-row *ngIf="item.MultipleImageUrl.length !== 0">
[7m   [0m [91m                                             ~~~~~~~~~~~~~~~~[0m

  [96msrc/app/bullion-pending-tbc-detail/bullion-pending-tbc-detail.page.ts[0m:[93m23[0m:[93m15[0m
    [7m23[0m  templateUrl: './bullion-pending-tbc-detail.page.html',
    [7m  [0m [96m              ~~~~~~~~~~~~~~~~~~~~~~~~~~~~~~~~~~~~~~~~[0m
    Error occurs in the template of component BullionPendingTBCDetailPage.


Error: [96msrc/app/bullion-pending-tbc-detail/bullion-pending-tbc-detail.page.html[0m:[93m200[0m:[93m107[0m - [91merror[0m[90m TS2339: [0mProperty 'gold_name' does not exist on type 'never'.

[7m200[0m                             <div style="font-size: 15px; color: gray; font-weight: 600;">Image for {{item.gold_name}} ({{item.gold_pure_percent}}%)</div>
[7m   [0m [91m                                                                                                          ~~~~~~~~~[0m

  [96msrc/app/bullion-pending-tbc-detail/bullion-pending-tbc-detail.page.ts[0m:[93m23[0m:[93m15[0m
    [7m23[0m  templateUrl: './bullion-pending-tbc-detail.page.html',
    [7m  [0m [96m              ~~~~~~~~~~~~~~~~~~~~~~~~~~~~~~~~~~~~~~~~[0m
    Error occurs in the template of component BullionPendingTBCDetailPage.


Error: [96msrc/app/bullion-pending-tbc-detail/bullion-pending-tbc-detail.page.html[0m:[93m200[0m:[93m127[0m - [91merror[0m[90m TS2339: [0mProperty 'gold_pure_percent' does not exist on type 'never'.

[7m200[0m                             <div style="font-size: 15px; color: gray; font-weight: 600;">Image for {{item.gold_name}} ({{item.gold_pure_percent}}%)</div>
[7m   [0m [91m                                                                                                                              ~~~~~~~~~~~~~~~~~[0m

  [96msrc/app/bullion-pending-tbc-detail/bullion-pending-tbc-detail.page.ts[0m:[93m23[0m:[93m15[0m
    [7m23[0m  templateUrl: './bullion-pending-tbc-detail.page.html',
    [7m  [0m [96m              ~~~~~~~~~~~~~~~~~~~~~~~~~~~~~~~~~~~~~~~~[0m
    Error occurs in the template of component BullionPendingTBCDetailPage.


Error: [96msrc/app/bullion-pending-tbc-detail/bullion-pending-tbc-detail.page.html[0m:[93m204[0m:[93m89[0m - [91merror[0m[90m TS2339: [0mProperty 'MultipleImageUrl' does not exist on type 'never'.

[7m204[0m                                     <ion-slide class="item-slide" *ngFor="let x of item.MultipleImageUrl"><!-- List item images -->
[7m   [0m [91m                                                                                        ~~~~~~~~~~~~~~~~[0m

  [96msrc/app/bullion-pending-tbc-detail/bullion-pending-tbc-detail.page.ts[0m:[93m23[0m:[93m15[0m
    [7m23[0m  templateUrl: './bullion-pending-tbc-detail.page.html',
    [7m  [0m [96m              ~~~~~~~~~~~~~~~~~~~~~~~~~~~~~~~~~~~~~~~~[0m
    Error occurs in the template of component BullionPendingTBCDetailPage.


Error: [96msrc/app/bullion-pending-tbc-detail/bullion-pending-tbc-detail.page.html[0m:[93m205[0m:[93m101[0m - [91merror[0m[90m TS2339: [0mProperty 'showImage' does not exist on type 'never'.

[7m205[0m                                         <div class="image-slide-content" [ngStyle]="{'border': item.showImage === x ? '3px solid red' : 'none'}">
[7m   [0m [91m                                                                                                    ~~~~~~~~~[0m

  [96msrc/app/bullion-pending-tbc-detail/bullion-pending-tbc-detail.page.ts[0m:[93m23[0m:[93m15[0m
    [7m23[0m  templateUrl: './bullion-pending-tbc-detail.page.html',
    [7m  [0m [96m              ~~~~~~~~~~~~~~~~~~~~~~~~~~~~~~~~~~~~~~~~[0m
    Error occurs in the template of component BullionPendingTBCDetailPage.


Error: [96msrc/app/bullion-pending-tbc-detail/bullion-pending-tbc-detail.page.html[0m:[93m206[0m:[93m80[0m - [91merror[0m[90m TS2339: [0mProperty 'showImage' does not exist on type 'never'.

[7m206[0m                                             <img [src]="x.image" (click)="item.showImage = (item.showImage == ''? x : (item.showImage == x? '': x))" class="itemImage">
[7m   [0m [91m                                                                               ~~~~~~~~~[0m

  [96msrc/app/bullion-pending-tbc-detail/bullion-pending-tbc-detail.page.ts[0m:[93m23[0m:[93m15[0m
    [7m23[0m  templateUrl: './bullion-pending-tbc-detail.page.html',
    [7m  [0m [96m              ~~~~~~~~~~~~~~~~~~~~~~~~~~~~~~~~~~~~~~~~[0m
    Error occurs in the template of component BullionPendingTBCDetailPage.


Error: [96msrc/app/bullion-pending-tbc-detail/bullion-pending-tbc-detail.page.html[0m:[93m206[0m:[93m98[0m - [91merror[0m[90m TS2339: [0mProperty 'showImage' does not exist on type 'never'.

[7m206[0m                                             <img [src]="x.image" (click)="item.showImage = (item.showImage == ''? x : (item.showImage == x? '': x))" class="itemImage">
[7m   [0m [91m                                                                                                 ~~~~~~~~~[0m

  [96msrc/app/bullion-pending-tbc-detail/bullion-pending-tbc-detail.page.ts[0m:[93m23[0m:[93m15[0m
    [7m23[0m  templateUrl: './bullion-pending-tbc-detail.page.html',
    [7m  [0m [96m              ~~~~~~~~~~~~~~~~~~~~~~~~~~~~~~~~~~~~~~~~[0m
    Error occurs in the template of component BullionPendingTBCDetailPage.


Error: [96msrc/app/bullion-pending-tbc-detail/bullion-pending-tbc-detail.page.html[0m:[93m206[0m:[93m125[0m - [91merror[0m[90m TS2339: [0mProperty 'showImage' does not exist on type 'never'.

[7m206[0m                                             <img [src]="x.image" (click)="item.showImage = (item.showImage == ''? x : (item.showImage == x? '': x))" class="itemImage">
[7m   [0m [91m                                                                                                                            ~~~~~~~~~[0m

  [96msrc/app/bullion-pending-tbc-detail/bullion-pending-tbc-detail.page.ts[0m:[93m23[0m:[93m15[0m
    [7m23[0m  templateUrl: './bullion-pending-tbc-detail.page.html',
    [7m  [0m [96m              ~~~~~~~~~~~~~~~~~~~~~~~~~~~~~~~~~~~~~~~~[0m
    Error occurs in the template of component BullionPendingTBCDetailPage.


Error: [96msrc/app/bullion-pending-tbc-detail/bullion-pending-tbc-detail.page.html[0m:[93m208[0m:[93m58[0m - [91merror[0m[90m TS2339: [0mProperty 'delete_img' does not exist on type 'BullionPendingTBCDetailPage'.

[7m208[0m                                         <button (click)="delete_img(0,x,i)" class="deleteImageBtn">x</button>
[7m   [0m [91m                                                         ~~~~~~~~~~[0m

  [96msrc/app/bullion-pending-tbc-detail/bullion-pending-tbc-detail.page.ts[0m:[93m23[0m:[93m15[0m
    [7m23[0m  templateUrl: './bullion-pending-tbc-detail.page.html',
    [7m  [0m [96m              ~~~~~~~~~~~~~~~~~~~~~~~~~~~~~~~~~~~~~~~~[0m
    Error occurs in the template of component BullionPendingTBCDetailPage.


Error: [96msrc/app/bullion-pending-tbc-detail/bullion-pending-tbc-detail.page.html[0m:[93m213[0m:[93m90[0m - [91merror[0m[90m TS2339: [0mProperty 'showImage' does not exist on type 'never'.

[7m213[0m                             <ion-col size="12" class="ion-align-self-center" *ngIf="item.showImage">
[7m   [0m [91m                                                                                         ~~~~~~~~~[0m

  [96msrc/app/bullion-pending-tbc-detail/bullion-pending-tbc-detail.page.ts[0m:[93m23[0m:[93m15[0m
    [7m23[0m  templateUrl: './bullion-pending-tbc-detail.page.html',
    [7m  [0m [96m              ~~~~~~~~~~~~~~~~~~~~~~~~~~~~~~~~~~~~~~~~[0m
    Error occurs in the template of component BullionPendingTBCDetailPage.


Error: [96msrc/app/bullion-pending-tbc-detail/bullion-pending-tbc-detail.page.html[0m:[93m214[0m:[93m50[0m - [91merror[0m[90m TS2339: [0mProperty 'showImage' does not exist on type 'never'.

[7m214[0m                                 <img [src]="item.showImage" style="width: 100%;" class="logoimg">
[7m   [0m [91m                                                 ~~~~~~~~~[0m

  [96msrc/app/bullion-pending-tbc-detail/bullion-pending-tbc-detail.page.ts[0m:[93m23[0m:[93m15[0m
    [7m23[0m  templateUrl: './bullion-pending-tbc-detail.page.html',
    [7m  [0m [96m              ~~~~~~~~~~~~~~~~~~~~~~~~~~~~~~~~~~~~~~~~[0m
    Error occurs in the template of component BullionPendingTBCDetailPage.


Error: [96msrc/app/bullion-pending-tbc-detail/bullion-pending-tbc-detail.page.html[0m:[93m215[0m:[93m73[0m - [91merror[0m[90m TS2339: [0mProperty 'delete_img' does not exist on type 'BullionPendingTBCDetailPage'.

[7m215[0m                                 <button class="deleteImageBtn" (click)="delete_img(0,item.showImage,i)" style="font-size: 30px; border-radius: 50%; padding: 5px 8px; top: 5%; right: 3%;">
[7m   [0m [91m                                                                        ~~~~~~~~~~[0m

  [96msrc/app/bullion-pending-tbc-detail/bullion-pending-tbc-detail.page.ts[0m:[93m23[0m:[93m15[0m
    [7m23[0m  templateUrl: './bullion-pending-tbc-detail.page.html',
    [7m  [0m [96m              ~~~~~~~~~~~~~~~~~~~~~~~~~~~~~~~~~~~~~~~~[0m
    Error occurs in the template of component BullionPendingTBCDetailPage.


Error: [96msrc/app/bullion-pending-tbc-detail/bullion-pending-tbc-detail.page.html[0m:[93m215[0m:[93m91[0m - [91merror[0m[90m TS2339: [0mProperty 'showImage' does not exist on type 'never'.

[7m215[0m                                 <button class="deleteImageBtn" (click)="delete_img(0,item.showImage,i)" style="font-size: 30px; border-radius: 50%; padding: 5px 8px; top: 5%; right: 3%;">
[7m   [0m [91m                                                                                          ~~~~~~~~~[0m

  [96msrc/app/bullion-pending-tbc-detail/bullion-pending-tbc-detail.page.ts[0m:[93m23[0m:[93m15[0m
    [7m23[0m  templateUrl: './bullion-pending-tbc-detail.page.html',
    [7m  [0m [96m              ~~~~~~~~~~~~~~~~~~~~~~~~~~~~~~~~~~~~~~~~[0m
    Error occurs in the template of component BullionPendingTBCDetailPage.


Error: [96msrc/app/bullion-pending-tbc-detail/bullion-pending-tbc-detail.page.html[0m:[93m226[0m:[93m65[0m - [91merror[0m[90m TS2339: [0mProperty 'type' does not exist on type '{ is_approved: number; }'.

[7m226[0m         <div style="width: 95%; margin: 0 auto;" *ngIf="grnData.type !== 'check' && grnData.is_approved != 2">
[7m   [0m [91m                                                                ~~~~[0m

  [96msrc/app/bullion-pending-tbc-detail/bullion-pending-tbc-detail.page.ts[0m:[93m23[0m:[93m15[0m
    [7m23[0m  templateUrl: './bullion-pending-tbc-detail.page.html',
    [7m  [0m [96m              ~~~~~~~~~~~~~~~~~~~~~~~~~~~~~~~~~~~~~~~~[0m
    Error occurs in the template of component BullionPendingTBCDetailPage.


Error: [96msrc/app/bullion-pending-tbc-detail/bullion-pending-tbc-detail.page.html[0m:[93m229[0m:[93m63[0m - [91merror[0m[90m TS2339: [0mProperty 'type' does not exist on type '{ is_approved: number; }'.

[7m229[0m       <div style="width: 95%; margin: 0 auto;" *ngIf="grnData.type !== 'check' && grnData.is_approved == 2">
[7m   [0m [91m                                                              ~~~~[0m

  [96msrc/app/bullion-pending-tbc-detail/bullion-pending-tbc-detail.page.ts[0m:[93m23[0m:[93m15[0m
    [7m23[0m  templateUrl: './bullion-pending-tbc-detail.page.html',
    [7m  [0m [96m              ~~~~~~~~~~~~~~~~~~~~~~~~~~~~~~~~~~~~~~~~[0m
    Error occurs in the template of component BullionPendingTBCDetailPage.


Error: [96msrc/app/bullion-pending-tbc-detail/bullion-pending-tbc-detail.page.html[0m:[93m202[0m:[93m33[0m - [91merror[0m[90m NG8001: [0m'ion-slides' is not a known element:
1. If 'ion-slides' is an Angular component, then verify that it is part of this module.
2. If 'ion-slides' is a Web Component then add 'CUSTOM_ELEMENTS_SCHEMA' to the '@NgModule.schemas' of this component to suppress this message.

[7m202[0m                                 <ion-slides pager="true" [options]="slideOpts">
[7m   [0m [91m                                ~~~~~~~~~~~~~~~~~~~~~~~~~~~~~~~~~~~~~~~~~~~~~~~[0m

  [96msrc/app/bullion-pending-tbc-detail/bullion-pending-tbc-detail.page.ts[0m:[93m23[0m:[93m15[0m
    [7m23[0m  templateUrl: './bullion-pending-tbc-detail.page.html',
    [7m  [0m [96m              ~~~~~~~~~~~~~~~~~~~~~~~~~~~~~~~~~~~~~~~~[0m
    Error occurs in the template of component BullionPendingTBCDetailPage.


Error: [96msrc/app/bullion-pending-tbc-detail/bullion-pending-tbc-detail.page.html[0m:[93m202[0m:[93m58[0m - [91merror[0m[90m NG8002: [0mCan't bind to 'options' since it isn't a known property of 'ion-slides'.
1. If 'ion-slides' is an Angular component and it has 'options' input, then verify that it is part of this module.
2. If 'ion-slides' is a Web Component then add 'CUSTOM_ELEMENTS_SCHEMA' to the '@NgModule.schemas' of this component to suppress this message.
3. To allow any property add 'NO_ERRORS_SCHEMA' to the '@NgModule.schemas' of this component.

[7m202[0m                                 <ion-slides pager="true" [options]="slideOpts">
[7m   [0m [91m                                                         ~~~~~~~~~~~~~~~~~~~~~[0m

  [96msrc/app/bullion-pending-tbc-detail/bullion-pending-tbc-detail.page.ts[0m:[93m23[0m:[93m15[0m
    [7m23[0m  templateUrl: './bullion-pending-tbc-detail.page.html',
    [7m  [0m [96m              ~~~~~~~~~~~~~~~~~~~~~~~~~~~~~~~~~~~~~~~~[0m
    Error occurs in the template of component BullionPendingTBCDetailPage.


Error: [96msrc/app/bullion-pending-tbc-detail/bullion-pending-tbc-detail.page.html[0m:[93m204[0m:[93m37[0m - [91merror[0m[90m NG8001: [0m'ion-slide' is not a known element:
1. If 'ion-slide' is an Angular component, then verify that it is part of this module.
2. If 'ion-slide' is a Web Component then add 'CUSTOM_ELEMENTS_SCHEMA' to the '@NgModule.schemas' of this component to suppress this message.

[7m204[0m                                     <ion-slide class="item-slide" *ngFor="let x of item.MultipleImageUrl"><!-- List item images -->
[7m   [0m [91m                                    ~~~~~~~~~~~~~~~~~~~~~~~~~~~~~~~~~~~~~~~~~~~~~~~~~~~~~~~~~~~~~~~~~~~~~~[0m

  [96msrc/app/bullion-pending-tbc-detail/bullion-pending-tbc-detail.page.ts[0m:[93m23[0m:[93m15[0m
    [7m23[0m  templateUrl: './bullion-pending-tbc-detail.page.html',
    [7m  [0m [96m              ~~~~~~~~~~~~~~~~~~~~~~~~~~~~~~~~~~~~~~~~[0m
    Error occurs in the template of component BullionPendingTBCDetailPage.


Error: [96msrc/app/bullion-change-request/bullion-change-request.page.html[0m:[93m12[0m:[93m86[0m - [91merror[0m[90m TS2339: [0mProperty 'title' does not exist on type 'never'.

[7m12[0m                             <div style="font-size: 15px; font-weight: 600;">{{ item1.title }}</div>
[7m  [0m [91m                                                                                     ~~~~~[0m

  [96msrc/app/bullion-change-request/bullion-change-request.page.ts[0m:[93m21[0m:[93m15[0m
    [7m21[0m  templateUrl: './bullion-change-request.page.html',
    [7m  [0m [96m              ~~~~~~~~~~~~~~~~~~~~~~~~~~~~~~~~~~~~[0m
    Error occurs in the template of component BullionChangeRequestPage.


Error: [96msrc/app/bullion-change-request/bullion-change-request.page.html[0m:[93m13[0m:[93m80[0m - [91merror[0m[90m TS2339: [0mProperty 'grnd_change_request_id' does not exist on type 'never'.

[7m13[0m                             <div style="font-size: 13px;">Request ID: {{ item1.grnd_change_request_id }}</div>
[7m  [0m [91m                                                                               ~~~~~~~~~~~~~~~~~~~~~~[0m

  [96msrc/app/bullion-change-request/bullion-change-request.page.ts[0m:[93m21[0m:[93m15[0m
    [7m21[0m  templateUrl: './bullion-change-request.page.html',
    [7m  [0m [96m              ~~~~~~~~~~~~~~~~~~~~~~~~~~~~~~~~~~~~[0m
    Error occurs in the template of component BullionChangeRequestPage.


Error: [96msrc/app/bullion-change-request/bullion-change-request.page.html[0m:[93m15[0m:[93m62[0m - [91merror[0m[90m TS2339: [0mProperty 'status_color' does not exist on type 'never'.

[7m15[0m                         <div [style.background-color]="item1.status_color" style="font-weight: 600; font-size: 12px; padding: 5px 10px; color: white; border-radius: 5px;">{{ item1.status_title }}</div>
[7m  [0m [91m                                                             ~~~~~~~~~~~~[0m

  [96msrc/app/bullion-change-request/bullion-change-request.page.ts[0m:[93m21[0m:[93m15[0m
    [7m21[0m  templateUrl: './bullion-change-request.page.html',
    [7m  [0m [96m              ~~~~~~~~~~~~~~~~~~~~~~~~~~~~~~~~~~~~[0m
    Error occurs in the template of component BullionChangeRequestPage.


Error: [96msrc/app/bullion-change-request/bullion-change-request.page.html[0m:[93m15[0m:[93m181[0m - [91merror[0m[90m TS2339: [0mProperty 'status_title' does not exist on type 'never'.

[7m15[0m                         <div [style.background-color]="item1.status_color" style="font-weight: 600; font-size: 12px; padding: 5px 10px; color: white; border-radius: 5px;">{{ item1.status_title }}</div>
[7m  [0m [91m                                                                                                                                                                                    ~~~~~~~~~~~~[0m

  [96msrc/app/bullion-change-request/bullion-change-request.page.ts[0m:[93m21[0m:[93m15[0m
    [7m21[0m  templateUrl: './bullion-change-request.page.html',
    [7m  [0m [96m              ~~~~~~~~~~~~~~~~~~~~~~~~~~~~~~~~~~~~[0m
    Error occurs in the template of component BullionChangeRequestPage.


Error: [96msrc/app/bullion-change-request/bullion-change-request.page.html[0m:[93m17[0m:[93m39[0m - [91merror[0m[90m TS2339: [0mProperty 'is_new' does not exist on type 'never'.

[7m17[0m                     <div *ngIf="item1.is_new == 0" style="margin-bottom: 10px; padding-bottom: 10px; border-bottom: 2px solid lightgray;">
[7m  [0m [91m                                      ~~~~~~[0m

  [96msrc/app/bullion-change-request/bullion-change-request.page.ts[0m:[93m21[0m:[93m15[0m
    [7m21[0m  templateUrl: './bullion-change-request.page.html',
    [7m  [0m [96m              ~~~~~~~~~~~~~~~~~~~~~~~~~~~~~~~~~~~~[0m
    Error occurs in the template of component BullionChangeRequestPage.


Error: [96msrc/app/bullion-change-request/bullion-change-request.page.html[0m:[93m18[0m:[93m43[0m - [91merror[0m[90m TS2339: [0mProperty 'image_list' does not exist on type 'never'.

[7m18[0m                         <div *ngIf="item1.image_list && item1.image_list.length !== 0">
[7m  [0m [91m                                          ~~~~~~~~~~[0m

  [96msrc/app/bullion-change-request/bullion-change-request.page.ts[0m:[93m21[0m:[93m15[0m
    [7m21[0m  templateUrl: './bullion-change-request.page.html',
    [7m  [0m [96m              ~~~~~~~~~~~~~~~~~~~~~~~~~~~~~~~~~~~~[0m
    Error occurs in the template of component BullionChangeRequestPage.


Error: [96msrc/app/bullion-change-request/bullion-change-request.page.html[0m:[93m18[0m:[93m63[0m - [91merror[0m[90m TS2339: [0mProperty 'image_list' does not exist on type 'never'.

[7m18[0m                         <div *ngIf="item1.image_list && item1.image_list.length !== 0">
[7m  [0m [91m                                                              ~~~~~~~~~~[0m

  [96msrc/app/bullion-change-request/bullion-change-request.page.ts[0m:[93m21[0m:[93m15[0m
    [7m21[0m  templateUrl: './bullion-change-request.page.html',
    [7m  [0m [96m              ~~~~~~~~~~~~~~~~~~~~~~~~~~~~~~~~~~~~[0m
    Error occurs in the template of component BullionChangeRequestPage.


Error: [96msrc/app/bullion-change-request/bullion-change-request.page.html[0m:[93m20[0m:[93m95[0m - [91merror[0m[90m TS2339: [0mProperty 'is_expand' does not exist on type 'never'.

[7m20[0m                             <div style="margin: 10px 0px;"><button class="btn" (click)="item1.is_expand=!item1.is_expand">Show Details</button></div>
[7m  [0m [91m                                                                                              ~~~~~~~~~[0m

  [96msrc/app/bullion-change-request/bullion-change-request.page.ts[0m:[93m21[0m:[93m15[0m
    [7m21[0m  templateUrl: './bullion-change-request.page.html',
    [7m  [0m [96m              ~~~~~~~~~~~~~~~~~~~~~~~~~~~~~~~~~~~~[0m
    Error occurs in the template of component BullionChangeRequestPage.


Error: [96msrc/app/bullion-change-request/bullion-change-request.page.html[0m:[93m20[0m:[93m112[0m - [91merror[0m[90m TS2339: [0mProperty 'is_expand' does not exist on type 'never'.

[7m20[0m                             <div style="margin: 10px 0px;"><button class="btn" (click)="item1.is_expand=!item1.is_expand">Show Details</button></div>
[7m  [0m [91m                                                                                                               ~~~~~~~~~[0m

  [96msrc/app/bullion-change-request/bullion-change-request.page.ts[0m:[93m21[0m:[93m15[0m
    [7m21[0m  templateUrl: './bullion-change-request.page.html',
    [7m  [0m [96m              ~~~~~~~~~~~~~~~~~~~~~~~~~~~~~~~~~~~~[0m
    Error occurs in the template of component BullionChangeRequestPage.


Error: [96msrc/app/bullion-change-request/bullion-change-request.page.html[0m:[93m21[0m:[93m47[0m - [91merror[0m[90m TS2339: [0mProperty 'is_expand' does not exist on type 'never'.

[7m21[0m                             <div *ngIf="item1.is_expand">
[7m  [0m [91m                                              ~~~~~~~~~[0m

  [96msrc/app/bullion-change-request/bullion-change-request.page.ts[0m:[93m21[0m:[93m15[0m
    [7m21[0m  templateUrl: './bullion-change-request.page.html',
    [7m  [0m [96m              ~~~~~~~~~~~~~~~~~~~~~~~~~~~~~~~~~~~~[0m
    Error occurs in the template of component BullionChangeRequestPage.


Error: [96msrc/app/bullion-change-request/bullion-change-request.page.html[0m:[93m26[0m:[93m98[0m - [91merror[0m[90m TS2339: [0mProperty 'image_list' does not exist on type 'never'.

[7m26[0m                                             <ion-slide class="item-slide" *ngFor="let x of item1.image_list; let n = index;"><!-- List item images -->
[7m  [0m [91m                                                                                                 ~~~~~~~~~~[0m

  [96msrc/app/bullion-change-request/bullion-change-request.page.ts[0m:[93m21[0m:[93m15[0m
    [7m21[0m  templateUrl: './bullion-change-request.page.html',
    [7m  [0m [96m              ~~~~~~~~~~~~~~~~~~~~~~~~~~~~~~~~~~~~[0m
    Error occurs in the template of component BullionChangeRequestPage.


Error: [96msrc/app/bullion-change-request/bullion-change-request.page.html[0m:[93m44[0m:[93m44[0m - [91merror[0m[90m TS2339: [0mProperty 'image_list' does not exist on type 'never'.

[7m44[0m                         <div *ngIf="!item1.image_list" style="font-size: 13px; padding-left: 10px;">
[7m  [0m [91m                                           ~~~~~~~~~~[0m

  [96msrc/app/bullion-change-request/bullion-change-request.page.ts[0m:[93m21[0m:[93m15[0m
    [7m21[0m  templateUrl: './bullion-change-request.page.html',
    [7m  [0m [96m              ~~~~~~~~~~~~~~~~~~~~~~~~~~~~~~~~~~~~[0m
    Error occurs in the template of component BullionChangeRequestPage.


Error: [96msrc/app/bullion-change-request/bullion-change-request.page.html[0m:[93m63[0m:[93m46[0m - [91merror[0m[90m TS2339: [0mProperty 'gold_name_from' does not exist on type 'never'.

[7m63[0m                                 <td>{{ item1.gold_name_from }}</td>
[7m  [0m [91m                                             ~~~~~~~~~~~~~~[0m

  [96msrc/app/bullion-change-request/bullion-change-request.page.ts[0m:[93m21[0m:[93m15[0m
    [7m21[0m  templateUrl: './bullion-change-request.page.html',
    [7m  [0m [96m              ~~~~~~~~~~~~~~~~~~~~~~~~~~~~~~~~~~~~[0m
    Error occurs in the template of component BullionChangeRequestPage.


Error: [96msrc/app/bullion-change-request/bullion-change-request.page.html[0m:[93m64[0m:[93m46[0m - [91merror[0m[90m TS2339: [0mProperty 'gold_pure_percentage_from' does not exist on type 'never'.

[7m64[0m                                 <td>{{ item1.gold_pure_percentage_from }}</td>
[7m  [0m [91m                                             ~~~~~~~~~~~~~~~~~~~~~~~~~[0m

  [96msrc/app/bullion-change-request/bullion-change-request.page.ts[0m:[93m21[0m:[93m15[0m
    [7m21[0m  templateUrl: './bullion-change-request.page.html',
    [7m  [0m [96m              ~~~~~~~~~~~~~~~~~~~~~~~~~~~~~~~~~~~~[0m
    Error occurs in the template of component BullionChangeRequestPage.


Error: [96msrc/app/bullion-change-request/bullion-change-request.page.html[0m:[93m65[0m:[93m46[0m - [91merror[0m[90m TS2339: [0mProperty 'weight_from' does not exist on type 'never'.

[7m65[0m                                 <td>{{ item1.weight_from }}</td>
[7m  [0m [91m                                             ~~~~~~~~~~~[0m

  [96msrc/app/bullion-change-request/bullion-change-request.page.ts[0m:[93m21[0m:[93m15[0m
    [7m21[0m  templateUrl: './bullion-change-request.page.html',
    [7m  [0m [96m              ~~~~~~~~~~~~~~~~~~~~~~~~~~~~~~~~~~~~[0m
    Error occurs in the template of component BullionChangeRequestPage.


Error: [96msrc/app/bullion-change-request/bullion-change-request.page.html[0m:[93m66[0m:[93m46[0m - [91merror[0m[90m TS2339: [0mProperty 'XAU_from' does not exist on type 'never'.

[7m66[0m                                 <td>{{ item1.XAU_from }}</td>
[7m  [0m [91m                                             ~~~~~~~~[0m

  [96msrc/app/bullion-change-request/bullion-change-request.page.ts[0m:[93m21[0m:[93m15[0m
    [7m21[0m  templateUrl: './bullion-change-request.page.html',
    [7m  [0m [96m              ~~~~~~~~~~~~~~~~~~~~~~~~~~~~~~~~~~~~[0m
    Error occurs in the template of component BullionChangeRequestPage.


Error: [96msrc/app/bullion-change-request/bullion-change-request.page.html[0m:[93m84[0m:[93m61[0m - [91merror[0m[90m TS2339: [0mProperty 'ItemList' does not exist on type 'never'.

[7m84[0m                           <tbody *ngFor="let item3 of item1.ItemList; let i = index;" (click)="item3.is_expand=!item3.is_expand">
[7m  [0m [91m                                                            ~~~~~~~~[0m

  [96msrc/app/bullion-change-request/bullion-change-request.page.ts[0m:[93m21[0m:[93m15[0m
    [7m21[0m  templateUrl: './bullion-change-request.page.html',
    [7m  [0m [96m              ~~~~~~~~~~~~~~~~~~~~~~~~~~~~~~~~~~~~[0m
    Error occurs in the template of component BullionChangeRequestPage.


Error: [96msrc/app/bullion-change-request/bullion-change-request.page.html[0m:[93m91[0m:[93m83[0m - [91merror[0m[90m TS2339: [0mProperty 'gold_name_from' does not exist on type 'never'.

[7m91[0m                                         <span *ngIf="item3.gold_name_to !== item1.gold_name_from" style="color: green; font-weight: 900;">+</span>
[7m  [0m [91m                                                                                  ~~~~~~~~~~~~~~[0m

  [96msrc/app/bullion-change-request/bullion-change-request.page.ts[0m:[93m21[0m:[93m15[0m
    [7m21[0m  templateUrl: './bullion-change-request.page.html',
    [7m  [0m [96m              ~~~~~~~~~~~~~~~~~~~~~~~~~~~~~~~~~~~~[0m
    Error occurs in the template of component BullionChangeRequestPage.


Error: [96msrc/app/bullion-change-request/bullion-change-request.page.html[0m:[93m116[0m:[93m46[0m - [91merror[0m[90m TS2339: [0mProperty 'gainLoss_XAU' does not exist on type 'never'.

[7m116[0m                                 <th>{{ item1.gainLoss_XAU }} <span [style.color]="item1.XAU_status_color">{{ item1.XAU_status_text }}</span></th>
[7m   [0m [91m                                             ~~~~~~~~~~~~[0m

  [96msrc/app/bullion-change-request/bullion-change-request.page.ts[0m:[93m21[0m:[93m15[0m
    [7m21[0m  templateUrl: './bullion-change-request.page.html',
    [7m  [0m [96m              ~~~~~~~~~~~~~~~~~~~~~~~~~~~~~~~~~~~~[0m
    Error occurs in the template of component BullionChangeRequestPage.


Error: [96msrc/app/bullion-change-request/bullion-change-request.page.html[0m:[93m116[0m:[93m89[0m - [91merror[0m[90m TS2339: [0mProperty 'XAU_status_color' does not exist on type 'never'.

[7m116[0m                                 <th>{{ item1.gainLoss_XAU }} <span [style.color]="item1.XAU_status_color">{{ item1.XAU_status_text }}</span></th>
[7m   [0m [91m                                                                                        ~~~~~~~~~~~~~~~~[0m

  [96msrc/app/bullion-change-request/bullion-change-request.page.ts[0m:[93m21[0m:[93m15[0m
    [7m21[0m  templateUrl: './bullion-change-request.page.html',
    [7m  [0m [96m              ~~~~~~~~~~~~~~~~~~~~~~~~~~~~~~~~~~~~[0m
    Error occurs in the template of component BullionChangeRequestPage.


Error: [96msrc/app/bullion-change-request/bullion-change-request.page.html[0m:[93m116[0m:[93m116[0m - [91merror[0m[90m TS2339: [0mProperty 'XAU_status_text' does not exist on type 'never'.

[7m116[0m                                 <th>{{ item1.gainLoss_XAU }} <span [style.color]="item1.XAU_status_color">{{ item1.XAU_status_text }}</span></th>
[7m   [0m [91m                                                                                                                   ~~~~~~~~~~~~~~~[0m

  [96msrc/app/bullion-change-request/bullion-change-request.page.ts[0m:[93m21[0m:[93m15[0m
    [7m21[0m  templateUrl: './bullion-change-request.page.html',
    [7m  [0m [96m              ~~~~~~~~~~~~~~~~~~~~~~~~~~~~~~~~~~~~[0m
    Error occurs in the template of component BullionChangeRequestPage.


Error: [96msrc/app/bullion-change-request/bullion-change-request.page.html[0m:[93m121[0m:[93m39[0m - [91merror[0m[90m TS2339: [0mProperty 'is_new' does not exist on type 'never'.

[7m121[0m                     <div *ngIf="item1.is_new == 0" style="font-size: 13px; padding: 10px; margin-top: 10px; border-radius: 5px; background-color: lightgray;">
[7m   [0m [91m                                      ~~~~~~[0m

  [96msrc/app/bullion-change-request/bullion-change-request.page.ts[0m:[93m21[0m:[93m15[0m
    [7m21[0m  templateUrl: './bullion-change-request.page.html',
    [7m  [0m [96m              ~~~~~~~~~~~~~~~~~~~~~~~~~~~~~~~~~~~~[0m
    Error occurs in the template of component BullionChangeRequestPage.


Error: [96msrc/app/bullion-change-request/bullion-change-request.page.html[0m:[93m122[0m:[93m34[0m - [91merror[0m[90m TS2339: [0mProperty 'remark' does not exist on type 'never'.

[7m122[0m                         {{ item1.remark }}
[7m   [0m [91m                                 ~~~~~~[0m

  [96msrc/app/bullion-change-request/bullion-change-request.page.ts[0m:[93m21[0m:[93m15[0m
    [7m21[0m  templateUrl: './bullion-change-request.page.html',
    [7m  [0m [96m              ~~~~~~~~~~~~~~~~~~~~~~~~~~~~~~~~~~~~[0m
    Error occurs in the template of component BullionChangeRequestPage.


Error: [96msrc/app/bullion-change-request/bullion-change-request.page.html[0m:[93m125[0m:[93m49[0m - [91merror[0m[90m TS2339: [0mProperty 'status' does not exist on type 'never'.

[7m125[0m                 <ion-col size="12" *ngIf="item1.status == 0">
[7m   [0m [91m                                                ~~~~~~[0m

  [96msrc/app/bullion-change-request/bullion-change-request.page.ts[0m:[93m21[0m:[93m15[0m
    [7m21[0m  templateUrl: './bullion-change-request.page.html',
    [7m  [0m [96m              ~~~~~~~~~~~~~~~~~~~~~~~~~~~~~~~~~~~~[0m
    Error occurs in the template of component BullionChangeRequestPage.


Error: [96msrc/app/bullion-change-request/bullion-change-request.page.html[0m:[93m126[0m:[93m137[0m - [91merror[0m[90m TS2339: [0mProperty 'grnd_change_request_id' does not exist on type 'never'.

[7m126[0m                     <ion-button class="buttontheme-orange" mode="ios" [routerLink]="['/bullion-add-change-request',record_grnd_id,item1.grnd_change_request_id]" expand="block">Edit</ion-button>
[7m   [0m [91m                                                                                                                                        ~~~~~~~~~~~~~~~~~~~~~~[0m

  [96msrc/app/bullion-change-request/bullion-change-request.page.ts[0m:[93m21[0m:[93m15[0m
    [7m21[0m  templateUrl: './bullion-change-request.page.html',
    [7m  [0m [96m              ~~~~~~~~~~~~~~~~~~~~~~~~~~~~~~~~~~~~[0m
    Error occurs in the template of component BullionChangeRequestPage.


Error: [96msrc/app/bullion-change-request/bullion-change-request.page.html[0m:[93m127[0m:[93m97[0m - [91merror[0m[90m TS2339: [0mProperty 'grnd_change_request_id' does not exist on type 'never'.

[7m127[0m                     <ion-button class="buttontheme-orange" mode="ios" (click)="update_now(item1.grnd_change_request_id)" expand="block">Update Status</ion-button>
[7m   [0m [91m                                                                                                ~~~~~~~~~~~~~~~~~~~~~~[0m

  [96msrc/app/bullion-change-request/bullion-change-request.page.ts[0m:[93m21[0m:[93m15[0m
    [7m21[0m  templateUrl: './bullion-change-request.page.html',
    [7m  [0m [96m              ~~~~~~~~~~~~~~~~~~~~~~~~~~~~~~~~~~~~[0m
    Error occurs in the template of component BullionChangeRequestPage.


Error: [96msrc/app/bullion-change-request/bullion-change-request.page.html[0m:[93m24[0m:[93m41[0m - [91merror[0m[90m NG8001: [0m'ion-slides' is not a known element:
1. If 'ion-slides' is an Angular component, then verify that it is part of this module.
2. If 'ion-slides' is a Web Component then add 'CUSTOM_ELEMENTS_SCHEMA' to the '@NgModule.schemas' of this component to suppress this message.

[7m24[0m                                         <ion-slides pager="true" [options]="slideOpts">
[7m  [0m [91m                                        ~~~~~~~~~~~~~~~~~~~~~~~~~~~~~~~~~~~~~~~~~~~~~~~[0m

  [96msrc/app/bullion-change-request/bullion-change-request.page.ts[0m:[93m21[0m:[93m15[0m
    [7m21[0m  templateUrl: './bullion-change-request.page.html',
    [7m  [0m [96m              ~~~~~~~~~~~~~~~~~~~~~~~~~~~~~~~~~~~~[0m
    Error occurs in the template of component BullionChangeRequestPage.


Error: [96msrc/app/bullion-change-request/bullion-change-request.page.html[0m:[93m24[0m:[93m66[0m - [91merror[0m[90m NG8002: [0mCan't bind to 'options' since it isn't a known property of 'ion-slides'.
1. If 'ion-slides' is an Angular component and it has 'options' input, then verify that it is part of this module.
2. If 'ion-slides' is a Web Component then add 'CUSTOM_ELEMENTS_SCHEMA' to the '@NgModule.schemas' of this component to suppress this message.
3. To allow any property add 'NO_ERRORS_SCHEMA' to the '@NgModule.schemas' of this component.

[7m24[0m                                         <ion-slides pager="true" [options]="slideOpts">
[7m  [0m [91m                                                                 ~~~~~~~~~~~~~~~~~~~~~[0m

  [96msrc/app/bullion-change-request/bullion-change-request.page.ts[0m:[93m21[0m:[93m15[0m
    [7m21[0m  templateUrl: './bullion-change-request.page.html',
    [7m  [0m [96m              ~~~~~~~~~~~~~~~~~~~~~~~~~~~~~~~~~~~~[0m
    Error occurs in the template of component BullionChangeRequestPage.


Error: [96msrc/app/bullion-change-request/bullion-change-request.page.html[0m:[93m26[0m:[93m45[0m - [91merror[0m[90m NG8001: [0m'ion-slide' is not a known element:
1. If 'ion-slide' is an Angular component, then verify that it is part of this module.
2. If 'ion-slide' is a Web Component then add 'CUSTOM_ELEMENTS_SCHEMA' to the '@NgModule.schemas' of this component to suppress this message.

[7m26[0m                                             <ion-slide class="item-slide" *ngFor="let x of item1.image_list; let n = index;"><!-- List item images -->
[7m  [0m [91m                                            ~~~~~~~~~~~~~~~~~~~~~~~~~~~~~~~~~~~~~~~~~~~~~~~~~~~~~~~~~~~~~~~~~~~~~~~~~~~~~~~~~[0m

  [96msrc/app/bullion-change-request/bullion-change-request.page.ts[0m:[93m21[0m:[93m15[0m
    [7m21[0m  templateUrl: './bullion-change-request.page.html',
    [7m  [0m [96m              ~~~~~~~~~~~~~~~~~~~~~~~~~~~~~~~~~~~~[0m
    Error occurs in the template of component BullionChangeRequestPage.


Error: [96msrc/app/bullion-change-request/bullion-change-request.page.html[0m:[93m97[0m:[93m41[0m - [91merror[0m[90m NG8001: [0m'ion-slides' is not a known element:
1. If 'ion-slides' is an Angular component, then verify that it is part of this module.
2. If 'ion-slides' is a Web Component then add 'CUSTOM_ELEMENTS_SCHEMA' to the '@NgModule.schemas' of this component to suppress this message.

[7m97[0m                                         <ion-slides pager="true" [options]="slideOpts2">
[7m  [0m [91m                                        ~~~~~~~~~~~~~~~~~~~~~~~~~~~~~~~~~~~~~~~~~~~~~~~~[0m

  [96msrc/app/bullion-change-request/bullion-change-request.page.ts[0m:[93m21[0m:[93m15[0m
    [7m21[0m  templateUrl: './bullion-change-request.page.html',
    [7m  [0m [96m              ~~~~~~~~~~~~~~~~~~~~~~~~~~~~~~~~~~~~[0m
    Error occurs in the template of component BullionChangeRequestPage.


Error: [96msrc/app/bullion-change-request/bullion-change-request.page.html[0m:[93m97[0m:[93m66[0m - [91merror[0m[90m NG8002: [0mCan't bind to 'options' since it isn't a known property of 'ion-slides'.
1. If 'ion-slides' is an Angular component and it has 'options' input, then verify that it is part of this module.
2. If 'ion-slides' is a Web Component then add 'CUSTOM_ELEMENTS_SCHEMA' to the '@NgModule.schemas' of this component to suppress this message.
3. To allow any property add 'NO_ERRORS_SCHEMA' to the '@NgModule.schemas' of this component.

[7m97[0m                                         <ion-slides pager="true" [options]="slideOpts2">
[7m  [0m [91m                                                                 ~~~~~~~~~~~~~~~~~~~~~~[0m

  [96msrc/app/bullion-change-request/bullion-change-request.page.ts[0m:[93m21[0m:[93m15[0m
    [7m21[0m  templateUrl: './bullion-change-request.page.html',
    [7m  [0m [96m              ~~~~~~~~~~~~~~~~~~~~~~~~~~~~~~~~~~~~[0m
    Error occurs in the template of component BullionChangeRequestPage.


Error: [96msrc/app/bullion-change-request/bullion-change-request.page.html[0m:[93m99[0m:[93m45[0m - [91merror[0m[90m NG8001: [0m'ion-slide' is not a known element:
1. If 'ion-slide' is an Angular component, then verify that it is part of this module.
2. If 'ion-slide' is a Web Component then add 'CUSTOM_ELEMENTS_SCHEMA' to the '@NgModule.schemas' of this component to suppress this message.

[7m99[0m                                             <ion-slide class="item-slide" *ngFor="let item4 of item3.image_list; let n = index;" style="max-width: 100%;">
[7m  [0m [91m                                            ~~~~~~~~~~~~~~~~~~~~~~~~~~~~~~~~~~~~~~~~~~~~~~~~~~~~~~~~~~~~~~~~~~~~~~~~~~~~~~~~~~~~~~~~~~~~~~~~~~~~~~~~~~~~~~[0m

  [96msrc/app/bullion-change-request/bullion-change-request.page.ts[0m:[93m21[0m:[93m15[0m
    [7m21[0m  templateUrl: './bullion-change-request.page.html',
    [7m  [0m [96m              ~~~~~~~~~~~~~~~~~~~~~~~~~~~~~~~~~~~~[0m
    Error occurs in the template of component BullionChangeRequestPage.


Error: [96msrc/app/bullion-add-change-request/bullion-add-change-request.page.html[0m:[93m103[0m:[93m79[0m - [91merror[0m[90m TS2339: [0mProperty 'is_gold' does not exist on type 'never'.

[7m103[0m                                 <td (click)="modify_request(item, i)">{{ item.is_gold == 0? 'Not Gold':item.gold_name_to }}</td>
[7m   [0m [91m                                                                              ~~~~~~~[0m

  [96msrc/app/bullion-add-change-request/bullion-add-change-request.page.ts[0m:[93m23[0m:[93m15[0m
    [7m23[0m  templateUrl: './bullion-add-change-request.page.html',
    [7m  [0m [96m              ~~~~~~~~~~~~~~~~~~~~~~~~~~~~~~~~~~~~~~~~[0m
    Error occurs in the template of component BullionAddChangeRequestPage.


Error: [96msrc/app/bullion-add-change-request/bullion-add-change-request.page.html[0m:[93m103[0m:[93m109[0m - [91merror[0m[90m TS2339: [0mProperty 'gold_name_to' does not exist on type 'never'.

[7m103[0m                                 <td (click)="modify_request(item, i)">{{ item.is_gold == 0? 'Not Gold':item.gold_name_to }}</td>
[7m   [0m [91m                                                                                                            ~~~~~~~~~~~~[0m

  [96msrc/app/bullion-add-change-request/bullion-add-change-request.page.ts[0m:[93m23[0m:[93m15[0m
    [7m23[0m  templateUrl: './bullion-add-change-request.page.html',
    [7m  [0m [96m              ~~~~~~~~~~~~~~~~~~~~~~~~~~~~~~~~~~~~~~~~[0m
    Error occurs in the template of component BullionAddChangeRequestPage.


Error: [96msrc/app/bullion-add-change-request/bullion-add-change-request.page.html[0m:[93m104[0m:[93m79[0m - [91merror[0m[90m TS2339: [0mProperty 'gold_pure_percentage_to' does not exist on type 'never'.

[7m104[0m                                 <td (click)="modify_request(item, i)">{{ item.gold_pure_percentage_to | number:'1.2-2' }}</td>
[7m   [0m [91m                                                                              ~~~~~~~~~~~~~~~~~~~~~~~[0m

  [96msrc/app/bullion-add-change-request/bullion-add-change-request.page.ts[0m:[93m23[0m:[93m15[0m
    [7m23[0m  templateUrl: './bullion-add-change-request.page.html',
    [7m  [0m [96m              ~~~~~~~~~~~~~~~~~~~~~~~~~~~~~~~~~~~~~~~~[0m
    Error occurs in the template of component BullionAddChangeRequestPage.


Error: [96msrc/app/bullion-add-change-request/bullion-add-change-request.page.html[0m:[93m105[0m:[93m79[0m - [91merror[0m[90m TS2339: [0mProperty 'weight_to' does not exist on type 'never'.

[7m105[0m                                 <td (click)="modify_request(item, i)">{{ item.weight_to | number:'1.2-2' }}</td>
[7m   [0m [91m                                                                              ~~~~~~~~~[0m

  [96msrc/app/bullion-add-change-request/bullion-add-change-request.page.ts[0m:[93m23[0m:[93m15[0m
    [7m23[0m  templateUrl: './bullion-add-change-request.page.html',
    [7m  [0m [96m              ~~~~~~~~~~~~~~~~~~~~~~~~~~~~~~~~~~~~~~~~[0m
    Error occurs in the template of component BullionAddChangeRequestPage.


Error: [96msrc/app/bullion-add-change-request/bullion-add-change-request.page.html[0m:[93m106[0m:[93m79[0m - [91merror[0m[90m TS2339: [0mProperty 'XAU_to' does not exist on type 'never'.

[7m106[0m                                 <td (click)="modify_request(item, i)">{{ item.XAU_to | number:'1.3-3' }}
[7m   [0m [91m                                                                              ~~~~~~[0m

  [96msrc/app/bullion-add-change-request/bullion-add-change-request.page.ts[0m:[93m23[0m:[93m15[0m
    [7m23[0m  templateUrl: './bullion-add-change-request.page.html',
    [7m  [0m [96m              ~~~~~~~~~~~~~~~~~~~~~~~~~~~~~~~~~~~~~~~~[0m
    Error occurs in the template of component BullionAddChangeRequestPage.


Error: [96msrc/app/bullion-add-change-request/bullion-add-change-request.page.html[0m:[93m107[0m:[93m83[0m - [91merror[0m[90m TS2339: [0mProperty 'gold_name_to' does not exist on type 'never'.

[7m107[0m                                     <span *ngIf="formData.gold_name_from !== item.gold_name_to" style="color: green; font-weight: 900;">+</span>
[7m   [0m [91m                                                                                  ~~~~~~~~~~~~[0m

  [96msrc/app/bullion-add-change-request/bullion-add-change-request.page.ts[0m:[93m23[0m:[93m15[0m
    [7m23[0m  templateUrl: './bullion-add-change-request.page.html',
    [7m  [0m [96m              ~~~~~~~~~~~~~~~~~~~~~~~~~~~~~~~~~~~~~~~~[0m
    Error occurs in the template of component BullionAddChangeRequestPage.


Error: [96msrc/app/bullion-add-change-request/bullion-add-change-request.page.html[0m:[93m108[0m:[93m55[0m - [91merror[0m[90m TS2339: [0mProperty 'is_gold' does not exist on type 'never'.

[7m108[0m                                     <span *ngIf="item.is_gold == '0'" style="color: red;">▼</span>
[7m   [0m [91m                                                      ~~~~~~~[0m

  [96msrc/app/bullion-add-change-request/bullion-add-change-request.page.ts[0m:[93m23[0m:[93m15[0m
    [7m23[0m  templateUrl: './bullion-add-change-request.page.html',
    [7m  [0m [96m              ~~~~~~~~~~~~~~~~~~~~~~~~~~~~~~~~~~~~~~~~[0m
    Error occurs in the template of component BullionAddChangeRequestPage.


Error: [96msrc/app/bullion-add-change-request/bullion-add-change-request.page.html[0m:[93m118[0m:[93m96[0m - [91merror[0m[90m TS2339: [0mProperty 'remark' does not exist on type 'never'.

[7m118[0m                         <ion-textarea style="text-align: start;" type="text" [(ngModel)]="item.remark" rows="2"></ion-textarea>
[7m   [0m [91m                                                                                               ~~~~~~[0m

  [96msrc/app/bullion-add-change-request/bullion-add-change-request.page.ts[0m:[93m23[0m:[93m15[0m
    [7m23[0m  templateUrl: './bullion-add-change-request.page.html',
    [7m  [0m [96m              ~~~~~~~~~~~~~~~~~~~~~~~~~~~~~~~~~~~~~~~~[0m
    Error occurs in the template of component BullionAddChangeRequestPage.


Error: [96msrc/app/bullion-add-change-request/bullion-add-change-request.page.html[0m:[93m118[0m:[93m96[0m - [91merror[0m[90m TS2339: [0mProperty 'remark' does not exist on type 'never'.

[7m118[0m                         <ion-textarea style="text-align: start;" type="text" [(ngModel)]="item.remark" rows="2"></ion-textarea>
[7m   [0m [91m                                                                                               ~~~~~~[0m

  [96msrc/app/bullion-add-change-request/bullion-add-change-request.page.ts[0m:[93m23[0m:[93m15[0m
    [7m23[0m  templateUrl: './bullion-add-change-request.page.html',
    [7m  [0m [96m              ~~~~~~~~~~~~~~~~~~~~~~~~~~~~~~~~~~~~~~~~[0m
    Error occurs in the template of component BullionAddChangeRequestPage.


Error: [96msrc/app/bullion-add-change-request/bullion-add-change-request.page.html[0m:[93m137[0m:[93m73[0m - [91merror[0m[90m TS2339: [0mProperty 'image_list' does not exist on type 'never'.

[7m137[0m                                                     <button *ngIf="item.image_list[0].img" (click)="delete_img(0,i)" class="deleteImageBtn">x</button>
[7m   [0m [91m                                                                        ~~~~~~~~~~[0m

  [96msrc/app/bullion-add-change-request/bullion-add-change-request.page.ts[0m:[93m23[0m:[93m15[0m
    [7m23[0m  templateUrl: './bullion-add-change-request.page.html',
    [7m  [0m [96m              ~~~~~~~~~~~~~~~~~~~~~~~~~~~~~~~~~~~~~~~~[0m
    Error occurs in the template of component BullionAddChangeRequestPage.


Error: [96msrc/app/bullion-add-change-request/bullion-add-change-request.page.html[0m:[93m139[0m:[93m66[0m - [91merror[0m[90m TS2339: [0mProperty 'image_list' does not exist on type 'never'.

[7m139[0m                                                 <div *ngIf="item.image_list[0].img" class="image-slide-content" style="min-height: 315px;">
[7m   [0m [91m                                                                 ~~~~~~~~~~[0m

  [96msrc/app/bullion-add-change-request/bullion-add-change-request.page.ts[0m:[93m23[0m:[93m15[0m
    [7m23[0m  templateUrl: './bullion-add-change-request.page.html',
    [7m  [0m [96m              ~~~~~~~~~~~~~~~~~~~~~~~~~~~~~~~~~~~~~~~~[0m
    Error occurs in the template of component BullionAddChangeRequestPage.


Error: [96msrc/app/bullion-add-change-request/bullion-add-change-request.page.html[0m:[93m140[0m:[93m70[0m - [91merror[0m[90m TS2339: [0mProperty 'image_list' does not exist on type 'never'.

[7m140[0m                                                     <img [src]="item.image_list[0].img" class="itemImage">
[7m   [0m [91m                                                                     ~~~~~~~~~~[0m

  [96msrc/app/bullion-add-change-request/bullion-add-change-request.page.ts[0m:[93m23[0m:[93m15[0m
    [7m23[0m  templateUrl: './bullion-add-change-request.page.html',
    [7m  [0m [96m              ~~~~~~~~~~~~~~~~~~~~~~~~~~~~~~~~~~~~~~~~[0m
    Error occurs in the template of component BullionAddChangeRequestPage.


Error: [96msrc/app/bullion-add-change-request/bullion-add-change-request.page.html[0m:[93m142[0m:[93m70[0m - [91merror[0m[90m TS2339: [0mProperty 'image_list' does not exist on type 'never'.

[7m142[0m                                                 <button *ngIf="!item.image_list[0].img" style="padding: 150px 0; width:100%; background-color: lightgray; border-radius: 10px;" (click)="openActionSheet(0, i)">Upload Image</button>
[7m   [0m [91m                                                                     ~~~~~~~~~~[0m

  [96msrc/app/bullion-add-change-request/bullion-add-change-request.page.ts[0m:[93m23[0m:[93m15[0m
    [7m23[0m  templateUrl: './bullion-add-change-request.page.html',
    [7m  [0m [96m              ~~~~~~~~~~~~~~~~~~~~~~~~~~~~~~~~~~~~~~~~[0m
    Error occurs in the template of component BullionAddChangeRequestPage.


Error: [96msrc/app/bullion-add-change-request/bullion-add-change-request.page.html[0m:[93m143[0m:[93m73[0m - [91merror[0m[90m TS2339: [0mProperty 'image_list' does not exist on type 'never'.

[7m143[0m                                                 <ion-button *ngIf="item.image_list[0].img" color="primary" mode="ios" (click)="openActionSheet(0, i)" expand="block">Change Image</ion-button>
[7m   [0m [91m                                                                        ~~~~~~~~~~[0m

  [96msrc/app/bullion-add-change-request/bullion-add-change-request.page.ts[0m:[93m23[0m:[93m15[0m
    [7m23[0m  templateUrl: './bullion-add-change-request.page.html',
    [7m  [0m [96m              ~~~~~~~~~~~~~~~~~~~~~~~~~~~~~~~~~~~~~~~~[0m
    Error occurs in the template of component BullionAddChangeRequestPage.


Error: [96msrc/app/bullion-add-change-request/bullion-add-change-request.page.html[0m:[93m153[0m:[93m73[0m - [91merror[0m[90m TS2339: [0mProperty 'image_list' does not exist on type 'never'.

[7m153[0m                                                     <button *ngIf="item.image_list[1].img" (click)="delete_img(1,i)" class="deleteImageBtn">x</button>
[7m   [0m [91m                                                                        ~~~~~~~~~~[0m

  [96msrc/app/bullion-add-change-request/bullion-add-change-request.page.ts[0m:[93m23[0m:[93m15[0m
    [7m23[0m  templateUrl: './bullion-add-change-request.page.html',
    [7m  [0m [96m              ~~~~~~~~~~~~~~~~~~~~~~~~~~~~~~~~~~~~~~~~[0m
    Error occurs in the template of component BullionAddChangeRequestPage.


Error: [96msrc/app/bullion-add-change-request/bullion-add-change-request.page.html[0m:[93m155[0m:[93m66[0m - [91merror[0m[90m TS2339: [0mProperty 'image_list' does not exist on type 'never'.

[7m155[0m                                                 <div *ngIf="item.image_list[1].img" class="image-slide-content" style="min-height: 315px;">
[7m   [0m [91m                                                                 ~~~~~~~~~~[0m

  [96msrc/app/bullion-add-change-request/bullion-add-change-request.page.ts[0m:[93m23[0m:[93m15[0m
    [7m23[0m  templateUrl: './bullion-add-change-request.page.html',
    [7m  [0m [96m              ~~~~~~~~~~~~~~~~~~~~~~~~~~~~~~~~~~~~~~~~[0m
    Error occurs in the template of component BullionAddChangeRequestPage.


Error: [96msrc/app/bullion-add-change-request/bullion-add-change-request.page.html[0m:[93m156[0m:[93m70[0m - [91merror[0m[90m TS2339: [0mProperty 'image_list' does not exist on type 'never'.

[7m156[0m                                                     <img [src]="item.image_list[1].img" class="itemImage">
[7m   [0m [91m                                                                     ~~~~~~~~~~[0m

  [96msrc/app/bullion-add-change-request/bullion-add-change-request.page.ts[0m:[93m23[0m:[93m15[0m
    [7m23[0m  templateUrl: './bullion-add-change-request.page.html',
    [7m  [0m [96m              ~~~~~~~~~~~~~~~~~~~~~~~~~~~~~~~~~~~~~~~~[0m
    Error occurs in the template of component BullionAddChangeRequestPage.


Error: [96msrc/app/bullion-add-change-request/bullion-add-change-request.page.html[0m:[93m158[0m:[93m70[0m - [91merror[0m[90m TS2339: [0mProperty 'image_list' does not exist on type 'never'.

[7m158[0m                                                 <button *ngIf="!item.image_list[1].img" style="padding: 150px 0; width:100%; background-color: lightgray; border-radius: 10px;" (click)="openActionSheet(1, i)">Upload Image</button>
[7m   [0m [91m                                                                     ~~~~~~~~~~[0m

  [96msrc/app/bullion-add-change-request/bullion-add-change-request.page.ts[0m:[93m23[0m:[93m15[0m
    [7m23[0m  templateUrl: './bullion-add-change-request.page.html',
    [7m  [0m [96m              ~~~~~~~~~~~~~~~~~~~~~~~~~~~~~~~~~~~~~~~~[0m
    Error occurs in the template of component BullionAddChangeRequestPage.


Error: [96msrc/app/bullion-add-change-request/bullion-add-change-request.page.html[0m:[93m159[0m:[93m73[0m - [91merror[0m[90m TS2339: [0mProperty 'image_list' does not exist on type 'never'.

[7m159[0m                                                 <ion-button *ngIf="item.image_list[1].img" color="primary" mode="ios" (click)="openActionSheet(1, i)" expand="block">Change Image</ion-button>
[7m   [0m [91m                                                                        ~~~~~~~~~~[0m

  [96msrc/app/bullion-add-change-request/bullion-add-change-request.page.ts[0m:[93m23[0m:[93m15[0m
    [7m23[0m  templateUrl: './bullion-add-change-request.page.html',
    [7m  [0m [96m              ~~~~~~~~~~~~~~~~~~~~~~~~~~~~~~~~~~~~~~~~[0m
    Error occurs in the template of component BullionAddChangeRequestPage.


Error: [96msrc/app/bullion-add-change-request/bullion-add-change-request.page.html[0m:[93m169[0m:[93m73[0m - [91merror[0m[90m TS2339: [0mProperty 'image_list' does not exist on type 'never'.

[7m169[0m                                                     <button *ngIf="item.image_list[2].img" (click)="delete_img(2,i)" class="deleteImageBtn">x</button>
[7m   [0m [91m                                                                        ~~~~~~~~~~[0m

  [96msrc/app/bullion-add-change-request/bullion-add-change-request.page.ts[0m:[93m23[0m:[93m15[0m
    [7m23[0m  templateUrl: './bullion-add-change-request.page.html',
    [7m  [0m [96m              ~~~~~~~~~~~~~~~~~~~~~~~~~~~~~~~~~~~~~~~~[0m
    Error occurs in the template of component BullionAddChangeRequestPage.


Error: [96msrc/app/bullion-add-change-request/bullion-add-change-request.page.html[0m:[93m171[0m:[93m66[0m - [91merror[0m[90m TS2339: [0mProperty 'image_list' does not exist on type 'never'.

[7m171[0m                                                 <div *ngIf="item.image_list[2].img" class="image-slide-content" style="min-height: 315px;">
[7m   [0m [91m                                                                 ~~~~~~~~~~[0m

  [96msrc/app/bullion-add-change-request/bullion-add-change-request.page.ts[0m:[93m23[0m:[93m15[0m
    [7m23[0m  templateUrl: './bullion-add-change-request.page.html',
    [7m  [0m [96m              ~~~~~~~~~~~~~~~~~~~~~~~~~~~~~~~~~~~~~~~~[0m
    Error occurs in the template of component BullionAddChangeRequestPage.


Error: [96msrc/app/bullion-add-change-request/bullion-add-change-request.page.html[0m:[93m172[0m:[93m70[0m - [91merror[0m[90m TS2339: [0mProperty 'image_list' does not exist on type 'never'.

[7m172[0m                                                     <img [src]="item.image_list[2].img" class="itemImage">
[7m   [0m [91m                                                                     ~~~~~~~~~~[0m

  [96msrc/app/bullion-add-change-request/bullion-add-change-request.page.ts[0m:[93m23[0m:[93m15[0m
    [7m23[0m  templateUrl: './bullion-add-change-request.page.html',
    [7m  [0m [96m              ~~~~~~~~~~~~~~~~~~~~~~~~~~~~~~~~~~~~~~~~[0m
    Error occurs in the template of component BullionAddChangeRequestPage.


Error: [96msrc/app/bullion-add-change-request/bullion-add-change-request.page.html[0m:[93m174[0m:[93m70[0m - [91merror[0m[90m TS2339: [0mProperty 'image_list' does not exist on type 'never'.

[7m174[0m                                                 <button *ngIf="!item.image_list[2].img" style="padding: 150px 0; width: 100%; background-color: lightgray; border-radius: 10px;" (click)="openActionSheet(2, i)">Upload Image</button>
[7m   [0m [91m                                                                     ~~~~~~~~~~[0m

  [96msrc/app/bullion-add-change-request/bullion-add-change-request.page.ts[0m:[93m23[0m:[93m15[0m
    [7m23[0m  templateUrl: './bullion-add-change-request.page.html',
    [7m  [0m [96m              ~~~~~~~~~~~~~~~~~~~~~~~~~~~~~~~~~~~~~~~~[0m
    Error occurs in the template of component BullionAddChangeRequestPage.


Error: [96msrc/app/bullion-add-change-request/bullion-add-change-request.page.html[0m:[93m175[0m:[93m73[0m - [91merror[0m[90m TS2339: [0mProperty 'image_list' does not exist on type 'never'.

[7m175[0m                                                 <ion-button *ngIf="item.image_list[2].img" color="primary" mode="ios" (click)="openActionSheet(2, i)" expand="block">Change Image</ion-button>
[7m   [0m [91m                                                                        ~~~~~~~~~~[0m

  [96msrc/app/bullion-add-change-request/bullion-add-change-request.page.ts[0m:[93m23[0m:[93m15[0m
    [7m23[0m  templateUrl: './bullion-add-change-request.page.html',
    [7m  [0m [96m              ~~~~~~~~~~~~~~~~~~~~~~~~~~~~~~~~~~~~~~~~[0m
    Error occurs in the template of component BullionAddChangeRequestPage.


Error: [96msrc/app/bullion-add-change-request/bullion-add-change-request.page.html[0m:[93m197[0m:[93m103[0m - [91merror[0m[90m TS2339: [0mProperty 'image_list' does not exist on type 'never'.

[7m197[0m                                             (click)="DisplaySelectIMG[i] = !DisplaySelectIMG[i]; item.image_list[selectedIMG_type[i]].img = ShowImageUrl_select[i]; ShowImageUrl_select[i] = '';">Confirm</button>
[7m   [0m [91m                                                                                                      ~~~~~~~~~~[0m

  [96msrc/app/bullion-add-change-request/bullion-add-change-request.page.ts[0m:[93m23[0m:[93m15[0m
    [7m23[0m  templateUrl: './bullion-add-change-request.page.html',
    [7m  [0m [96m              ~~~~~~~~~~~~~~~~~~~~~~~~~~~~~~~~~~~~~~~~[0m
    Error occurs in the template of component BullionAddChangeRequestPage.


Error: [96msrc/app/bullion-add-change-request/bullion-add-change-request.page.html[0m:[93m219[0m:[93m26[0m - [91merror[0m[90m TS2367: [0mThis comparison appears to be unintentional because the types 'string | null' and 'number' have no overlap.

[7m219[0m             <span *ngIf="mode == 0">Submit</span>
[7m   [0m [91m                         ~~~~~~~~~[0m

  [96msrc/app/bullion-add-change-request/bullion-add-change-request.page.ts[0m:[93m23[0m:[93m15[0m
    [7m23[0m  templateUrl: './bullion-add-change-request.page.html',
    [7m  [0m [96m              ~~~~~~~~~~~~~~~~~~~~~~~~~~~~~~~~~~~~~~~~[0m
    Error occurs in the template of component BullionAddChangeRequestPage.


Error: [96msrc/app/bullion-add-change-request/bullion-add-change-request.page.html[0m:[93m220[0m:[93m26[0m - [91merror[0m[90m TS2367: [0mThis comparison appears to be unintentional because the types 'string | null' and 'number' have no overlap.

[7m220[0m             <span *ngIf="mode !== 0">Save and Submit</span>
[7m   [0m [91m                         ~~~~~~~~~~[0m

  [96msrc/app/bullion-add-change-request/bullion-add-change-request.page.ts[0m:[93m23[0m:[93m15[0m
    [7m23[0m  templateUrl: './bullion-add-change-request.page.html',
    [7m  [0m [96m              ~~~~~~~~~~~~~~~~~~~~~~~~~~~~~~~~~~~~~~~~[0m
    Error occurs in the template of component BullionAddChangeRequestPage.


Error: [96msrc/app/bullion-add-change-request/bullion-add-change-request.page.html[0m:[93m131[0m:[93m37[0m - [91merror[0m[90m NG8001: [0m'ion-slides' is not a known element:
1. If 'ion-slides' is an Angular component, then verify that it is part of this module.
2. If 'ion-slides' is a Web Component then add 'CUSTOM_ELEMENTS_SCHEMA' to the '@NgModule.schemas' of this component to suppress this message.

[7m131[0m                                     <ion-slides pager="true" [options]="slideOpts1">
[7m   [0m [91m                                    ~~~~~~~~~~~~~~~~~~~~~~~~~~~~~~~~~~~~~~~~~~~~~~~~[0m

  [96msrc/app/bullion-add-change-request/bullion-add-change-request.page.ts[0m:[93m23[0m:[93m15[0m
    [7m23[0m  templateUrl: './bullion-add-change-request.page.html',
    [7m  [0m [96m              ~~~~~~~~~~~~~~~~~~~~~~~~~~~~~~~~~~~~~~~~[0m
    Error occurs in the template of component BullionAddChangeRequestPage.


Error: [96msrc/app/bullion-add-change-request/bullion-add-change-request.page.html[0m:[93m131[0m:[93m62[0m - [91merror[0m[90m NG8002: [0mCan't bind to 'options' since it isn't a known property of 'ion-slides'.
1. If 'ion-slides' is an Angular component and it has 'options' input, then verify that it is part of this module.
2. If 'ion-slides' is a Web Component then add 'CUSTOM_ELEMENTS_SCHEMA' to the '@NgModule.schemas' of this component to suppress this message.
3. To allow any property add 'NO_ERRORS_SCHEMA' to the '@NgModule.schemas' of this component.

[7m131[0m                                     <ion-slides pager="true" [options]="slideOpts1">
[7m   [0m [91m                                                             ~~~~~~~~~~~~~~~~~~~~~~[0m

  [96msrc/app/bullion-add-change-request/bullion-add-change-request.page.ts[0m:[93m23[0m:[93m15[0m
    [7m23[0m  templateUrl: './bullion-add-change-request.page.html',
    [7m  [0m [96m              ~~~~~~~~~~~~~~~~~~~~~~~~~~~~~~~~~~~~~~~~[0m
    Error occurs in the template of component BullionAddChangeRequestPage.


Error: [96msrc/app/bullion-add-change-request/bullion-add-change-request.page.html[0m:[93m133[0m:[93m41[0m - [91merror[0m[90m NG8001: [0m'ion-slide' is not a known element:
1. If 'ion-slide' is an Angular component, then verify that it is part of this module.
2. If 'ion-slide' is a Web Component then add 'CUSTOM_ELEMENTS_SCHEMA' to the '@NgModule.schemas' of this component to suppress this message.

[7m133[0m                                         <ion-slide class="item-slide"><!-- List item images -->
[7m   [0m [91m                                        ~~~~~~~~~~~~~~~~~~~~~~~~~~~~~~[0m

  [96msrc/app/bullion-add-change-request/bullion-add-change-request.page.ts[0m:[93m23[0m:[93m15[0m
    [7m23[0m  templateUrl: './bullion-add-change-request.page.html',
    [7m  [0m [96m              ~~~~~~~~~~~~~~~~~~~~~~~~~~~~~~~~~~~~~~~~[0m
    Error occurs in the template of component BullionAddChangeRequestPage.


Error: [96msrc/app/bullion-add-change-request/bullion-add-change-request.page.html[0m:[93m149[0m:[93m41[0m - [91merror[0m[90m NG8001: [0m'ion-slide' is not a known element:
1. If 'ion-slide' is an Angular component, then verify that it is part of this module.
2. If 'ion-slide' is a Web Component then add 'CUSTOM_ELEMENTS_SCHEMA' to the '@NgModule.schemas' of this component to suppress this message.

[7m149[0m                                         <ion-slide class="item-slide"><!-- List item images -->
[7m   [0m [91m                                        ~~~~~~~~~~~~~~~~~~~~~~~~~~~~~~[0m

  [96msrc/app/bullion-add-change-request/bullion-add-change-request.page.ts[0m:[93m23[0m:[93m15[0m
    [7m23[0m  templateUrl: './bullion-add-change-request.page.html',
    [7m  [0m [96m              ~~~~~~~~~~~~~~~~~~~~~~~~~~~~~~~~~~~~~~~~[0m
    Error occurs in the template of component BullionAddChangeRequestPage.


Error: [96msrc/app/bullion-add-change-request/bullion-add-change-request.page.html[0m:[93m165[0m:[93m41[0m - [91merror[0m[90m NG8001: [0m'ion-slide' is not a known element:
1. If 'ion-slide' is an Angular component, then verify that it is part of this module.
2. If 'ion-slide' is a Web Component then add 'CUSTOM_ELEMENTS_SCHEMA' to the '@NgModule.schemas' of this component to suppress this message.

[7m165[0m                                         <ion-slide class="item-slide"><!-- List item images -->
[7m   [0m [91m                                        ~~~~~~~~~~~~~~~~~~~~~~~~~~~~~~[0m

  [96msrc/app/bullion-add-change-request/bullion-add-change-request.page.ts[0m:[93m23[0m:[93m15[0m
    [7m23[0m  templateUrl: './bullion-add-change-request.page.html',
    [7m  [0m [96m              ~~~~~~~~~~~~~~~~~~~~~~~~~~~~~~~~~~~~~~~~[0m
    Error occurs in the template of component BullionAddChangeRequestPage.


Error: [96msrc/app/bullion-add-change-request/bullion-add-change-request.page.html[0m:[93m184[0m:[93m37[0m - [91merror[0m[90m NG8001: [0m'ion-slides' is not a known element:
1. If 'ion-slides' is an Angular component, then verify that it is part of this module.
2. If 'ion-slides' is a Web Component then add 'CUSTOM_ELEMENTS_SCHEMA' to the '@NgModule.schemas' of this component to suppress this message.

[7m184[0m                                     <ion-slides pager="true" [options]="slideOpts2">
[7m   [0m [91m                                    ~~~~~~~~~~~~~~~~~~~~~~~~~~~~~~~~~~~~~~~~~~~~~~~~[0m

  [96msrc/app/bullion-add-change-request/bullion-add-change-request.page.ts[0m:[93m23[0m:[93m15[0m
    [7m23[0m  templateUrl: './bullion-add-change-request.page.html',
    [7m  [0m [96m              ~~~~~~~~~~~~~~~~~~~~~~~~~~~~~~~~~~~~~~~~[0m
    Error occurs in the template of component BullionAddChangeRequestPage.


Error: [96msrc/app/bullion-add-change-request/bullion-add-change-request.page.html[0m:[93m184[0m:[93m62[0m - [91merror[0m[90m NG8002: [0mCan't bind to 'options' since it isn't a known property of 'ion-slides'.
1. If 'ion-slides' is an Angular component and it has 'options' input, then verify that it is part of this module.
2. If 'ion-slides' is a Web Component then add 'CUSTOM_ELEMENTS_SCHEMA' to the '@NgModule.schemas' of this component to suppress this message.
3. To allow any property add 'NO_ERRORS_SCHEMA' to the '@NgModule.schemas' of this component.

[7m184[0m                                     <ion-slides pager="true" [options]="slideOpts2">
[7m   [0m [91m                                                             ~~~~~~~~~~~~~~~~~~~~~~[0m

  [96msrc/app/bullion-add-change-request/bullion-add-change-request.page.ts[0m:[93m23[0m:[93m15[0m
    [7m23[0m  templateUrl: './bullion-add-change-request.page.html',
    [7m  [0m [96m              ~~~~~~~~~~~~~~~~~~~~~~~~~~~~~~~~~~~~~~~~[0m
    Error occurs in the template of component BullionAddChangeRequestPage.


Error: [96msrc/app/bullion-add-change-request/bullion-add-change-request.page.html[0m:[93m186[0m:[93m41[0m - [91merror[0m[90m NG8001: [0m'ion-slide' is not a known element:
1. If 'ion-slide' is an Angular component, then verify that it is part of this module.
2. If 'ion-slide' is a Web Component then add 'CUSTOM_ELEMENTS_SCHEMA' to the '@NgModule.schemas' of this component to suppress this message.

[7m186[0m                                         <ion-slide class="item-slide" *ngFor="let GRND_img of GRND_Images"><!-- List item images -->
[7m   [0m [91m                                        ~~~~~~~~~~~~~~~~~~~~~~~~~~~~~~~~~~~~~~~~~~~~~~~~~~~~~~~~~~~~~~~~~~~[0m

  [96msrc/app/bullion-add-change-request/bullion-add-change-request.page.ts[0m:[93m23[0m:[93m15[0m
    [7m23[0m  templateUrl: './bullion-add-change-request.page.html',
    [7m  [0m [96m              ~~~~~~~~~~~~~~~~~~~~~~~~~~~~~~~~~~~~~~~~[0m
    Error occurs in the template of component BullionAddChangeRequestPage.


Error: [96msrc/app/modal-task/modal-task.page.html[0m:[93m111[0m:[93m57[0m - [91merror[0m[90m TS2339: [0mProperty 'slideOpts' does not exist on type 'ModalTaskPage'.

[7m111[0m                     <ion-slides pager="true" [options]="slideOpts">
[7m   [0m [91m                                                        ~~~~~~~~~[0m

  [96msrc/app/modal-task/modal-task.page.ts[0m:[93m25[0m:[93m16[0m
    [7m25[0m   templateUrl: './modal-task.page.html',
    [7m  [0m [96m               ~~~~~~~~~~~~~~~~~~~~~~~~[0m
    Error occurs in the template of component ModalTaskPage.


Error: [96msrc/app/modal-task/modal-task.page.html[0m:[93m111[0m:[93m21[0m - [91merror[0m[90m NG8001: [0m'ion-slides' is not a known element:
1. If 'ion-slides' is an Angular component, then verify that it is part of this module.
2. If 'ion-slides' is a Web Component then add 'CUSTOM_ELEMENTS_SCHEMA' to the '@NgModule.schemas' of this component to suppress this message.

[7m111[0m                     <ion-slides pager="true" [options]="slideOpts">
[7m   [0m [91m                    ~~~~~~~~~~~~~~~~~~~~~~~~~~~~~~~~~~~~~~~~~~~~~~~[0m

  [96msrc/app/modal-task/modal-task.page.ts[0m:[93m25[0m:[93m16[0m
    [7m25[0m   templateUrl: './modal-task.page.html',
    [7m  [0m [96m               ~~~~~~~~~~~~~~~~~~~~~~~~[0m
    Error occurs in the template of component ModalTaskPage.


Error: [96msrc/app/modal-task/modal-task.page.html[0m:[93m111[0m:[93m46[0m - [91merror[0m[90m NG8002: [0mCan't bind to 'options' since it isn't a known property of 'ion-slides'.
1. If 'ion-slides' is an Angular component and it has 'options' input, then verify that it is part of this module.
2. If 'ion-slides' is a Web Component then add 'CUSTOM_ELEMENTS_SCHEMA' to the '@NgModule.schemas' of this component to suppress this message.
3. To allow any property add 'NO_ERRORS_SCHEMA' to the '@NgModule.schemas' of this component.

[7m111[0m                     <ion-slides pager="true" [options]="slideOpts">
[7m   [0m [91m                                             ~~~~~~~~~~~~~~~~~~~~~[0m

  [96msrc/app/modal-task/modal-task.page.ts[0m:[93m25[0m:[93m16[0m
    [7m25[0m   templateUrl: './modal-task.page.html',
    [7m  [0m [96m               ~~~~~~~~~~~~~~~~~~~~~~~~[0m
    Error occurs in the template of component ModalTaskPage.


Error: [96msrc/app/modal-task/modal-task.page.html[0m:[93m113[0m:[93m25[0m - [91merror[0m[90m NG8001: [0m'ion-slide' is not a known element:
1. If 'ion-slide' is an Angular component, then verify that it is part of this module.
2. If 'ion-slide' is a Web Component then add 'CUSTOM_ELEMENTS_SCHEMA' to the '@NgModule.schemas' of this component to suppress this message.

[7m113[0m                         <ion-slide class="item-slide" *ngFor="let x of modalData.MultipleImageUrl"><!-- List item images -->
[7m   [0m [91m                        ~~~~~~~~~~~~~~~~~~~~~~~~~~~~~~~~~~~~~~~~~~~~~~~~~~~~~~~~~~~~~~~~~~~~~~~~~~~[0m

  [96msrc/app/modal-task/modal-task.page.ts[0m:[93m25[0m:[93m16[0m
    [7m25[0m   templateUrl: './modal-task.page.html',
    [7m  [0m [96m               ~~~~~~~~~~~~~~~~~~~~~~~~[0m
    Error occurs in the template of component ModalTaskPage.


Error: [96msrc/app/task-detail/task-detail.page.html[0m:[93m77[0m:[93m82[0m - [91merror[0m[90m TS2339: [0mProperty 'name' does not exist on type 'any[]'.

[7m77[0m     <ion-col size="7" style="padding-bottom:0;"><h3 class="desc">{{customerData?.name}}</h3></ion-col>
[7m  [0m [91m                                                                                 ~~~~[0m

  [96msrc/app/task-detail/task-detail.page.ts[0m:[93m41[0m:[93m16[0m
    [7m41[0m   templateUrl: './task-detail.page.html',
    [7m  [0m [96m               ~~~~~~~~~~~~~~~~~~~~~~~~~[0m
    Error occurs in the template of component TaskDetailPage.


Error: [96msrc/app/task-detail/task-detail.page.html[0m:[93m81[0m:[93m82[0m - [91merror[0m[90m TS2339: [0mProperty 'tel' does not exist on type 'any[]'.

[7m81[0m     <ion-col size="7" style="padding-bottom:0;"><h3 class="desc">{{customerData?.tel}}</h3></ion-col>
[7m  [0m [91m                                                                                 ~~~[0m

  [96msrc/app/task-detail/task-detail.page.ts[0m:[93m41[0m:[93m16[0m
    [7m41[0m   templateUrl: './task-detail.page.html',
    [7m  [0m [96m               ~~~~~~~~~~~~~~~~~~~~~~~~~[0m
    Error occurs in the template of component TaskDetailPage.


Error: [96msrc/app/task-detail/task-detail.page.html[0m:[93m85[0m:[93m88[0m - [91merror[0m[90m TS2339: [0mProperty 'address1' does not exist on type 'any[]'.

[7m85[0m     <ion-col size="7" style="padding-bottom:0;"><h3 class="desc"><span>{{customerData?.address1}}</span>&nbsp;<span *ngIf="customerData?.address2">{{customerData?.address2}}&nbsp;</span><span>{{customerData?.postcode}}</span>&nbsp;<span>{{customerData?.city}}</span>&nbsp;<span>{{customerData?.state}}</span></h3></ion-col>
[7m  [0m [91m                                                                                       ~~~~~~~~[0m

  [96msrc/app/task-detail/task-detail.page.ts[0m:[93m41[0m:[93m16[0m
    [7m41[0m   templateUrl: './task-detail.page.html',
    [7m  [0m [96m               ~~~~~~~~~~~~~~~~~~~~~~~~~[0m
    Error occurs in the template of component TaskDetailPage.


Error: [96msrc/app/task-detail/task-detail.page.html[0m:[93m85[0m:[93m138[0m - [91merror[0m[90m TS2339: [0mProperty 'address2' does not exist on type 'any[]'.

[7m85[0m     <ion-col size="7" style="padding-bottom:0;"><h3 class="desc"><span>{{customerData?.address1}}</span>&nbsp;<span *ngIf="customerData?.address2">{{customerData?.address2}}&nbsp;</span><span>{{customerData?.postcode}}</span>&nbsp;<span>{{customerData?.city}}</span>&nbsp;<span>{{customerData?.state}}</span></h3></ion-col>
[7m  [0m [91m                                                                                                                                         ~~~~~~~~[0m

  [96msrc/app/task-detail/task-detail.page.ts[0m:[93m41[0m:[93m16[0m
    [7m41[0m   templateUrl: './task-detail.page.html',
    [7m  [0m [96m               ~~~~~~~~~~~~~~~~~~~~~~~~~[0m
    Error occurs in the template of component TaskDetailPage.


Error: [96msrc/app/task-detail/task-detail.page.html[0m:[93m85[0m:[93m164[0m - [91merror[0m[90m TS2339: [0mProperty 'address2' does not exist on type 'any[]'.

[7m85[0m     <ion-col size="7" style="padding-bottom:0;"><h3 class="desc"><span>{{customerData?.address1}}</span>&nbsp;<span *ngIf="customerData?.address2">{{customerData?.address2}}&nbsp;</span><span>{{customerData?.postcode}}</span>&nbsp;<span>{{customerData?.city}}</span>&nbsp;<span>{{customerData?.state}}</span></h3></ion-col>
[7m  [0m [91m                                                                                                                                                                   ~~~~~~~~[0m

  [96msrc/app/task-detail/task-detail.page.ts[0m:[93m41[0m:[93m16[0m
    [7m41[0m   templateUrl: './task-detail.page.html',
    [7m  [0m [96m               ~~~~~~~~~~~~~~~~~~~~~~~~~[0m
    Error occurs in the template of component TaskDetailPage.


Error: [96msrc/app/task-detail/task-detail.page.html[0m:[93m85[0m:[93m209[0m - [91merror[0m[90m TS2339: [0mProperty 'postcode' does not exist on type 'any[]'.

[7m85[0m     <ion-col size="7" style="padding-bottom:0;"><h3 class="desc"><span>{{customerData?.address1}}</span>&nbsp;<span *ngIf="customerData?.address2">{{customerData?.address2}}&nbsp;</span><span>{{customerData?.postcode}}</span>&nbsp;<span>{{customerData?.city}}</span>&nbsp;<span>{{customerData?.state}}</span></h3></ion-col>
[7m  [0m [91m                                                                                                                                                                                                                ~~~~~~~~[0m

  [96msrc/app/task-detail/task-detail.page.ts[0m:[93m41[0m:[93m16[0m
    [7m41[0m   templateUrl: './task-detail.page.html',
    [7m  [0m [96m               ~~~~~~~~~~~~~~~~~~~~~~~~~[0m
    Error occurs in the template of component TaskDetailPage.


Error: [96msrc/app/task-detail/task-detail.page.html[0m:[93m85[0m:[93m254[0m - [91merror[0m[90m TS2339: [0mProperty 'city' does not exist on type 'any[]'.

[7m85[0m     <ion-col size="7" style="padding-bottom:0;"><h3 class="desc"><span>{{customerData?.address1}}</span>&nbsp;<span *ngIf="customerData?.address2">{{customerData?.address2}}&nbsp;</span><span>{{customerData?.postcode}}</span>&nbsp;<span>{{customerData?.city}}</span>&nbsp;<span>{{customerData?.state}}</span></h3></ion-col>
[7m  [0m [91m                                                                                                                                                                                                                                                             ~~~~[0m

  [96msrc/app/task-detail/task-detail.page.ts[0m:[93m41[0m:[93m16[0m
    [7m41[0m   templateUrl: './task-detail.page.html',
    [7m  [0m [96m               ~~~~~~~~~~~~~~~~~~~~~~~~~[0m
    Error occurs in the template of component TaskDetailPage.


Error: [96msrc/app/task-detail/task-detail.page.html[0m:[93m85[0m:[93m295[0m - [91merror[0m[90m TS2339: [0mProperty 'state' does not exist on type 'any[]'.

[7m85[0m     <ion-col size="7" style="padding-bottom:0;"><h3 class="desc"><span>{{customerData?.address1}}</span>&nbsp;<span *ngIf="customerData?.address2">{{customerData?.address2}}&nbsp;</span><span>{{customerData?.postcode}}</span>&nbsp;<span>{{customerData?.city}}</span>&nbsp;<span>{{customerData?.state}}</span></h3></ion-col>
[7m  [0m [91m                                                                                                                                                                                                                                                                                                      ~~~~~[0m

  [96msrc/app/task-detail/task-detail.page.ts[0m:[93m41[0m:[93m16[0m
    [7m41[0m   templateUrl: './task-detail.page.html',
    [7m  [0m [96m               ~~~~~~~~~~~~~~~~~~~~~~~~~[0m
    Error occurs in the template of component TaskDetailPage.


Error: [96msrc/app/task-detail/task-detail.page.html[0m:[93m144[0m:[93m21[0m - [91merror[0m[90m TS2339: [0mProperty 'haveItemImages' does not exist on type 'TaskDetailPage'.

[7m144[0m    <ion-item *ngIf="haveItemImages" class="ion-no-padding" mode="ios" lines="none">
[7m   [0m [91m                    ~~~~~~~~~~~~~~[0m

  [96msrc/app/task-detail/task-detail.page.ts[0m:[93m41[0m:[93m16[0m
    [7m41[0m   templateUrl: './task-detail.page.html',
    [7m  [0m [96m               ~~~~~~~~~~~~~~~~~~~~~~~~~[0m
    Error occurs in the template of component TaskDetailPage.


Error: [96msrc/app/task-detail/task-detail.page.html[0m:[93m151[0m:[93m32[0m - [91merror[0m[90m TS2339: [0mProperty 'formData' does not exist on type 'TaskDetailPage'.

[7m151[0m       <div *ngFor="let item of formData.detailList; let i = index;">
[7m   [0m [91m                               ~~~~~~~~[0m

  [96msrc/app/task-detail/task-detail.page.ts[0m:[93m41[0m:[93m16[0m
    [7m41[0m   templateUrl: './task-detail.page.html',
    [7m  [0m [96m               ~~~~~~~~~~~~~~~~~~~~~~~~~[0m
    Error occurs in the template of component TaskDetailPage.


Error: [96msrc/app/task-detail/task-detail.page.html[0m:[93m155[0m:[93m46[0m - [91merror[0m[90m TS2339: [0mProperty 'slideOpts' does not exist on type 'TaskDetailPage'.

[7m155[0m          <ion-slides pager="true" [options]="slideOpts">
[7m   [0m [91m                                             ~~~~~~~~~[0m

  [96msrc/app/task-detail/task-detail.page.ts[0m:[93m41[0m:[93m16[0m
    [7m41[0m   templateUrl: './task-detail.page.html',
    [7m  [0m [96m               ~~~~~~~~~~~~~~~~~~~~~~~~~[0m
    Error occurs in the template of component TaskDetailPage.


Error: [96msrc/app/task-detail/task-detail.page.html[0m:[93m161[0m:[93m44[0m - [91merror[0m[90m TS2554: [0mExpected 2 arguments, but got 3.

[7m161[0m            <button (click)="delete_img(0,x,i)" class="deleteImageBtn">x</button>
[7m   [0m [91m                                           ~[0m

  [96msrc/app/task-detail/task-detail.page.ts[0m:[93m41[0m:[93m16[0m
    [7m41[0m   templateUrl: './task-detail.page.html',
    [7m  [0m [96m               ~~~~~~~~~~~~~~~~~~~~~~~~~[0m
    Error occurs in the template of component TaskDetailPage.


Error: [96msrc/app/task-detail/task-detail.page.html[0m:[93m168[0m:[93m78[0m - [91merror[0m[90m TS2554: [0mExpected 2 arguments, but got 3.

[7m168[0m          <button class="deleteImageBtn" (click)="delete_img(0,item.showImage,i)" style="font-size: 30px; border-radius: 50%; padding: 5px 8px; top: 5%; right: 3%;">
[7m   [0m [91m                                                                             ~[0m

  [96msrc/app/task-detail/task-detail.page.ts[0m:[93m41[0m:[93m16[0m
    [7m41[0m   templateUrl: './task-detail.page.html',
    [7m  [0m [96m               ~~~~~~~~~~~~~~~~~~~~~~~~~[0m
    Error occurs in the template of component TaskDetailPage.


Error: [96msrc/app/task-detail/task-detail.page.html[0m:[93m405[0m:[93m25[0m - [91merror[0m[90m TS2554: [0mExpected 1 arguments, but got 0.

[7m405[0m      <ion-icon (click)="openActionSheet()" name="add-circle-outline" style="float: right; background-color: #243a76; color: #fbd23c;font-size: 25px; border-radius: 6px; vertical-align: middle; margin-left: 10px;" *ngIf="(is_multiple_image == 0 && !imageUrl) || (is_multiple_image == 1 && MultipleImageUrl.length == 0)"></ion-icon>
[7m   [0m [91m                        ~~~~~~~~~~~~~~~[0m

  [96msrc/app/task-detail/task-detail.page.ts[0m:[93m41[0m:[93m16[0m
    [7m41[0m   templateUrl: './task-detail.page.html',
    [7m  [0m [96m               ~~~~~~~~~~~~~~~~~~~~~~~~~[0m
    Error occurs in the template of component TaskDetailPage.


Error: [96msrc/app/task-detail/task-detail.page.html[0m:[93m155[0m:[93m10[0m - [91merror[0m[90m NG8001: [0m'ion-slides' is not a known element:
1. If 'ion-slides' is an Angular component, then verify that it is part of this module.
2. If 'ion-slides' is a Web Component then add 'CUSTOM_ELEMENTS_SCHEMA' to the '@NgModule.schemas' of this component to suppress this message.

[7m155[0m          <ion-slides pager="true" [options]="slideOpts">
[7m   [0m [91m         ~~~~~~~~~~~~~~~~~~~~~~~~~~~~~~~~~~~~~~~~~~~~~~~[0m

  [96msrc/app/task-detail/task-detail.page.ts[0m:[93m41[0m:[93m16[0m
    [7m41[0m   templateUrl: './task-detail.page.html',
    [7m  [0m [96m               ~~~~~~~~~~~~~~~~~~~~~~~~~[0m
    Error occurs in the template of component TaskDetailPage.


Error: [96msrc/app/task-detail/task-detail.page.html[0m:[93m155[0m:[93m35[0m - [91merror[0m[90m NG8002: [0mCan't bind to 'options' since it isn't a known property of 'ion-slides'.
1. If 'ion-slides' is an Angular component and it has 'options' input, then verify that it is part of this module.
2. If 'ion-slides' is a Web Component then add 'CUSTOM_ELEMENTS_SCHEMA' to the '@NgModule.schemas' of this component to suppress this message.
3. To allow any property add 'NO_ERRORS_SCHEMA' to the '@NgModule.schemas' of this component.

[7m155[0m          <ion-slides pager="true" [options]="slideOpts">
[7m   [0m [91m                                  ~~~~~~~~~~~~~~~~~~~~~[0m

  [96msrc/app/task-detail/task-detail.page.ts[0m:[93m41[0m:[93m16[0m
    [7m41[0m   templateUrl: './task-detail.page.html',
    [7m  [0m [96m               ~~~~~~~~~~~~~~~~~~~~~~~~~[0m
    Error occurs in the template of component TaskDetailPage.


Error: [96msrc/app/task-detail/task-detail.page.html[0m:[93m157[0m:[93m11[0m - [91merror[0m[90m NG8001: [0m'ion-slide' is not a known element:
1. If 'ion-slide' is an Angular component, then verify that it is part of this module.
2. If 'ion-slide' is a Web Component then add 'CUSTOM_ELEMENTS_SCHEMA' to the '@NgModule.schemas' of this component to suppress this message.

[7m157[0m           <ion-slide class="item-slide" *ngFor="let x of item.MultipleImageUrl"><!-- List item images -->
[7m   [0m [91m          ~~~~~~~~~~~~~~~~~~~~~~~~~~~~~~~~~~~~~~~~~~~~~~~~~~~~~~~~~~~~~~~~~~~~~~[0m

  [96msrc/app/task-detail/task-detail.page.ts[0m:[93m41[0m:[93m16[0m
    [7m41[0m   templateUrl: './task-detail.page.html',
    [7m  [0m [96m               ~~~~~~~~~~~~~~~~~~~~~~~~~[0m
    Error occurs in the template of component TaskDetailPage.


Error: [96msrc/app/pending-order/pending-order.page.html[0m:[93m17[0m:[93m146[0m - [91merror[0m[90m TS2554: [0mExpected 2 arguments, but got 1.

[7m17[0m           <div class="productdetail" [ngStyle]="{'border-bottom': configData.current_tab == item.key ? '1px solid lightgray' : 'none'}" (click)="set_current_tab(item.key)">
[7m  [0m [91m                                                                                                                                                 ~~~~~~~~~~~~~~~[0m

  [96msrc/app/pending-order/pending-order.page.ts[0m:[93m20[0m:[93m16[0m
    [7m20[0m   templateUrl: './pending-order.page.html',
    [7m  [0m [96m               ~~~~~~~~~~~~~~~~~~~~~~~~~~~[0m
    Error occurs in the template of component PendingOrderPage.


Error: [96msrc/app/pending-order/pending-order.page.html[0m:[93m20[0m:[93m146[0m - [91merror[0m[90m TS2339: [0mProperty 'qty' does not exist on type '0 | (() => string) | { (): string; (locales: string | string[], options?: (NumberFormatOptions & DateTimeFormatOptions) | undefined): string; } | ... 31 more ... | { ...; }'.
  Property 'qty' does not exist on type '0'.

[7m20[0m                   <div style="display: inline-block; font-size: 16px; padding-top: 20px; padding-bottom: 20px;">{{item.key}} <span>({{item.value.qty}})</span></div>
[7m  [0m [91m                                                                                                                                                 ~~~[0m

  [96msrc/app/pending-order/pending-order.page.ts[0m:[93m20[0m:[93m16[0m
    [7m20[0m   templateUrl: './pending-order.page.html',
    [7m  [0m [96m               ~~~~~~~~~~~~~~~~~~~~~~~~~~~[0m
    Error occurs in the template of component PendingOrderPage.


Error: [96msrc/app/pending-order/pending-order.page.html[0m:[93m26[0m:[93m42[0m - [91merror[0m[90m TS2339: [0mProperty 'customerDataList' does not exist on type '0 | (() => string) | { (): string; (locales: string | string[], options?: (NumberFormatOptions & DateTimeFormatOptions) | undefined): string; } | ... 31 more ... | { ...; }'.
  Property 'customerDataList' does not exist on type '0'.

[7m26[0m             *ngFor="let po of item.value.customerDataList | keyvalue; let lastItem = last;"
[7m  [0m [91m                                         ~~~~~~~~~~~~~~~~[0m

  [96msrc/app/pending-order/pending-order.page.ts[0m:[93m20[0m:[93m16[0m
    [7m20[0m   templateUrl: './pending-order.page.html',
    [7m  [0m [96m               ~~~~~~~~~~~~~~~~~~~~~~~~~~~[0m
    Error occurs in the template of component PendingOrderPage.


Error: [96msrc/app/pending-order/pending-order.page.html[0m:[93m30[0m:[93m180[0m - [91merror[0m[90m TS2571: [0mObject is of type 'unknown'.

[7m30[0m                     <span class="label" style="background-color: transparent; margin-left: 0px; padding-left: 0px; font-weight: bold; font-size: 16px; max-width: 80%;">{{po.value.name}} ({{po.value.po_count}})</span>
[7m  [0m [91m                                                                                                                                                                                   ~~~~[0m

  [96msrc/app/pending-order/pending-order.page.ts[0m:[93m20[0m:[93m16[0m
    [7m20[0m   templateUrl: './pending-order.page.html',
    [7m  [0m [96m               ~~~~~~~~~~~~~~~~~~~~~~~~~~~[0m
    Error occurs in the template of component PendingOrderPage.


Error: [96msrc/app/pending-order/pending-order.page.html[0m:[93m30[0m:[93m199[0m - [91merror[0m[90m TS2571: [0mObject is of type 'unknown'.

[7m30[0m                     <span class="label" style="background-color: transparent; margin-left: 0px; padding-left: 0px; font-weight: bold; font-size: 16px; max-width: 80%;">{{po.value.name}} ({{po.value.po_count}})</span>
[7m  [0m [91m                                                                                                                                                                                                      ~~~~~~~~[0m

  [96msrc/app/pending-order/pending-order.page.ts[0m:[93m20[0m:[93m16[0m
    [7m20[0m   templateUrl: './pending-order.page.html',
    [7m  [0m [96m               ~~~~~~~~~~~~~~~~~~~~~~~~~~~[0m
    Error occurs in the template of component PendingOrderPage.


Error: [96msrc/app/pending-order/pending-order.page.html[0m:[93m32[0m:[93m45[0m - [91merror[0m[90m TS2571: [0mObject is of type 'unknown'.

[7m32[0m                       <span *ngIf="po.value.pendingOrderData && po.value.pendingOrderData.status == '0'" style="color: white; background-color: green; border:1px solid green; border-radius: 5px; padding: 5px; font-size: 12px; font-weight: 600; margin-right: 5px;">Sent</span>
[7m  [0m [91m                                            ~~~~~~~~~~~~~~~~[0m

  [96msrc/app/pending-order/pending-order.page.ts[0m:[93m20[0m:[93m16[0m
    [7m20[0m   templateUrl: './pending-order.page.html',
    [7m  [0m [96m               ~~~~~~~~~~~~~~~~~~~~~~~~~~~[0m
    Error occurs in the template of component PendingOrderPage.


Error: [96msrc/app/pending-order/pending-order.page.html[0m:[93m32[0m:[93m74[0m - [91merror[0m[90m TS2571: [0mObject is of type 'unknown'.

[7m32[0m                       <span *ngIf="po.value.pendingOrderData && po.value.pendingOrderData.status == '0'" style="color: white; background-color: green; border:1px solid green; border-radius: 5px; padding: 5px; font-size: 12px; font-weight: 600; margin-right: 5px;">Sent</span>
[7m  [0m [91m                                                                         ~~~~~~~~~~~~~~~~[0m

  [96msrc/app/pending-order/pending-order.page.ts[0m:[93m20[0m:[93m16[0m
    [7m20[0m   templateUrl: './pending-order.page.html',
    [7m  [0m [96m               ~~~~~~~~~~~~~~~~~~~~~~~~~~~[0m
    Error occurs in the template of component PendingOrderPage.


Error: [96msrc/app/pending-order/pending-order.page.html[0m:[93m33[0m:[93m234[0m - [91merror[0m[90m TS2571: [0mObject is of type 'unknown'.

[7m33[0m                       <span style="color: white; background-color: rgba(255, 0, 0, 0.5); border:1px solid rgba(255, 0, 0, 0.5); border-radius: 5px; padding: 5px; font-size: 12px; font-weight: 600; margin-right: 5px;" *ngIf="po.value.urgency_status">{{po.value.urgency_status}}</span>
[7m  [0m [91m                                                                                                                                                                                                                                         ~~~~~~~~~~~~~~[0m

  [96msrc/app/pending-order/pending-order.page.ts[0m:[93m20[0m:[93m16[0m
    [7m20[0m   templateUrl: './pending-order.page.html',
    [7m  [0m [96m               ~~~~~~~~~~~~~~~~~~~~~~~~~~~[0m
    Error occurs in the template of component PendingOrderPage.


Error: [96msrc/app/pending-order/pending-order.page.html[0m:[93m33[0m:[93m261[0m - [91merror[0m[90m TS2571: [0mObject is of type 'unknown'.

[7m33[0m                       <span style="color: white; background-color: rgba(255, 0, 0, 0.5); border:1px solid rgba(255, 0, 0, 0.5); border-radius: 5px; padding: 5px; font-size: 12px; font-weight: 600; margin-right: 5px;" *ngIf="po.value.urgency_status">{{po.value.urgency_status}}</span>
[7m  [0m [91m                                                                                                                                                                                                                                                                    ~~~~~~~~~~~~~~[0m

  [96msrc/app/pending-order/pending-order.page.ts[0m:[93m20[0m:[93m16[0m
    [7m20[0m   templateUrl: './pending-order.page.html',
    [7m  [0m [96m               ~~~~~~~~~~~~~~~~~~~~~~~~~~~[0m
    Error occurs in the template of component PendingOrderPage.


Error: [96msrc/app/pending-order/pending-order.page.html[0m:[93m35[0m:[93m47[0m - [91merror[0m[90m TS2571: [0mObject is of type 'unknown'.

[7m35[0m                         <span *ngIf="po.value.task_exist === 1 && po.value.pending_job_exist === 0">Task</span>
[7m  [0m [91m                                              ~~~~~~~~~~[0m

  [96msrc/app/pending-order/pending-order.page.ts[0m:[93m20[0m:[93m16[0m
    [7m20[0m   templateUrl: './pending-order.page.html',
    [7m  [0m [96m               ~~~~~~~~~~~~~~~~~~~~~~~~~~~[0m
    Error occurs in the template of component PendingOrderPage.


Error: [96msrc/app/pending-order/pending-order.page.html[0m:[93m35[0m:[93m76[0m - [91merror[0m[90m TS2571: [0mObject is of type 'unknown'.

[7m35[0m                         <span *ngIf="po.value.task_exist === 1 && po.value.pending_job_exist === 0">Task</span>
[7m  [0m [91m                                                                           ~~~~~~~~~~~~~~~~~[0m

  [96msrc/app/pending-order/pending-order.page.ts[0m:[93m20[0m:[93m16[0m
    [7m20[0m   templateUrl: './pending-order.page.html',
    [7m  [0m [96m               ~~~~~~~~~~~~~~~~~~~~~~~~~~~[0m
    Error occurs in the template of component PendingOrderPage.


Error: [96msrc/app/pending-order/pending-order.page.html[0m:[93m36[0m:[93m47[0m - [91merror[0m[90m TS2571: [0mObject is of type 'unknown'.

[7m36[0m                         <span *ngIf="po.value.pending_job_exist === 1 && po.value.task_exist === 0">PO</span>
[7m  [0m [91m                                              ~~~~~~~~~~~~~~~~~[0m

  [96msrc/app/pending-order/pending-order.page.ts[0m:[93m20[0m:[93m16[0m
    [7m20[0m   templateUrl: './pending-order.page.html',
    [7m  [0m [96m               ~~~~~~~~~~~~~~~~~~~~~~~~~~~[0m
    Error occurs in the template of component PendingOrderPage.


Error: [96msrc/app/pending-order/pending-order.page.html[0m:[93m36[0m:[93m83[0m - [91merror[0m[90m TS2571: [0mObject is of type 'unknown'.

[7m36[0m                         <span *ngIf="po.value.pending_job_exist === 1 && po.value.task_exist === 0">PO</span>
[7m  [0m [91m                                                                                  ~~~~~~~~~~[0m

  [96msrc/app/pending-order/pending-order.page.ts[0m:[93m20[0m:[93m16[0m
    [7m20[0m   templateUrl: './pending-order.page.html',
    [7m  [0m [96m               ~~~~~~~~~~~~~~~~~~~~~~~~~~~[0m
    Error occurs in the template of component PendingOrderPage.


Error: [96msrc/app/pending-order/pending-order.page.html[0m:[93m37[0m:[93m47[0m - [91merror[0m[90m TS2571: [0mObject is of type 'unknown'.

[7m37[0m                         <span *ngIf="po.value.task_exist === 1 && po.value.pending_job_exist === 1">Task & PO</span>
[7m  [0m [91m                                              ~~~~~~~~~~[0m

  [96msrc/app/pending-order/pending-order.page.ts[0m:[93m20[0m:[93m16[0m
    [7m20[0m   templateUrl: './pending-order.page.html',
    [7m  [0m [96m               ~~~~~~~~~~~~~~~~~~~~~~~~~~~[0m
    Error occurs in the template of component PendingOrderPage.


Error: [96msrc/app/pending-order/pending-order.page.html[0m:[93m37[0m:[93m76[0m - [91merror[0m[90m TS2571: [0mObject is of type 'unknown'.

[7m37[0m                         <span *ngIf="po.value.task_exist === 1 && po.value.pending_job_exist === 1">Task & PO</span>
[7m  [0m [91m                                                                           ~~~~~~~~~~~~~~~~~[0m

  [96msrc/app/pending-order/pending-order.page.ts[0m:[93m20[0m:[93m16[0m
    [7m20[0m   templateUrl: './pending-order.page.html',
    [7m  [0m [96m               ~~~~~~~~~~~~~~~~~~~~~~~~~~~[0m
    Error occurs in the template of component PendingOrderPage.


Error: [96msrc/app/pending-order/pending-order.page.html[0m:[93m39[0m:[93m187[0m - [91merror[0m[90m TS2571: [0mObject is of type 'unknown'.

[7m39[0m                       <span style="color: white; background-color: orange; border:1px solid orange; border-radius: 5px; padding: 5px; font-size: 12px; font-weight: 600;" *ngIf="po.value.oldest_po_status">{{po.value.oldest_po_status}}</span>
[7m  [0m [91m                                                                                                                                                                                          ~~~~~~~~~~~~~~~~[0m

  [96msrc/app/pending-order/pending-order.page.ts[0m:[93m20[0m:[93m16[0m
    [7m20[0m   templateUrl: './pending-order.page.html',
    [7m  [0m [96m               ~~~~~~~~~~~~~~~~~~~~~~~~~~~[0m
    Error occurs in the template of component PendingOrderPage.


Error: [96msrc/app/pending-order/pending-order.page.html[0m:[93m39[0m:[93m216[0m - [91merror[0m[90m TS2571: [0mObject is of type 'unknown'.

[7m39[0m                       <span style="color: white; background-color: orange; border:1px solid orange; border-radius: 5px; padding: 5px; font-size: 12px; font-weight: 600;" *ngIf="po.value.oldest_po_status">{{po.value.oldest_po_status}}</span>
[7m  [0m [91m                                                                                                                                                                                                                       ~~~~~~~~~~~~~~~~[0m

  [96msrc/app/pending-order/pending-order.page.ts[0m:[93m20[0m:[93m16[0m
    [7m20[0m   templateUrl: './pending-order.page.html',
    [7m  [0m [96m               ~~~~~~~~~~~~~~~~~~~~~~~~~~~[0m
    Error occurs in the template of component PendingOrderPage.


Error: [96msrc/app/pending-order/pending-order.page.html[0m:[93m44[0m:[93m87[0m - [91merror[0m[90m TS2571: [0mObject is of type 'unknown'.

[7m44[0m                     <span style="font-weight: 600;">Address : </span><span>{{po.value.city}} {{po.value.state}}</span></p>
[7m  [0m [91m                                                                                      ~~~~[0m

  [96msrc/app/pending-order/pending-order.page.ts[0m:[93m20[0m:[93m16[0m
    [7m20[0m   templateUrl: './pending-order.page.html',
    [7m  [0m [96m               ~~~~~~~~~~~~~~~~~~~~~~~~~~~[0m
    Error occurs in the template of component PendingOrderPage.


Error: [96msrc/app/pending-order/pending-order.page.html[0m:[93m44[0m:[93m105[0m - [91merror[0m[90m TS2571: [0mObject is of type 'unknown'.

[7m44[0m                     <span style="font-weight: 600;">Address : </span><span>{{po.value.city}} {{po.value.state}}</span></p>
[7m  [0m [91m                                                                                                        ~~~~~[0m

  [96msrc/app/pending-order/pending-order.page.ts[0m:[93m20[0m:[93m16[0m
    [7m20[0m   templateUrl: './pending-order.page.html',
    [7m  [0m [96m               ~~~~~~~~~~~~~~~~~~~~~~~~~~~[0m
    Error occurs in the template of component PendingOrderPage.


Error: [96msrc/app/pending-order/pending-order.page.html[0m:[93m45[0m:[93m131[0m - [91merror[0m[90m TS2571: [0mObject is of type 'unknown'.

[7m45[0m                   <div class="requestButton" style="margin-top: 10px;" mode="ios" (click)="submit_now(po.value)" *ngIf="!po.value.pendingOrderData">
[7m  [0m [91m                                                                                                                                  ~~~~~~~~~~~~~~~~[0m

  [96msrc/app/pending-order/pending-order.page.ts[0m:[93m20[0m:[93m16[0m
    [7m20[0m   templateUrl: './pending-order.page.html',
    [7m  [0m [96m               ~~~~~~~~~~~~~~~~~~~~~~~~~~~[0m
    Error occurs in the template of component PendingOrderPage.


Error: [96msrc/app/pending-order/pending-order.page.html[0m:[93m59[0m:[93m146[0m - [91merror[0m[90m TS2554: [0mExpected 2 arguments, but got 1.

[7m59[0m           <div class="productdetail" [ngStyle]="{'border-bottom': configData.current_tab == item.key ? '1px solid lightgray' : 'none'}" (click)="set_current_tab(item.key)">
[7m  [0m [91m                                                                                                                                                 ~~~~~~~~~~~~~~~[0m

  [96msrc/app/pending-order/pending-order.page.ts[0m:[93m20[0m:[93m16[0m
    [7m20[0m   templateUrl: './pending-order.page.html',
    [7m  [0m [96m               ~~~~~~~~~~~~~~~~~~~~~~~~~~~[0m
    Error occurs in the template of component PendingOrderPage.


Error: [96msrc/app/pending-order/pending-order.page.html[0m:[93m62[0m:[93m165[0m - [91merror[0m[90m TS2339: [0mProperty 'qty' does not exist on type '0 | (() => string) | { (): string; (locales: string | string[], options?: (NumberFormatOptions & DateTimeFormatOptions) | undefined): string; } | ... 31 more ... | { ...; }'.
  Property 'qty' does not exist on type '0'.

[7m62[0m                   <div style="display: inline-block; font-size: 16px; padding-top: 20px; padding-bottom: 20px; font-weight: bold;">{{item.key}} <span>({{item.value.qty}})</span></div>
[7m  [0m [91m                                                                                                                                                                    ~~~[0m

  [96msrc/app/pending-order/pending-order.page.ts[0m:[93m20[0m:[93m16[0m
    [7m20[0m   templateUrl: './pending-order.page.html',
    [7m  [0m [96m               ~~~~~~~~~~~~~~~~~~~~~~~~~~~[0m
    Error occurs in the template of component PendingOrderPage.


Error: [96msrc/app/pending-order/pending-order.page.html[0m:[93m67[0m:[93m69[0m - [91merror[0m[90m TS2339: [0mProperty 'stateList' does not exist on type '0 | (() => string) | { (): string; (locales: string | string[], options?: (NumberFormatOptions & DateTimeFormatOptions) | undefined): string; } | ... 31 more ... | { ...; }'.
  Property 'stateList' does not exist on type '0'.

[7m67[0m             <div class="productdetail" *ngFor="let so of item.value.stateList | keyvalue; let lastItem = last;" [ngStyle]="{'border-bottom': configData.current_tab == item.key ? '1px solid lightgray' : 'none'}" >
[7m  [0m [91m                                                                    ~~~~~~~~~[0m

  [96msrc/app/pending-order/pending-order.page.ts[0m:[93m20[0m:[93m16[0m
    [7m20[0m   templateUrl: './pending-order.page.html',
    [7m  [0m [96m               ~~~~~~~~~~~~~~~~~~~~~~~~~~~[0m
    Error occurs in the template of component PendingOrderPage.


Error: [96msrc/app/pending-order/pending-order.page.html[0m:[93m70[0m:[93m144[0m - [91merror[0m[90m TS2571: [0mObject is of type 'unknown'.

[7m70[0m                     <div style="display: inline-block; font-size: 14px; padding-top: 20px; padding-bottom: 20px;">{{so.key}} <span>({{so.value.qty}})</span></div>
[7m  [0m [91m                                                                                                                                               ~~~[0m

  [96msrc/app/pending-order/pending-order.page.ts[0m:[93m20[0m:[93m16[0m
    [7m20[0m   templateUrl: './pending-order.page.html',
    [7m  [0m [96m               ~~~~~~~~~~~~~~~~~~~~~~~~~~~[0m
    Error occurs in the template of component PendingOrderPage.


Error: [96msrc/app/pending-order/pending-order.page.html[0m:[93m75[0m:[93m48[0m - [91merror[0m[90m TS2571: [0mObject is of type 'unknown'.

[7m75[0m                 *ngFor="let soData of so.value.salesList | keyvalue; let lastItem = last; let firstItem = first;"
[7m  [0m [91m                                               ~~~~~~~~~[0m

  [96msrc/app/pending-order/pending-order.page.ts[0m:[93m20[0m:[93m16[0m
    [7m20[0m   templateUrl: './pending-order.page.html',
    [7m  [0m [96m               ~~~~~~~~~~~~~~~~~~~~~~~~~~~[0m
    Error occurs in the template of component PendingOrderPage.


Error: [96msrc/app/pending-order/pending-order.page.html[0m:[93m80[0m:[93m51[0m - [91merror[0m[90m TS2571: [0mObject is of type 'unknown'.

[7m80[0m                         <span *ngIf="soData.value.is_task === 0">{{soData.value.tracking_no}}</span>
[7m  [0m [91m                                                  ~~~~~~~[0m

  [96msrc/app/pending-order/pending-order.page.ts[0m:[93m20[0m:[93m16[0m
    [7m20[0m   templateUrl: './pending-order.page.html',
    [7m  [0m [96m               ~~~~~~~~~~~~~~~~~~~~~~~~~~~[0m
    Error occurs in the template of component PendingOrderPage.


Error: [96msrc/app/pending-order/pending-order.page.html[0m:[93m80[0m:[93m81[0m - [91merror[0m[90m TS2571: [0mObject is of type 'unknown'.

[7m80[0m                         <span *ngIf="soData.value.is_task === 0">{{soData.value.tracking_no}}</span>
[7m  [0m [91m                                                                                ~~~~~~~~~~~[0m

  [96msrc/app/pending-order/pending-order.page.ts[0m:[93m20[0m:[93m16[0m
    [7m20[0m   templateUrl: './pending-order.page.html',
    [7m  [0m [96m               ~~~~~~~~~~~~~~~~~~~~~~~~~~~[0m
    Error occurs in the template of component PendingOrderPage.


Error: [96msrc/app/pending-order/pending-order.page.html[0m:[93m81[0m:[93m51[0m - [91merror[0m[90m TS2571: [0mObject is of type 'unknown'.

[7m81[0m                         <span *ngIf="soData.value.is_task === 1">{{soData.value.title}}</span>
[7m  [0m [91m                                                  ~~~~~~~[0m

  [96msrc/app/pending-order/pending-order.page.ts[0m:[93m20[0m:[93m16[0m
    [7m20[0m   templateUrl: './pending-order.page.html',
    [7m  [0m [96m               ~~~~~~~~~~~~~~~~~~~~~~~~~~~[0m
    Error occurs in the template of component PendingOrderPage.


Error: [96msrc/app/pending-order/pending-order.page.html[0m:[93m81[0m:[93m81[0m - [91merror[0m[90m TS2571: [0mObject is of type 'unknown'.

[7m81[0m                         <span *ngIf="soData.value.is_task === 1">{{soData.value.title}}</span>
[7m  [0m [91m                                                                                ~~~~~[0m

  [96msrc/app/pending-order/pending-order.page.ts[0m:[93m20[0m:[93m16[0m
    [7m20[0m   templateUrl: './pending-order.page.html',
    [7m  [0m [96m               ~~~~~~~~~~~~~~~~~~~~~~~~~~~[0m
    Error occurs in the template of component PendingOrderPage.


Error: [96msrc/app/pending-order/pending-order.page.html[0m:[93m83[0m:[93m197[0m - [91merror[0m[90m TS2571: [0mObject is of type 'unknown'.

[7m83[0m                       <div class="label" style="background-color: transparent; margin-left: 0px; padding-left: 0px; font-size: 14px; font-weight: 600; max-width: 80%;">Ordered By : {{soData.value.customer_name}}</div>
[7m  [0m [91m                                                                                                                                                                                                    ~~~~~~~~~~~~~[0m

  [96msrc/app/pending-order/pending-order.page.ts[0m:[93m20[0m:[93m16[0m
    [7m20[0m   templateUrl: './pending-order.page.html',
    [7m  [0m [96m               ~~~~~~~~~~~~~~~~~~~~~~~~~~~[0m
    Error occurs in the template of component PendingOrderPage.


Error: [96msrc/app/pending-order/pending-order.page.html[0m:[93m85[0m:[93m51[0m - [91merror[0m[90m TS2571: [0mObject is of type 'unknown'.

[7m85[0m                         <span *ngIf="soData.value.pendingOrderData && soData.value.pendingOrderData.status == '0'" style="color: white; background-color: green; border:1px solid green; border-radius: 5px; padding: 5px; font-size: 12px; font-weight: 600; margin-right: 5px;">Sent</span>
[7m  [0m [91m                                                  ~~~~~~~~~~~~~~~~[0m

  [96msrc/app/pending-order/pending-order.page.ts[0m:[93m20[0m:[93m16[0m
    [7m20[0m   templateUrl: './pending-order.page.html',
    [7m  [0m [96m               ~~~~~~~~~~~~~~~~~~~~~~~~~~~[0m
    Error occurs in the template of component PendingOrderPage.


Error: [96msrc/app/pending-order/pending-order.page.html[0m:[93m85[0m:[93m84[0m - [91merror[0m[90m TS2571: [0mObject is of type 'unknown'.

[7m85[0m                         <span *ngIf="soData.value.pendingOrderData && soData.value.pendingOrderData.status == '0'" style="color: white; background-color: green; border:1px solid green; border-radius: 5px; padding: 5px; font-size: 12px; font-weight: 600; margin-right: 5px;">Sent</span>
[7m  [0m [91m                                                                                   ~~~~~~~~~~~~~~~~[0m

  [96msrc/app/pending-order/pending-order.page.ts[0m:[93m20[0m:[93m16[0m
    [7m20[0m   templateUrl: './pending-order.page.html',
    [7m  [0m [96m               ~~~~~~~~~~~~~~~~~~~~~~~~~~~[0m
    Error occurs in the template of component PendingOrderPage.


Error: [96msrc/app/pending-order/pending-order.page.html[0m:[93m86[0m:[93m240[0m - [91merror[0m[90m TS2571: [0mObject is of type 'unknown'.

[7m86[0m                         <span style="color: white; background-color: rgba(128, 3, 3, 0.5); border:1px solid rgba(255, 0, 0, 0.5); border-radius: 5px; padding: 5px; font-size: 12px; font-weight: 600; margin-right: 5px;" *ngIf="soData.value.urgency_status">{{soData.value.urgency_status}}</span>
[7m  [0m [91m                                                                                                                                                                                                                                               ~~~~~~~~~~~~~~[0m

  [96msrc/app/pending-order/pending-order.page.ts[0m:[93m20[0m:[93m16[0m
    [7m20[0m   templateUrl: './pending-order.page.html',
    [7m  [0m [96m               ~~~~~~~~~~~~~~~~~~~~~~~~~~~[0m
    Error occurs in the template of component PendingOrderPage.


Error: [96msrc/app/pending-order/pending-order.page.html[0m:[93m86[0m:[93m271[0m - [91merror[0m[90m TS2571: [0mObject is of type 'unknown'.

[7m86[0m                         <span style="color: white; background-color: rgba(128, 3, 3, 0.5); border:1px solid rgba(255, 0, 0, 0.5); border-radius: 5px; padding: 5px; font-size: 12px; font-weight: 600; margin-right: 5px;" *ngIf="soData.value.urgency_status">{{soData.value.urgency_status}}</span>
[7m  [0m [91m                                                                                                                                                                                                                                                                              ~~~~~~~~~~~~~~[0m

  [96msrc/app/pending-order/pending-order.page.ts[0m:[93m20[0m:[93m16[0m
    [7m20[0m   templateUrl: './pending-order.page.html',
    [7m  [0m [96m               ~~~~~~~~~~~~~~~~~~~~~~~~~~~[0m
    Error occurs in the template of component PendingOrderPage.


Error: [96msrc/app/pending-order/pending-order.page.html[0m:[93m88[0m:[93m53[0m - [91merror[0m[90m TS2571: [0mObject is of type 'unknown'.

[7m88[0m                           <span *ngIf="soData.value.is_task === 0">SO</span>
[7m  [0m [91m                                                    ~~~~~~~[0m

  [96msrc/app/pending-order/pending-order.page.ts[0m:[93m20[0m:[93m16[0m
    [7m20[0m   templateUrl: './pending-order.page.html',
    [7m  [0m [96m               ~~~~~~~~~~~~~~~~~~~~~~~~~~~[0m
    Error occurs in the template of component PendingOrderPage.


Error: [96msrc/app/pending-order/pending-order.page.html[0m:[93m89[0m:[93m53[0m - [91merror[0m[90m TS2571: [0mObject is of type 'unknown'.

[7m89[0m                           <span *ngIf="soData.value.is_task === 1">Task</span>
[7m  [0m [91m                                                    ~~~~~~~[0m

  [96msrc/app/pending-order/pending-order.page.ts[0m:[93m20[0m:[93m16[0m
    [7m20[0m   templateUrl: './pending-order.page.html',
    [7m  [0m [96m               ~~~~~~~~~~~~~~~~~~~~~~~~~~~[0m
    Error occurs in the template of component PendingOrderPage.


Error: [96msrc/app/pending-order/pending-order.page.html[0m:[93m91[0m:[93m193[0m - [91merror[0m[90m TS2571: [0mObject is of type 'unknown'.

[7m91[0m                         <span style="color: white; background-color: orange; border:1px solid orange; border-radius: 5px; padding: 5px; font-size: 12px; font-weight: 600;" *ngIf="soData.value.oldest_po_status">{{soData.value.oldest_po_status}}</span>
[7m  [0m [91m                                                                                                                                                                                                ~~~~~~~~~~~~~~~~[0m

  [96msrc/app/pending-order/pending-order.page.ts[0m:[93m20[0m:[93m16[0m
    [7m20[0m   templateUrl: './pending-order.page.html',
    [7m  [0m [96m               ~~~~~~~~~~~~~~~~~~~~~~~~~~~[0m
    Error occurs in the template of component PendingOrderPage.


Error: [96msrc/app/pending-order/pending-order.page.html[0m:[93m91[0m:[93m226[0m - [91merror[0m[90m TS2571: [0mObject is of type 'unknown'.

[7m91[0m                         <span style="color: white; background-color: orange; border:1px solid orange; border-radius: 5px; padding: 5px; font-size: 12px; font-weight: 600;" *ngIf="soData.value.oldest_po_status">{{soData.value.oldest_po_status}}</span>
[7m  [0m [91m                                                                                                                                                                                                                                 ~~~~~~~~~~~~~~~~[0m

  [96msrc/app/pending-order/pending-order.page.ts[0m:[93m20[0m:[93m16[0m
    [7m20[0m   templateUrl: './pending-order.page.html',
    [7m  [0m [96m               ~~~~~~~~~~~~~~~~~~~~~~~~~~~[0m
    Error occurs in the template of component PendingOrderPage.


Error: [96msrc/app/pending-order/pending-order.page.html[0m:[93m97[0m:[93m77[0m - [91merror[0m[90m TS2571: [0mObject is of type 'unknown'.

[7m97[0m                         <span *ngIf="item.key == 'Delivery'">{{soData.value.sender_city}} {{soData.value.sender_state}}</span>
[7m  [0m [91m                                                                            ~~~~~~~~~~~[0m

  [96msrc/app/pending-order/pending-order.page.ts[0m:[93m20[0m:[93m16[0m
    [7m20[0m   templateUrl: './pending-order.page.html',
    [7m  [0m [96m               ~~~~~~~~~~~~~~~~~~~~~~~~~~~[0m
    Error occurs in the template of component PendingOrderPage.


Error: [96msrc/app/pending-order/pending-order.page.html[0m:[93m97[0m:[93m106[0m - [91merror[0m[90m TS2571: [0mObject is of type 'unknown'.

[7m97[0m                         <span *ngIf="item.key == 'Delivery'">{{soData.value.sender_city}} {{soData.value.sender_state}}</span>
[7m  [0m [91m                                                                                                         ~~~~~~~~~~~~[0m

  [96msrc/app/pending-order/pending-order.page.ts[0m:[93m20[0m:[93m16[0m
    [7m20[0m   templateUrl: './pending-order.page.html',
    [7m  [0m [96m               ~~~~~~~~~~~~~~~~~~~~~~~~~~~[0m
    Error occurs in the template of component PendingOrderPage.


Error: [96msrc/app/pending-order/pending-order.page.html[0m:[93m98[0m:[93m75[0m - [91merror[0m[90m TS2571: [0mObject is of type 'unknown'.

[7m98[0m                         <span *ngIf="item.key == 'PickUp'">{{soData.value.recipient_city}} {{soData.value.recipient_state}}</span>
[7m  [0m [91m                                                                          ~~~~~~~~~~~~~~[0m

  [96msrc/app/pending-order/pending-order.page.ts[0m:[93m20[0m:[93m16[0m
    [7m20[0m   templateUrl: './pending-order.page.html',
    [7m  [0m [96m               ~~~~~~~~~~~~~~~~~~~~~~~~~~~[0m
    Error occurs in the template of component PendingOrderPage.


Error: [96msrc/app/pending-order/pending-order.page.html[0m:[93m98[0m:[93m107[0m - [91merror[0m[90m TS2571: [0mObject is of type 'unknown'.

[7m98[0m                         <span *ngIf="item.key == 'PickUp'">{{soData.value.recipient_city}} {{soData.value.recipient_state}}</span>
[7m  [0m [91m                                                                                                          ~~~~~~~~~~~~~~~[0m

  [96msrc/app/pending-order/pending-order.page.ts[0m:[93m20[0m:[93m16[0m
    [7m20[0m   templateUrl: './pending-order.page.html',
    [7m  [0m [96m               ~~~~~~~~~~~~~~~~~~~~~~~~~~~[0m
    Error occurs in the template of component PendingOrderPage.


Error: [96msrc/app/pending-order/pending-order.page.html[0m:[93m99[0m:[93m51[0m - [91merror[0m[90m TS2571: [0mObject is of type 'unknown'.

[7m99[0m                         <span *ngIf="soData.value.is_task == 1">{{soData.value.city}} {{soData.value.state}}</span>
[7m  [0m [91m                                                  ~~~~~~~[0m

  [96msrc/app/pending-order/pending-order.page.ts[0m:[93m20[0m:[93m16[0m
    [7m20[0m   templateUrl: './pending-order.page.html',
    [7m  [0m [96m               ~~~~~~~~~~~~~~~~~~~~~~~~~~~[0m
    Error occurs in the template of component PendingOrderPage.


Error: [96msrc/app/pending-order/pending-order.page.html[0m:[93m99[0m:[93m80[0m - [91merror[0m[90m TS2571: [0mObject is of type 'unknown'.

[7m99[0m                         <span *ngIf="soData.value.is_task == 1">{{soData.value.city}} {{soData.value.state}}</span>
[7m  [0m [91m                                                                               ~~~~[0m

  [96msrc/app/pending-order/pending-order.page.ts[0m:[93m20[0m:[93m16[0m
    [7m20[0m   templateUrl: './pending-order.page.html',
    [7m  [0m [96m               ~~~~~~~~~~~~~~~~~~~~~~~~~~~[0m
    Error occurs in the template of component PendingOrderPage.


Error: [96msrc/app/pending-order/pending-order.page.html[0m:[93m99[0m:[93m102[0m - [91merror[0m[90m TS2571: [0mObject is of type 'unknown'.

[7m99[0m                         <span *ngIf="soData.value.is_task == 1">{{soData.value.city}} {{soData.value.state}}</span>
[7m  [0m [91m                                                                                                     ~~~~~[0m

  [96msrc/app/pending-order/pending-order.page.ts[0m:[93m20[0m:[93m16[0m
    [7m20[0m   templateUrl: './pending-order.page.html',
    [7m  [0m [96m               ~~~~~~~~~~~~~~~~~~~~~~~~~~~[0m
    Error occurs in the template of component PendingOrderPage.


Error: [96msrc/app/pending-order/pending-order.page.html[0m:[93m101[0m:[93m48[0m - [91merror[0m[90m TS2571: [0mObject is of type 'unknown'.

[7m101[0m                       <div *ngIf="soData.value.is_task == 0 && !soData.value.pendingOrderData" class="requestButton" style="margin-top: 10px;" mode="ios" (click)="logistic_request(soData.value,item.key)">
[7m   [0m [91m                                               ~~~~~~~[0m

  [96msrc/app/pending-order/pending-order.page.ts[0m:[93m20[0m:[93m16[0m
    [7m20[0m   templateUrl: './pending-order.page.html',
    [7m  [0m [96m               ~~~~~~~~~~~~~~~~~~~~~~~~~~~[0m
    Error occurs in the template of component PendingOrderPage.


Error: [96msrc/app/pending-order/pending-order.page.html[0m:[93m101[0m:[93m78[0m - [91merror[0m[90m TS2571: [0mObject is of type 'unknown'.

[7m101[0m                       <div *ngIf="soData.value.is_task == 0 && !soData.value.pendingOrderData" class="requestButton" style="margin-top: 10px;" mode="ios" (click)="logistic_request(soData.value,item.key)">
[7m   [0m [91m                                                                             ~~~~~~~~~~~~~~~~[0m

  [96msrc/app/pending-order/pending-order.page.ts[0m:[93m20[0m:[93m16[0m
    [7m20[0m   templateUrl: './pending-order.page.html',
    [7m  [0m [96m               ~~~~~~~~~~~~~~~~~~~~~~~~~~~[0m
    Error occurs in the template of component PendingOrderPage.


Error: [96msrc/app/pending-order/pending-order.page.html[0m:[93m104[0m:[93m48[0m - [91merror[0m[90m TS2571: [0mObject is of type 'unknown'.

[7m104[0m                       <div *ngIf="soData.value.is_task == 1 && !soData.value.pendingOrderData" class="requestButton" style="margin-top: 10px;" mode="ios" (click)="submit_now(soData.value)">
[7m   [0m [91m                                               ~~~~~~~[0m

  [96msrc/app/pending-order/pending-order.page.ts[0m:[93m20[0m:[93m16[0m
    [7m20[0m   templateUrl: './pending-order.page.html',
    [7m  [0m [96m               ~~~~~~~~~~~~~~~~~~~~~~~~~~~[0m
    Error occurs in the template of component PendingOrderPage.


Error: [96msrc/app/pending-order/pending-order.page.html[0m:[93m104[0m:[93m78[0m - [91merror[0m[90m TS2571: [0mObject is of type 'unknown'.

[7m104[0m                       <div *ngIf="soData.value.is_task == 1 && !soData.value.pendingOrderData" class="requestButton" style="margin-top: 10px;" mode="ios" (click)="submit_now(soData.value)">
[7m   [0m [91m                                                                             ~~~~~~~~~~~~~~~~[0m

  [96msrc/app/pending-order/pending-order.page.ts[0m:[93m20[0m:[93m16[0m
    [7m20[0m   templateUrl: './pending-order.page.html',
    [7m  [0m [96m               ~~~~~~~~~~~~~~~~~~~~~~~~~~~[0m
    Error occurs in the template of component PendingOrderPage.


Error: [96msrc/app/inbox/inbox.page.html[0m:[93m9[0m:[93m58[0m - [91merror[0m[90m TS2339: [0mProperty 'filterText' does not exist on type 'InboxPage'.

[7m9[0m         <ion-input type="search" clearInput [(ngModel)]="filterText"></ion-input>
[7m [0m [91m                                                         ~~~~~~~~~~[0m

  [96msrc/app/inbox/inbox.page.ts[0m:[93m11[0m:[93m16[0m
    [7m11[0m   templateUrl: './inbox.page.html',
    [7m  [0m [96m               ~~~~~~~~~~~~~~~~~~~[0m
    Error occurs in the template of component InboxPage.


Error: [96msrc/app/inbox/inbox.page.html[0m:[93m9[0m:[93m58[0m - [91merror[0m[90m TS2339: [0mProperty 'filterText' does not exist on type 'InboxPage'.

[7m9[0m         <ion-input type="search" clearInput [(ngModel)]="filterText"></ion-input>
[7m [0m [91m                                                         ~~~~~~~~~~[0m

  [96msrc/app/inbox/inbox.page.ts[0m:[93m11[0m:[93m16[0m
    [7m11[0m   templateUrl: './inbox.page.html',
    [7m  [0m [96m               ~~~~~~~~~~~~~~~~~~~[0m
    Error occurs in the template of component InboxPage.


Error: [96msrc/app/inbox/inbox.page.html[0m:[93m13[0m:[93m50[0m - [91merror[0m[90m TS2339: [0mProperty 'is_read' does not exist on type 'never[]'.

[7m13[0m         <ion-button mode="ios" *ngIf="configData.is_read == 1" (click)="changeStatus('unread')" expand="block"> Read </ion-button>
[7m  [0m [91m                                                 ~~~~~~~[0m

  [96msrc/app/inbox/inbox.page.ts[0m:[93m11[0m:[93m16[0m
    [7m11[0m   templateUrl: './inbox.page.html',
    [7m  [0m [96m               ~~~~~~~~~~~~~~~~~~~[0m
    Error occurs in the template of component InboxPage.


Error: [96msrc/app/inbox/inbox.page.html[0m:[93m14[0m:[93m50[0m - [91merror[0m[90m TS2339: [0mProperty 'is_read' does not exist on type 'never[]'.

[7m14[0m         <ion-button mode="ios" *ngIf="configData.is_read == 0" (click)="changeStatus('read')" expand="block"> Unread </ion-button>
[7m  [0m [91m                                                 ~~~~~~~[0m

  [96msrc/app/inbox/inbox.page.ts[0m:[93m11[0m:[93m16[0m
    [7m11[0m   templateUrl: './inbox.page.html',
    [7m  [0m [96m               ~~~~~~~~~~~~~~~~~~~[0m
    Error occurs in the template of component InboxPage.


Error: [96msrc/app/inbox/inbox.page.html[0m:[93m23[0m:[93m74[0m - [91merror[0m[90m TS2339: [0mProperty 'key' does not exist on type 'number | (() => IterableIterator<never>) | (() => string) | { (): string; (locales: string | string[], options?: (NumberFormatOptions & DateTimeFormatOptions) | undefined): string; } | ... 30 more ... | { ...; }'.
  Property 'key' does not exist on type 'number'.

[7m23[0m               <ion-col size="10" (click)="set_current_tab(keyValue.value.key)">
[7m  [0m [91m                                                                         ~~~[0m

  [96msrc/app/inbox/inbox.page.ts[0m:[93m11[0m:[93m16[0m
    [7m11[0m   templateUrl: './inbox.page.html',
    [7m  [0m [96m               ~~~~~~~~~~~~~~~~~~~[0m
    Error occurs in the template of component InboxPage.


Error: [96msrc/app/inbox/inbox.page.html[0m:[93m26[0m:[93m128[0m - [91merror[0m[90m TS2339: [0mProperty 'key' does not exist on type 'number | (() => IterableIterator<never>) | (() => string) | { (): string; (locales: string | string[], options?: (NumberFormatOptions & DateTimeFormatOptions) | undefined): string; } | ... 30 more ... | { ...; }'.
  Property 'key' does not exist on type 'number'.

[7m26[0m                     <div style="font-size: 16px; padding-top: 20px; padding-bottom: 10px; margin-left: 20px;">{{keyValue.value.key}}</div>
[7m  [0m [91m                                                                                                                               ~~~[0m

  [96msrc/app/inbox/inbox.page.ts[0m:[93m11[0m:[93m16[0m
    [7m11[0m   templateUrl: './inbox.page.html',
    [7m  [0m [96m               ~~~~~~~~~~~~~~~~~~~[0m
    Error occurs in the template of component InboxPage.


Error: [96msrc/app/inbox/inbox.page.html[0m:[93m30[0m:[93m99[0m - [91merror[0m[90m TS2551: [0mProperty 'value' does not exist on type 'number | (() => IterableIterator<never>) | (() => string) | { (): string; (locales: string | string[], options?: (NumberFormatOptions & DateTimeFormatOptions) | undefined): string; } | ... 30 more ... | { ...; }'. Did you mean 'valueOf'?
  Property 'value' does not exist on type 'number'.

[7m30[0m               <ion-col size="2" style="display: flex; align-items: center;" *ngIf="keyValue.value.value.is_read == 0">
[7m  [0m [91m                                                                                                  ~~~~~[0m

  [96msrc/app/inbox/inbox.page.ts[0m:[93m11[0m:[93m16[0m
    [7m11[0m   templateUrl: './inbox.page.html',
    [7m  [0m [96m               ~~~~~~~~~~~~~~~~~~~[0m
    Error occurs in the template of component InboxPage.


Error: [96msrc/app/inbox/inbox.page.html[0m:[93m33[0m:[93m56[0m - [91merror[0m[90m TS2339: [0mProperty 'key' does not exist on type 'number | (() => IterableIterator<never>) | (() => string) | { (): string; (locales: string | string[], options?: (NumberFormatOptions & DateTimeFormatOptions) | undefined): string; } | ... 30 more ... | { ...; }'.
  Property 'key' does not exist on type 'number'.

[7m33[0m                     (click)="markAsRead(keyValue.value.key)">
[7m  [0m [91m                                                       ~~~[0m

  [96msrc/app/inbox/inbox.page.ts[0m:[93m11[0m:[93m16[0m
    [7m11[0m   templateUrl: './inbox.page.html',
    [7m  [0m [96m               ~~~~~~~~~~~~~~~~~~~[0m
    Error occurs in the template of component InboxPage.


Error: [96msrc/app/inbox/inbox.page.html[0m:[93m39[0m:[93m34[0m - [91merror[0m[90m TS2339: [0mProperty 'current_tab' does not exist on type 'never[]'.

[7m39[0m           <div *ngIf="configData.current_tab == keyValue.value.key">
[7m  [0m [91m                                 ~~~~~~~~~~~[0m

  [96msrc/app/inbox/inbox.page.ts[0m:[93m11[0m:[93m16[0m
    [7m11[0m   templateUrl: './inbox.page.html',
    [7m  [0m [96m               ~~~~~~~~~~~~~~~~~~~[0m
    Error occurs in the template of component InboxPage.


Error: [96msrc/app/inbox/inbox.page.html[0m:[93m39[0m:[93m64[0m - [91merror[0m[90m TS2339: [0mProperty 'key' does not exist on type 'number | (() => IterableIterator<never>) | (() => string) | { (): string; (locales: string | string[], options?: (NumberFormatOptions & DateTimeFormatOptions) | undefined): string; } | ... 30 more ... | { ...; }'.
  Property 'key' does not exist on type 'number'.

[7m39[0m           <div *ngIf="configData.current_tab == keyValue.value.key">
[7m  [0m [91m                                                               ~~~[0m

  [96msrc/app/inbox/inbox.page.ts[0m:[93m11[0m:[93m16[0m
    [7m11[0m   templateUrl: './inbox.page.html',
    [7m  [0m [96m               ~~~~~~~~~~~~~~~~~~~[0m
    Error occurs in the template of component InboxPage.


Error: [96msrc/app/inbox/inbox.page.html[0m:[93m40[0m:[93m71[0m - [91merror[0m[90m TS2551: [0mProperty 'value' does not exist on type 'number | (() => IterableIterator<never>) | (() => string) | { (): string; (locales: string | string[], options?: (NumberFormatOptions & DateTimeFormatOptions) | undefined): string; } | ... 30 more ... | { ...; }'. Did you mean 'valueOf'?
  Property 'value' does not exist on type 'number'.

[7m40[0m             <div class="push_box" *ngFor="let inbox of keyValue.value.value.inboxList|filter:{ title: filterText, message: filterText} : false;let i = index;">
[7m  [0m [91m                                                                      ~~~~~[0m

  [96msrc/app/inbox/inbox.page.ts[0m:[93m11[0m:[93m16[0m
    [7m11[0m   templateUrl: './inbox.page.html',
    [7m  [0m [96m               ~~~~~~~~~~~~~~~~~~~[0m
    Error occurs in the template of component InboxPage.


Error: [96msrc/app/inbox/inbox.page.html[0m:[93m40[0m:[93m103[0m - [91merror[0m[90m TS2339: [0mProperty 'filterText' does not exist on type 'InboxPage'.

[7m40[0m             <div class="push_box" *ngFor="let inbox of keyValue.value.value.inboxList|filter:{ title: filterText, message: filterText} : false;let i = index;">
[7m  [0m [91m                                                                                                      ~~~~~~~~~~[0m

  [96msrc/app/inbox/inbox.page.ts[0m:[93m11[0m:[93m16[0m
    [7m11[0m   templateUrl: './inbox.page.html',
    [7m  [0m [96m               ~~~~~~~~~~~~~~~~~~~[0m
    Error occurs in the template of component InboxPage.


Error: [96msrc/app/inbox/inbox.page.html[0m:[93m40[0m:[93m124[0m - [91merror[0m[90m TS2339: [0mProperty 'filterText' does not exist on type 'InboxPage'.

[7m40[0m             <div class="push_box" *ngFor="let inbox of keyValue.value.value.inboxList|filter:{ title: filterText, message: filterText} : false;let i = index;">
[7m  [0m [91m                                                                                                                           ~~~~~~~~~~[0m

  [96msrc/app/inbox/inbox.page.ts[0m:[93m11[0m:[93m16[0m
    [7m11[0m   templateUrl: './inbox.page.html',
    [7m  [0m [96m               ~~~~~~~~~~~~~~~~~~~[0m
    Error occurs in the template of component InboxPage.


Error: [96msrc/app/make-po/make-po.page.html[0m:[93m17[0m:[93m33[0m - [91merror[0m[90m TS2339: [0mProperty 'item_code' does not exist on type 'never'.

[7m17[0m               [(ngModel)]="item.item_code" (ionChange)="recalculate_jewel(item)">
[7m  [0m [91m                                ~~~~~~~~~[0m

  [96msrc/app/make-po/make-po.page.ts[0m:[93m18[0m:[93m16[0m
    [7m18[0m   templateUrl: './make-po.page.html',
    [7m  [0m [96m               ~~~~~~~~~~~~~~~~~~~~~[0m
    Error occurs in the template of component MakePoPage.


Error: [96msrc/app/make-po/make-po.page.html[0m:[93m17[0m:[93m33[0m - [91merror[0m[90m TS2339: [0mProperty 'item_code' does not exist on type 'never'.

[7m17[0m               [(ngModel)]="item.item_code" (ionChange)="recalculate_jewel(item)">
[7m  [0m [91m                                ~~~~~~~~~[0m

  [96msrc/app/make-po/make-po.page.ts[0m:[93m18[0m:[93m16[0m
    [7m18[0m   templateUrl: './make-po.page.html',
    [7m  [0m [96m               ~~~~~~~~~~~~~~~~~~~~~[0m
    Error occurs in the template of component MakePoPage.


Error: [96msrc/app/make-po/make-po.page.html[0m:[93m18[0m:[93m86[0m - [91merror[0m[90m TS2339: [0mProperty 'id' does not exist on type 'never'.

[7m18[0m               <ion-select-option *ngFor="let x of customerGoldPurityList" value="{{x.id}}">{{x.gold_name}}
[7m  [0m [91m                                                                                     ~~[0m

  [96msrc/app/make-po/make-po.page.ts[0m:[93m18[0m:[93m16[0m
    [7m18[0m   templateUrl: './make-po.page.html',
    [7m  [0m [96m               ~~~~~~~~~~~~~~~~~~~~~[0m
    Error occurs in the template of component MakePoPage.


Error: [96msrc/app/make-po/make-po.page.html[0m:[93m18[0m:[93m96[0m - [91merror[0m[90m TS2339: [0mProperty 'gold_name' does not exist on type 'never'.

[7m18[0m               <ion-select-option *ngFor="let x of customerGoldPurityList" value="{{x.id}}">{{x.gold_name}}
[7m  [0m [91m                                                                                               ~~~~~~~~~[0m

  [96msrc/app/make-po/make-po.page.ts[0m:[93m18[0m:[93m16[0m
    [7m18[0m   templateUrl: './make-po.page.html',
    [7m  [0m [96m               ~~~~~~~~~~~~~~~~~~~~~[0m
    Error occurs in the template of component MakePoPage.


Error: [96msrc/app/make-po/make-po.page.html[0m:[93m19[0m:[93m24[0m - [91merror[0m[90m TS2339: [0mProperty 'override_gold_pure_percent' does not exist on type 'never'.

[7m19[0m                   ({{x.override_gold_pure_percent}}%)</ion-select-option>
[7m  [0m [91m                       ~~~~~~~~~~~~~~~~~~~~~~~~~~[0m

  [96msrc/app/make-po/make-po.page.ts[0m:[93m18[0m:[93m16[0m
    [7m18[0m   templateUrl: './make-po.page.html',
    [7m  [0m [96m               ~~~~~~~~~~~~~~~~~~~~~[0m
    Error occurs in the template of component MakePoPage.


Error: [96msrc/app/make-po/make-po.page.html[0m:[93m22[0m:[93m39[0m - [91merror[0m[90m TS2339: [0mProperty 'is_editable' does not exist on type 'never'.

[7m22[0m         <ion-col size="4" *ngIf="item.is_editable == 0">
[7m  [0m [91m                                      ~~~~~~~~~~~[0m

  [96msrc/app/make-po/make-po.page.ts[0m:[93m18[0m:[93m16[0m
    [7m18[0m   templateUrl: './make-po.page.html',
    [7m  [0m [96m               ~~~~~~~~~~~~~~~~~~~~~[0m
    Error occurs in the template of component MakePoPage.


Error: [96msrc/app/make-po/make-po.page.html[0m:[93m25[0m:[93m60[0m - [91merror[0m[90m TS2339: [0mProperty 'gold_pure_percent' does not exist on type 'never'.

[7m25[0m                 <ion-input type="number" [(ngModel)]="item.gold_pure_percent" (ionChange)="recalculate(item)" disabled
[7m  [0m [91m                                                           ~~~~~~~~~~~~~~~~~[0m

  [96msrc/app/make-po/make-po.page.ts[0m:[93m18[0m:[93m16[0m
    [7m18[0m   templateUrl: './make-po.page.html',
    [7m  [0m [96m               ~~~~~~~~~~~~~~~~~~~~~[0m
    Error occurs in the template of component MakePoPage.


Error: [96msrc/app/make-po/make-po.page.html[0m:[93m25[0m:[93m60[0m - [91merror[0m[90m TS2339: [0mProperty 'gold_pure_percent' does not exist on type 'never'.

[7m25[0m                 <ion-input type="number" [(ngModel)]="item.gold_pure_percent" (ionChange)="recalculate(item)" disabled
[7m  [0m [91m                                                           ~~~~~~~~~~~~~~~~~[0m

  [96msrc/app/make-po/make-po.page.ts[0m:[93m18[0m:[93m16[0m
    [7m18[0m   templateUrl: './make-po.page.html',
    [7m  [0m [96m               ~~~~~~~~~~~~~~~~~~~~~[0m
    Error occurs in the template of component MakePoPage.


Error: [96msrc/app/make-po/make-po.page.html[0m:[93m30[0m:[93m39[0m - [91merror[0m[90m TS2339: [0mProperty 'is_editable' does not exist on type 'never'.

[7m30[0m         <ion-col size="2" *ngIf="item.is_editable == 1">
[7m  [0m [91m                                      ~~~~~~~~~~~[0m

  [96msrc/app/make-po/make-po.page.ts[0m:[93m18[0m:[93m16[0m
    [7m18[0m   templateUrl: './make-po.page.html',
    [7m  [0m [96m               ~~~~~~~~~~~~~~~~~~~~~[0m
    Error occurs in the template of component MakePoPage.


Error: [96msrc/app/make-po/make-po.page.html[0m:[93m33[0m:[93m58[0m - [91merror[0m[90m TS2339: [0mProperty 'gold_pure_percent' does not exist on type 'never'.

[7m33[0m               <ion-input type="number" [(ngModel)]="item.gold_pure_percent" (ionChange)="recalculate(item)"
[7m  [0m [91m                                                         ~~~~~~~~~~~~~~~~~[0m

  [96msrc/app/make-po/make-po.page.ts[0m:[93m18[0m:[93m16[0m
    [7m18[0m   templateUrl: './make-po.page.html',
    [7m  [0m [96m               ~~~~~~~~~~~~~~~~~~~~~[0m
    Error occurs in the template of component MakePoPage.


Error: [96msrc/app/make-po/make-po.page.html[0m:[93m33[0m:[93m58[0m - [91merror[0m[90m TS2339: [0mProperty 'gold_pure_percent' does not exist on type 'never'.

[7m33[0m               <ion-input type="number" [(ngModel)]="item.gold_pure_percent" (ionChange)="recalculate(item)"
[7m  [0m [91m                                                         ~~~~~~~~~~~~~~~~~[0m

  [96msrc/app/make-po/make-po.page.ts[0m:[93m18[0m:[93m16[0m
    [7m18[0m   templateUrl: './make-po.page.html',
    [7m  [0m [96m               ~~~~~~~~~~~~~~~~~~~~~[0m
    Error occurs in the template of component MakePoPage.


Error: [96msrc/app/make-po/make-po.page.html[0m:[93m38[0m:[93m39[0m - [91merror[0m[90m TS2339: [0mProperty 'is_editable' does not exist on type 'never'.

[7m38[0m         <ion-col size="4" *ngIf="item.is_editable == 0">
[7m  [0m [91m                                      ~~~~~~~~~~~[0m

  [96msrc/app/make-po/make-po.page.ts[0m:[93m18[0m:[93m16[0m
    [7m18[0m   templateUrl: './make-po.page.html',
    [7m  [0m [96m               ~~~~~~~~~~~~~~~~~~~~~[0m
    Error occurs in the template of component MakePoPage.


Error: [96msrc/app/make-po/make-po.page.html[0m:[93m41[0m:[93m60[0m - [91merror[0m[90m TS2339: [0mProperty 'XAU_amount' does not exist on type 'never'.

[7m41[0m                 <ion-input type="number" [(ngModel)]="item.XAU_amount"
[7m  [0m [91m                                                           ~~~~~~~~~~[0m

  [96msrc/app/make-po/make-po.page.ts[0m:[93m18[0m:[93m16[0m
    [7m18[0m   templateUrl: './make-po.page.html',
    [7m  [0m [96m               ~~~~~~~~~~~~~~~~~~~~~[0m
    Error occurs in the template of component MakePoPage.


Error: [96msrc/app/make-po/make-po.page.html[0m:[93m41[0m:[93m60[0m - [91merror[0m[90m TS2339: [0mProperty 'XAU_amount' does not exist on type 'never'.

[7m41[0m                 <ion-input type="number" [(ngModel)]="item.XAU_amount"
[7m  [0m [91m                                                           ~~~~~~~~~~[0m

  [96msrc/app/make-po/make-po.page.ts[0m:[93m18[0m:[93m16[0m
    [7m18[0m   templateUrl: './make-po.page.html',
    [7m  [0m [96m               ~~~~~~~~~~~~~~~~~~~~~[0m
    Error occurs in the template of component MakePoPage.


Error: [96msrc/app/make-po/make-po.page.html[0m:[93m45[0m:[93m39[0m - [91merror[0m[90m TS2339: [0mProperty 'is_editable' does not exist on type 'never'.

[7m45[0m         <ion-col size="3" *ngIf="item.is_editable == 1">
[7m  [0m [91m                                      ~~~~~~~~~~~[0m

  [96msrc/app/make-po/make-po.page.ts[0m:[93m18[0m:[93m16[0m
    [7m18[0m   templateUrl: './make-po.page.html',
    [7m  [0m [96m               ~~~~~~~~~~~~~~~~~~~~~[0m
    Error occurs in the template of component MakePoPage.


Error: [96msrc/app/make-po/make-po.page.html[0m:[93m48[0m:[93m60[0m - [91merror[0m[90m TS2339: [0mProperty 'XAU_amount' does not exist on type 'never'.

[7m48[0m                 <ion-input type="number" [(ngModel)]="item.XAU_amount"
[7m  [0m [91m                                                           ~~~~~~~~~~[0m

  [96msrc/app/make-po/make-po.page.ts[0m:[93m18[0m:[93m16[0m
    [7m18[0m   templateUrl: './make-po.page.html',
    [7m  [0m [96m               ~~~~~~~~~~~~~~~~~~~~~[0m
    Error occurs in the template of component MakePoPage.


Error: [96msrc/app/make-po/make-po.page.html[0m:[93m48[0m:[93m60[0m - [91merror[0m[90m TS2339: [0mProperty 'XAU_amount' does not exist on type 'never'.

[7m48[0m                 <ion-input type="number" [(ngModel)]="item.XAU_amount"
[7m  [0m [91m                                                           ~~~~~~~~~~[0m

  [96msrc/app/make-po/make-po.page.ts[0m:[93m18[0m:[93m16[0m
    [7m18[0m   templateUrl: './make-po.page.html',
    [7m  [0m [96m               ~~~~~~~~~~~~~~~~~~~~~[0m
    Error occurs in the template of component MakePoPage.


Error: [96msrc/app/make-po/make-po.page.html[0m:[93m52[0m:[93m39[0m - [91merror[0m[90m TS2339: [0mProperty 'is_editable' does not exist on type 'never'.

[7m52[0m         <ion-col size="2" *ngIf="item.is_editable == 1">
[7m  [0m [91m                                      ~~~~~~~~~~~[0m

  [96msrc/app/make-po/make-po.page.ts[0m:[93m18[0m:[93m16[0m
    [7m18[0m   templateUrl: './make-po.page.html',
    [7m  [0m [96m               ~~~~~~~~~~~~~~~~~~~~~[0m
    Error occurs in the template of component MakePoPage.


Error: [96msrc/app/make-po/make-po.page.html[0m:[93m55[0m:[93m56[0m - [91merror[0m[90m TS2339: [0mProperty 'barcode' does not exist on type 'never'.

[7m55[0m               <ion-input type="text" [(ngModel)]="item.barcode"
[7m  [0m [91m                                                       ~~~~~~~[0m

  [96msrc/app/make-po/make-po.page.ts[0m:[93m18[0m:[93m16[0m
    [7m18[0m   templateUrl: './make-po.page.html',
    [7m  [0m [96m               ~~~~~~~~~~~~~~~~~~~~~[0m
    Error occurs in the template of component MakePoPage.


Error: [96msrc/app/make-po/make-po.page.html[0m:[93m55[0m:[93m56[0m - [91merror[0m[90m TS2339: [0mProperty 'barcode' does not exist on type 'never'.

[7m55[0m               <ion-input type="text" [(ngModel)]="item.barcode"
[7m  [0m [91m                                                       ~~~~~~~[0m

  [96msrc/app/make-po/make-po.page.ts[0m:[93m18[0m:[93m16[0m
    [7m18[0m   templateUrl: './make-po.page.html',
    [7m  [0m [96m               ~~~~~~~~~~~~~~~~~~~~~[0m
    Error occurs in the template of component MakePoPage.


Error: [96msrc/app/make-po/make-po.page.html[0m:[93m59[0m:[93m39[0m - [91merror[0m[90m TS2339: [0mProperty 'is_editable' does not exist on type 'never'.

[7m59[0m         <ion-col size="2" *ngIf="item.is_editable == 1">
[7m  [0m [91m                                      ~~~~~~~~~~~[0m

  [96msrc/app/make-po/make-po.page.ts[0m:[93m18[0m:[93m16[0m
    [7m18[0m   templateUrl: './make-po.page.html',
    [7m  [0m [96m               ~~~~~~~~~~~~~~~~~~~~~[0m
    Error occurs in the template of component MakePoPage.


Error: [96msrc/app/make-po/make-po.page.html[0m:[93m62[0m:[93m58[0m - [91merror[0m[90m TS2339: [0mProperty 'pw_barcode' does not exist on type 'never'.

[7m62[0m                 <ion-input type="text" [(ngModel)]="item.pw_barcode"
[7m  [0m [91m                                                         ~~~~~~~~~~[0m

  [96msrc/app/make-po/make-po.page.ts[0m:[93m18[0m:[93m16[0m
    [7m18[0m   templateUrl: './make-po.page.html',
    [7m  [0m [96m               ~~~~~~~~~~~~~~~~~~~~~[0m
    Error occurs in the template of component MakePoPage.


Error: [96msrc/app/make-po/make-po.page.html[0m:[93m62[0m:[93m58[0m - [91merror[0m[90m TS2339: [0mProperty 'pw_barcode' does not exist on type 'never'.

[7m62[0m                 <ion-input type="text" [(ngModel)]="item.pw_barcode"
[7m  [0m [91m                                                         ~~~~~~~~~~[0m

  [96msrc/app/make-po/make-po.page.ts[0m:[93m18[0m:[93m16[0m
    [7m18[0m   templateUrl: './make-po.page.html',
    [7m  [0m [96m               ~~~~~~~~~~~~~~~~~~~~~[0m
    Error occurs in the template of component MakePoPage.


Error: [96msrc/app/make-po/make-po.page.html[0m:[93m75[0m:[93m64[0m - [91merror[0m[90m TS2339: [0mProperty 'gram' does not exist on type 'never'.

[7m75[0m                     <ion-input type="number" [(ngModel)]="item.gram" (ionChange)="recalculate(item)"
[7m  [0m [91m                                                               ~~~~[0m

  [96msrc/app/make-po/make-po.page.ts[0m:[93m18[0m:[93m16[0m
    [7m18[0m   templateUrl: './make-po.page.html',
    [7m  [0m [96m               ~~~~~~~~~~~~~~~~~~~~~[0m
    Error occurs in the template of component MakePoPage.


Error: [96msrc/app/make-po/make-po.page.html[0m:[93m75[0m:[93m64[0m - [91merror[0m[90m TS2339: [0mProperty 'gram' does not exist on type 'never'.

[7m75[0m                     <ion-input type="number" [(ngModel)]="item.gram" (ionChange)="recalculate(item)"
[7m  [0m [91m                                                               ~~~~[0m

  [96msrc/app/make-po/make-po.page.ts[0m:[93m18[0m:[93m16[0m
    [7m18[0m   templateUrl: './make-po.page.html',
    [7m  [0m [96m               ~~~~~~~~~~~~~~~~~~~~~[0m
    Error occurs in the template of component MakePoPage.


Error: [96msrc/app/make-po/make-po.page.html[0m:[93m97[0m:[93m26[0m - [91merror[0m[90m TS2339: [0mProperty 'item_type_id' does not exist on type 'never'.

[7m97[0m               value="{{x.item_type_id}}">{{x.title}}
[7m  [0m [91m                         ~~~~~~~~~~~~[0m

  [96msrc/app/make-po/make-po.page.ts[0m:[93m18[0m:[93m16[0m
    [7m18[0m   templateUrl: './make-po.page.html',
    [7m  [0m [96m               ~~~~~~~~~~~~~~~~~~~~~[0m
    Error occurs in the template of component MakePoPage.


Error: [96msrc/app/make-po/make-po.page.html[0m:[93m97[0m:[93m46[0m - [91merror[0m[90m TS2339: [0mProperty 'title' does not exist on type 'never'.

[7m97[0m               value="{{x.item_type_id}}">{{x.title}}
[7m  [0m [91m                                             ~~~~~[0m

  [96msrc/app/make-po/make-po.page.ts[0m:[93m18[0m:[93m16[0m
    [7m18[0m   templateUrl: './make-po.page.html',
    [7m  [0m [96m               ~~~~~~~~~~~~~~~~~~~~~[0m
    Error occurs in the template of component MakePoPage.


Error: [96msrc/app/make-po/make-po.page.html[0m:[93m105[0m:[93m72[0m - [91merror[0m[90m TS2339: [0mProperty 'user_id' does not exist on type 'never'.

[7m105[0m           <ion-select-option *ngFor="let x of userNameList" value="{{x.user_id}}">{{x.userName}}</ion-select-option>
[7m   [0m [91m                                                                       ~~~~~~~[0m

  [96msrc/app/make-po/make-po.page.ts[0m:[93m18[0m:[93m16[0m
    [7m18[0m   templateUrl: './make-po.page.html',
    [7m  [0m [96m               ~~~~~~~~~~~~~~~~~~~~~[0m
    Error occurs in the template of component MakePoPage.


Error: [96msrc/app/make-po/make-po.page.html[0m:[93m105[0m:[93m87[0m - [91merror[0m[90m TS2339: [0mProperty 'userName' does not exist on type 'never'.

[7m105[0m           <ion-select-option *ngFor="let x of userNameList" value="{{x.user_id}}">{{x.userName}}</ion-select-option>
[7m   [0m [91m                                                                                      ~~~~~~~~[0m

  [96msrc/app/make-po/make-po.page.ts[0m:[93m18[0m:[93m16[0m
    [7m18[0m   templateUrl: './make-po.page.html',
    [7m  [0m [96m               ~~~~~~~~~~~~~~~~~~~~~[0m
    Error occurs in the template of component MakePoPage.


Error: [96msrc/app/make-po/make-po.page.html[0m:[93m125[0m:[93m43[0m - [91merror[0m[90m TS2339: [0mProperty 'total_XAU_display' does not exist on type 'MakePoPage'.

[7m125[0m     <ion-input type="number" [(ngModel)]="total_XAU_display" style="font-size: 20px;" readonly
[7m   [0m [91m                                          ~~~~~~~~~~~~~~~~~[0m

  [96msrc/app/make-po/make-po.page.ts[0m:[93m18[0m:[93m16[0m
    [7m18[0m   templateUrl: './make-po.page.html',
    [7m  [0m [96m               ~~~~~~~~~~~~~~~~~~~~~[0m
    Error occurs in the template of component MakePoPage.


Error: [96msrc/app/make-po/make-po.page.html[0m:[93m125[0m:[93m43[0m - [91merror[0m[90m TS2339: [0mProperty 'total_XAU_display' does not exist on type 'MakePoPage'.

[7m125[0m     <ion-input type="number" [(ngModel)]="total_XAU_display" style="font-size: 20px;" readonly
[7m   [0m [91m                                          ~~~~~~~~~~~~~~~~~[0m

  [96msrc/app/make-po/make-po.page.ts[0m:[93m18[0m:[93m16[0m
    [7m18[0m   templateUrl: './make-po.page.html',
    [7m  [0m [96m               ~~~~~~~~~~~~~~~~~~~~~[0m
    Error occurs in the template of component MakePoPage.


Error: [96msrc/app/make-po-customer/make-po-customer.page.html[0m:[93m7[0m:[93m35[0m - [91merror[0m[90m TS2339: [0mProperty 'searchText' does not exist on type 'MakePoCustomerPage'.

[7m7[0m       <ion-searchbar [(ngModel)]="searchText" placeholder="Search Customer Name"></ion-searchbar>
[7m [0m [91m                                  ~~~~~~~~~~[0m

  [96msrc/app/make-po-customer/make-po-customer.page.ts[0m:[93m16[0m:[93m16[0m
    [7m16[0m   templateUrl: './make-po-customer.page.html',
    [7m  [0m [96m               ~~~~~~~~~~~~~~~~~~~~~~~~~~~~~~[0m
    Error occurs in the template of component MakePoCustomerPage.


Error: [96msrc/app/make-po-customer/make-po-customer.page.html[0m:[93m7[0m:[93m35[0m - [91merror[0m[90m TS2339: [0mProperty 'searchText' does not exist on type 'MakePoCustomerPage'.

[7m7[0m       <ion-searchbar [(ngModel)]="searchText" placeholder="Search Customer Name"></ion-searchbar>
[7m [0m [91m                                  ~~~~~~~~~~[0m

  [96msrc/app/make-po-customer/make-po-customer.page.ts[0m:[93m16[0m:[93m16[0m
    [7m16[0m   templateUrl: './make-po-customer.page.html',
    [7m  [0m [96m               ~~~~~~~~~~~~~~~~~~~~~~~~~~~~~~[0m
    Error occurs in the template of component MakePoCustomerPage.


Error: [96msrc/app/make-po-customer/make-po-customer.page.html[0m:[93m13[0m:[93m70[0m - [91merror[0m[90m TS2339: [0mProperty 'searchText' does not exist on type 'MakePoCustomerPage'.

[7m13[0m           <ion-select-option *ngFor="let x of customerList | search: searchText"
[7m  [0m [91m                                                                     ~~~~~~~~~~[0m

  [96msrc/app/make-po-customer/make-po-customer.page.ts[0m:[93m16[0m:[93m16[0m
    [7m16[0m   templateUrl: './make-po-customer.page.html',
    [7m  [0m [96m               ~~~~~~~~~~~~~~~~~~~~~~~~~~~~~~[0m
    Error occurs in the template of component MakePoCustomerPage.


Error: [96msrc/app/batch-scan/batch-scan.page.html[0m:[93m76[0m:[93m29[0m - [91merror[0m[90m TS2339: [0mProperty 'tracking_no' does not exist on type 'never'.

[7m76[0m      <p class="desc">{{item.tracking_no}}</p>
[7m  [0m [91m                            ~~~~~~~~~~~[0m

  [96msrc/app/batch-scan/batch-scan.page.ts[0m:[93m20[0m:[93m15[0m
    [7m20[0m  templateUrl: "./batch-scan.page.html",
    [7m  [0m [96m              ~~~~~~~~~~~~~~~~~~~~~~~~[0m
    Error occurs in the template of component BatchScanPage.


Error: [96msrc/app/batch-scan/batch-scan.page.html[0m:[93m87[0m:[93m17[0m - [91merror[0m[90m TS2339: [0mProperty 'delivery_status_text' does not exist on type 'never'.

[7m87[0m         >{{item.delivery_status_text}}</span
[7m  [0m [91m                ~~~~~~~~~~~~~~~~~~~~[0m

  [96msrc/app/batch-scan/batch-scan.page.ts[0m:[93m20[0m:[93m15[0m
    [7m20[0m  templateUrl: "./batch-scan.page.html",
    [7m  [0m [96m              ~~~~~~~~~~~~~~~~~~~~~~~~[0m
    Error occurs in the template of component BatchScanPage.


Error: [96msrc/app/batch-scan/batch-scan.page.html[0m:[93m97[0m:[93m17[0m - [91merror[0m[90m TS2339: [0mProperty 'service_type' does not exist on type 'never'.

[7m97[0m         >{{item.service_type}}</span
[7m  [0m [91m                ~~~~~~~~~~~~[0m

  [96msrc/app/batch-scan/batch-scan.page.ts[0m:[93m20[0m:[93m15[0m
    [7m20[0m  templateUrl: "./batch-scan.page.html",
    [7m  [0m [96m              ~~~~~~~~~~~~~~~~~~~~~~~~[0m
    Error occurs in the template of component BatchScanPage.


Error: [96msrc/app/batch-scan/batch-scan.page.html[0m:[93m107[0m:[93m17[0m - [91merror[0m[90m TS2339: [0mProperty 'customer_name' does not exist on type 'never'.

[7m107[0m         >{{item.customer_name}}</span
[7m   [0m [91m                ~~~~~~~~~~~~~[0m

  [96msrc/app/batch-scan/batch-scan.page.ts[0m:[93m20[0m:[93m15[0m
    [7m20[0m  templateUrl: "./batch-scan.page.html",
    [7m  [0m [96m              ~~~~~~~~~~~~~~~~~~~~~~~~[0m
    Error occurs in the template of component BatchScanPage.


Error: [96msrc/app/batch-scan/batch-scan.page.html[0m:[93m112[0m:[93m19[0m - [91merror[0m[90m TS2339: [0mProperty 'cod_collect_amount' does not exist on type 'never'.

[7m112[0m       *ngIf="item.cod_collect_amount && item.cod_collect_amount>0"
[7m   [0m [91m                  ~~~~~~~~~~~~~~~~~~[0m

  [96msrc/app/batch-scan/batch-scan.page.ts[0m:[93m20[0m:[93m15[0m
    [7m20[0m  templateUrl: "./batch-scan.page.html",
    [7m  [0m [96m              ~~~~~~~~~~~~~~~~~~~~~~~~[0m
    Error occurs in the template of component BatchScanPage.


Error: [96msrc/app/batch-scan/batch-scan.page.html[0m:[93m112[0m:[93m46[0m - [91merror[0m[90m TS2339: [0mProperty 'cod_collect_amount' does not exist on type 'never'.

[7m112[0m       *ngIf="item.cod_collect_amount && item.cod_collect_amount>0"
[7m   [0m [91m                                             ~~~~~~~~~~~~~~~~~~[0m

  [96msrc/app/batch-scan/batch-scan.page.ts[0m:[93m20[0m:[93m15[0m
    [7m20[0m  templateUrl: "./batch-scan.page.html",
    [7m  [0m [96m              ~~~~~~~~~~~~~~~~~~~~~~~~[0m
    Error occurs in the template of component BatchScanPage.


Error: [96msrc/app/batch-scan/batch-scan.page.html[0m:[93m119[0m:[93m19[0m - [91merror[0m[90m TS2339: [0mProperty 'cod_collect_amount' does not exist on type 'never'.

[7m119[0m         >RM{{item.cod_collect_amount}}</span
[7m   [0m [91m                  ~~~~~~~~~~~~~~~~~~[0m

  [96msrc/app/batch-scan/batch-scan.page.ts[0m:[93m20[0m:[93m15[0m
    [7m20[0m  templateUrl: "./batch-scan.page.html",
    [7m  [0m [96m              ~~~~~~~~~~~~~~~~~~~~~~~~[0m
    Error occurs in the template of component BatchScanPage.


Error: [96msrc/app/batch-scan/batch-scan.page.html[0m:[93m124[0m:[93m19[0m - [91merror[0m[90m TS2339: [0mProperty 'shipping_remark' does not exist on type 'never'.

[7m124[0m       *ngIf="item.shipping_remark && item.shipping_remark!='null'"
[7m   [0m [91m                  ~~~~~~~~~~~~~~~[0m

  [96msrc/app/batch-scan/batch-scan.page.ts[0m:[93m20[0m:[93m15[0m
    [7m20[0m  templateUrl: "./batch-scan.page.html",
    [7m  [0m [96m              ~~~~~~~~~~~~~~~~~~~~~~~~[0m
    Error occurs in the template of component BatchScanPage.


Error: [96msrc/app/batch-scan/batch-scan.page.html[0m:[93m124[0m:[93m43[0m - [91merror[0m[90m TS2339: [0mProperty 'shipping_remark' does not exist on type 'never'.

[7m124[0m       *ngIf="item.shipping_remark && item.shipping_remark!='null'"
[7m   [0m [91m                                          ~~~~~~~~~~~~~~~[0m

  [96msrc/app/batch-scan/batch-scan.page.ts[0m:[93m20[0m:[93m15[0m
    [7m20[0m  templateUrl: "./batch-scan.page.html",
    [7m  [0m [96m              ~~~~~~~~~~~~~~~~~~~~~~~~[0m
    Error occurs in the template of component BatchScanPage.


Error: [96msrc/app/batch-scan/batch-scan.page.html[0m:[93m131[0m:[93m17[0m - [91merror[0m[90m TS2339: [0mProperty 'shipping_remark' does not exist on type 'never'.

[7m131[0m         >{{item.shipping_remark?item.shipping_remark:'-'}}</span
[7m   [0m [91m                ~~~~~~~~~~~~~~~[0m

  [96msrc/app/batch-scan/batch-scan.page.ts[0m:[93m20[0m:[93m15[0m
    [7m20[0m  templateUrl: "./batch-scan.page.html",
    [7m  [0m [96m              ~~~~~~~~~~~~~~~~~~~~~~~~[0m
    Error occurs in the template of component BatchScanPage.


Error: [96msrc/app/batch-scan/batch-scan.page.html[0m:[93m131[0m:[93m38[0m - [91merror[0m[90m TS2339: [0mProperty 'shipping_remark' does not exist on type 'never'.

[7m131[0m         >{{item.shipping_remark?item.shipping_remark:'-'}}</span
[7m   [0m [91m                                     ~~~~~~~~~~~~~~~[0m

  [96msrc/app/batch-scan/batch-scan.page.ts[0m:[93m20[0m:[93m15[0m
    [7m20[0m  templateUrl: "./batch-scan.page.html",
    [7m  [0m [96m              ~~~~~~~~~~~~~~~~~~~~~~~~[0m
    Error occurs in the template of component BatchScanPage.


Error: [96msrc/app/batch-scan/batch-scan.page.html[0m:[93m136[0m:[93m19[0m - [91merror[0m[90m TS2339: [0mProperty 'service_transport' does not exist on type 'never'.

[7m136[0m       *ngIf="item.service_transport && item.service_transport!='null'"
[7m   [0m [91m                  ~~~~~~~~~~~~~~~~~[0m

  [96msrc/app/batch-scan/batch-scan.page.ts[0m:[93m20[0m:[93m15[0m
    [7m20[0m  templateUrl: "./batch-scan.page.html",
    [7m  [0m [96m              ~~~~~~~~~~~~~~~~~~~~~~~~[0m
    Error occurs in the template of component BatchScanPage.


Error: [96msrc/app/batch-scan/batch-scan.page.html[0m:[93m136[0m:[93m45[0m - [91merror[0m[90m TS2339: [0mProperty 'service_transport' does not exist on type 'never'.

[7m136[0m       *ngIf="item.service_transport && item.service_transport!='null'"
[7m   [0m [91m                                            ~~~~~~~~~~~~~~~~~[0m

  [96msrc/app/batch-scan/batch-scan.page.ts[0m:[93m20[0m:[93m15[0m
    [7m20[0m  templateUrl: "./batch-scan.page.html",
    [7m  [0m [96m              ~~~~~~~~~~~~~~~~~~~~~~~~[0m
    Error occurs in the template of component BatchScanPage.


Error: [96msrc/app/batch-scan/batch-scan.page.html[0m:[93m143[0m:[93m17[0m - [91merror[0m[90m TS2339: [0mProperty 'service_transport' does not exist on type 'never'.

[7m143[0m         >{{item.service_transport}}</span
[7m   [0m [91m                ~~~~~~~~~~~~~~~~~[0m

  [96msrc/app/batch-scan/batch-scan.page.ts[0m:[93m20[0m:[93m15[0m
    [7m20[0m  templateUrl: "./batch-scan.page.html",
    [7m  [0m [96m              ~~~~~~~~~~~~~~~~~~~~~~~~[0m
    Error occurs in the template of component BatchScanPage.


Error: [96msrc/app/batch-scan/batch-scan.page.html[0m:[93m147[0m:[93m27[0m - [91merror[0m[90m TS2339: [0mProperty 'unit_qty' does not exist on type 'never'.

[7m147[0m      <ion-row *ngIf="item.unit_qty && item.unit_qty!='null'">
[7m   [0m [91m                          ~~~~~~~~[0m

  [96msrc/app/batch-scan/batch-scan.page.ts[0m:[93m20[0m:[93m15[0m
    [7m20[0m  templateUrl: "./batch-scan.page.html",
    [7m  [0m [96m              ~~~~~~~~~~~~~~~~~~~~~~~~[0m
    Error occurs in the template of component BatchScanPage.


Error: [96msrc/app/batch-scan/batch-scan.page.html[0m:[93m147[0m:[93m44[0m - [91merror[0m[90m TS2339: [0mProperty 'unit_qty' does not exist on type 'never'.

[7m147[0m      <ion-row *ngIf="item.unit_qty && item.unit_qty!='null'">
[7m   [0m [91m                                           ~~~~~~~~[0m

  [96msrc/app/batch-scan/batch-scan.page.ts[0m:[93m20[0m:[93m15[0m
    [7m20[0m  templateUrl: "./batch-scan.page.html",
    [7m  [0m [96m              ~~~~~~~~~~~~~~~~~~~~~~~~[0m
    Error occurs in the template of component BatchScanPage.


Error: [96msrc/app/batch-scan/batch-scan.page.html[0m:[93m153[0m:[93m17[0m - [91merror[0m[90m TS2339: [0mProperty 'unit_qty' does not exist on type 'never'.

[7m153[0m         >{{item.unit_qty}} Carton</span
[7m   [0m [91m                ~~~~~~~~[0m

  [96msrc/app/batch-scan/batch-scan.page.ts[0m:[93m20[0m:[93m15[0m
    [7m20[0m  templateUrl: "./batch-scan.page.html",
    [7m  [0m [96m              ~~~~~~~~~~~~~~~~~~~~~~~~[0m
    Error occurs in the template of component BatchScanPage.


Error: [96msrc/app/batch-scan/batch-scan.page.html[0m:[93m158[0m:[93m19[0m - [91merror[0m[90m TS2339: [0mProperty 'service_UOM' does not exist on type 'never'.

[7m158[0m       *ngIf="item.service_UOM && item.service_UOM!='null'"
[7m   [0m [91m                  ~~~~~~~~~~~[0m

  [96msrc/app/batch-scan/batch-scan.page.ts[0m:[93m20[0m:[93m15[0m
    [7m20[0m  templateUrl: "./batch-scan.page.html",
    [7m  [0m [96m              ~~~~~~~~~~~~~~~~~~~~~~~~[0m
    Error occurs in the template of component BatchScanPage.


Error: [96msrc/app/batch-scan/batch-scan.page.html[0m:[93m158[0m:[93m39[0m - [91merror[0m[90m TS2339: [0mProperty 'service_UOM' does not exist on type 'never'.

[7m158[0m       *ngIf="item.service_UOM && item.service_UOM!='null'"
[7m   [0m [91m                                      ~~~~~~~~~~~[0m

  [96msrc/app/batch-scan/batch-scan.page.ts[0m:[93m20[0m:[93m15[0m
    [7m20[0m  templateUrl: "./batch-scan.page.html",
    [7m  [0m [96m              ~~~~~~~~~~~~~~~~~~~~~~~~[0m
    Error occurs in the template of component BatchScanPage.


Error: [96msrc/app/batch-scan/batch-scan.page.html[0m:[93m165[0m:[93m17[0m - [91merror[0m[90m TS2339: [0mProperty 'service_UOM' does not exist on type 'never'.

[7m165[0m         >{{item.service_UOM}}</span
[7m   [0m [91m                ~~~~~~~~~~~[0m

  [96msrc/app/batch-scan/batch-scan.page.ts[0m:[93m20[0m:[93m15[0m
    [7m20[0m  templateUrl: "./batch-scan.page.html",
    [7m  [0m [96m              ~~~~~~~~~~~~~~~~~~~~~~~~[0m
    Error occurs in the template of component BatchScanPage.


Error: [96msrc/app/batch-scan/batch-scan.page.html[0m:[93m169[0m:[93m27[0m - [91merror[0m[90m TS2339: [0mProperty 'weight' does not exist on type 'never'.

[7m169[0m      <ion-row *ngIf="item.weight && item.weight!='null'">
[7m   [0m [91m                          ~~~~~~[0m

  [96msrc/app/batch-scan/batch-scan.page.ts[0m:[93m20[0m:[93m15[0m
    [7m20[0m  templateUrl: "./batch-scan.page.html",
    [7m  [0m [96m              ~~~~~~~~~~~~~~~~~~~~~~~~[0m
    Error occurs in the template of component BatchScanPage.


Error: [96msrc/app/batch-scan/batch-scan.page.html[0m:[93m169[0m:[93m42[0m - [91merror[0m[90m TS2339: [0mProperty 'weight' does not exist on type 'never'.

[7m169[0m      <ion-row *ngIf="item.weight && item.weight!='null'">
[7m   [0m [91m                                         ~~~~~~[0m

  [96msrc/app/batch-scan/batch-scan.page.ts[0m:[93m20[0m:[93m15[0m
    [7m20[0m  templateUrl: "./batch-scan.page.html",
    [7m  [0m [96m              ~~~~~~~~~~~~~~~~~~~~~~~~[0m
    Error occurs in the template of component BatchScanPage.


Error: [96msrc/app/batch-scan/batch-scan.page.html[0m:[93m174[0m:[93m35[0m - [91merror[0m[90m TS2339: [0mProperty 'weight' does not exist on type 'never'.

[7m174[0m        ><span class="desc">{{item.weight}}</span></ion-col
[7m   [0m [91m                                  ~~~~~~[0m

  [96msrc/app/batch-scan/batch-scan.page.ts[0m:[93m20[0m:[93m15[0m
    [7m20[0m  templateUrl: "./batch-scan.page.html",
    [7m  [0m [96m              ~~~~~~~~~~~~~~~~~~~~~~~~[0m
    Error occurs in the template of component BatchScanPage.


Error: [96msrc/app/batch-scan/batch-scan.page.html[0m:[93m215[0m:[93m22[0m - [91merror[0m[90m TS2339: [0mProperty 'id' does not exist on type 'never'.

[7m215[0m        [value]="item.id"
[7m   [0m [91m                     ~~[0m

  [96msrc/app/batch-scan/batch-scan.page.ts[0m:[93m20[0m:[93m15[0m
    [7m20[0m  templateUrl: "./batch-scan.page.html",
    [7m  [0m [96m              ~~~~~~~~~~~~~~~~~~~~~~~~[0m
    Error occurs in the template of component BatchScanPage.


Error: [96msrc/app/batch-scan/batch-scan.page.html[0m:[93m229[0m:[93m17[0m - [91merror[0m[90m TS2554: [0mExpected 1 arguments, but got 0.

[7m229[0m        (click)="openActionSheet()"
[7m   [0m [91m                ~~~~~~~~~~~~~~~[0m

  [96msrc/app/batch-scan/batch-scan.page.ts[0m:[93m20[0m:[93m15[0m
    [7m20[0m  templateUrl: "./batch-scan.page.html",
    [7m  [0m [96m              ~~~~~~~~~~~~~~~~~~~~~~~~[0m
    Error occurs in the template of component BatchScanPage.


Error: [96msrc/app/weight/weight.page.html[0m:[93m134[0m:[93m36[0m - [91merror[0m[90m TS2571: [0mObject is of type 'unknown'.

[7m134[0m           <td>{{keyValuePair.value.gold_name }}</td>
[7m   [0m [91m                                   ~~~~~~~~~[0m

  [96msrc/app/weight/weight.page.ts[0m:[93m17[0m:[93m16[0m
    [7m17[0m   templateUrl: './weight.page.html',
    [7m  [0m [96m               ~~~~~~~~~~~~~~~~~~~~[0m
    Error occurs in the template of component WeightPage.


Error: [96msrc/app/weight/weight.page.html[0m:[93m135[0m:[93m36[0m - [91merror[0m[90m TS2571: [0mObject is of type 'unknown'.

[7m135[0m           <td>{{keyValuePair.value.gram | number :'.2'}}</td>
[7m   [0m [91m                                   ~~~~[0m

  [96msrc/app/weight/weight.page.ts[0m:[93m17[0m:[93m16[0m
    [7m17[0m   templateUrl: './weight.page.html',
    [7m  [0m [96m               ~~~~~~~~~~~~~~~~~~~~[0m
    Error occurs in the template of component WeightPage.


Error: [96msrc/app/weight/weight.page.html[0m:[93m136[0m:[93m36[0m - [91merror[0m[90m TS2571: [0mObject is of type 'unknown'.

[7m136[0m           <td>{{keyValuePair.value.gold_pure_percent}}</td>
[7m   [0m [91m                                   ~~~~~~~~~~~~~~~~~[0m

  [96msrc/app/weight/weight.page.ts[0m:[93m17[0m:[93m16[0m
    [7m17[0m   templateUrl: './weight.page.html',
    [7m  [0m [96m               ~~~~~~~~~~~~~~~~~~~~[0m
    Error occurs in the template of component WeightPage.


Error: [96msrc/app/weight/weight.page.html[0m:[93m137[0m:[93m36[0m - [91merror[0m[90m TS2571: [0mObject is of type 'unknown'.

[7m137[0m           <td>{{keyValuePair.value.XAU_amount | number :'.3'}}</td>
[7m   [0m [91m                                   ~~~~~~~~~~[0m

  [96msrc/app/weight/weight.page.ts[0m:[93m17[0m:[93m16[0m
    [7m17[0m   templateUrl: './weight.page.html',
    [7m  [0m [96m               ~~~~~~~~~~~~~~~~~~~~[0m
    Error occurs in the template of component WeightPage.


Error: [96msrc/app/modal-weight/modal-weight.page.html[0m:[93m1[0m:[93m1[0m - [91merror[0m[90m NG8001: [0m'ion-header' is not a known element:
1. If 'ion-header' is an Angular component, then verify that it is part of this module.
2. If 'ion-header' is a Web Component then add 'CUSTOM_ELEMENTS_SCHEMA' to the '@NgModule.schemas' of this component to suppress this message.

[7m1[0m <ion-header>
[7m [0m [91m~~~~~~~~~~~~[0m

  [96msrc/app/modal-weight/modal-weight.page.ts[0m:[93m24[0m:[93m16[0m
    [7m24[0m   templateUrl: './modal-weight.page.html',
    [7m  [0m [96m               ~~~~~~~~~~~~~~~~~~~~~~~~~~[0m
    Error occurs in the template of component ModalWeightPage.


Error: [96msrc/app/modal-weight/modal-weight.page.html[0m:[93m3[0m:[93m3[0m - [91merror[0m[90m NG8001: [0m'ion-toolbar' is not a known element:
1. If 'ion-toolbar' is an Angular component, then verify that it is part of this module.
2. If 'ion-toolbar' is a Web Component then add 'CUSTOM_ELEMENTS_SCHEMA' to the '@NgModule.schemas' of this component to suppress this message.

[7m3[0m   <ion-toolbar class="varitaionslect ion-no-padding ion-no-margin" style="padding-top: 10px !important;">
[7m [0m [91m  ~~~~~~~~~~~~~~~~~~~~~~~~~~~~~~~~~~~~~~~~~~~~~~~~~~~~~~~~~~~~~~~~~~~~~~~~~~~~~~~~~~~~~~~~~~~~~~~~~~~~~~~[0m

  [96msrc/app/modal-weight/modal-weight.page.ts[0m:[93m24[0m:[93m16[0m
    [7m24[0m   templateUrl: './modal-weight.page.html',
    [7m  [0m [96m               ~~~~~~~~~~~~~~~~~~~~~~~~~~[0m
    Error occurs in the template of component ModalWeightPage.


Error: [96msrc/app/modal-weight/modal-weight.page.html[0m:[93m4[0m:[93m4[0m - [91merror[0m[90m NG8001: [0m'ion-item' is not a known element:
1. If 'ion-item' is an Angular component, then verify that it is part of this module.
2. If 'ion-item' is a Web Component then add 'CUSTOM_ELEMENTS_SCHEMA' to the '@NgModule.schemas' of this component to suppress this message.

[7m4[0m    <ion-item class="ion-no-padding ion-no-margin" style="--inner-padding-end: 0 !important;" no-padding>
[7m [0m [91m   ~~~~~~~~~~~~~~~~~~~~~~~~~~~~~~~~~~~~~~~~~~~~~~~~~~~~~~~~~~~~~~~~~~~~~~~~~~~~~~~~~~~~~~~~~~~~~~~~~~~~~[0m

  [96msrc/app/modal-weight/modal-weight.page.ts[0m:[93m24[0m:[93m16[0m
    [7m24[0m   templateUrl: './modal-weight.page.html',
    [7m  [0m [96m               ~~~~~~~~~~~~~~~~~~~~~~~~~~[0m
    Error occurs in the template of component ModalWeightPage.


Error: [96msrc/app/modal-weight/modal-weight.page.html[0m:[93m5[0m:[93m5[0m - [91merror[0m[90m NG8001: [0m'ion-row' is not a known element:
1. If 'ion-row' is an Angular component, then verify that it is part of this module.
2. If 'ion-row' is a Web Component then add 'CUSTOM_ELEMENTS_SCHEMA' to the '@NgModule.schemas' of this component to suppress this message.

[7m5[0m     <ion-row class="ion-align-items-end">
[7m [0m [91m    ~~~~~~~~~~~~~~~~~~~~~~~~~~~~~~~~~~~~~[0m

  [96msrc/app/modal-weight/modal-weight.page.ts[0m:[93m24[0m:[93m16[0m
    [7m24[0m   templateUrl: './modal-weight.page.html',
    [7m  [0m [96m               ~~~~~~~~~~~~~~~~~~~~~~~~~~[0m
    Error occurs in the template of component ModalWeightPage.


Error: [96msrc/app/modal-weight/modal-weight.page.html[0m:[93m6[0m:[93m6[0m - [91merror[0m[90m NG8001: [0m'ion-col' is not a known element:
1. If 'ion-col' is an Angular component, then verify that it is part of this module.
2. If 'ion-col' is a Web Component then add 'CUSTOM_ELEMENTS_SCHEMA' to the '@NgModule.schemas' of this component to suppress this message.

[7m6[0m      <ion-col>
[7m [0m [91m     ~~~~~~~~~[0m

  [96msrc/app/modal-weight/modal-weight.page.ts[0m:[93m24[0m:[93m16[0m
    [7m24[0m   templateUrl: './modal-weight.page.html',
    [7m  [0m [96m               ~~~~~~~~~~~~~~~~~~~~~~~~~~[0m
    Error occurs in the template of component ModalWeightPage.


Error: [96msrc/app/modal-weight/modal-weight.page.html[0m:[93m12[0m:[93m4[0m - [91merror[0m[90m NG8001: [0m'ion-buttons' is not a known element:
1. If 'ion-buttons' is an Angular component, then verify that it is part of this module.
2. If 'ion-buttons' is a Web Component then add 'CUSTOM_ELEMENTS_SCHEMA' to the '@NgModule.schemas' of this component to suppress this message.

[7m12[0m    <ion-buttons slot="end">
[7m  [0m [91m   ~~~~~~~~~~~~~~~~~~~~~~~~[0m

  [96msrc/app/modal-weight/modal-weight.page.ts[0m:[93m24[0m:[93m16[0m
    [7m24[0m   templateUrl: './modal-weight.page.html',
    [7m  [0m [96m               ~~~~~~~~~~~~~~~~~~~~~~~~~~[0m
    Error occurs in the template of component ModalWeightPage.


Error: [96msrc/app/modal-weight/modal-weight.page.html[0m:[93m13[0m:[93m5[0m - [91merror[0m[90m NG8001: [0m'ion-button' is not a known element:
1. If 'ion-button' is an Angular component, then verify that it is part of this module.
2. If 'ion-button' is a Web Component then add 'CUSTOM_ELEMENTS_SCHEMA' to the '@NgModule.schemas' of this component to suppress this message.

[7m13[0m     <ion-button (click)="dismiss()" class="closemodal" mode="ios" style=" bottom: 35px; right: 0;">
[7m  [0m [91m    ~~~~~~~~~~~~~~~~~~~~~~~~~~~~~~~~~~~~~~~~~~~~~~~~~~~~~~~~~~~~~~~~~~~~~~~~~~~~~~~~~~~~~~~~~~~~~~~[0m

  [96msrc/app/modal-weight/modal-weight.page.ts[0m:[93m24[0m:[93m16[0m
    [7m24[0m   templateUrl: './modal-weight.page.html',
    [7m  [0m [96m               ~~~~~~~~~~~~~~~~~~~~~~~~~~[0m
    Error occurs in the template of component ModalWeightPage.


Error: [96msrc/app/modal-weight/modal-weight.page.html[0m:[93m14[0m:[93m6[0m - [91merror[0m[90m NG8001: [0m'ion-icon' is not a known element:
1. If 'ion-icon' is an Angular component, then verify that it is part of this module.
2. If 'ion-icon' is a Web Component then add 'CUSTOM_ELEMENTS_SCHEMA' to the '@NgModule.schemas' of this component to suppress this message.

[7m14[0m      <ion-icon name="close-outline" style="color: #999;"></ion-icon>
[7m  [0m [91m     ~~~~~~~~~~~~~~~~~~~~~~~~~~~~~~~~~~~~~~~~~~~~~~~~~~~~[0m

  [96msrc/app/modal-weight/modal-weight.page.ts[0m:[93m24[0m:[93m16[0m
    [7m24[0m   templateUrl: './modal-weight.page.html',
    [7m  [0m [96m               ~~~~~~~~~~~~~~~~~~~~~~~~~~[0m
    Error occurs in the template of component ModalWeightPage.


Error: [96msrc/app/modal-weight/modal-weight.page.html[0m:[93m21[0m:[93m1[0m - [91merror[0m[90m NG8001: [0m'ion-content' is not a known element:
1. If 'ion-content' is an Angular component, then verify that it is part of this module.
2. If 'ion-content' is a Web Component then add 'CUSTOM_ELEMENTS_SCHEMA' to the '@NgModule.schemas' of this component to suppress this message.

[7m21[0m <ion-content>
[7m  [0m [91m~~~~~~~~~~~~~[0m

  [96msrc/app/modal-weight/modal-weight.page.ts[0m:[93m24[0m:[93m16[0m
    [7m24[0m   templateUrl: './modal-weight.page.html',
    [7m  [0m [96m               ~~~~~~~~~~~~~~~~~~~~~~~~~~[0m
    Error occurs in the template of component ModalWeightPage.


Error: [96msrc/app/modal-weight/modal-weight.page.html[0m:[93m23[0m:[93m5[0m - [91merror[0m[90m NG8001: [0m'ion-row' is not a known element:
1. If 'ion-row' is an Angular component, then verify that it is part of this module.
2. If 'ion-row' is a Web Component then add 'CUSTOM_ELEMENTS_SCHEMA' to the '@NgModule.schemas' of this component to suppress this message.

[7m23[0m     <ion-row class="polistitemv2">
[7m  [0m [91m    ~~~~~~~~~~~~~~~~~~~~~~~~~~~~~~[0m

  [96msrc/app/modal-weight/modal-weight.page.ts[0m:[93m24[0m:[93m16[0m
    [7m24[0m   templateUrl: './modal-weight.page.html',
    [7m  [0m [96m               ~~~~~~~~~~~~~~~~~~~~~~~~~~[0m
    Error occurs in the template of component ModalWeightPage.


Error: [96msrc/app/modal-weight/modal-weight.page.html[0m:[93m25[0m:[93m9[0m - [91merror[0m[90m NG8001: [0m'ion-col' is not a known element:
1. If 'ion-col' is an Angular component, then verify that it is part of this module.
2. If 'ion-col' is a Web Component then add 'CUSTOM_ELEMENTS_SCHEMA' to the '@NgModule.schemas' of this component to suppress this message.

[7m25[0m         <ion-col size="6">
[7m  [0m [91m        ~~~~~~~~~~~~~~~~~~[0m

  [96msrc/app/modal-weight/modal-weight.page.ts[0m:[93m24[0m:[93m16[0m
    [7m24[0m   templateUrl: './modal-weight.page.html',
    [7m  [0m [96m               ~~~~~~~~~~~~~~~~~~~~~~~~~~[0m
    Error occurs in the template of component ModalWeightPage.


Error: [96msrc/app/modal-weight/modal-weight.page.html[0m:[93m27[0m:[93m13[0m - [91merror[0m[90m NG8001: [0m'ion-select' is not a known element:
1. If 'ion-select' is an Angular component, then verify that it is part of this module.
2. If 'ion-select' is a Web Component then add 'CUSTOM_ELEMENTS_SCHEMA' to the '@NgModule.schemas' of this component to suppress this message.

[7m27[0m             <ion-select value="variation" interface="action-sheet" cancelText='Cancel' class="pickupselect"
[7m  [0m [91m            ~~~~~~~~~~~~~~~~~~~~~~~~~~~~~~~~~~~~~~~~~~~~~~~~~~~~~~~~~~~~~~~~~~~~~~~~~~~~~~~~~~~~~~~~~~~~~~~[0m
[7m28[0m                 [(ngModel)]="modalData.item_type" (ionChange)="recalculate(modalData)">
[7m  [0m [91m~~~~~~~~~~~~~~~~~~~~~~~~~~~~~~~~~~~~~~~~~~~~~~~~~~~~~~~~~~~~~~~~~~~~~~~~~~~~~~~~~~~~~~~[0m

  [96msrc/app/modal-weight/modal-weight.page.ts[0m:[93m24[0m:[93m16[0m
    [7m24[0m   templateUrl: './modal-weight.page.html',
    [7m  [0m [96m               ~~~~~~~~~~~~~~~~~~~~~~~~~~[0m
    Error occurs in the template of component ModalWeightPage.


Error: [96msrc/app/modal-weight/modal-weight.page.html[0m:[93m28[0m:[93m17[0m - [91merror[0m[90m NG8002: [0mCan't bind to 'ngModel' since it isn't a known property of 'ion-select'.
1. If 'ion-select' is an Angular component and it has 'ngModel' input, then verify that it is part of this module.
2. If 'ion-select' is a Web Component then add 'CUSTOM_ELEMENTS_SCHEMA' to the '@NgModule.schemas' of this component to suppress this message.
3. To allow any property add 'NO_ERRORS_SCHEMA' to the '@NgModule.schemas' of this component.

[7m28[0m                 [(ngModel)]="modalData.item_type" (ionChange)="recalculate(modalData)">
[7m  [0m [91m                ~~~~~~~~~~~~~~~~~~~~~~~~~~~~~~~~~[0m

  [96msrc/app/modal-weight/modal-weight.page.ts[0m:[93m24[0m:[93m16[0m
    [7m24[0m   templateUrl: './modal-weight.page.html',
    [7m  [0m [96m               ~~~~~~~~~~~~~~~~~~~~~~~~~~[0m
    Error occurs in the template of component ModalWeightPage.


Error: [96msrc/app/modal-weight/modal-weight.page.html[0m:[93m29[0m:[93m17[0m - [91merror[0m[90m NG8001: [0m'ion-select-option' is not a known element:
1. If 'ion-select-option' is an Angular component, then verify that it is part of this module.
2. If 'ion-select-option' is a Web Component then add 'CUSTOM_ELEMENTS_SCHEMA' to the '@NgModule.schemas' of this component to suppress this message.

[7m29[0m                 <ion-select-option *ngFor="let x of customerBItemTypeList"
[7m  [0m [91m                ~~~~~~~~~~~~~~~~~~~~~~~~~~~~~~~~~~~~~~~~~~~~~~~~~~~~~~~~~~[0m
[7m30[0m                     value="{{x.item_type_id}}">{{x.title}}
[7m  [0m [91m~~~~~~~~~~~~~~~~~~~~~~~~~~~~~~~~~~~~~~~~~~~~~~~[0m

  [96msrc/app/modal-weight/modal-weight.page.ts[0m:[93m24[0m:[93m16[0m
    [7m24[0m   templateUrl: './modal-weight.page.html',
    [7m  [0m [96m               ~~~~~~~~~~~~~~~~~~~~~~~~~~[0m
    Error occurs in the template of component ModalWeightPage.


Error: [96msrc/app/modal-weight/modal-weight.page.html[0m:[93m30[0m:[93m21[0m - [91merror[0m[90m NG8002: [0mCan't bind to 'value' since it isn't a known property of 'ion-select-option'.
1. If 'ion-select-option' is an Angular component and it has 'value' input, then verify that it is part of this module.
2. If 'ion-select-option' is a Web Component then add 'CUSTOM_ELEMENTS_SCHEMA' to the '@NgModule.schemas' of this component to suppress this message.
3. To allow any property add 'NO_ERRORS_SCHEMA' to the '@NgModule.schemas' of this component.

[7m30[0m                     value="{{x.item_type_id}}">{{x.title}}
[7m  [0m [91m                    ~~~~~~~~~~~~~~~~~~~~~~~~~~[0m

  [96msrc/app/modal-weight/modal-weight.page.ts[0m:[93m24[0m:[93m16[0m
    [7m24[0m   templateUrl: './modal-weight.page.html',
    [7m  [0m [96m               ~~~~~~~~~~~~~~~~~~~~~~~~~~[0m
    Error occurs in the template of component ModalWeightPage.


Error: [96msrc/app/modal-weight/modal-weight.page.html[0m:[93m35[0m:[93m9[0m - [91merror[0m[90m NG8001: [0m'ion-col' is not a known element:
1. If 'ion-col' is an Angular component, then verify that it is part of this module.
2. If 'ion-col' is a Web Component then add 'CUSTOM_ELEMENTS_SCHEMA' to the '@NgModule.schemas' of this component to suppress this message.

[7m35[0m         <ion-col size="6" *ngIf="modalData.item_type == 1">
[7m  [0m [91m        ~~~~~~~~~~~~~~~~~~~~~~~~~~~~~~~~~~~~~~~~~~~~~~~~~~~[0m

  [96msrc/app/modal-weight/modal-weight.page.ts[0m:[93m24[0m:[93m16[0m
    [7m24[0m   templateUrl: './modal-weight.page.html',
    [7m  [0m [96m               ~~~~~~~~~~~~~~~~~~~~~~~~~~[0m
    Error occurs in the template of component ModalWeightPage.


Error: [96msrc/app/modal-weight/modal-weight.page.html[0m:[93m37[0m:[93m11[0m - [91merror[0m[90m NG8001: [0m'ion-select' is not a known element:
1. If 'ion-select' is an Angular component, then verify that it is part of this module.
2. If 'ion-select' is a Web Component then add 'CUSTOM_ELEMENTS_SCHEMA' to the '@NgModule.schemas' of this component to suppress this message.

[7m37[0m           <ion-select value="variation" class="pickupselect"
[7m  [0m [91m          ~~~~~~~~~~~~~~~~~~~~~~~~~~~~~~~~~~~~~~~~~~~~~~~~~~[0m
[7m38[0m               [(ngModel)]="modalData.item_code" (ionChange)="recalculate_jewel(modalData)">
[7m  [0m [91m~~~~~~~~~~~~~~~~~~~~~~~~~~~~~~~~~~~~~~~~~~~~~~~~~~~~~~~~~~~~~~~~~~~~~~~~~~~~~~~~~~~~~~~~~~~[0m

  [96msrc/app/modal-weight/modal-weight.page.ts[0m:[93m24[0m:[93m16[0m
    [7m24[0m   templateUrl: './modal-weight.page.html',
    [7m  [0m [96m               ~~~~~~~~~~~~~~~~~~~~~~~~~~[0m
    Error occurs in the template of component ModalWeightPage.


Error: [96msrc/app/modal-weight/modal-weight.page.html[0m:[93m38[0m:[93m15[0m - [91merror[0m[90m NG8002: [0mCan't bind to 'ngModel' since it isn't a known property of 'ion-select'.
1. If 'ion-select' is an Angular component and it has 'ngModel' input, then verify that it is part of this module.
2. If 'ion-select' is a Web Component then add 'CUSTOM_ELEMENTS_SCHEMA' to the '@NgModule.schemas' of this component to suppress this message.
3. To allow any property add 'NO_ERRORS_SCHEMA' to the '@NgModule.schemas' of this component.

[7m38[0m               [(ngModel)]="modalData.item_code" (ionChange)="recalculate_jewel(modalData)">
[7m  [0m [91m              ~~~~~~~~~~~~~~~~~~~~~~~~~~~~~~~~~[0m

  [96msrc/app/modal-weight/modal-weight.page.ts[0m:[93m24[0m:[93m16[0m
    [7m24[0m   templateUrl: './modal-weight.page.html',
    [7m  [0m [96m               ~~~~~~~~~~~~~~~~~~~~~~~~~~[0m
    Error occurs in the template of component ModalWeightPage.


Error: [96msrc/app/modal-weight/modal-weight.page.html[0m:[93m39[0m:[93m15[0m - [91merror[0m[90m NG8001: [0m'ion-select-option' is not a known element:
1. If 'ion-select-option' is an Angular component, then verify that it is part of this module.
2. If 'ion-select-option' is a Web Component then add 'CUSTOM_ELEMENTS_SCHEMA' to the '@NgModule.schemas' of this component to suppress this message.

[7m39[0m               <ion-select-option *ngFor="let x of customerGoldPurityList" value="{{x.gold_pure_id}}">{{x.gold_name}}
[7m  [0m [91m              ~~~~~~~~~~~~~~~~~~~~~~~~~~~~~~~~~~~~~~~~~~~~~~~~~~~~~~~~~~~~~~~~~~~~~~~~~~~~~~~~~~~~~~~[0m

  [96msrc/app/modal-weight/modal-weight.page.ts[0m:[93m24[0m:[93m16[0m
    [7m24[0m   templateUrl: './modal-weight.page.html',
    [7m  [0m [96m               ~~~~~~~~~~~~~~~~~~~~~~~~~~[0m
    Error occurs in the template of component ModalWeightPage.


Error: [96msrc/app/modal-weight/modal-weight.page.html[0m:[93m39[0m:[93m75[0m - [91merror[0m[90m NG8002: [0mCan't bind to 'value' since it isn't a known property of 'ion-select-option'.
1. If 'ion-select-option' is an Angular component and it has 'value' input, then verify that it is part of this module.
2. If 'ion-select-option' is a Web Component then add 'CUSTOM_ELEMENTS_SCHEMA' to the '@NgModule.schemas' of this component to suppress this message.
3. To allow any property add 'NO_ERRORS_SCHEMA' to the '@NgModule.schemas' of this component.

[7m39[0m               <ion-select-option *ngFor="let x of customerGoldPurityList" value="{{x.gold_pure_id}}">{{x.gold_name}}
[7m  [0m [91m                                                                          ~~~~~~~~~~~~~~~~~~~~~~~~~~[0m

  [96msrc/app/modal-weight/modal-weight.page.ts[0m:[93m24[0m:[93m16[0m
    [7m24[0m   templateUrl: './modal-weight.page.html',
    [7m  [0m [96m               ~~~~~~~~~~~~~~~~~~~~~~~~~~[0m
    Error occurs in the template of component ModalWeightPage.


Error: [96msrc/app/modal-weight/modal-weight.page.html[0m:[93m44[0m:[93m9[0m - [91merror[0m[90m NG8001: [0m'ion-col' is not a known element:
1. If 'ion-col' is an Angular component, then verify that it is part of this module.
2. If 'ion-col' is a Web Component then add 'CUSTOM_ELEMENTS_SCHEMA' to the '@NgModule.schemas' of this component to suppress this message.

[7m44[0m         <ion-col size="6" *ngIf="modalData.is_editable == 0">
[7m  [0m [91m        ~~~~~~~~~~~~~~~~~~~~~~~~~~~~~~~~~~~~~~~~~~~~~~~~~~~~~[0m

  [96msrc/app/modal-weight/modal-weight.page.ts[0m:[93m24[0m:[93m16[0m
    [7m24[0m   templateUrl: './modal-weight.page.html',
    [7m  [0m [96m               ~~~~~~~~~~~~~~~~~~~~~~~~~~[0m
    Error occurs in the template of component ModalWeightPage.


Error: [96msrc/app/modal-weight/modal-weight.page.html[0m:[93m47[0m:[93m17[0m - [91merror[0m[90m NG8001: [0m'ion-input' is not a known element:
1. If 'ion-input' is an Angular component, then verify that it is part of this module.
2. If 'ion-input' is a Web Component then add 'CUSTOM_ELEMENTS_SCHEMA' to the '@NgModule.schemas' of this component to suppress this message.

[7m47[0m                 <ion-input type="number" [(ngModel)]="modalData.gold_pure_percent" disabled
[7m  [0m [91m                ~~~~~~~~~~~~~~~~~~~~~~~~~~~~~~~~~~~~~~~~~~~~~~~~~~~~~~~~~~~~~~~~~~~~~~~~~~~[0m
[7m48[0m                 ></ion-input>
[7m  [0m [91m~~~~~~~~~~~~~~~~~[0m

  [96msrc/app/modal-weight/modal-weight.page.ts[0m:[93m24[0m:[93m16[0m
    [7m24[0m   templateUrl: './modal-weight.page.html',
    [7m  [0m [96m               ~~~~~~~~~~~~~~~~~~~~~~~~~~[0m
    Error occurs in the template of component ModalWeightPage.


Error: [96msrc/app/modal-weight/modal-weight.page.html[0m:[93m47[0m:[93m42[0m - [91merror[0m[90m NG8002: [0mCan't bind to 'ngModel' since it isn't a known property of 'ion-input'.
1. If 'ion-input' is an Angular component and it has 'ngModel' input, then verify that it is part of this module.
2. If 'ion-input' is a Web Component then add 'CUSTOM_ELEMENTS_SCHEMA' to the '@NgModule.schemas' of this component to suppress this message.
3. To allow any property add 'NO_ERRORS_SCHEMA' to the '@NgModule.schemas' of this component.

[7m47[0m                 <ion-input type="number" [(ngModel)]="modalData.gold_pure_percent" disabled
[7m  [0m [91m                                         ~~~~~~~~~~~~~~~~~~~~~~~~~~~~~~~~~~~~~~~~~[0m

  [96msrc/app/modal-weight/modal-weight.page.ts[0m:[93m24[0m:[93m16[0m
    [7m24[0m   templateUrl: './modal-weight.page.html',
    [7m  [0m [96m               ~~~~~~~~~~~~~~~~~~~~~~~~~~[0m
    Error occurs in the template of component ModalWeightPage.


Error: [96msrc/app/modal-weight/modal-weight.page.html[0m:[93m52[0m:[93m9[0m - [91merror[0m[90m NG8001: [0m'ion-col' is not a known element:
1. If 'ion-col' is an Angular component, then verify that it is part of this module.
2. If 'ion-col' is a Web Component then add 'CUSTOM_ELEMENTS_SCHEMA' to the '@NgModule.schemas' of this component to suppress this message.

[7m52[0m         <ion-col size="6" *ngIf="modalData.item_type != 1">
[7m  [0m [91m        ~~~~~~~~~~~~~~~~~~~~~~~~~~~~~~~~~~~~~~~~~~~~~~~~~~~[0m

  [96msrc/app/modal-weight/modal-weight.page.ts[0m:[93m24[0m:[93m16[0m
    [7m24[0m   templateUrl: './modal-weight.page.html',
    [7m  [0m [96m               ~~~~~~~~~~~~~~~~~~~~~~~~~~[0m
    Error occurs in the template of component ModalWeightPage.


Error: [96msrc/app/modal-weight/modal-weight.page.html[0m:[93m54[0m:[93m11[0m - [91merror[0m[90m NG8001: [0m'ion-select' is not a known element:
1. If 'ion-select' is an Angular component, then verify that it is part of this module.
2. If 'ion-select' is a Web Component then add 'CUSTOM_ELEMENTS_SCHEMA' to the '@NgModule.schemas' of this component to suppress this message.

[7m54[0m           <ion-select value="variation" class="pickupselect"
[7m  [0m [91m          ~~~~~~~~~~~~~~~~~~~~~~~~~~~~~~~~~~~~~~~~~~~~~~~~~~[0m
[7m55[0m               [(ngModel)]="modalData.item_code" (ionChange)="recalculate_jewel(modalData)">
[7m  [0m [91m~~~~~~~~~~~~~~~~~~~~~~~~~~~~~~~~~~~~~~~~~~~~~~~~~~~~~~~~~~~~~~~~~~~~~~~~~~~~~~~~~~~~~~~~~~~[0m

  [96msrc/app/modal-weight/modal-weight.page.ts[0m:[93m24[0m:[93m16[0m
    [7m24[0m   templateUrl: './modal-weight.page.html',
    [7m  [0m [96m               ~~~~~~~~~~~~~~~~~~~~~~~~~~[0m
    Error occurs in the template of component ModalWeightPage.


Error: [96msrc/app/modal-weight/modal-weight.page.html[0m:[93m55[0m:[93m15[0m - [91merror[0m[90m NG8002: [0mCan't bind to 'ngModel' since it isn't a known property of 'ion-select'.
1. If 'ion-select' is an Angular component and it has 'ngModel' input, then verify that it is part of this module.
2. If 'ion-select' is a Web Component then add 'CUSTOM_ELEMENTS_SCHEMA' to the '@NgModule.schemas' of this component to suppress this message.
3. To allow any property add 'NO_ERRORS_SCHEMA' to the '@NgModule.schemas' of this component.

[7m55[0m               [(ngModel)]="modalData.item_code" (ionChange)="recalculate_jewel(modalData)">
[7m  [0m [91m              ~~~~~~~~~~~~~~~~~~~~~~~~~~~~~~~~~[0m

  [96msrc/app/modal-weight/modal-weight.page.ts[0m:[93m24[0m:[93m16[0m
    [7m24[0m   templateUrl: './modal-weight.page.html',
    [7m  [0m [96m               ~~~~~~~~~~~~~~~~~~~~~~~~~~[0m
    Error occurs in the template of component ModalWeightPage.


Error: [96msrc/app/modal-weight/modal-weight.page.html[0m:[93m56[0m:[93m15[0m - [91merror[0m[90m NG8001: [0m'ion-select-option' is not a known element:
1. If 'ion-select-option' is an Angular component, then verify that it is part of this module.
2. If 'ion-select-option' is a Web Component then add 'CUSTOM_ELEMENTS_SCHEMA' to the '@NgModule.schemas' of this component to suppress this message.

[7m56[0m               <ion-select-option *ngFor="let x of customerGoldPurityList" value="{{x.gold_pure_id}}">{{x.gold_name}}
[7m  [0m [91m              ~~~~~~~~~~~~~~~~~~~~~~~~~~~~~~~~~~~~~~~~~~~~~~~~~~~~~~~~~~~~~~~~~~~~~~~~~~~~~~~~~~~~~~~[0m

  [96msrc/app/modal-weight/modal-weight.page.ts[0m:[93m24[0m:[93m16[0m
    [7m24[0m   templateUrl: './modal-weight.page.html',
    [7m  [0m [96m               ~~~~~~~~~~~~~~~~~~~~~~~~~~[0m
    Error occurs in the template of component ModalWeightPage.


Error: [96msrc/app/modal-weight/modal-weight.page.html[0m:[93m56[0m:[93m75[0m - [91merror[0m[90m NG8002: [0mCan't bind to 'value' since it isn't a known property of 'ion-select-option'.
1. If 'ion-select-option' is an Angular component and it has 'value' input, then verify that it is part of this module.
2. If 'ion-select-option' is a Web Component then add 'CUSTOM_ELEMENTS_SCHEMA' to the '@NgModule.schemas' of this component to suppress this message.
3. To allow any property add 'NO_ERRORS_SCHEMA' to the '@NgModule.schemas' of this component.

[7m56[0m               <ion-select-option *ngFor="let x of customerGoldPurityList" value="{{x.gold_pure_id}}">{{x.gold_name}}
[7m  [0m [91m                                                                          ~~~~~~~~~~~~~~~~~~~~~~~~~~[0m

  [96msrc/app/modal-weight/modal-weight.page.ts[0m:[93m24[0m:[93m16[0m
    [7m24[0m   templateUrl: './modal-weight.page.html',
    [7m  [0m [96m               ~~~~~~~~~~~~~~~~~~~~~~~~~~[0m
    Error occurs in the template of component ModalWeightPage.


Error: [96msrc/app/modal-weight/modal-weight.page.html[0m:[93m61[0m:[93m9[0m - [91merror[0m[90m NG8001: [0m'ion-col' is not a known element:
1. If 'ion-col' is an Angular component, then verify that it is part of this module.
2. If 'ion-col' is a Web Component then add 'CUSTOM_ELEMENTS_SCHEMA' to the '@NgModule.schemas' of this component to suppress this message.

[7m61[0m         <ion-col size="6" *ngIf="modalData.is_editable == 1">
[7m  [0m [91m        ~~~~~~~~~~~~~~~~~~~~~~~~~~~~~~~~~~~~~~~~~~~~~~~~~~~~~[0m

  [96msrc/app/modal-weight/modal-weight.page.ts[0m:[93m24[0m:[93m16[0m
    [7m24[0m   templateUrl: './modal-weight.page.html',
    [7m  [0m [96m               ~~~~~~~~~~~~~~~~~~~~~~~~~~[0m
    Error occurs in the template of component ModalWeightPage.


Error: [96msrc/app/modal-weight/modal-weight.page.html[0m:[93m64[0m:[93m17[0m - [91merror[0m[90m NG8001: [0m'ion-input' is not a known element:
1. If 'ion-input' is an Angular component, then verify that it is part of this module.
2. If 'ion-input' is a Web Component then add 'CUSTOM_ELEMENTS_SCHEMA' to the '@NgModule.schemas' of this component to suppress this message.

[7m64[0m                 <ion-input type="number" [(ngModel)]="modalData.gold_pure_percent" (ionChange)="recalculate(modalData)"
[7m  [0m [91m                ~~~~~~~~~~~~~~~~~~~~~~~~~~~~~~~~~~~~~~~~~~~~~~~~~~~~~~~~~~~~~~~~~~~~~~~~~~~~~~~~~~~~~~~~~~~~~~~~~~~~~~~[0m
[7m65[0m                 ></ion-input>
[7m  [0m [91m~~~~~~~~~~~~~~~~~[0m

  [96msrc/app/modal-weight/modal-weight.page.ts[0m:[93m24[0m:[93m16[0m
    [7m24[0m   templateUrl: './modal-weight.page.html',
    [7m  [0m [96m               ~~~~~~~~~~~~~~~~~~~~~~~~~~[0m
    Error occurs in the template of component ModalWeightPage.


Error: [96msrc/app/modal-weight/modal-weight.page.html[0m:[93m64[0m:[93m42[0m - [91merror[0m[90m NG8002: [0mCan't bind to 'ngModel' since it isn't a known property of 'ion-input'.
1. If 'ion-input' is an Angular component and it has 'ngModel' input, then verify that it is part of this module.
2. If 'ion-input' is a Web Component then add 'CUSTOM_ELEMENTS_SCHEMA' to the '@NgModule.schemas' of this component to suppress this message.
3. To allow any property add 'NO_ERRORS_SCHEMA' to the '@NgModule.schemas' of this component.

[7m64[0m                 <ion-input type="number" [(ngModel)]="modalData.gold_pure_percent" (ionChange)="recalculate(modalData)"
[7m  [0m [91m                                         ~~~~~~~~~~~~~~~~~~~~~~~~~~~~~~~~~~~~~~~~~[0m

  [96msrc/app/modal-weight/modal-weight.page.ts[0m:[93m24[0m:[93m16[0m
    [7m24[0m   templateUrl: './modal-weight.page.html',
    [7m  [0m [96m               ~~~~~~~~~~~~~~~~~~~~~~~~~~[0m
    Error occurs in the template of component ModalWeightPage.


Error: [96msrc/app/modal-weight/modal-weight.page.html[0m:[93m69[0m:[93m9[0m - [91merror[0m[90m NG8001: [0m'ion-col' is not a known element:
1. If 'ion-col' is an Angular component, then verify that it is part of this module.
2. If 'ion-col' is a Web Component then add 'CUSTOM_ELEMENTS_SCHEMA' to the '@NgModule.schemas' of this component to suppress this message.

[7m69[0m         <ion-col size="6">
[7m  [0m [91m        ~~~~~~~~~~~~~~~~~~[0m

  [96msrc/app/modal-weight/modal-weight.page.ts[0m:[93m24[0m:[93m16[0m
    [7m24[0m   templateUrl: './modal-weight.page.html',
    [7m  [0m [96m               ~~~~~~~~~~~~~~~~~~~~~~~~~~[0m
    Error occurs in the template of component ModalWeightPage.


Error: [96msrc/app/modal-weight/modal-weight.page.html[0m:[93m72[0m:[93m17[0m - [91merror[0m[90m NG8001: [0m'ion-input' is not a known element:
1. If 'ion-input' is an Angular component, then verify that it is part of this module.
2. If 'ion-input' is a Web Component then add 'CUSTOM_ELEMENTS_SCHEMA' to the '@NgModule.schemas' of this component to suppress this message.

[7m72[0m                 <ion-input type="number" [(ngModel)]="modalData.XAU_amount" disabled="disabled"></ion-input>
[7m  [0m [91m                ~~~~~~~~~~~~~~~~~~~~~~~~~~~~~~~~~~~~~~~~~~~~~~~~~~~~~~~~~~~~~~~~~~~~~~~~~~~~~~~~[0m

  [96msrc/app/modal-weight/modal-weight.page.ts[0m:[93m24[0m:[93m16[0m
    [7m24[0m   templateUrl: './modal-weight.page.html',
    [7m  [0m [96m               ~~~~~~~~~~~~~~~~~~~~~~~~~~[0m
    Error occurs in the template of component ModalWeightPage.


Error: [96msrc/app/modal-weight/modal-weight.page.html[0m:[93m72[0m:[93m42[0m - [91merror[0m[90m NG8002: [0mCan't bind to 'ngModel' since it isn't a known property of 'ion-input'.
1. If 'ion-input' is an Angular component and it has 'ngModel' input, then verify that it is part of this module.
2. If 'ion-input' is a Web Component then add 'CUSTOM_ELEMENTS_SCHEMA' to the '@NgModule.schemas' of this component to suppress this message.
3. To allow any property add 'NO_ERRORS_SCHEMA' to the '@NgModule.schemas' of this component.

[7m72[0m                 <ion-input type="number" [(ngModel)]="modalData.XAU_amount" disabled="disabled"></ion-input>
[7m  [0m [91m                                         ~~~~~~~~~~~~~~~~~~~~~~~~~~~~~~~~~~[0m

  [96msrc/app/modal-weight/modal-weight.page.ts[0m:[93m24[0m:[93m16[0m
    [7m24[0m   templateUrl: './modal-weight.page.html',
    [7m  [0m [96m               ~~~~~~~~~~~~~~~~~~~~~~~~~~[0m
    Error occurs in the template of component ModalWeightPage.


Error: [96msrc/app/modal-weight/modal-weight.page.html[0m:[93m76[0m:[93m9[0m - [91merror[0m[90m NG8001: [0m'ion-row' is not a known element:
1. If 'ion-row' is an Angular component, then verify that it is part of this module.
2. If 'ion-row' is a Web Component then add 'CUSTOM_ELEMENTS_SCHEMA' to the '@NgModule.schemas' of this component to suppress this message.

[7m76[0m         <ion-row style="border-top: 2px solid #cbcbcb; width:100%">
[7m  [0m [91m        ~~~~~~~~~~~~~~~~~~~~~~~~~~~~~~~~~~~~~~~~~~~~~~~~~~~~~~~~~~~[0m

  [96msrc/app/modal-weight/modal-weight.page.ts[0m:[93m24[0m:[93m16[0m
    [7m24[0m   templateUrl: './modal-weight.page.html',
    [7m  [0m [96m               ~~~~~~~~~~~~~~~~~~~~~~~~~~[0m
    Error occurs in the template of component ModalWeightPage.


Error: [96msrc/app/modal-weight/modal-weight.page.html[0m:[93m78[0m:[93m13[0m - [91merror[0m[90m NG8001: [0m'ion-col' is not a known element:
1. If 'ion-col' is an Angular component, then verify that it is part of this module.
2. If 'ion-col' is a Web Component then add 'CUSTOM_ELEMENTS_SCHEMA' to the '@NgModule.schemas' of this component to suppress this message.

[7m78[0m             <ion-col size="6" class=" ion-align-self-end">
[7m  [0m [91m            ~~~~~~~~~~~~~~~~~~~~~~~~~~~~~~~~~~~~~~~~~~~~~~[0m

  [96msrc/app/modal-weight/modal-weight.page.ts[0m:[93m24[0m:[93m16[0m
    [7m24[0m   templateUrl: './modal-weight.page.html',
    [7m  [0m [96m               ~~~~~~~~~~~~~~~~~~~~~~~~~~[0m
    Error occurs in the template of component ModalWeightPage.


Error: [96msrc/app/modal-weight/modal-weight.page.html[0m:[93m81[0m:[93m13[0m - [91merror[0m[90m NG8001: [0m'ion-col' is not a known element:
1. If 'ion-col' is an Angular component, then verify that it is part of this module.
2. If 'ion-col' is a Web Component then add 'CUSTOM_ELEMENTS_SCHEMA' to the '@NgModule.schemas' of this component to suppress this message.

[7m81[0m             <ion-col size="6">
[7m  [0m [91m            ~~~~~~~~~~~~~~~~~~[0m

  [96msrc/app/modal-weight/modal-weight.page.ts[0m:[93m24[0m:[93m16[0m
    [7m24[0m   templateUrl: './modal-weight.page.html',
    [7m  [0m [96m               ~~~~~~~~~~~~~~~~~~~~~~~~~~[0m
    Error occurs in the template of component ModalWeightPage.


Error: [96msrc/app/modal-weight/modal-weight.page.html[0m:[93m84[0m:[93m19[0m - [91merror[0m[90m NG8001: [0m'ion-input' is not a known element:
1. If 'ion-input' is an Angular component, then verify that it is part of this module.
2. If 'ion-input' is a Web Component then add 'CUSTOM_ELEMENTS_SCHEMA' to the '@NgModule.schemas' of this component to suppress this message.

[7m84[0m                   <ion-input type="number" [(ngModel)]="modalData.previous_gram" disabled="disabled"></ion-input>
[7m  [0m [91m                  ~~~~~~~~~~~~~~~~~~~~~~~~~~~~~~~~~~~~~~~~~~~~~~~~~~~~~~~~~~~~~~~~~~~~~~~~~~~~~~~~~~~[0m

  [96msrc/app/modal-weight/modal-weight.page.ts[0m:[93m24[0m:[93m16[0m
    [7m24[0m   templateUrl: './modal-weight.page.html',
    [7m  [0m [96m               ~~~~~~~~~~~~~~~~~~~~~~~~~~[0m
    Error occurs in the template of component ModalWeightPage.


Error: [96msrc/app/modal-weight/modal-weight.page.html[0m:[93m84[0m:[93m44[0m - [91merror[0m[90m NG8002: [0mCan't bind to 'ngModel' since it isn't a known property of 'ion-input'.
1. If 'ion-input' is an Angular component and it has 'ngModel' input, then verify that it is part of this module.
2. If 'ion-input' is a Web Component then add 'CUSTOM_ELEMENTS_SCHEMA' to the '@NgModule.schemas' of this component to suppress this message.
3. To allow any property add 'NO_ERRORS_SCHEMA' to the '@NgModule.schemas' of this component.

[7m84[0m                   <ion-input type="number" [(ngModel)]="modalData.previous_gram" disabled="disabled"></ion-input>
[7m  [0m [91m                                           ~~~~~~~~~~~~~~~~~~~~~~~~~~~~~~~~~~~~~[0m

  [96msrc/app/modal-weight/modal-weight.page.ts[0m:[93m24[0m:[93m16[0m
    [7m24[0m   templateUrl: './modal-weight.page.html',
    [7m  [0m [96m               ~~~~~~~~~~~~~~~~~~~~~~~~~~[0m
    Error occurs in the template of component ModalWeightPage.


Error: [96msrc/app/modal-weight/modal-weight.page.html[0m:[93m88[0m:[93m11[0m - [91merror[0m[90m NG8001: [0m'ion-col' is not a known element:
1. If 'ion-col' is an Angular component, then verify that it is part of this module.
2. If 'ion-col' is a Web Component then add 'CUSTOM_ELEMENTS_SCHEMA' to the '@NgModule.schemas' of this component to suppress this message.

[7m88[0m           <ion-col size="6" class=" ion-align-self-end">
[7m  [0m [91m          ~~~~~~~~~~~~~~~~~~~~~~~~~~~~~~~~~~~~~~~~~~~~~~[0m

  [96msrc/app/modal-weight/modal-weight.page.ts[0m:[93m24[0m:[93m16[0m
    [7m24[0m   templateUrl: './modal-weight.page.html',
    [7m  [0m [96m               ~~~~~~~~~~~~~~~~~~~~~~~~~~[0m
    Error occurs in the template of component ModalWeightPage.


Error: [96msrc/app/modal-weight/modal-weight.page.html[0m:[93m91[0m:[93m11[0m - [91merror[0m[90m NG8001: [0m'ion-col' is not a known element:
1. If 'ion-col' is an Angular component, then verify that it is part of this module.
2. If 'ion-col' is a Web Component then add 'CUSTOM_ELEMENTS_SCHEMA' to the '@NgModule.schemas' of this component to suppress this message.

[7m91[0m           <ion-col size="6">
[7m  [0m [91m          ~~~~~~~~~~~~~~~~~~[0m

  [96msrc/app/modal-weight/modal-weight.page.ts[0m:[93m24[0m:[93m16[0m
    [7m24[0m   templateUrl: './modal-weight.page.html',
    [7m  [0m [96m               ~~~~~~~~~~~~~~~~~~~~~~~~~~[0m
    Error occurs in the template of component ModalWeightPage.


Error: [96msrc/app/modal-weight/modal-weight.page.html[0m:[93m94[0m:[93m15[0m - [91merror[0m[90m NG8001: [0m'ion-input' is not a known element:
1. If 'ion-input' is an Angular component, then verify that it is part of this module.
2. If 'ion-input' is a Web Component then add 'CUSTOM_ELEMENTS_SCHEMA' to the '@NgModule.schemas' of this component to suppress this message.

[7m94[0m               <ion-input type="number" [(ngModel)]="modalData.gram" (ionChange)="recalculate(modalData)" #gramInput
[7m  [0m [91m              ~~~~~~~~~~~~~~~~~~~~~~~~~~~~~~~~~~~~~~~~~~~~~~~~~~~~~~~~~~~~~~~~~~~~~~~~~~~~~~~~~~~~~~~~~~~~~~~~~~~~~[0m
[7m95[0m                          (click)="gramInput.value = ''"
[7m  [0m [91m~~~~~~~~~~~~~~~~~~~~~~~~~~~~~~~~~~~~~~~~~~~~~~~~~~~~~~~[0m
[7m96[0m               ></ion-input>
[7m  [0m [91m~~~~~~~~~~~~~~~[0m

  [96msrc/app/modal-weight/modal-weight.page.ts[0m:[93m24[0m:[93m16[0m
    [7m24[0m   templateUrl: './modal-weight.page.html',
    [7m  [0m [96m               ~~~~~~~~~~~~~~~~~~~~~~~~~~[0m
    Error occurs in the template of component ModalWeightPage.


Error: [96msrc/app/modal-weight/modal-weight.page.html[0m:[93m94[0m:[93m40[0m - [91merror[0m[90m NG8002: [0mCan't bind to 'ngModel' since it isn't a known property of 'ion-input'.
1. If 'ion-input' is an Angular component and it has 'ngModel' input, then verify that it is part of this module.
2. If 'ion-input' is a Web Component then add 'CUSTOM_ELEMENTS_SCHEMA' to the '@NgModule.schemas' of this component to suppress this message.
3. To allow any property add 'NO_ERRORS_SCHEMA' to the '@NgModule.schemas' of this component.

[7m94[0m               <ion-input type="number" [(ngModel)]="modalData.gram" (ionChange)="recalculate(modalData)" #gramInput
[7m  [0m [91m                                       ~~~~~~~~~~~~~~~~~~~~~~~~~~~~[0m

  [96msrc/app/modal-weight/modal-weight.page.ts[0m:[93m24[0m:[93m16[0m
    [7m24[0m   templateUrl: './modal-weight.page.html',
    [7m  [0m [96m               ~~~~~~~~~~~~~~~~~~~~~~~~~~[0m
    Error occurs in the template of component ModalWeightPage.


Error: [96msrc/app/modal-weight/modal-weight.page.html[0m:[93m99[0m:[93m13[0m - [91merror[0m[90m NG8001: [0m'ion-col' is not a known element:
1. If 'ion-col' is an Angular component, then verify that it is part of this module.
2. If 'ion-col' is a Web Component then add 'CUSTOM_ELEMENTS_SCHEMA' to the '@NgModule.schemas' of this component to suppress this message.

[7m99[0m             <ion-col size="12">
[7m  [0m [91m            ~~~~~~~~~~~~~~~~~~~[0m

  [96msrc/app/modal-weight/modal-weight.page.ts[0m:[93m24[0m:[93m16[0m
    [7m24[0m   templateUrl: './modal-weight.page.html',
    [7m  [0m [96m               ~~~~~~~~~~~~~~~~~~~~~~~~~~[0m
    Error occurs in the template of component ModalWeightPage.


Error: [96msrc/app/modal-weight/modal-weight.page.html[0m:[93m101[0m:[93m17[0m - [91merror[0m[90m NG8001: [0m'ion-select' is not a known element:
1. If 'ion-select' is an Angular component, then verify that it is part of this module.
2. If 'ion-select' is a Web Component then add 'CUSTOM_ELEMENTS_SCHEMA' to the '@NgModule.schemas' of this component to suppress this message.

[7m101[0m                 <ion-select value="variation" interface="action-sheet" cancelText='Cancel' class="pickupselect"
[7m   [0m [91m                ~~~~~~~~~~~~~~~~~~~~~~~~~~~~~~~~~~~~~~~~~~~~~~~~~~~~~~~~~~~~~~~~~~~~~~~~~~~~~~~~~~~~~~~~~~~~~~~[0m
[7m102[0m                     [(ngModel)]="modalData.warehouse_id">
[7m   [0m [91m~~~~~~~~~~~~~~~~~~~~~~~~~~~~~~~~~~~~~~~~~~~~~~~~~~~~~~~~~[0m

  [96msrc/app/modal-weight/modal-weight.page.ts[0m:[93m24[0m:[93m16[0m
    [7m24[0m   templateUrl: './modal-weight.page.html',
    [7m  [0m [96m               ~~~~~~~~~~~~~~~~~~~~~~~~~~[0m
    Error occurs in the template of component ModalWeightPage.


Error: [96msrc/app/modal-weight/modal-weight.page.html[0m:[93m102[0m:[93m21[0m - [91merror[0m[90m NG8002: [0mCan't bind to 'ngModel' since it isn't a known property of 'ion-select'.
1. If 'ion-select' is an Angular component and it has 'ngModel' input, then verify that it is part of this module.
2. If 'ion-select' is a Web Component then add 'CUSTOM_ELEMENTS_SCHEMA' to the '@NgModule.schemas' of this component to suppress this message.
3. To allow any property add 'NO_ERRORS_SCHEMA' to the '@NgModule.schemas' of this component.

[7m102[0m                     [(ngModel)]="modalData.warehouse_id">
[7m   [0m [91m                    ~~~~~~~~~~~~~~~~~~~~~~~~~~~~~~~~~~~~[0m

  [96msrc/app/modal-weight/modal-weight.page.ts[0m:[93m24[0m:[93m16[0m
    [7m24[0m   templateUrl: './modal-weight.page.html',
    [7m  [0m [96m               ~~~~~~~~~~~~~~~~~~~~~~~~~~[0m
    Error occurs in the template of component ModalWeightPage.


Error: [96msrc/app/modal-weight/modal-weight.page.html[0m:[93m103[0m:[93m21[0m - [91merror[0m[90m NG8001: [0m'ion-select-option' is not a known element:
1. If 'ion-select-option' is an Angular component, then verify that it is part of this module.
2. If 'ion-select-option' is a Web Component then add 'CUSTOM_ELEMENTS_SCHEMA' to the '@NgModule.schemas' of this component to suppress this message.

[7m103[0m                     <ion-select-option *ngFor="let x of warehouseList" value="{{x.warehouse_id}}">{{x.name}}
[7m   [0m [91m                    ~~~~~~~~~~~~~~~~~~~~~~~~~~~~~~~~~~~~~~~~~~~~~~~~~~~~~~~~~~~~~~~~~~~~~~~~~~~~~~[0m

  [96msrc/app/modal-weight/modal-weight.page.ts[0m:[93m24[0m:[93m16[0m
    [7m24[0m   templateUrl: './modal-weight.page.html',
    [7m  [0m [96m               ~~~~~~~~~~~~~~~~~~~~~~~~~~[0m
    Error occurs in the template of component ModalWeightPage.


Error: [96msrc/app/modal-weight/modal-weight.page.html[0m:[93m103[0m:[93m72[0m - [91merror[0m[90m NG8002: [0mCan't bind to 'value' since it isn't a known property of 'ion-select-option'.
1. If 'ion-select-option' is an Angular component and it has 'value' input, then verify that it is part of this module.
2. If 'ion-select-option' is a Web Component then add 'CUSTOM_ELEMENTS_SCHEMA' to the '@NgModule.schemas' of this component to suppress this message.
3. To allow any property add 'NO_ERRORS_SCHEMA' to the '@NgModule.schemas' of this component.

[7m103[0m                     <ion-select-option *ngFor="let x of warehouseList" value="{{x.warehouse_id}}">{{x.name}}
[7m   [0m [91m                                                                       ~~~~~~~~~~~~~~~~~~~~~~~~~~[0m

  [96msrc/app/modal-weight/modal-weight.page.ts[0m:[93m24[0m:[93m16[0m
    [7m24[0m   templateUrl: './modal-weight.page.html',
    [7m  [0m [96m               ~~~~~~~~~~~~~~~~~~~~~~~~~~[0m
    Error occurs in the template of component ModalWeightPage.


Error: [96msrc/app/modal-weight/modal-weight.page.html[0m:[93m107[0m:[93m13[0m - [91merror[0m[90m NG8001: [0m'ion-col' is not a known element:
1. If 'ion-col' is an Angular component, then verify that it is part of this module.
2. If 'ion-col' is a Web Component then add 'CUSTOM_ELEMENTS_SCHEMA' to the '@NgModule.schemas' of this component to suppress this message.

[7m107[0m             <ion-col size="6" *ngIf="modalData.is_editable == 1">
[7m   [0m [91m            ~~~~~~~~~~~~~~~~~~~~~~~~~~~~~~~~~~~~~~~~~~~~~~~~~~~~~[0m

  [96msrc/app/modal-weight/modal-weight.page.ts[0m:[93m24[0m:[93m16[0m
    [7m24[0m   templateUrl: './modal-weight.page.html',
    [7m  [0m [96m               ~~~~~~~~~~~~~~~~~~~~~~~~~~[0m
    Error occurs in the template of component ModalWeightPage.


Error: [96msrc/app/modal-weight/modal-weight.page.html[0m:[93m110[0m:[93m21[0m - [91merror[0m[90m NG8001: [0m'ion-input' is not a known element:
1. If 'ion-input' is an Angular component, then verify that it is part of this module.
2. If 'ion-input' is a Web Component then add 'CUSTOM_ELEMENTS_SCHEMA' to the '@NgModule.schemas' of this component to suppress this message.

[7m110[0m                     <ion-input type="text" style="text-align: start;" [(ngModel)]="modalData.barcode"
[7m   [0m [91m                    ~~~~~~~~~~~~~~~~~~~~~~~~~~~~~~~~~~~~~~~~~~~~~~~~~~~~~~~~~~~~~~~~~~~~~~~~~~~~~~~~~[0m
[7m111[0m                     ></ion-input>
[7m   [0m [91m~~~~~~~~~~~~~~~~~~~~~[0m

  [96msrc/app/modal-weight/modal-weight.page.ts[0m:[93m24[0m:[93m16[0m
    [7m24[0m   templateUrl: './modal-weight.page.html',
    [7m  [0m [96m               ~~~~~~~~~~~~~~~~~~~~~~~~~~[0m
    Error occurs in the template of component ModalWeightPage.


Error: [96msrc/app/modal-weight/modal-weight.page.html[0m:[93m110[0m:[93m71[0m - [91merror[0m[90m NG8002: [0mCan't bind to 'ngModel' since it isn't a known property of 'ion-input'.
1. If 'ion-input' is an Angular component and it has 'ngModel' input, then verify that it is part of this module.
2. If 'ion-input' is a Web Component then add 'CUSTOM_ELEMENTS_SCHEMA' to the '@NgModule.schemas' of this component to suppress this message.
3. To allow any property add 'NO_ERRORS_SCHEMA' to the '@NgModule.schemas' of this component.

[7m110[0m                     <ion-input type="text" style="text-align: start;" [(ngModel)]="modalData.barcode"
[7m   [0m [91m                                                                      ~~~~~~~~~~~~~~~~~~~~~~~~~~~~~~~[0m

  [96msrc/app/modal-weight/modal-weight.page.ts[0m:[93m24[0m:[93m16[0m
    [7m24[0m   templateUrl: './modal-weight.page.html',
    [7m  [0m [96m               ~~~~~~~~~~~~~~~~~~~~~~~~~~[0m
    Error occurs in the template of component ModalWeightPage.


Error: [96msrc/app/modal-weight/modal-weight.page.html[0m:[93m114[0m:[93m13[0m - [91merror[0m[90m NG8001: [0m'ion-col' is not a known element:
1. If 'ion-col' is an Angular component, then verify that it is part of this module.
2. If 'ion-col' is a Web Component then add 'CUSTOM_ELEMENTS_SCHEMA' to the '@NgModule.schemas' of this component to suppress this message.

[7m114[0m             <ion-col size="6" *ngIf="modalData.is_editable == 1">
[7m   [0m [91m            ~~~~~~~~~~~~~~~~~~~~~~~~~~~~~~~~~~~~~~~~~~~~~~~~~~~~~[0m

  [96msrc/app/modal-weight/modal-weight.page.ts[0m:[93m24[0m:[93m16[0m
    [7m24[0m   templateUrl: './modal-weight.page.html',
    [7m  [0m [96m               ~~~~~~~~~~~~~~~~~~~~~~~~~~[0m
    Error occurs in the template of component ModalWeightPage.


Error: [96msrc/app/modal-weight/modal-weight.page.html[0m:[93m117[0m:[93m21[0m - [91merror[0m[90m NG8001: [0m'ion-input' is not a known element:
1. If 'ion-input' is an Angular component, then verify that it is part of this module.
2. If 'ion-input' is a Web Component then add 'CUSTOM_ELEMENTS_SCHEMA' to the '@NgModule.schemas' of this component to suppress this message.

[7m117[0m                     <ion-input type="text" style="text-align: start;" [(ngModel)]="modalData.pw_barcode"
[7m   [0m [91m                    ~~~~~~~~~~~~~~~~~~~~~~~~~~~~~~~~~~~~~~~~~~~~~~~~~~~~~~~~~~~~~~~~~~~~~~~~~~~~~~~~~~~~[0m
[7m118[0m                     ></ion-input>
[7m   [0m [91m~~~~~~~~~~~~~~~~~~~~~[0m

  [96msrc/app/modal-weight/modal-weight.page.ts[0m:[93m24[0m:[93m16[0m
    [7m24[0m   templateUrl: './modal-weight.page.html',
    [7m  [0m [96m               ~~~~~~~~~~~~~~~~~~~~~~~~~~[0m
    Error occurs in the template of component ModalWeightPage.


Error: [96msrc/app/modal-weight/modal-weight.page.html[0m:[93m117[0m:[93m71[0m - [91merror[0m[90m NG8002: [0mCan't bind to 'ngModel' since it isn't a known property of 'ion-input'.
1. If 'ion-input' is an Angular component and it has 'ngModel' input, then verify that it is part of this module.
2. If 'ion-input' is a Web Component then add 'CUSTOM_ELEMENTS_SCHEMA' to the '@NgModule.schemas' of this component to suppress this message.
3. To allow any property add 'NO_ERRORS_SCHEMA' to the '@NgModule.schemas' of this component.

[7m117[0m                     <ion-input type="text" style="text-align: start;" [(ngModel)]="modalData.pw_barcode"
[7m   [0m [91m                                                                      ~~~~~~~~~~~~~~~~~~~~~~~~~~~~~~~~~~[0m

  [96msrc/app/modal-weight/modal-weight.page.ts[0m:[93m24[0m:[93m16[0m
    [7m24[0m   templateUrl: './modal-weight.page.html',
    [7m  [0m [96m               ~~~~~~~~~~~~~~~~~~~~~~~~~~[0m
    Error occurs in the template of component ModalWeightPage.


Error: [96msrc/app/modal-weight/modal-weight.page.html[0m:[93m121[0m:[93m13[0m - [91merror[0m[90m NG8001: [0m'ion-col' is not a known element:
1. If 'ion-col' is an Angular component, then verify that it is part of this module.
2. If 'ion-col' is a Web Component then add 'CUSTOM_ELEMENTS_SCHEMA' to the '@NgModule.schemas' of this component to suppress this message.

[7m121[0m             <ion-col size="12">
[7m   [0m [91m            ~~~~~~~~~~~~~~~~~~~[0m

  [96msrc/app/modal-weight/modal-weight.page.ts[0m:[93m24[0m:[93m16[0m
    [7m24[0m   templateUrl: './modal-weight.page.html',
    [7m  [0m [96m               ~~~~~~~~~~~~~~~~~~~~~~~~~~[0m
    Error occurs in the template of component ModalWeightPage.


Error: [96msrc/app/modal-weight/modal-weight.page.html[0m:[93m122[0m:[93m17[0m - [91merror[0m[90m NG8001: [0m'ion-button' is not a known element:
1. If 'ion-button' is an Angular component, then verify that it is part of this module.
2. If 'ion-button' is a Web Component then add 'CUSTOM_ELEMENTS_SCHEMA' to the '@NgModule.schemas' of this component to suppress this message.

[7m122[0m                 <ion-button class="buttontheme-orange" mode="ios" (click)="dismiss()"
[7m   [0m [91m                ~~~~~~~~~~~~~~~~~~~~~~~~~~~~~~~~~~~~~~~~~~~~~~~~~~~~~~~~~~~~~~~~~~~~~[0m
[7m123[0m                     expand="block">Submit
[7m   [0m [91m~~~~~~~~~~~~~~~~~~~~~~~~~~~~~~~~~~~[0m

  [96msrc/app/modal-weight/modal-weight.page.ts[0m:[93m24[0m:[93m16[0m
    [7m24[0m   templateUrl: './modal-weight.page.html',
    [7m  [0m [96m               ~~~~~~~~~~~~~~~~~~~~~~~~~~[0m
    Error occurs in the template of component ModalWeightPage.


Error: [96msrc/app/modal-weight/modal-weight.page.html[0m:[93m126[0m:[93m13[0m - [91merror[0m[90m NG8001: [0m'ion-col' is not a known element:
1. If 'ion-col' is an Angular component, then verify that it is part of this module.
2. If 'ion-col' is a Web Component then add 'CUSTOM_ELEMENTS_SCHEMA' to the '@NgModule.schemas' of this component to suppress this message.

[7m126[0m             <ion-col size="12">
[7m   [0m [91m            ~~~~~~~~~~~~~~~~~~~[0m

  [96msrc/app/modal-weight/modal-weight.page.ts[0m:[93m24[0m:[93m16[0m
    [7m24[0m   templateUrl: './modal-weight.page.html',
    [7m  [0m [96m               ~~~~~~~~~~~~~~~~~~~~~~~~~~[0m
    Error occurs in the template of component ModalWeightPage.


Error: [96msrc/app/modal-weight/modal-weight.page.html[0m:[93m127[0m:[93m15[0m - [91merror[0m[90m NG8001: [0m'ion-button' is not a known element:
1. If 'ion-button' is an Angular component, then verify that it is part of this module.
2. If 'ion-button' is a Web Component then add 'CUSTOM_ELEMENTS_SCHEMA' to the '@NgModule.schemas' of this component to suppress this message.

[7m127[0m               <ion-button color="primary" mode="ios" (click)="openActionSheet()"
[7m   [0m [91m              ~~~~~~~~~~~~~~~~~~~~~~~~~~~~~~~~~~~~~~~~~~~~~~~~~~~~~~~~~~~~~~~~~~[0m
[7m128[0m                   expand="block">Upload Photos
[7m   [0m [91m~~~~~~~~~~~~~~~~~~~~~~~~~~~~~~~~~[0m

  [96msrc/app/modal-weight/modal-weight.page.ts[0m:[93m24[0m:[93m16[0m
    [7m24[0m   templateUrl: './modal-weight.page.html',
    [7m  [0m [96m               ~~~~~~~~~~~~~~~~~~~~~~~~~~[0m
    Error occurs in the template of component ModalWeightPage.


Error: [96msrc/app/modal-weight/modal-weight.page.html[0m:[93m132[0m:[93m17[0m - [91merror[0m[90m NG8001: [0m'ion-input' is not a known element:
1. If 'ion-input' is an Angular component, then verify that it is part of this module.
2. If 'ion-input' is a Web Component then add 'CUSTOM_ELEMENTS_SCHEMA' to the '@NgModule.schemas' of this component to suppress this message.

[7m132[0m                 <ion-input type="number" [(ngModel)]="grnIndex" ></ion-input>
[7m   [0m [91m                ~~~~~~~~~~~~~~~~~~~~~~~~~~~~~~~~~~~~~~~~~~~~~~~~~[0m

  [96msrc/app/modal-weight/modal-weight.page.ts[0m:[93m24[0m:[93m16[0m
    [7m24[0m   templateUrl: './modal-weight.page.html',
    [7m  [0m [96m               ~~~~~~~~~~~~~~~~~~~~~~~~~~[0m
    Error occurs in the template of component ModalWeightPage.


Error: [96msrc/app/modal-weight/modal-weight.page.html[0m:[93m132[0m:[93m42[0m - [91merror[0m[90m NG8002: [0mCan't bind to 'ngModel' since it isn't a known property of 'ion-input'.
1. If 'ion-input' is an Angular component and it has 'ngModel' input, then verify that it is part of this module.
2. If 'ion-input' is a Web Component then add 'CUSTOM_ELEMENTS_SCHEMA' to the '@NgModule.schemas' of this component to suppress this message.
3. To allow any property add 'NO_ERRORS_SCHEMA' to the '@NgModule.schemas' of this component.

[7m132[0m                 <ion-input type="number" [(ngModel)]="grnIndex" ></ion-input>
[7m   [0m [91m                                         ~~~~~~~~~~~~~~~~~~~~~~[0m

  [96msrc/app/modal-weight/modal-weight.page.ts[0m:[93m24[0m:[93m16[0m
    [7m24[0m   templateUrl: './modal-weight.page.html',
    [7m  [0m [96m               ~~~~~~~~~~~~~~~~~~~~~~~~~~[0m
    Error occurs in the template of component ModalWeightPage.


Error: [96msrc/app/modal-weight/modal-weight.page.html[0m:[93m137[0m:[93m13[0m - [91merror[0m[90m NG8001: [0m'ion-col' is not a known element:
1. If 'ion-col' is an Angular component, then verify that it is part of this module.
2. If 'ion-col' is a Web Component then add 'CUSTOM_ELEMENTS_SCHEMA' to the '@NgModule.schemas' of this component to suppress this message.

[7m137[0m             <ion-col size="12">
[7m   [0m [91m            ~~~~~~~~~~~~~~~~~~~[0m

  [96msrc/app/modal-weight/modal-weight.page.ts[0m:[93m24[0m:[93m16[0m
    [7m24[0m   templateUrl: './modal-weight.page.html',
    [7m  [0m [96m               ~~~~~~~~~~~~~~~~~~~~~~~~~~[0m
    Error occurs in the template of component ModalWeightPage.


Error: [96msrc/app/modal-weight/modal-weight.page.html[0m:[93m138[0m:[93m15[0m - [91merror[0m[90m NG8001: [0m'ion-row' is not a known element:
1. If 'ion-row' is an Angular component, then verify that it is part of this module.
2. If 'ion-row' is a Web Component then add 'CUSTOM_ELEMENTS_SCHEMA' to the '@NgModule.schemas' of this component to suppress this message.

[7m138[0m               <ion-row *ngIf="modalData.MultipleImageUrl.length !== 0">
[7m   [0m [91m              ~~~~~~~~~~~~~~~~~~~~~~~~~~~~~~~~~~~~~~~~~~~~~~~~~~~~~~~~~[0m

  [96msrc/app/modal-weight/modal-weight.page.ts[0m:[93m24[0m:[93m16[0m
    [7m24[0m   templateUrl: './modal-weight.page.html',
    [7m  [0m [96m               ~~~~~~~~~~~~~~~~~~~~~~~~~~[0m
    Error occurs in the template of component ModalWeightPage.


Error: [96msrc/app/modal-weight/modal-weight.page.html[0m:[93m139[0m:[93m17[0m - [91merror[0m[90m NG8001: [0m'ion-col' is not a known element:
1. If 'ion-col' is an Angular component, then verify that it is part of this module.
2. If 'ion-col' is a Web Component then add 'CUSTOM_ELEMENTS_SCHEMA' to the '@NgModule.schemas' of this component to suppress this message.

[7m139[0m                 <ion-col size="12" >
[7m   [0m [91m                ~~~~~~~~~~~~~~~~~~~~[0m

  [96msrc/app/modal-weight/modal-weight.page.ts[0m:[93m24[0m:[93m16[0m
    [7m24[0m   templateUrl: './modal-weight.page.html',
    [7m  [0m [96m               ~~~~~~~~~~~~~~~~~~~~~~~~~~[0m
    Error occurs in the template of component ModalWeightPage.


Error: [96msrc/app/modal-weight/modal-weight.page.html[0m:[93m140[0m:[93m21[0m - [91merror[0m[90m NG8001: [0m'ion-slides' is not a known element:
1. If 'ion-slides' is an Angular component, then verify that it is part of this module.
2. If 'ion-slides' is a Web Component then add 'CUSTOM_ELEMENTS_SCHEMA' to the '@NgModule.schemas' of this component to suppress this message.

[7m140[0m                     <ion-slides pager="true" [options]="slideOpts">
[7m   [0m [91m                    ~~~~~~~~~~~~~~~~~~~~~~~~~~~~~~~~~~~~~~~~~~~~~~~[0m

  [96msrc/app/modal-weight/modal-weight.page.ts[0m:[93m24[0m:[93m16[0m
    [7m24[0m   templateUrl: './modal-weight.page.html',
    [7m  [0m [96m               ~~~~~~~~~~~~~~~~~~~~~~~~~~[0m
    Error occurs in the template of component ModalWeightPage.


Error: [96msrc/app/modal-weight/modal-weight.page.html[0m:[93m140[0m:[93m46[0m - [91merror[0m[90m NG8002: [0mCan't bind to 'options' since it isn't a known property of 'ion-slides'.
1. If 'ion-slides' is an Angular component and it has 'options' input, then verify that it is part of this module.
2. If 'ion-slides' is a Web Component then add 'CUSTOM_ELEMENTS_SCHEMA' to the '@NgModule.schemas' of this component to suppress this message.
3. To allow any property add 'NO_ERRORS_SCHEMA' to the '@NgModule.schemas' of this component.

[7m140[0m                     <ion-slides pager="true" [options]="slideOpts">
[7m   [0m [91m                                             ~~~~~~~~~~~~~~~~~~~~~[0m

  [96msrc/app/modal-weight/modal-weight.page.ts[0m:[93m24[0m:[93m16[0m
    [7m24[0m   templateUrl: './modal-weight.page.html',
    [7m  [0m [96m               ~~~~~~~~~~~~~~~~~~~~~~~~~~[0m
    Error occurs in the template of component ModalWeightPage.


Error: [96msrc/app/modal-weight/modal-weight.page.html[0m:[93m142[0m:[93m25[0m - [91merror[0m[90m NG8001: [0m'ion-slide' is not a known element:
1. If 'ion-slide' is an Angular component, then verify that it is part of this module.
2. If 'ion-slide' is a Web Component then add 'CUSTOM_ELEMENTS_SCHEMA' to the '@NgModule.schemas' of this component to suppress this message.

[7m142[0m                         <ion-slide class="item-slide" *ngFor="let x of modalData.MultipleImageUrl"><!-- List item images -->
[7m   [0m [91m                        ~~~~~~~~~~~~~~~~~~~~~~~~~~~~~~~~~~~~~~~~~~~~~~~~~~~~~~~~~~~~~~~~~~~~~~~~~~~[0m

  [96msrc/app/modal-weight/modal-weight.page.ts[0m:[93m24[0m:[93m16[0m
    [7m24[0m   templateUrl: './modal-weight.page.html',
    [7m  [0m [96m               ~~~~~~~~~~~~~~~~~~~~~~~~~~[0m
    Error occurs in the template of component ModalWeightPage.


Error: [96msrc/app/modal-weight/modal-weight.page.html[0m:[93m145[0m:[93m56[0m - [91merror[0m[90m NG8002: [0mCan't bind to 'ngModel' since it isn't a known property of 'textarea'.

[7m145[0m                               <textarea class="remark" [(ngModel)]="x.remark" rows="2">
[7m   [0m [91m                                                       ~~~~~~~~~~~~~~~~~~~~~~[0m

  [96msrc/app/modal-weight/modal-weight.page.ts[0m:[93m24[0m:[93m16[0m
    [7m24[0m   templateUrl: './modal-weight.page.html',
    [7m  [0m [96m               ~~~~~~~~~~~~~~~~~~~~~~~~~~[0m
    Error occurs in the template of component ModalWeightPage.


Error: [96msrc/app/modal-weight/modal-weight.page.html[0m:[93m161[0m:[93m1[0m - [91merror[0m[90m NG8001: [0m'ion-footer' is not a known element:
1. If 'ion-footer' is an Angular component, then verify that it is part of this module.
2. If 'ion-footer' is a Web Component then add 'CUSTOM_ELEMENTS_SCHEMA' to the '@NgModule.schemas' of this component to suppress this message.

[7m161[0m <ion-footer>
[7m   [0m [91m~~~~~~~~~~~~[0m

  [96msrc/app/modal-weight/modal-weight.page.ts[0m:[93m24[0m:[93m16[0m
    [7m24[0m   templateUrl: './modal-weight.page.html',
    [7m  [0m [96m               ~~~~~~~~~~~~~~~~~~~~~~~~~~[0m
    Error occurs in the template of component ModalWeightPage.


Error: [96msrc/app/modal-weight/modal-weight.page.html[0m:[93m162[0m:[93m3[0m - [91merror[0m[90m NG8001: [0m'ion-button' is not a known element:
1. If 'ion-button' is an Angular component, then verify that it is part of this module.
2. If 'ion-button' is a Web Component then add 'CUSTOM_ELEMENTS_SCHEMA' to the '@NgModule.schemas' of this component to suppress this message.

[7m162[0m   <ion-button color="danger" mode="ios" (click)="deleteItem(modalData)" expand="block">Delete Item</ion-button>
[7m   [0m [91m  ~~~~~~~~~~~~~~~~~~~~~~~~~~~~~~~~~~~~~~~~~~~~~~~~~~~~~~~~~~~~~~~~~~~~~~~~~~~~~~~~~~~~~[0m

  [96msrc/app/modal-weight/modal-weight.page.ts[0m:[93m24[0m:[93m16[0m
    [7m24[0m   templateUrl: './modal-weight.page.html',
    [7m  [0m [96m               ~~~~~~~~~~~~~~~~~~~~~~~~~~[0m
    Error occurs in the template of component ModalWeightPage.


Error: [96msrc/app/weight-detail/weight-detail.page.html[0m:[93m166[0m:[93m54[0m - [91merror[0m[90m TS2554: [0mExpected 3 arguments, but got 2.

[7m166[0m                                     <button (click)="delete_img(1,tng_img)" class="deleteImageBtn">x</button>
[7m   [0m [91m                                                     ~~~~~~~~~~[0m

  [96msrc/app/weight-detail/weight-detail.page.ts[0m:[93m24[0m:[93m15[0m
    [7m24[0m  templateUrl: './weight-detail.page.html',
    [7m  [0m [96m              ~~~~~~~~~~~~~~~~~~~~~~~~~~~[0m
    Error occurs in the template of component WeightDetailPage.


Error: [96msrc/app/weight-detail/weight-detail.page.html[0m:[93m173[0m:[93m69[0m - [91merror[0m[90m TS2554: [0mExpected 3 arguments, but got 2.

[7m173[0m                             <button class="deleteImageBtn" (click)="delete_img(1,ShowImageUrl_tng)" style="font-size: 30px; border-radius: 50%; padding: 5px 8px; top: 5%; right: 3%;">
[7m   [0m [91m                                                                    ~~~~~~~~~~[0m

  [96msrc/app/weight-detail/weight-detail.page.ts[0m:[93m24[0m:[93m15[0m
    [7m24[0m  templateUrl: './weight-detail.page.html',
    [7m  [0m [96m              ~~~~~~~~~~~~~~~~~~~~~~~~~~~[0m
    Error occurs in the template of component WeightDetailPage.


Error: [96msrc/app/weight-detail/weight-detail.page.html[0m:[93m206[0m:[93m54[0m - [91merror[0m[90m TS2554: [0mExpected 3 arguments, but got 2.

[7m206[0m                                     <button (click)="delete_img(2, do_img)" class="deleteImageBtn">x</button>
[7m   [0m [91m                                                     ~~~~~~~~~~[0m

  [96msrc/app/weight-detail/weight-detail.page.ts[0m:[93m24[0m:[93m15[0m
    [7m24[0m  templateUrl: './weight-detail.page.html',
    [7m  [0m [96m              ~~~~~~~~~~~~~~~~~~~~~~~~~~~[0m
    Error occurs in the template of component WeightDetailPage.


Error: [96msrc/app/weight-detail/weight-detail.page.html[0m:[93m213[0m:[93m69[0m - [91merror[0m[90m TS2554: [0mExpected 3 arguments, but got 2.

[7m213[0m                             <button class="deleteImageBtn" (click)="delete_img(2, ShowImageUrl_do)" style="font-size: 30px; border-radius: 50%; padding: 5px 8px; top: 5%; right: 3%;">
[7m   [0m [91m                                                                    ~~~~~~~~~~[0m

  [96msrc/app/weight-detail/weight-detail.page.ts[0m:[93m24[0m:[93m15[0m
    [7m24[0m  templateUrl: './weight-detail.page.html',
    [7m  [0m [96m              ~~~~~~~~~~~~~~~~~~~~~~~~~~~[0m
    Error occurs in the template of component WeightDetailPage.


Error: [96msrc/app/weight-detail/weight-detail.page.html[0m:[93m160[0m:[93m29[0m - [91merror[0m[90m NG8001: [0m'ion-slides' is not a known element:
1. If 'ion-slides' is an Angular component, then verify that it is part of this module.
2. If 'ion-slides' is a Web Component then add 'CUSTOM_ELEMENTS_SCHEMA' to the '@NgModule.schemas' of this component to suppress this message.

[7m160[0m                             <ion-slides pager="true" [options]="slideOpts">
[7m   [0m [91m                            ~~~~~~~~~~~~~~~~~~~~~~~~~~~~~~~~~~~~~~~~~~~~~~~[0m

  [96msrc/app/weight-detail/weight-detail.page.ts[0m:[93m24[0m:[93m15[0m
    [7m24[0m  templateUrl: './weight-detail.page.html',
    [7m  [0m [96m              ~~~~~~~~~~~~~~~~~~~~~~~~~~~[0m
    Error occurs in the template of component WeightDetailPage.


Error: [96msrc/app/weight-detail/weight-detail.page.html[0m:[93m160[0m:[93m54[0m - [91merror[0m[90m NG8002: [0mCan't bind to 'options' since it isn't a known property of 'ion-slides'.
1. If 'ion-slides' is an Angular component and it has 'options' input, then verify that it is part of this module.
2. If 'ion-slides' is a Web Component then add 'CUSTOM_ELEMENTS_SCHEMA' to the '@NgModule.schemas' of this component to suppress this message.
3. To allow any property add 'NO_ERRORS_SCHEMA' to the '@NgModule.schemas' of this component.

[7m160[0m                             <ion-slides pager="true" [options]="slideOpts">
[7m   [0m [91m                                                     ~~~~~~~~~~~~~~~~~~~~~[0m

  [96msrc/app/weight-detail/weight-detail.page.ts[0m:[93m24[0m:[93m15[0m
    [7m24[0m  templateUrl: './weight-detail.page.html',
    [7m  [0m [96m              ~~~~~~~~~~~~~~~~~~~~~~~~~~~[0m
    Error occurs in the template of component WeightDetailPage.


Error: [96msrc/app/weight-detail/weight-detail.page.html[0m:[93m162[0m:[93m33[0m - [91merror[0m[90m NG8001: [0m'ion-slide' is not a known element:
1. If 'ion-slide' is an Angular component, then verify that it is part of this module.
2. If 'ion-slide' is a Web Component then add 'CUSTOM_ELEMENTS_SCHEMA' to the '@NgModule.schemas' of this component to suppress this message.

[7m162[0m                                 <ion-slide class="item-slide" *ngFor="let tng_img of grnData.MultipleImageUrl_tng"><!-- List item images -->
[7m   [0m [91m                                ~~~~~~~~~~~~~~~~~~~~~~~~~~~~~~~~~~~~~~~~~~~~~~~~~~~~~~~~~~~~~~~~~~~~~~~~~~~~~~~~~~~[0m

  [96msrc/app/weight-detail/weight-detail.page.ts[0m:[93m24[0m:[93m15[0m
    [7m24[0m  templateUrl: './weight-detail.page.html',
    [7m  [0m [96m              ~~~~~~~~~~~~~~~~~~~~~~~~~~~[0m
    Error occurs in the template of component WeightDetailPage.


Error: [96msrc/app/weight-detail/weight-detail.page.html[0m:[93m200[0m:[93m29[0m - [91merror[0m[90m NG8001: [0m'ion-slides' is not a known element:
1. If 'ion-slides' is an Angular component, then verify that it is part of this module.
2. If 'ion-slides' is a Web Component then add 'CUSTOM_ELEMENTS_SCHEMA' to the '@NgModule.schemas' of this component to suppress this message.

[7m200[0m                             <ion-slides pager="true" [options]="slideOpts">
[7m   [0m [91m                            ~~~~~~~~~~~~~~~~~~~~~~~~~~~~~~~~~~~~~~~~~~~~~~~[0m

  [96msrc/app/weight-detail/weight-detail.page.ts[0m:[93m24[0m:[93m15[0m
    [7m24[0m  templateUrl: './weight-detail.page.html',
    [7m  [0m [96m              ~~~~~~~~~~~~~~~~~~~~~~~~~~~[0m
    Error occurs in the template of component WeightDetailPage.


Error: [96msrc/app/weight-detail/weight-detail.page.html[0m:[93m200[0m:[93m54[0m - [91merror[0m[90m NG8002: [0mCan't bind to 'options' since it isn't a known property of 'ion-slides'.
1. If 'ion-slides' is an Angular component and it has 'options' input, then verify that it is part of this module.
2. If 'ion-slides' is a Web Component then add 'CUSTOM_ELEMENTS_SCHEMA' to the '@NgModule.schemas' of this component to suppress this message.
3. To allow any property add 'NO_ERRORS_SCHEMA' to the '@NgModule.schemas' of this component.

[7m200[0m                             <ion-slides pager="true" [options]="slideOpts">
[7m   [0m [91m                                                     ~~~~~~~~~~~~~~~~~~~~~[0m

  [96msrc/app/weight-detail/weight-detail.page.ts[0m:[93m24[0m:[93m15[0m
    [7m24[0m  templateUrl: './weight-detail.page.html',
    [7m  [0m [96m              ~~~~~~~~~~~~~~~~~~~~~~~~~~~[0m
    Error occurs in the template of component WeightDetailPage.


Error: [96msrc/app/weight-detail/weight-detail.page.html[0m:[93m202[0m:[93m33[0m - [91merror[0m[90m NG8001: [0m'ion-slide' is not a known element:
1. If 'ion-slide' is an Angular component, then verify that it is part of this module.
2. If 'ion-slide' is a Web Component then add 'CUSTOM_ELEMENTS_SCHEMA' to the '@NgModule.schemas' of this component to suppress this message.

[7m202[0m                                 <ion-slide class="item-slide" *ngFor="let do_img of MultipleImageUrl_DO"><!-- List item images -->
[7m   [0m [91m                                ~~~~~~~~~~~~~~~~~~~~~~~~~~~~~~~~~~~~~~~~~~~~~~~~~~~~~~~~~~~~~~~~~~~~~~~~~[0m

  [96msrc/app/weight-detail/weight-detail.page.ts[0m:[93m24[0m:[93m15[0m
    [7m24[0m  templateUrl: './weight-detail.page.html',
    [7m  [0m [96m              ~~~~~~~~~~~~~~~~~~~~~~~~~~~[0m
    Error occurs in the template of component WeightDetailPage.


Error: [96msrc/app/weight-detail/weight-detail.page.html[0m:[93m234[0m:[93m33[0m - [91merror[0m[90m NG8001: [0m'ion-slides' is not a known element:
1. If 'ion-slides' is an Angular component, then verify that it is part of this module.
2. If 'ion-slides' is a Web Component then add 'CUSTOM_ELEMENTS_SCHEMA' to the '@NgModule.schemas' of this component to suppress this message.

[7m234[0m                                 <ion-slides pager="true" [options]="slideOpts">
[7m   [0m [91m                                ~~~~~~~~~~~~~~~~~~~~~~~~~~~~~~~~~~~~~~~~~~~~~~~[0m

  [96msrc/app/weight-detail/weight-detail.page.ts[0m:[93m24[0m:[93m15[0m
    [7m24[0m  templateUrl: './weight-detail.page.html',
    [7m  [0m [96m              ~~~~~~~~~~~~~~~~~~~~~~~~~~~[0m
    Error occurs in the template of component WeightDetailPage.


Error: [96msrc/app/weight-detail/weight-detail.page.html[0m:[93m234[0m:[93m58[0m - [91merror[0m[90m NG8002: [0mCan't bind to 'options' since it isn't a known property of 'ion-slides'.
1. If 'ion-slides' is an Angular component and it has 'options' input, then verify that it is part of this module.
2. If 'ion-slides' is a Web Component then add 'CUSTOM_ELEMENTS_SCHEMA' to the '@NgModule.schemas' of this component to suppress this message.
3. To allow any property add 'NO_ERRORS_SCHEMA' to the '@NgModule.schemas' of this component.

[7m234[0m                                 <ion-slides pager="true" [options]="slideOpts">
[7m   [0m [91m                                                         ~~~~~~~~~~~~~~~~~~~~~[0m

  [96msrc/app/weight-detail/weight-detail.page.ts[0m:[93m24[0m:[93m15[0m
    [7m24[0m  templateUrl: './weight-detail.page.html',
    [7m  [0m [96m              ~~~~~~~~~~~~~~~~~~~~~~~~~~~[0m
    Error occurs in the template of component WeightDetailPage.


Error: [96msrc/app/weight-detail/weight-detail.page.html[0m:[93m236[0m:[93m37[0m - [91merror[0m[90m NG8001: [0m'ion-slide' is not a known element:
1. If 'ion-slide' is an Angular component, then verify that it is part of this module.
2. If 'ion-slide' is a Web Component then add 'CUSTOM_ELEMENTS_SCHEMA' to the '@NgModule.schemas' of this component to suppress this message.

[7m236[0m                                     <ion-slide class="item-slide" *ngFor="let x of item.MultipleImageUrl"><!-- List item images -->
[7m   [0m [91m                                    ~~~~~~~~~~~~~~~~~~~~~~~~~~~~~~~~~~~~~~~~~~~~~~~~~~~~~~~~~~~~~~~~~~~~~~[0m

  [96msrc/app/weight-detail/weight-detail.page.ts[0m:[93m24[0m:[93m15[0m
    [7m24[0m  templateUrl: './weight-detail.page.html',
    [7m  [0m [96m              ~~~~~~~~~~~~~~~~~~~~~~~~~~~[0m
    Error occurs in the template of component WeightDetailPage.


Error: [96msrc/app/test/test.page.html[0m:[93m146[0m:[93m36[0m - [91merror[0m[90m TS2571: [0mObject is of type 'unknown'.

[7m146[0m           <td>{{keyValuePair.value.gold_name }}</td>
[7m   [0m [91m                                   ~~~~~~~~~[0m

  [96msrc/app/test/test.page.ts[0m:[93m17[0m:[93m16[0m
    [7m17[0m   templateUrl: './test.page.html',
    [7m  [0m [96m               ~~~~~~~~~~~~~~~~~~[0m
    Error occurs in the template of component TestPage.


Error: [96msrc/app/test/test.page.html[0m:[93m147[0m:[93m36[0m - [91merror[0m[90m TS2571: [0mObject is of type 'unknown'.

[7m147[0m           <td>{{keyValuePair.value.gram | number :'.2'}}</td>
[7m   [0m [91m                                   ~~~~[0m

  [96msrc/app/test/test.page.ts[0m:[93m17[0m:[93m16[0m
    [7m17[0m   templateUrl: './test.page.html',
    [7m  [0m [96m               ~~~~~~~~~~~~~~~~~~[0m
    Error occurs in the template of component TestPage.


Error: [96msrc/app/test/test.page.html[0m:[93m148[0m:[93m36[0m - [91merror[0m[90m TS2571: [0mObject is of type 'unknown'.

[7m148[0m           <td>{{keyValuePair.value.gold_pure_percent}}</td>
[7m   [0m [91m                                   ~~~~~~~~~~~~~~~~~[0m

  [96msrc/app/test/test.page.ts[0m:[93m17[0m:[93m16[0m
    [7m17[0m   templateUrl: './test.page.html',
    [7m  [0m [96m               ~~~~~~~~~~~~~~~~~~[0m
    Error occurs in the template of component TestPage.


Error: [96msrc/app/test/test.page.html[0m:[93m149[0m:[93m36[0m - [91merror[0m[90m TS2571: [0mObject is of type 'unknown'.

[7m149[0m           <td>{{keyValuePair.value.XAU_amount | number :'.3'}}</td>
[7m   [0m [91m                                   ~~~~~~~~~~[0m

  [96msrc/app/test/test.page.ts[0m:[93m17[0m:[93m16[0m
    [7m17[0m   templateUrl: './test.page.html',
    [7m  [0m [96m               ~~~~~~~~~~~~~~~~~~[0m
    Error occurs in the template of component TestPage.


Error: [96msrc/app/modal-test/modal-test.page.html[0m:[93m136[0m:[93m55[0m - [91merror[0m[90m TS2339: [0mProperty 'slideOpts' does not exist on type 'ModalTestPage'.

[7m136[0m                   <ion-slides pager="true" [options]="slideOpts">
[7m   [0m [91m                                                      ~~~~~~~~~[0m

  [96msrc/app/modal-test/modal-test.page.ts[0m:[93m25[0m:[93m16[0m
    [7m25[0m   templateUrl: './modal-test.page.html',
    [7m  [0m [96m               ~~~~~~~~~~~~~~~~~~~~~~~~[0m
    Error occurs in the template of component ModalTestPage.


Error: [96msrc/app/modal-test/modal-test.page.html[0m:[93m136[0m:[93m19[0m - [91merror[0m[90m NG8001: [0m'ion-slides' is not a known element:
1. If 'ion-slides' is an Angular component, then verify that it is part of this module.
2. If 'ion-slides' is a Web Component then add 'CUSTOM_ELEMENTS_SCHEMA' to the '@NgModule.schemas' of this component to suppress this message.

[7m136[0m                   <ion-slides pager="true" [options]="slideOpts">
[7m   [0m [91m                  ~~~~~~~~~~~~~~~~~~~~~~~~~~~~~~~~~~~~~~~~~~~~~~~[0m

  [96msrc/app/modal-test/modal-test.page.ts[0m:[93m25[0m:[93m16[0m
    [7m25[0m   templateUrl: './modal-test.page.html',
    [7m  [0m [96m               ~~~~~~~~~~~~~~~~~~~~~~~~[0m
    Error occurs in the template of component ModalTestPage.


Error: [96msrc/app/modal-test/modal-test.page.html[0m:[93m136[0m:[93m44[0m - [91merror[0m[90m NG8002: [0mCan't bind to 'options' since it isn't a known property of 'ion-slides'.
1. If 'ion-slides' is an Angular component and it has 'options' input, then verify that it is part of this module.
2. If 'ion-slides' is a Web Component then add 'CUSTOM_ELEMENTS_SCHEMA' to the '@NgModule.schemas' of this component to suppress this message.
3. To allow any property add 'NO_ERRORS_SCHEMA' to the '@NgModule.schemas' of this component.

[7m136[0m                   <ion-slides pager="true" [options]="slideOpts">
[7m   [0m [91m                                           ~~~~~~~~~~~~~~~~~~~~~[0m

  [96msrc/app/modal-test/modal-test.page.ts[0m:[93m25[0m:[93m16[0m
    [7m25[0m   templateUrl: './modal-test.page.html',
    [7m  [0m [96m               ~~~~~~~~~~~~~~~~~~~~~~~~[0m
    Error occurs in the template of component ModalTestPage.


Error: [96msrc/app/modal-test/modal-test.page.html[0m:[93m138[0m:[93m23[0m - [91merror[0m[90m NG8001: [0m'ion-slide' is not a known element:
1. If 'ion-slide' is an Angular component, then verify that it is part of this module.
2. If 'ion-slide' is a Web Component then add 'CUSTOM_ELEMENTS_SCHEMA' to the '@NgModule.schemas' of this component to suppress this message.

[7m138[0m                       <ion-slide class="item-slide" *ngFor="let x of modalData.MultipleImageUrl"><!-- List item images -->
[7m   [0m [91m                      ~~~~~~~~~~~~~~~~~~~~~~~~~~~~~~~~~~~~~~~~~~~~~~~~~~~~~~~~~~~~~~~~~~~~~~~~~~~[0m

  [96msrc/app/modal-test/modal-test.page.ts[0m:[93m25[0m:[93m16[0m
    [7m25[0m   templateUrl: './modal-test.page.html',
    [7m  [0m [96m               ~~~~~~~~~~~~~~~~~~~~~~~~[0m
    Error occurs in the template of component ModalTestPage.


Error: [96msrc/app/test-detail/test-detail.page.html[0m:[93m146[0m:[93m29[0m - [91merror[0m[90m NG8001: [0m'ion-slides' is not a known element:
1. If 'ion-slides' is an Angular component, then verify that it is part of this module.
2. If 'ion-slides' is a Web Component then add 'CUSTOM_ELEMENTS_SCHEMA' to the '@NgModule.schemas' of this component to suppress this message.

[7m146[0m                             <ion-slides pager="true" [options]="slideOpts">
[7m   [0m [91m                            ~~~~~~~~~~~~~~~~~~~~~~~~~~~~~~~~~~~~~~~~~~~~~~~[0m

  [96msrc/app/test-detail/test-detail.page.ts[0m:[93m25[0m:[93m15[0m
    [7m25[0m  templateUrl: './test-detail.page.html',
    [7m  [0m [96m              ~~~~~~~~~~~~~~~~~~~~~~~~~[0m
    Error occurs in the template of component TestDetailPage.


Error: [96msrc/app/test-detail/test-detail.page.html[0m:[93m146[0m:[93m54[0m - [91merror[0m[90m NG8002: [0mCan't bind to 'options' since it isn't a known property of 'ion-slides'.
1. If 'ion-slides' is an Angular component and it has 'options' input, then verify that it is part of this module.
2. If 'ion-slides' is a Web Component then add 'CUSTOM_ELEMENTS_SCHEMA' to the '@NgModule.schemas' of this component to suppress this message.
3. To allow any property add 'NO_ERRORS_SCHEMA' to the '@NgModule.schemas' of this component.

[7m146[0m                             <ion-slides pager="true" [options]="slideOpts">
[7m   [0m [91m                                                     ~~~~~~~~~~~~~~~~~~~~~[0m

  [96msrc/app/test-detail/test-detail.page.ts[0m:[93m25[0m:[93m15[0m
    [7m25[0m  templateUrl: './test-detail.page.html',
    [7m  [0m [96m              ~~~~~~~~~~~~~~~~~~~~~~~~~[0m
    Error occurs in the template of component TestDetailPage.


Error: [96msrc/app/test-detail/test-detail.page.html[0m:[93m148[0m:[93m33[0m - [91merror[0m[90m NG8001: [0m'ion-slide' is not a known element:
1. If 'ion-slide' is an Angular component, then verify that it is part of this module.
2. If 'ion-slide' is a Web Component then add 'CUSTOM_ELEMENTS_SCHEMA' to the '@NgModule.schemas' of this component to suppress this message.

[7m148[0m                                 <ion-slide class="item-slide" *ngFor="let tng_img of grnData.MultipleImageUrl_tng"><!-- List item images -->
[7m   [0m [91m                                ~~~~~~~~~~~~~~~~~~~~~~~~~~~~~~~~~~~~~~~~~~~~~~~~~~~~~~~~~~~~~~~~~~~~~~~~~~~~~~~~~~~[0m

  [96msrc/app/test-detail/test-detail.page.ts[0m:[93m25[0m:[93m15[0m
    [7m25[0m  templateUrl: './test-detail.page.html',
    [7m  [0m [96m              ~~~~~~~~~~~~~~~~~~~~~~~~~[0m
    Error occurs in the template of component TestDetailPage.


Error: [96msrc/app/test-detail/test-detail.page.html[0m:[93m180[0m:[93m33[0m - [91merror[0m[90m NG8001: [0m'ion-slides' is not a known element:
1. If 'ion-slides' is an Angular component, then verify that it is part of this module.
2. If 'ion-slides' is a Web Component then add 'CUSTOM_ELEMENTS_SCHEMA' to the '@NgModule.schemas' of this component to suppress this message.

[7m180[0m                                 <ion-slides pager="true" [options]="slideOpts">
[7m   [0m [91m                                ~~~~~~~~~~~~~~~~~~~~~~~~~~~~~~~~~~~~~~~~~~~~~~~[0m

  [96msrc/app/test-detail/test-detail.page.ts[0m:[93m25[0m:[93m15[0m
    [7m25[0m  templateUrl: './test-detail.page.html',
    [7m  [0m [96m              ~~~~~~~~~~~~~~~~~~~~~~~~~[0m
    Error occurs in the template of component TestDetailPage.


Error: [96msrc/app/test-detail/test-detail.page.html[0m:[93m180[0m:[93m58[0m - [91merror[0m[90m NG8002: [0mCan't bind to 'options' since it isn't a known property of 'ion-slides'.
1. If 'ion-slides' is an Angular component and it has 'options' input, then verify that it is part of this module.
2. If 'ion-slides' is a Web Component then add 'CUSTOM_ELEMENTS_SCHEMA' to the '@NgModule.schemas' of this component to suppress this message.
3. To allow any property add 'NO_ERRORS_SCHEMA' to the '@NgModule.schemas' of this component.

[7m180[0m                                 <ion-slides pager="true" [options]="slideOpts">
[7m   [0m [91m                                                         ~~~~~~~~~~~~~~~~~~~~~[0m

  [96msrc/app/test-detail/test-detail.page.ts[0m:[93m25[0m:[93m15[0m
    [7m25[0m  templateUrl: './test-detail.page.html',
    [7m  [0m [96m              ~~~~~~~~~~~~~~~~~~~~~~~~~[0m
    Error occurs in the template of component TestDetailPage.


Error: [96msrc/app/test-detail/test-detail.page.html[0m:[93m182[0m:[93m37[0m - [91merror[0m[90m NG8001: [0m'ion-slide' is not a known element:
1. If 'ion-slide' is an Angular component, then verify that it is part of this module.
2. If 'ion-slide' is a Web Component then add 'CUSTOM_ELEMENTS_SCHEMA' to the '@NgModule.schemas' of this component to suppress this message.

[7m182[0m                                     <ion-slide class="item-slide" *ngFor="let x of item.MultipleImageUrl"><!-- List item images -->
[7m   [0m [91m                                    ~~~~~~~~~~~~~~~~~~~~~~~~~~~~~~~~~~~~~~~~~~~~~~~~~~~~~~~~~~~~~~~~~~~~~~[0m

  [96msrc/app/test-detail/test-detail.page.ts[0m:[93m25[0m:[93m15[0m
    [7m25[0m  templateUrl: './test-detail.page.html',
    [7m  [0m [96m              ~~~~~~~~~~~~~~~~~~~~~~~~~[0m
    Error occurs in the template of component TestDetailPage.


Error: [96msrc/app/request-order/request-order.page.html[0m:[93m17[0m:[93m146[0m - [91merror[0m[90m TS2554: [0mExpected 2 arguments, but got 1.

[7m17[0m           <div class="productdetail" [ngStyle]="{'border-bottom': configData.current_tab == item.key ? '1px solid lightgray' : 'none'}" (click)="set_current_tab(item.key)">
[7m  [0m [91m                                                                                                                                                 ~~~~~~~~~~~~~~~[0m

  [96msrc/app/request-order/request-order.page.ts[0m:[93m17[0m:[93m16[0m
    [7m17[0m   templateUrl: './request-order.page.html',
    [7m  [0m [96m               ~~~~~~~~~~~~~~~~~~~~~~~~~~~[0m
    Error occurs in the template of component RequestOrderPage.


Error: [96msrc/app/request-order/request-order.page.html[0m:[93m20[0m:[93m146[0m - [91merror[0m[90m TS2339: [0mProperty 'qty' does not exist on type '0 | (() => string) | { (): string; (locales: string | string[], options?: (NumberFormatOptions & DateTimeFormatOptions) | undefined): string; } | ... 31 more ... | { ...; }'.
  Property 'qty' does not exist on type '0'.

[7m20[0m                   <div style="display: inline-block; font-size: 16px; padding-top: 20px; padding-bottom: 20px;">{{item.key}} <span>({{item.value.qty}})</span></div>
[7m  [0m [91m                                                                                                                                                 ~~~[0m

  [96msrc/app/request-order/request-order.page.ts[0m:[93m17[0m:[93m16[0m
    [7m17[0m   templateUrl: './request-order.page.html',
    [7m  [0m [96m               ~~~~~~~~~~~~~~~~~~~~~~~~~~~[0m
    Error occurs in the template of component RequestOrderPage.


Error: [96msrc/app/request-order/request-order.page.html[0m:[93m26[0m:[93m53[0m - [91merror[0m[90m TS2339: [0mProperty 'customerDataList' does not exist on type '0 | (() => string) | { (): string; (locales: string | string[], options?: (NumberFormatOptions & DateTimeFormatOptions) | undefined): string; } | ... 31 more ... | { ...; }'.
  Property 'customerDataList' does not exist on type '0'.

[7m26[0m             *ngFor="let requested_job of item.value.customerDataList | keyvalue; let lastItem = last;"
[7m  [0m [91m                                                    ~~~~~~~~~~~~~~~~[0m

  [96msrc/app/request-order/request-order.page.ts[0m:[93m17[0m:[93m16[0m
    [7m17[0m   templateUrl: './request-order.page.html',
    [7m  [0m [96m               ~~~~~~~~~~~~~~~~~~~~~~~~~~~[0m
    Error occurs in the template of component RequestOrderPage.


Error: [96msrc/app/request-order/request-order.page.html[0m:[93m30[0m:[93m202[0m - [91merror[0m[90m TS2571: [0mObject is of type 'unknown'.

[7m30[0m                   <span class="label" style="background-color: transparent; margin-left: 0px; padding-left: 0px; font-weight: bold; font-size: 14px; max-width: 80%;">Ordered By : {{requested_job.value.customerName}}</span>
[7m  [0m [91m                                                                                                                                                                                                         ~~~~~~~~~~~~[0m

  [96msrc/app/request-order/request-order.page.ts[0m:[93m17[0m:[93m16[0m
    [7m17[0m   templateUrl: './request-order.page.html',
    [7m  [0m [96m               ~~~~~~~~~~~~~~~~~~~~~~~~~~~[0m
    Error occurs in the template of component RequestOrderPage.


Error: [96msrc/app/request-order/request-order.page.html[0m:[93m32[0m:[93m209[0m - [91merror[0m[90m TS2571: [0mObject is of type 'unknown'.

[7m32[0m                     <span class="label" style="background-color: transparent; margin-left: 0px; padding-left: 0px; font-weight: bold; font-size: 13px; max-width: 80%;">Rider Requested : {{requested_job.value.rider_name}}</span>
[7m  [0m [91m                                                                                                                                                                                                                ~~~~~~~~~~[0m

  [96msrc/app/request-order/request-order.page.ts[0m:[93m17[0m:[93m16[0m
    [7m17[0m   templateUrl: './request-order.page.html',
    [7m  [0m [96m               ~~~~~~~~~~~~~~~~~~~~~~~~~~~[0m
    Error occurs in the template of component RequestOrderPage.


Error: [96msrc/app/request-order/request-order.page.html[0m:[93m35[0m:[93m243[0m - [91merror[0m[90m TS2571: [0mObject is of type 'unknown'.

[7m35[0m                     <span style="color: white; background-color: rgba(255, 0, 0, 0.5); border:1px solid rgba(255, 0, 0, 0.5); border-radius: 5px; padding: 5px; font-size: 12px; font-weight: 600; margin-right: 5px;" *ngIf="requested_job.value.urgency_status">{{requested_job.value.urgency_status}}</span>
[7m  [0m [91m                                                                                                                                                                                                                                                  ~~~~~~~~~~~~~~[0m

  [96msrc/app/request-order/request-order.page.ts[0m:[93m17[0m:[93m16[0m
    [7m17[0m   templateUrl: './request-order.page.html',
    [7m  [0m [96m               ~~~~~~~~~~~~~~~~~~~~~~~~~~~[0m
    Error occurs in the template of component RequestOrderPage.


Error: [96msrc/app/request-order/request-order.page.html[0m:[93m35[0m:[93m281[0m - [91merror[0m[90m TS2571: [0mObject is of type 'unknown'.

[7m35[0m                     <span style="color: white; background-color: rgba(255, 0, 0, 0.5); border:1px solid rgba(255, 0, 0, 0.5); border-radius: 5px; padding: 5px; font-size: 12px; font-weight: 600; margin-right: 5px;" *ngIf="requested_job.value.urgency_status">{{requested_job.value.urgency_status}}</span>
[7m  [0m [91m                                                                                                                                                                                                                                                                                        ~~~~~~~~~~~~~~[0m

  [96msrc/app/request-order/request-order.page.ts[0m:[93m17[0m:[93m16[0m
    [7m17[0m   templateUrl: './request-order.page.html',
    [7m  [0m [96m               ~~~~~~~~~~~~~~~~~~~~~~~~~~~[0m
    Error occurs in the template of component RequestOrderPage.


Error: [96msrc/app/request-order/request-order.page.html[0m:[93m36[0m:[93m196[0m - [91merror[0m[90m TS2571: [0mObject is of type 'unknown'.

[7m36[0m                     <span style="color: white; background-color: orange; border:1px solid orange; border-radius: 5px; padding: 5px; font-size: 12px; font-weight: 600;" *ngIf="requested_job.value.oldest_po_status">{{requested_job.value.oldest_po_status}}</span>
[7m  [0m [91m                                                                                                                                                                                                   ~~~~~~~~~~~~~~~~[0m

  [96msrc/app/request-order/request-order.page.ts[0m:[93m17[0m:[93m16[0m
    [7m17[0m   templateUrl: './request-order.page.html',
    [7m  [0m [96m               ~~~~~~~~~~~~~~~~~~~~~~~~~~~[0m
    Error occurs in the template of component RequestOrderPage.


Error: [96msrc/app/request-order/request-order.page.html[0m:[93m36[0m:[93m236[0m - [91merror[0m[90m TS2571: [0mObject is of type 'unknown'.

[7m36[0m                     <span style="color: white; background-color: orange; border:1px solid orange; border-radius: 5px; padding: 5px; font-size: 12px; font-weight: 600;" *ngIf="requested_job.value.oldest_po_status">{{requested_job.value.oldest_po_status}}</span>
[7m  [0m [91m                                                                                                                                                                                                                                           ~~~~~~~~~~~~~~~~[0m

  [96msrc/app/request-order/request-order.page.ts[0m:[93m17[0m:[93m16[0m
    [7m17[0m   templateUrl: './request-order.page.html',
    [7m  [0m [96m               ~~~~~~~~~~~~~~~~~~~~~~~~~~~[0m
    Error occurs in the template of component RequestOrderPage.


Error: [96msrc/app/request-order/request-order.page.html[0m:[93m41[0m:[93m96[0m - [91merror[0m[90m TS2571: [0mObject is of type 'unknown'.

[7m41[0m                   <span style="font-weight: 600;">Address : </span><span>{{requested_job.value.customerCity}} {{requested_job.value.customerState}}</span>
[7m  [0m [91m                                                                                               ~~~~~~~~~~~~[0m

  [96msrc/app/request-order/request-order.page.ts[0m:[93m17[0m:[93m16[0m
    [7m17[0m   templateUrl: './request-order.page.html',
    [7m  [0m [96m               ~~~~~~~~~~~~~~~~~~~~~~~~~~~[0m
    Error occurs in the template of component RequestOrderPage.


Error: [96msrc/app/request-order/request-order.page.html[0m:[93m41[0m:[93m133[0m - [91merror[0m[90m TS2571: [0mObject is of type 'unknown'.

[7m41[0m                   <span style="font-weight: 600;">Address : </span><span>{{requested_job.value.customerCity}} {{requested_job.value.customerState}}</span>
[7m  [0m [91m                                                                                                                                    ~~~~~~~~~~~~~[0m

  [96msrc/app/request-order/request-order.page.ts[0m:[93m17[0m:[93m16[0m
    [7m17[0m   templateUrl: './request-order.page.html',
    [7m  [0m [96m               ~~~~~~~~~~~~~~~~~~~~~~~~~~~[0m
    Error occurs in the template of component RequestOrderPage.


Error: [96msrc/app/request-order/request-order.page.html[0m:[93m60[0m:[93m64[0m - [91merror[0m[90m TS2554: [0mExpected 2 arguments, but got 1.

[7m60[0m             <h5 class="txt400" style="margin-top: 0;" (click)="set_current_tab(item.key)">
[7m  [0m [91m                                                               ~~~~~~~~~~~~~~~[0m

  [96msrc/app/request-order/request-order.page.ts[0m:[93m17[0m:[93m16[0m
    [7m17[0m   templateUrl: './request-order.page.html',
    [7m  [0m [96m               ~~~~~~~~~~~~~~~~~~~~~~~~~~~[0m
    Error occurs in the template of component RequestOrderPage.


Error: [96msrc/app/request-order/request-order.page.html[0m:[93m62[0m:[93m165[0m - [91merror[0m[90m TS2339: [0mProperty 'qty' does not exist on type '0 | (() => string) | { (): string; (locales: string | string[], options?: (NumberFormatOptions & DateTimeFormatOptions) | undefined): string; } | ... 31 more ... | { ...; }'.
  Property 'qty' does not exist on type '0'.

[7m62[0m                   <div style="display: inline-block; font-size: 16px; padding-top: 20px; padding-bottom: 20px; font-weight: bold;">{{item.key}} <span>({{item.value.qty}})</span></div>
[7m  [0m [91m                                                                                                                                                                    ~~~[0m

  [96msrc/app/request-order/request-order.page.ts[0m:[93m17[0m:[93m16[0m
    [7m17[0m   templateUrl: './request-order.page.html',
    [7m  [0m [96m               ~~~~~~~~~~~~~~~~~~~~~~~~~~~[0m
    Error occurs in the template of component RequestOrderPage.


Error: [96msrc/app/request-order/request-order.page.html[0m:[93m67[0m:[93m69[0m - [91merror[0m[90m TS2339: [0mProperty 'stateList' does not exist on type '0 | (() => string) | { (): string; (locales: string | string[], options?: (NumberFormatOptions & DateTimeFormatOptions) | undefined): string; } | ... 31 more ... | { ...; }'.
  Property 'stateList' does not exist on type '0'.

[7m67[0m             <div class="productdetail" *ngFor="let so of item.value.stateList | keyvalue; let lastItem = last;" [ngStyle]="{'border-bottom': configData.current_tab == item.key ? '1px solid lightgray' : 'none'}" >
[7m  [0m [91m                                                                    ~~~~~~~~~[0m

  [96msrc/app/request-order/request-order.page.ts[0m:[93m17[0m:[93m16[0m
    [7m17[0m   templateUrl: './request-order.page.html',
    [7m  [0m [96m               ~~~~~~~~~~~~~~~~~~~~~~~~~~~[0m
    Error occurs in the template of component RequestOrderPage.


Error: [96msrc/app/request-order/request-order.page.html[0m:[93m70[0m:[93m144[0m - [91merror[0m[90m TS2571: [0mObject is of type 'unknown'.

[7m70[0m                     <div style="display: inline-block; font-size: 14px; padding-top: 20px; padding-bottom: 20px;">{{so.key}} <span>({{so.value.qty}})</span></div>
[7m  [0m [91m                                                                                                                                               ~~~[0m

  [96msrc/app/request-order/request-order.page.ts[0m:[93m17[0m:[93m16[0m
    [7m17[0m   templateUrl: './request-order.page.html',
    [7m  [0m [96m               ~~~~~~~~~~~~~~~~~~~~~~~~~~~[0m
    Error occurs in the template of component RequestOrderPage.


Error: [96msrc/app/request-order/request-order.page.html[0m:[93m75[0m:[93m48[0m - [91merror[0m[90m TS2571: [0mObject is of type 'unknown'.

[7m75[0m                 *ngFor="let soData of so.value.customerDataList | keyvalue; let lastItem = last; let firstItem = first;"
[7m  [0m [91m                                               ~~~~~~~~~~~~~~~~[0m

  [96msrc/app/request-order/request-order.page.ts[0m:[93m17[0m:[93m16[0m
    [7m17[0m   templateUrl: './request-order.page.html',
    [7m  [0m [96m               ~~~~~~~~~~~~~~~~~~~~~~~~~~~[0m
    Error occurs in the template of component RequestOrderPage.


Error: [96msrc/app/request-order/request-order.page.html[0m:[93m79[0m:[93m186[0m - [91merror[0m[90m TS2571: [0mObject is of type 'unknown'.

[7m79[0m                       <span class="label" style="background-color: transparent; margin-left: 0px; padding-left: 0px; font-weight: bold; font-size: 16px; max-width: 80%;">{{soData.value.tracking_no}}</span>
[7m  [0m [91m                                                                                                                                                                                         ~~~~~~~~~~~[0m

  [96msrc/app/request-order/request-order.page.ts[0m:[93m17[0m:[93m16[0m
    [7m17[0m   templateUrl: './request-order.page.html',
    [7m  [0m [96m               ~~~~~~~~~~~~~~~~~~~~~~~~~~~[0m
    Error occurs in the template of component RequestOrderPage.


Error: [96msrc/app/request-order/request-order.page.html[0m:[93m80[0m:[93m197[0m - [91merror[0m[90m TS2571: [0mObject is of type 'unknown'.

[7m80[0m                       <div class="label" style="background-color: transparent; margin-left: 0px; padding-left: 0px; font-size: 14px; font-weight: 600; max-width: 80%;">Ordered By : {{soData.value.customerName}}</div>
[7m  [0m [91m                                                                                                                                                                                                    ~~~~~~~~~~~~[0m

  [96msrc/app/request-order/request-order.page.ts[0m:[93m17[0m:[93m16[0m
    [7m17[0m   templateUrl: './request-order.page.html',
    [7m  [0m [96m               ~~~~~~~~~~~~~~~~~~~~~~~~~~~[0m
    Error occurs in the template of component RequestOrderPage.


Error: [96msrc/app/request-order/request-order.page.html[0m:[93m82[0m:[93m206[0m - [91merror[0m[90m TS2571: [0mObject is of type 'unknown'.

[7m82[0m                         <span class="label" style="background-color: transparent; margin-left: 0px; padding-left: 0px; font-weight: bold; font-size: 13px; max-width: 80%;">Rider Requested : {{soData.value.rider_name}}</span>
[7m  [0m [91m                                                                                                                                                                                                             ~~~~~~~~~~[0m

  [96msrc/app/request-order/request-order.page.ts[0m:[93m17[0m:[93m16[0m
    [7m17[0m   templateUrl: './request-order.page.html',
    [7m  [0m [96m               ~~~~~~~~~~~~~~~~~~~~~~~~~~~[0m
    Error occurs in the template of component RequestOrderPage.


Error: [96msrc/app/request-order/request-order.page.html[0m:[93m85[0m:[93m241[0m - [91merror[0m[90m TS2571: [0mObject is of type 'unknown'.

[7m85[0m                         <span style="color: white; background-color: rgba(128, 3, 3, 0.5); border:1px solid rgba(255, 0, 0, 0.5); border-radius: 5px; padding: 5px; font-size: 12px; font-weight: 600; margin-right: 10px;" *ngIf="soData.value.urgency_status">{{soData.value.urgency_status}}</span>
[7m  [0m [91m                                                                                                                                                                                                                                                ~~~~~~~~~~~~~~[0m

  [96msrc/app/request-order/request-order.page.ts[0m:[93m17[0m:[93m16[0m
    [7m17[0m   templateUrl: './request-order.page.html',
    [7m  [0m [96m               ~~~~~~~~~~~~~~~~~~~~~~~~~~~[0m
    Error occurs in the template of component RequestOrderPage.


Error: [96msrc/app/request-order/request-order.page.html[0m:[93m85[0m:[93m272[0m - [91merror[0m[90m TS2571: [0mObject is of type 'unknown'.

[7m85[0m                         <span style="color: white; background-color: rgba(128, 3, 3, 0.5); border:1px solid rgba(255, 0, 0, 0.5); border-radius: 5px; padding: 5px; font-size: 12px; font-weight: 600; margin-right: 10px;" *ngIf="soData.value.urgency_status">{{soData.value.urgency_status}}</span>
[7m  [0m [91m                                                                                                                                                                                                                                                                               ~~~~~~~~~~~~~~[0m

  [96msrc/app/request-order/request-order.page.ts[0m:[93m17[0m:[93m16[0m
    [7m17[0m   templateUrl: './request-order.page.html',
    [7m  [0m [96m               ~~~~~~~~~~~~~~~~~~~~~~~~~~~[0m
    Error occurs in the template of component RequestOrderPage.


Error: [96msrc/app/request-order/request-order.page.html[0m:[93m86[0m:[93m193[0m - [91merror[0m[90m TS2571: [0mObject is of type 'unknown'.

[7m86[0m                         <span style="color: white; background-color: orange; border:1px solid orange; border-radius: 5px; padding: 5px; font-size: 12px; font-weight: 600;" *ngIf="soData.value.oldest_po_status">{{soData.value.oldest_po_status}}</span>
[7m  [0m [91m                                                                                                                                                                                                ~~~~~~~~~~~~~~~~[0m

  [96msrc/app/request-order/request-order.page.ts[0m:[93m17[0m:[93m16[0m
    [7m17[0m   templateUrl: './request-order.page.html',
    [7m  [0m [96m               ~~~~~~~~~~~~~~~~~~~~~~~~~~~[0m
    Error occurs in the template of component RequestOrderPage.


Error: [96msrc/app/request-order/request-order.page.html[0m:[93m86[0m:[93m226[0m - [91merror[0m[90m TS2571: [0mObject is of type 'unknown'.

[7m86[0m                         <span style="color: white; background-color: orange; border:1px solid orange; border-radius: 5px; padding: 5px; font-size: 12px; font-weight: 600;" *ngIf="soData.value.oldest_po_status">{{soData.value.oldest_po_status}}</span>
[7m  [0m [91m                                                                                                                                                                                                                                 ~~~~~~~~~~~~~~~~[0m

  [96msrc/app/request-order/request-order.page.ts[0m:[93m17[0m:[93m16[0m
    [7m17[0m   templateUrl: './request-order.page.html',
    [7m  [0m [96m               ~~~~~~~~~~~~~~~~~~~~~~~~~~~[0m
    Error occurs in the template of component RequestOrderPage.


Error: [96msrc/app/request-order/request-order.page.html[0m:[93m92[0m:[93m77[0m - [91merror[0m[90m TS2571: [0mObject is of type 'unknown'.

[7m92[0m                         <span *ngIf="item.key == 'Delivery'">{{soData.value.sender_city}} {{soData.value.sender_state}}</span>
[7m  [0m [91m                                                                            ~~~~~~~~~~~[0m

  [96msrc/app/request-order/request-order.page.ts[0m:[93m17[0m:[93m16[0m
    [7m17[0m   templateUrl: './request-order.page.html',
    [7m  [0m [96m               ~~~~~~~~~~~~~~~~~~~~~~~~~~~[0m
    Error occurs in the template of component RequestOrderPage.


Error: [96msrc/app/request-order/request-order.page.html[0m:[93m92[0m:[93m106[0m - [91merror[0m[90m TS2571: [0mObject is of type 'unknown'.

[7m92[0m                         <span *ngIf="item.key == 'Delivery'">{{soData.value.sender_city}} {{soData.value.sender_state}}</span>
[7m  [0m [91m                                                                                                         ~~~~~~~~~~~~[0m

  [96msrc/app/request-order/request-order.page.ts[0m:[93m17[0m:[93m16[0m
    [7m17[0m   templateUrl: './request-order.page.html',
    [7m  [0m [96m               ~~~~~~~~~~~~~~~~~~~~~~~~~~~[0m
    Error occurs in the template of component RequestOrderPage.


Error: [96msrc/app/request-order/request-order.page.html[0m:[93m93[0m:[93m75[0m - [91merror[0m[90m TS2571: [0mObject is of type 'unknown'.

[7m93[0m                         <span *ngIf="item.key == 'PickUp'">{{soData.value.recipient_city}} {{soData.value.recipient_state}}</span>
[7m  [0m [91m                                                                          ~~~~~~~~~~~~~~[0m

  [96msrc/app/request-order/request-order.page.ts[0m:[93m17[0m:[93m16[0m
    [7m17[0m   templateUrl: './request-order.page.html',
    [7m  [0m [96m               ~~~~~~~~~~~~~~~~~~~~~~~~~~~[0m
    Error occurs in the template of component RequestOrderPage.


Error: [96msrc/app/request-order/request-order.page.html[0m:[93m93[0m:[93m107[0m - [91merror[0m[90m TS2571: [0mObject is of type 'unknown'.

[7m93[0m                         <span *ngIf="item.key == 'PickUp'">{{soData.value.recipient_city}} {{soData.value.recipient_state}}</span>
[7m  [0m [91m                                                                                                          ~~~~~~~~~~~~~~~[0m

  [96msrc/app/request-order/request-order.page.ts[0m:[93m17[0m:[93m16[0m
    [7m17[0m   templateUrl: './request-order.page.html',
    [7m  [0m [96m               ~~~~~~~~~~~~~~~~~~~~~~~~~~~[0m
    Error occurs in the template of component RequestOrderPage.


Error: [96msrc/app/request-order/request-order.page.html[0m:[93m95[0m:[93m158[0m - [91merror[0m[90m TS2571: [0mObject is of type 'unknown'.

[7m95[0m                       <div class="requestButton" style="margin-top: 10px;" mode="ios" (click)="logistic_request(soData.value,item.key)" *ngIf="!soData.value.pendingOrderData">
[7m  [0m [91m                                                                                                                                                             ~~~~~~~~~~~~~~~~[0m

  [96msrc/app/request-order/request-order.page.ts[0m:[93m17[0m:[93m16[0m
    [7m17[0m   templateUrl: './request-order.page.html',
    [7m  [0m [96m               ~~~~~~~~~~~~~~~~~~~~~~~~~~~[0m
    Error occurs in the template of component RequestOrderPage.


Error: [96msrc/app/request-order/request-order.page.html[0m:[93m95[0m:[93m96[0m - [91merror[0m[90m TS2339: [0mProperty 'logistic_request' does not exist on type 'RequestOrderPage'.

[7m95[0m                       <div class="requestButton" style="margin-top: 10px;" mode="ios" (click)="logistic_request(soData.value,item.key)" *ngIf="!soData.value.pendingOrderData">
[7m  [0m [91m                                                                                               ~~~~~~~~~~~~~~~~[0m

  [96msrc/app/request-order/request-order.page.ts[0m:[93m17[0m:[93m16[0m
    [7m17[0m   templateUrl: './request-order.page.html',
    [7m  [0m [96m               ~~~~~~~~~~~~~~~~~~~~~~~~~~~[0m
    Error occurs in the template of component RequestOrderPage.


Error: [96msrc/app/modal-claim-cart/modal-claim-cart.page.html[0m:[93m78[0m:[93m42[0m - [91merror[0m[90m TS2322: [0mType 'boolean' is not assignable to type 'never'.

[7m78[0m                     <ion-button (click)="is_show[i] = !is_show[i]">Change</ion-button>
[7m  [0m [91m                                         ~~~~~~~~~~~~~~~~~~~~~~~~[0m

  [96msrc/app/modal-claim-cart/modal-claim-cart.page.ts[0m:[93m18[0m:[93m16[0m
    [7m18[0m   templateUrl: './modal-claim-cart.page.html',
    [7m  [0m [96m               ~~~~~~~~~~~~~~~~~~~~~~~~~~~~~~[0m
    Error occurs in the template of component ModalClaimCartPage.


Error: [96msrc/app/modal-task-action-scheduled/modal-task-action-scheduled.page.html[0m:[93m8[0m:[93m40[0m - [91merror[0m[90m TS2367: [0mThis comparison appears to be unintentional because the types 'string' and 'number' have no overlap.

[7m8[0m             <div class="txt500" *ngIf="job_type == 2"><b>Delivery Order - {{task_id}}</b></div>
[7m [0m [91m                                       ~~~~~~~~~~~~~[0m

  [96msrc/app/modal-task-action-scheduled/modal-task-action-scheduled.page.ts[0m:[93m10[0m:[93m16[0m
    [7m10[0m   templateUrl: './modal-task-action-scheduled.page.html',
    [7m  [0m [96m               ~~~~~~~~~~~~~~~~~~~~~~~~~~~~~~~~~~~~~~~~~[0m
    Error occurs in the template of component ModalTaskActionScheduledPage.


Error: [96msrc/app/modal-task-action-scheduled/modal-task-action-scheduled.page.html[0m:[93m9[0m:[93m40[0m - [91merror[0m[90m TS2367: [0mThis comparison appears to be unintentional because the types 'string' and 'number' have no overlap.

[7m9[0m             <div class="txt500" *ngIf="job_type == 3"><b>Purchase Order - {{task_id}}</b></div>
[7m [0m [91m                                       ~~~~~~~~~~~~~[0m

  [96msrc/app/modal-task-action-scheduled/modal-task-action-scheduled.page.ts[0m:[93m10[0m:[93m16[0m
    [7m10[0m   templateUrl: './modal-task-action-scheduled.page.html',
    [7m  [0m [96m               ~~~~~~~~~~~~~~~~~~~~~~~~~~~~~~~~~~~~~~~~~[0m
    Error occurs in the template of component ModalTaskActionScheduledPage.


Error: [96msrc/app/modal-task-action-scheduled/modal-task-action-scheduled.page.html[0m:[93m10[0m:[93m40[0m - [91merror[0m[90m TS2367: [0mThis comparison appears to be unintentional because the types 'string' and 'number' have no overlap.

[7m10[0m             <div class="txt500" *ngIf="job_type == 4"><b>Customize Task - {{task_id}}</b></div>
[7m  [0m [91m                                       ~~~~~~~~~~~~~[0m

  [96msrc/app/modal-task-action-scheduled/modal-task-action-scheduled.page.ts[0m:[93m10[0m:[93m16[0m
    [7m10[0m   templateUrl: './modal-task-action-scheduled.page.html',
    [7m  [0m [96m               ~~~~~~~~~~~~~~~~~~~~~~~~~~~~~~~~~~~~~~~~~[0m
    Error occurs in the template of component ModalTaskActionScheduledPage.


Error: [96msrc/app/modal-task-action-scheduled/modal-task-action-scheduled.page.html[0m:[93m11[0m:[93m40[0m - [91merror[0m[90m TS2367: [0mThis comparison appears to be unintentional because the types 'string' and 'number' have no overlap.

[7m11[0m             <div class="txt500" *ngIf="job_type == 0"><b>Logistic Task - {{task_id}}</b></div>
[7m  [0m [91m                                       ~~~~~~~~~~~~~[0m

  [96msrc/app/modal-task-action-scheduled/modal-task-action-scheduled.page.ts[0m:[93m10[0m:[93m16[0m
    [7m10[0m   templateUrl: './modal-task-action-scheduled.page.html',
    [7m  [0m [96m               ~~~~~~~~~~~~~~~~~~~~~~~~~~~~~~~~~~~~~~~~~[0m
    Error occurs in the template of component ModalTaskActionScheduledPage.


Error: [96msrc/app/modal-task-action-scheduled/modal-task-action-scheduled.page.html[0m:[93m29[0m:[93m31[0m - [91merror[0m[90m TS2367: [0mThis comparison appears to be unintentional because the types 'string' and 'number' have no overlap.

[7m29[0m   <div class="grnlist" *ngIf="job_type == 4">
[7m  [0m [91m                              ~~~~~~~~~~~~~[0m

  [96msrc/app/modal-task-action-scheduled/modal-task-action-scheduled.page.ts[0m:[93m10[0m:[93m16[0m
    [7m10[0m   templateUrl: './modal-task-action-scheduled.page.html',
    [7m  [0m [96m               ~~~~~~~~~~~~~~~~~~~~~~~~~~~~~~~~~~~~~~~~~[0m
    Error occurs in the template of component ModalTaskActionScheduledPage.


Error: [96msrc/app/modal-task-action-scheduled/modal-task-action-scheduled.page.html[0m:[93m81[0m:[93m31[0m - [91merror[0m[90m TS2367: [0mThis comparison appears to be unintentional because the types 'string' and 'number' have no overlap.

[7m81[0m   <div class="grnlist" *ngIf="job_type == 0">
[7m  [0m [91m                              ~~~~~~~~~~~~~[0m

  [96msrc/app/modal-task-action-scheduled/modal-task-action-scheduled.page.ts[0m:[93m10[0m:[93m16[0m
    [7m10[0m   templateUrl: './modal-task-action-scheduled.page.html',
    [7m  [0m [96m               ~~~~~~~~~~~~~~~~~~~~~~~~~~~~~~~~~~~~~~~~~[0m
    Error occurs in the template of component ModalTaskActionScheduledPage.


Error: [96msrc/app/modal-task-action-scheduled/modal-task-action-scheduled.page.html[0m:[93m96[0m:[93m55[0m - [91merror[0m[90m TS2339: [0mProperty 'recipient_name' does not exist on type 'any[]'.

[7m96[0m             <p><strong>Name:</strong> {{selectedTasks.recipient_name}}</p>
[7m  [0m [91m                                                      ~~~~~~~~~~~~~~[0m

  [96msrc/app/modal-task-action-scheduled/modal-task-action-scheduled.page.ts[0m:[93m10[0m:[93m16[0m
    [7m10[0m   templateUrl: './modal-task-action-scheduled.page.html',
    [7m  [0m [96m               ~~~~~~~~~~~~~~~~~~~~~~~~~~~~~~~~~~~~~~~~~[0m
    Error occurs in the template of component ModalTaskActionScheduledPage.


Error: [96msrc/app/modal-task-action-scheduled/modal-task-action-scheduled.page.html[0m:[93m97[0m:[93m60[0m - [91merror[0m[90m TS2339: [0mProperty 'recipient_address1' does not exist on type 'any[]'.

[7m97[0m             <p><strong>Address 1:</strong> {{selectedTasks.recipient_address1}}</p>
[7m  [0m [91m                                                           ~~~~~~~~~~~~~~~~~~[0m

  [96msrc/app/modal-task-action-scheduled/modal-task-action-scheduled.page.ts[0m:[93m10[0m:[93m16[0m
    [7m10[0m   templateUrl: './modal-task-action-scheduled.page.html',
    [7m  [0m [96m               ~~~~~~~~~~~~~~~~~~~~~~~~~~~~~~~~~~~~~~~~~[0m
    Error occurs in the template of component ModalTaskActionScheduledPage.


Error: [96msrc/app/modal-task-action-scheduled/modal-task-action-scheduled.page.html[0m:[93m98[0m:[93m60[0m - [91merror[0m[90m TS2339: [0mProperty 'recipient_address2' does not exist on type 'any[]'.

[7m98[0m             <p><strong>Address 2:</strong> {{selectedTasks.recipient_address2}}</p>
[7m  [0m [91m                                                           ~~~~~~~~~~~~~~~~~~[0m

  [96msrc/app/modal-task-action-scheduled/modal-task-action-scheduled.page.ts[0m:[93m10[0m:[93m16[0m
    [7m10[0m   templateUrl: './modal-task-action-scheduled.page.html',
    [7m  [0m [96m               ~~~~~~~~~~~~~~~~~~~~~~~~~~~~~~~~~~~~~~~~~[0m
    Error occurs in the template of component ModalTaskActionScheduledPage.


Error: [96msrc/app/modal-task-action-scheduled/modal-task-action-scheduled.page.html[0m:[93m99[0m:[93m56[0m - [91merror[0m[90m TS2339: [0mProperty 'recipient_state' does not exist on type 'any[]'.

[7m99[0m             <p><strong>State:</strong> {{selectedTasks.recipient_state}}</p>
[7m  [0m [91m                                                       ~~~~~~~~~~~~~~~[0m

  [96msrc/app/modal-task-action-scheduled/modal-task-action-scheduled.page.ts[0m:[93m10[0m:[93m16[0m
    [7m10[0m   templateUrl: './modal-task-action-scheduled.page.html',
    [7m  [0m [96m               ~~~~~~~~~~~~~~~~~~~~~~~~~~~~~~~~~~~~~~~~~[0m
    Error occurs in the template of component ModalTaskActionScheduledPage.


Error: [96msrc/app/modal-task-action-scheduled/modal-task-action-scheduled.page.html[0m:[93m100[0m:[93m59[0m - [91merror[0m[90m TS2339: [0mProperty 'recipient_postcode' does not exist on type 'any[]'.

[7m100[0m             <p><strong>Postcode:</strong> {{selectedTasks.recipient_postcode}}</p>
[7m   [0m [91m                                                          ~~~~~~~~~~~~~~~~~~[0m

  [96msrc/app/modal-task-action-scheduled/modal-task-action-scheduled.page.ts[0m:[93m10[0m:[93m16[0m
    [7m10[0m   templateUrl: './modal-task-action-scheduled.page.html',
    [7m  [0m [96m               ~~~~~~~~~~~~~~~~~~~~~~~~~~~~~~~~~~~~~~~~~[0m
    Error occurs in the template of component ModalTaskActionScheduledPage.


Error: [96msrc/app/modal-task-action-scheduled/modal-task-action-scheduled.page.html[0m:[93m101[0m:[93m58[0m - [91merror[0m[90m TS2339: [0mProperty 'recipient_country' does not exist on type 'any[]'.

[7m101[0m             <p><strong>Country:</strong> {{selectedTasks.recipient_country}}</p>
[7m   [0m [91m                                                         ~~~~~~~~~~~~~~~~~[0m

  [96msrc/app/modal-task-action-scheduled/modal-task-action-scheduled.page.ts[0m:[93m10[0m:[93m16[0m
    [7m10[0m   templateUrl: './modal-task-action-scheduled.page.html',
    [7m  [0m [96m               ~~~~~~~~~~~~~~~~~~~~~~~~~~~~~~~~~~~~~~~~~[0m
    Error occurs in the template of component ModalTaskActionScheduledPage.


Error: [96msrc/app/modal-task-action-scheduled/modal-task-action-scheduled.page.html[0m:[93m102[0m:[93m56[0m - [91merror[0m[90m TS2339: [0mProperty 'recipient_mobile' does not exist on type 'any[]'.

[7m102[0m             <p><strong>Phone:</strong> {{selectedTasks.recipient_mobile}}</p>
[7m   [0m [91m                                                       ~~~~~~~~~~~~~~~~[0m

  [96msrc/app/modal-task-action-scheduled/modal-task-action-scheduled.page.ts[0m:[93m10[0m:[93m16[0m
    [7m10[0m   templateUrl: './modal-task-action-scheduled.page.html',
    [7m  [0m [96m               ~~~~~~~~~~~~~~~~~~~~~~~~~~~~~~~~~~~~~~~~~[0m
    Error occurs in the template of component ModalTaskActionScheduledPage.


Error: [96msrc/app/modal-task-action-scheduled/modal-task-action-scheduled.page.html[0m:[93m114[0m:[93m55[0m - [91merror[0m[90m TS2339: [0mProperty 'sender_name' does not exist on type 'any[]'.

[7m114[0m             <p><strong>Name:</strong> {{selectedTasks.sender_name}}</p>
[7m   [0m [91m                                                      ~~~~~~~~~~~[0m

  [96msrc/app/modal-task-action-scheduled/modal-task-action-scheduled.page.ts[0m:[93m10[0m:[93m16[0m
    [7m10[0m   templateUrl: './modal-task-action-scheduled.page.html',
    [7m  [0m [96m               ~~~~~~~~~~~~~~~~~~~~~~~~~~~~~~~~~~~~~~~~~[0m
    Error occurs in the template of component ModalTaskActionScheduledPage.


Error: [96msrc/app/modal-task-action-scheduled/modal-task-action-scheduled.page.html[0m:[93m115[0m:[93m60[0m - [91merror[0m[90m TS2339: [0mProperty 'sender_address1' does not exist on type 'any[]'.

[7m115[0m             <p><strong>Address 1:</strong> {{selectedTasks.sender_address1}}</p>
[7m   [0m [91m                                                           ~~~~~~~~~~~~~~~[0m

  [96msrc/app/modal-task-action-scheduled/modal-task-action-scheduled.page.ts[0m:[93m10[0m:[93m16[0m
    [7m10[0m   templateUrl: './modal-task-action-scheduled.page.html',
    [7m  [0m [96m               ~~~~~~~~~~~~~~~~~~~~~~~~~~~~~~~~~~~~~~~~~[0m
    Error occurs in the template of component ModalTaskActionScheduledPage.


Error: [96msrc/app/modal-task-action-scheduled/modal-task-action-scheduled.page.html[0m:[93m116[0m:[93m60[0m - [91merror[0m[90m TS2339: [0mProperty 'sender_address2' does not exist on type 'any[]'.

[7m116[0m             <p><strong>Address 2:</strong> {{selectedTasks.sender_address2}}</p>
[7m   [0m [91m                                                           ~~~~~~~~~~~~~~~[0m

  [96msrc/app/modal-task-action-scheduled/modal-task-action-scheduled.page.ts[0m:[93m10[0m:[93m16[0m
    [7m10[0m   templateUrl: './modal-task-action-scheduled.page.html',
    [7m  [0m [96m               ~~~~~~~~~~~~~~~~~~~~~~~~~~~~~~~~~~~~~~~~~[0m
    Error occurs in the template of component ModalTaskActionScheduledPage.


Error: [96msrc/app/modal-task-action-scheduled/modal-task-action-scheduled.page.html[0m:[93m117[0m:[93m56[0m - [91merror[0m[90m TS2339: [0mProperty 'sender_state' does not exist on type 'any[]'.

[7m117[0m             <p><strong>State:</strong> {{selectedTasks.sender_state}}</p>
[7m   [0m [91m                                                       ~~~~~~~~~~~~[0m

  [96msrc/app/modal-task-action-scheduled/modal-task-action-scheduled.page.ts[0m:[93m10[0m:[93m16[0m
    [7m10[0m   templateUrl: './modal-task-action-scheduled.page.html',
    [7m  [0m [96m               ~~~~~~~~~~~~~~~~~~~~~~~~~~~~~~~~~~~~~~~~~[0m
    Error occurs in the template of component ModalTaskActionScheduledPage.


Error: [96msrc/app/modal-task-action-scheduled/modal-task-action-scheduled.page.html[0m:[93m118[0m:[93m59[0m - [91merror[0m[90m TS2339: [0mProperty 'sender_postcode' does not exist on type 'any[]'.

[7m118[0m             <p><strong>Postcode:</strong> {{selectedTasks.sender_postcode}}</p>
[7m   [0m [91m                                                          ~~~~~~~~~~~~~~~[0m

  [96msrc/app/modal-task-action-scheduled/modal-task-action-scheduled.page.ts[0m:[93m10[0m:[93m16[0m
    [7m10[0m   templateUrl: './modal-task-action-scheduled.page.html',
    [7m  [0m [96m               ~~~~~~~~~~~~~~~~~~~~~~~~~~~~~~~~~~~~~~~~~[0m
    Error occurs in the template of component ModalTaskActionScheduledPage.


Error: [96msrc/app/modal-task-action-scheduled/modal-task-action-scheduled.page.html[0m:[93m119[0m:[93m58[0m - [91merror[0m[90m TS2339: [0mProperty 'sender_country' does not exist on type 'any[]'.

[7m119[0m             <p><strong>Country:</strong> {{selectedTasks.sender_country}}</p>
[7m   [0m [91m                                                         ~~~~~~~~~~~~~~[0m

  [96msrc/app/modal-task-action-scheduled/modal-task-action-scheduled.page.ts[0m:[93m10[0m:[93m16[0m
    [7m10[0m   templateUrl: './modal-task-action-scheduled.page.html',
    [7m  [0m [96m               ~~~~~~~~~~~~~~~~~~~~~~~~~~~~~~~~~~~~~~~~~[0m
    Error occurs in the template of component ModalTaskActionScheduledPage.


Error: [96msrc/app/modal-task-action-scheduled/modal-task-action-scheduled.page.html[0m:[93m120[0m:[93m56[0m - [91merror[0m[90m TS2339: [0mProperty 'sender_mobile' does not exist on type 'any[]'.

[7m120[0m             <p><strong>Phone:</strong> {{selectedTasks.sender_mobile}}</p>
[7m   [0m [91m                                                       ~~~~~~~~~~~~~[0m

  [96msrc/app/modal-task-action-scheduled/modal-task-action-scheduled.page.ts[0m:[93m10[0m:[93m16[0m
    [7m10[0m   templateUrl: './modal-task-action-scheduled.page.html',
    [7m  [0m [96m               ~~~~~~~~~~~~~~~~~~~~~~~~~~~~~~~~~~~~~~~~~[0m
    Error occurs in the template of component ModalTaskActionScheduledPage.


Error: [96msrc/app/modal-task-action-scheduled/modal-task-action-scheduled.page.html[0m:[93m127[0m:[93m59[0m - [91merror[0m[90m TS2367: [0mThis comparison appears to be unintentional because the types 'string' and 'number' have no overlap.

[7m127[0m   <div class="grnlist" *ngIf="selectedTasks.length > 0 && job_type != 4">
[7m   [0m [91m                                                          ~~~~~~~~~~~~~[0m

  [96msrc/app/modal-task-action-scheduled/modal-task-action-scheduled.page.ts[0m:[93m10[0m:[93m16[0m
    [7m10[0m   templateUrl: './modal-task-action-scheduled.page.html',
    [7m  [0m [96m               ~~~~~~~~~~~~~~~~~~~~~~~~~~~~~~~~~~~~~~~~~[0m
    Error occurs in the template of component ModalTaskActionScheduledPage.


Error: [96msrc/app/personal-dashboard/personal-dashboard.page.html[0m:[93m190[0m:[93m32[0m - [91merror[0m[90m NG8002: [0mCan't bind to 'reorderGroup' since it isn't a known property of 'ion-list'.
1. If 'ion-list' is an Angular component and it has 'reorderGroup' input, then verify that it is part of this module.
2. If 'ion-list' is a Web Component then add 'CUSTOM_ELEMENTS_SCHEMA' to the '@NgModule.schemas' of this component to suppress this message.
3. To allow any property add 'NO_ERRORS_SCHEMA' to the '@NgModule.schemas' of this component.

[7m190[0m       <ion-list slot="content" [reorderGroup]="true" (ionItemReorder)="doReorder($event)">
[7m   [0m [91m                               ~~~~~~~~~~~~~~~~~~~~~[0m

  [96msrc/app/personal-dashboard/personal-dashboard.page.ts[0m:[93m25[0m:[93m16[0m
    [7m25[0m   templateUrl: './personal-dashboard.page.html',
    [7m  [0m [96m               ~~~~~~~~~~~~~~~~~~~~~~~~~~~~~~~~[0m
    Error occurs in the template of component PersonalDashboardPage.


Error: [96msrc/app/gold-shipment-clock-in/gold-shipment-clock-in.page.html[0m:[93m91[0m:[93m9[0m - [91merror[0m[90m NG8001: [0m'ion-slides' is not a known element:
1. If 'ion-slides' is an Angular component, then verify that it is part of this module.
2. If 'ion-slides' is a Web Component then add 'CUSTOM_ELEMENTS_SCHEMA' to the '@NgModule.schemas' of this component to suppress this message.

[7m91[0m         <ion-slides pager="true">
[7m  [0m [91m        ~~~~~~~~~~~~~~~~~~~~~~~~~[0m

  [96msrc/app/gold-shipment-clock-in/gold-shipment-clock-in.page.ts[0m:[93m11[0m:[93m16[0m
    [7m11[0m   templateUrl: './gold-shipment-clock-in.page.html',
    [7m  [0m [96m               ~~~~~~~~~~~~~~~~~~~~~~~~~~~~~~~~~~~~[0m
    Error occurs in the template of component GoldShipmentClockInPage.


Error: [96msrc/app/gold-shipment-clock-in/gold-shipment-clock-in.page.html[0m:[93m93[0m:[93m11[0m - [91merror[0m[90m NG8001: [0m'ion-slide' is not a known element:
1. If 'ion-slide' is an Angular component, then verify that it is part of this module.
2. If 'ion-slide' is a Web Component then add 'CUSTOM_ELEMENTS_SCHEMA' to the '@NgModule.schemas' of this component to suppress this message.

[7m93[0m           <ion-slide class="item-slide" *ngFor="let tng_img of lowPurityPhoto"><!-- List item images -->
[7m  [0m [91m          ~~~~~~~~~~~~~~~~~~~~~~~~~~~~~~~~~~~~~~~~~~~~~~~~~~~~~~~~~~~~~~~~~~~~~[0m

  [96msrc/app/gold-shipment-clock-in/gold-shipment-clock-in.page.ts[0m:[93m11[0m:[93m16[0m
    [7m11[0m   templateUrl: './gold-shipment-clock-in.page.html',
    [7m  [0m [96m               ~~~~~~~~~~~~~~~~~~~~~~~~~~~~~~~~~~~~[0m
    Error occurs in the template of component GoldShipmentClockInPage.


Error: [96msrc/app/gold-shipment-clock-in/gold-shipment-clock-in.page.html[0m:[93m117[0m:[93m9[0m - [91merror[0m[90m NG8001: [0m'ion-slides' is not a known element:
1. If 'ion-slides' is an Angular component, then verify that it is part of this module.
2. If 'ion-slides' is a Web Component then add 'CUSTOM_ELEMENTS_SCHEMA' to the '@NgModule.schemas' of this component to suppress this message.

[7m117[0m         <ion-slides pager="true">
[7m   [0m [91m        ~~~~~~~~~~~~~~~~~~~~~~~~~[0m

  [96msrc/app/gold-shipment-clock-in/gold-shipment-clock-in.page.ts[0m:[93m11[0m:[93m16[0m
    [7m11[0m   templateUrl: './gold-shipment-clock-in.page.html',
    [7m  [0m [96m               ~~~~~~~~~~~~~~~~~~~~~~~~~~~~~~~~~~~~[0m
    Error occurs in the template of component GoldShipmentClockInPage.


Error: [96msrc/app/gold-shipment-clock-in/gold-shipment-clock-in.page.html[0m:[93m119[0m:[93m11[0m - [91merror[0m[90m NG8001: [0m'ion-slide' is not a known element:
1. If 'ion-slide' is an Angular component, then verify that it is part of this module.
2. If 'ion-slide' is a Web Component then add 'CUSTOM_ELEMENTS_SCHEMA' to the '@NgModule.schemas' of this component to suppress this message.

[7m119[0m           <ion-slide class="item-slide" *ngFor="let tng_img of purity916Photo"><!-- List item images -->
[7m   [0m [91m          ~~~~~~~~~~~~~~~~~~~~~~~~~~~~~~~~~~~~~~~~~~~~~~~~~~~~~~~~~~~~~~~~~~~~~[0m

  [96msrc/app/gold-shipment-clock-in/gold-shipment-clock-in.page.ts[0m:[93m11[0m:[93m16[0m
    [7m11[0m   templateUrl: './gold-shipment-clock-in.page.html',
    [7m  [0m [96m               ~~~~~~~~~~~~~~~~~~~~~~~~~~~~~~~~~~~~[0m
    Error occurs in the template of component GoldShipmentClockInPage.


Error: [96msrc/app/gold-shipment-clock-in/gold-shipment-clock-in.page.html[0m:[93m143[0m:[93m9[0m - [91merror[0m[90m NG8001: [0m'ion-slides' is not a known element:
1. If 'ion-slides' is an Angular component, then verify that it is part of this module.
2. If 'ion-slides' is a Web Component then add 'CUSTOM_ELEMENTS_SCHEMA' to the '@NgModule.schemas' of this component to suppress this message.

[7m143[0m         <ion-slides pager="true">
[7m   [0m [91m        ~~~~~~~~~~~~~~~~~~~~~~~~~[0m

  [96msrc/app/gold-shipment-clock-in/gold-shipment-clock-in.page.ts[0m:[93m11[0m:[93m16[0m
    [7m11[0m   templateUrl: './gold-shipment-clock-in.page.html',
    [7m  [0m [96m               ~~~~~~~~~~~~~~~~~~~~~~~~~~~~~~~~~~~~[0m
    Error occurs in the template of component GoldShipmentClockInPage.


Error: [96msrc/app/gold-shipment-clock-in/gold-shipment-clock-in.page.html[0m:[93m145[0m:[93m11[0m - [91merror[0m[90m NG8001: [0m'ion-slide' is not a known element:
1. If 'ion-slide' is an Angular component, then verify that it is part of this module.
2. If 'ion-slide' is a Web Component then add 'CUSTOM_ELEMENTS_SCHEMA' to the '@NgModule.schemas' of this component to suppress this message.

[7m145[0m           <ion-slide class="item-slide" *ngFor="let tng_img of highPurityPhoto"><!-- List item images -->
[7m   [0m [91m          ~~~~~~~~~~~~~~~~~~~~~~~~~~~~~~~~~~~~~~~~~~~~~~~~~~~~~~~~~~~~~~~~~~~~~~[0m

  [96msrc/app/gold-shipment-clock-in/gold-shipment-clock-in.page.ts[0m:[93m11[0m:[93m16[0m
    [7m11[0m   templateUrl: './gold-shipment-clock-in.page.html',
    [7m  [0m [96m               ~~~~~~~~~~~~~~~~~~~~~~~~~~~~~~~~~~~~[0m
    Error occurs in the template of component GoldShipmentClockInPage.


Error: [96msrc/app/gold-shipment-clock-in/gold-shipment-clock-in.page.html[0m:[93m169[0m:[93m9[0m - [91merror[0m[90m NG8001: [0m'ion-slides' is not a known element:
1. If 'ion-slides' is an Angular component, then verify that it is part of this module.
2. If 'ion-slides' is a Web Component then add 'CUSTOM_ELEMENTS_SCHEMA' to the '@NgModule.schemas' of this component to suppress this message.

[7m169[0m         <ion-slides pager="true">
[7m   [0m [91m        ~~~~~~~~~~~~~~~~~~~~~~~~~[0m

  [96msrc/app/gold-shipment-clock-in/gold-shipment-clock-in.page.ts[0m:[93m11[0m:[93m16[0m
    [7m11[0m   templateUrl: './gold-shipment-clock-in.page.html',
    [7m  [0m [96m               ~~~~~~~~~~~~~~~~~~~~~~~~~~~~~~~~~~~~[0m
    Error occurs in the template of component GoldShipmentClockInPage.


Error: [96msrc/app/gold-shipment-clock-in/gold-shipment-clock-in.page.html[0m:[93m171[0m:[93m11[0m - [91merror[0m[90m NG8001: [0m'ion-slide' is not a known element:
1. If 'ion-slide' is an Angular component, then verify that it is part of this module.
2. If 'ion-slide' is a Web Component then add 'CUSTOM_ELEMENTS_SCHEMA' to the '@NgModule.schemas' of this component to suppress this message.

[7m171[0m           <ion-slide class="item-slide" *ngFor="let tng_img of goldBeadPhoto"><!-- List item images -->
[7m   [0m [91m          ~~~~~~~~~~~~~~~~~~~~~~~~~~~~~~~~~~~~~~~~~~~~~~~~~~~~~~~~~~~~~~~~~~~~[0m

  [96msrc/app/gold-shipment-clock-in/gold-shipment-clock-in.page.ts[0m:[93m11[0m:[93m16[0m
    [7m11[0m   templateUrl: './gold-shipment-clock-in.page.html',
    [7m  [0m [96m               ~~~~~~~~~~~~~~~~~~~~~~~~~~~~~~~~~~~~[0m
    Error occurs in the template of component GoldShipmentClockInPage.


Error: [96msrc/app/gold-shipment-clock-in/gold-shipment-clock-in.page.html[0m:[93m195[0m:[93m9[0m - [91merror[0m[90m NG8001: [0m'ion-slides' is not a known element:
1. If 'ion-slides' is an Angular component, then verify that it is part of this module.
2. If 'ion-slides' is a Web Component then add 'CUSTOM_ELEMENTS_SCHEMA' to the '@NgModule.schemas' of this component to suppress this message.

[7m195[0m         <ion-slides pager="true">
[7m   [0m [91m        ~~~~~~~~~~~~~~~~~~~~~~~~~[0m

  [96msrc/app/gold-shipment-clock-in/gold-shipment-clock-in.page.ts[0m:[93m11[0m:[93m16[0m
    [7m11[0m   templateUrl: './gold-shipment-clock-in.page.html',
    [7m  [0m [96m               ~~~~~~~~~~~~~~~~~~~~~~~~~~~~~~~~~~~~[0m
    Error occurs in the template of component GoldShipmentClockInPage.


Error: [96msrc/app/gold-shipment-clock-in/gold-shipment-clock-in.page.html[0m:[93m197[0m:[93m11[0m - [91merror[0m[90m NG8001: [0m'ion-slide' is not a known element:
1. If 'ion-slide' is an Angular component, then verify that it is part of this module.
2. If 'ion-slide' is a Web Component then add 'CUSTOM_ELEMENTS_SCHEMA' to the '@NgModule.schemas' of this component to suppress this message.

[7m197[0m           <ion-slide class="item-slide" *ngFor="let tng_img of totalMixPhoto"><!-- List item images -->
[7m   [0m [91m          ~~~~~~~~~~~~~~~~~~~~~~~~~~~~~~~~~~~~~~~~~~~~~~~~~~~~~~~~~~~~~~~~~~~~[0m

  [96msrc/app/gold-shipment-clock-in/gold-shipment-clock-in.page.ts[0m:[93m11[0m:[93m16[0m
    [7m11[0m   templateUrl: './gold-shipment-clock-in.page.html',
    [7m  [0m [96m               ~~~~~~~~~~~~~~~~~~~~~~~~~~~~~~~~~~~~[0m
    Error occurs in the template of component GoldShipmentClockInPage.


Error: [96msrc/app/gold-shipment-clock-in/gold-shipment-clock-in.page.html[0m:[93m221[0m:[93m9[0m - [91merror[0m[90m NG8001: [0m'ion-slides' is not a known element:
1. If 'ion-slides' is an Angular component, then verify that it is part of this module.
2. If 'ion-slides' is a Web Component then add 'CUSTOM_ELEMENTS_SCHEMA' to the '@NgModule.schemas' of this component to suppress this message.

[7m221[0m         <ion-slides pager="true">
[7m   [0m [91m        ~~~~~~~~~~~~~~~~~~~~~~~~~[0m

  [96msrc/app/gold-shipment-clock-in/gold-shipment-clock-in.page.ts[0m:[93m11[0m:[93m16[0m
    [7m11[0m   templateUrl: './gold-shipment-clock-in.page.html',
    [7m  [0m [96m               ~~~~~~~~~~~~~~~~~~~~~~~~~~~~~~~~~~~~[0m
    Error occurs in the template of component GoldShipmentClockInPage.


Error: [96msrc/app/gold-shipment-clock-in/gold-shipment-clock-in.page.html[0m:[93m223[0m:[93m11[0m - [91merror[0m[90m NG8001: [0m'ion-slide' is not a known element:
1. If 'ion-slide' is an Angular component, then verify that it is part of this module.
2. If 'ion-slide' is a Web Component then add 'CUSTOM_ELEMENTS_SCHEMA' to the '@NgModule.schemas' of this component to suppress this message.

[7m223[0m           <ion-slide class="item-slide" *ngFor="let tng_img of barPhoto"><!-- List item images -->
[7m   [0m [91m          ~~~~~~~~~~~~~~~~~~~~~~~~~~~~~~~~~~~~~~~~~~~~~~~~~~~~~~~~~~~~~~~[0m

  [96msrc/app/gold-shipment-clock-in/gold-shipment-clock-in.page.ts[0m:[93m11[0m:[93m16[0m
    [7m11[0m   templateUrl: './gold-shipment-clock-in.page.html',
    [7m  [0m [96m               ~~~~~~~~~~~~~~~~~~~~~~~~~~~~~~~~~~~~[0m
    Error occurs in the template of component GoldShipmentClockInPage.


Error: [96msrc/app/gold-shipment-clock-in/gold-shipment-clock-in.page.html[0m:[93m247[0m:[93m9[0m - [91merror[0m[90m NG8001: [0m'ion-slides' is not a known element:
1. If 'ion-slides' is an Angular component, then verify that it is part of this module.
2. If 'ion-slides' is a Web Component then add 'CUSTOM_ELEMENTS_SCHEMA' to the '@NgModule.schemas' of this component to suppress this message.

[7m247[0m         <ion-slides pager="true">
[7m   [0m [91m        ~~~~~~~~~~~~~~~~~~~~~~~~~[0m

  [96msrc/app/gold-shipment-clock-in/gold-shipment-clock-in.page.ts[0m:[93m11[0m:[93m16[0m
    [7m11[0m   templateUrl: './gold-shipment-clock-in.page.html',
    [7m  [0m [96m               ~~~~~~~~~~~~~~~~~~~~~~~~~~~~~~~~~~~~[0m
    Error occurs in the template of component GoldShipmentClockInPage.


Error: [96msrc/app/gold-shipment-clock-in/gold-shipment-clock-in.page.html[0m:[93m249[0m:[93m11[0m - [91merror[0m[90m NG8001: [0m'ion-slide' is not a known element:
1. If 'ion-slide' is an Angular component, then verify that it is part of this module.
2. If 'ion-slide' is a Web Component then add 'CUSTOM_ELEMENTS_SCHEMA' to the '@NgModule.schemas' of this component to suppress this message.

[7m249[0m           <ion-slide class="item-slide" *ngFor="let tng_img of samplePhoto"><!-- List item images -->
[7m   [0m [91m          ~~~~~~~~~~~~~~~~~~~~~~~~~~~~~~~~~~~~~~~~~~~~~~~~~~~~~~~~~~~~~~~~~~[0m

  [96msrc/app/gold-shipment-clock-in/gold-shipment-clock-in.page.ts[0m:[93m11[0m:[93m16[0m
    [7m11[0m   templateUrl: './gold-shipment-clock-in.page.html',
    [7m  [0m [96m               ~~~~~~~~~~~~~~~~~~~~~~~~~~~~~~~~~~~~[0m
    Error occurs in the template of component GoldShipmentClockInPage.


Error: [96msrc/app/gold-shipment-clock-in/gold-shipment-clock-in.page.html[0m:[93m273[0m:[93m9[0m - [91merror[0m[90m NG8001: [0m'ion-slides' is not a known element:
1. If 'ion-slides' is an Angular component, then verify that it is part of this module.
2. If 'ion-slides' is a Web Component then add 'CUSTOM_ELEMENTS_SCHEMA' to the '@NgModule.schemas' of this component to suppress this message.

[7m273[0m         <ion-slides pager="true">
[7m   [0m [91m        ~~~~~~~~~~~~~~~~~~~~~~~~~[0m

  [96msrc/app/gold-shipment-clock-in/gold-shipment-clock-in.page.ts[0m:[93m11[0m:[93m16[0m
    [7m11[0m   templateUrl: './gold-shipment-clock-in.page.html',
    [7m  [0m [96m               ~~~~~~~~~~~~~~~~~~~~~~~~~~~~~~~~~~~~[0m
    Error occurs in the template of component GoldShipmentClockInPage.


Error: [96msrc/app/gold-shipment-clock-in/gold-shipment-clock-in.page.html[0m:[93m275[0m:[93m11[0m - [91merror[0m[90m NG8001: [0m'ion-slide' is not a known element:
1. If 'ion-slide' is an Angular component, then verify that it is part of this module.
2. If 'ion-slide' is a Web Component then add 'CUSTOM_ELEMENTS_SCHEMA' to the '@NgModule.schemas' of this component to suppress this message.

[7m275[0m           <ion-slide class="item-slide" *ngFor="let tng_img of sampleReturnPhoto"><!-- List item images -->
[7m   [0m [91m          ~~~~~~~~~~~~~~~~~~~~~~~~~~~~~~~~~~~~~~~~~~~~~~~~~~~~~~~~~~~~~~~~~~~~~~~~[0m

  [96msrc/app/gold-shipment-clock-in/gold-shipment-clock-in.page.ts[0m:[93m11[0m:[93m16[0m
    [7m11[0m   templateUrl: './gold-shipment-clock-in.page.html',
    [7m  [0m [96m               ~~~~~~~~~~~~~~~~~~~~~~~~~~~~~~~~~~~~[0m
    Error occurs in the template of component GoldShipmentClockInPage.


Error: [96msrc/app/gold-shipment-clock-in/gold-shipment-clock-in.page.html[0m:[93m299[0m:[93m9[0m - [91merror[0m[90m NG8001: [0m'ion-slides' is not a known element:
1. If 'ion-slides' is an Angular component, then verify that it is part of this module.
2. If 'ion-slides' is a Web Component then add 'CUSTOM_ELEMENTS_SCHEMA' to the '@NgModule.schemas' of this component to suppress this message.

[7m299[0m         <ion-slides pager="true">
[7m   [0m [91m        ~~~~~~~~~~~~~~~~~~~~~~~~~[0m

  [96msrc/app/gold-shipment-clock-in/gold-shipment-clock-in.page.ts[0m:[93m11[0m:[93m16[0m
    [7m11[0m   templateUrl: './gold-shipment-clock-in.page.html',
    [7m  [0m [96m               ~~~~~~~~~~~~~~~~~~~~~~~~~~~~~~~~~~~~[0m
    Error occurs in the template of component GoldShipmentClockInPage.


Error: [96msrc/app/gold-shipment-clock-in/gold-shipment-clock-in.page.html[0m:[93m301[0m:[93m11[0m - [91merror[0m[90m NG8001: [0m'ion-slide' is not a known element:
1. If 'ion-slide' is an Angular component, then verify that it is part of this module.
2. If 'ion-slide' is a Web Component then add 'CUSTOM_ELEMENTS_SCHEMA' to the '@NgModule.schemas' of this component to suppress this message.

[7m301[0m           <ion-slide class="item-slide" *ngFor="let tng_img of purityPhoto"><!-- List item images -->
[7m   [0m [91m          ~~~~~~~~~~~~~~~~~~~~~~~~~~~~~~~~~~~~~~~~~~~~~~~~~~~~~~~~~~~~~~~~~~[0m

  [96msrc/app/gold-shipment-clock-in/gold-shipment-clock-in.page.ts[0m:[93m11[0m:[93m16[0m
    [7m11[0m   templateUrl: './gold-shipment-clock-in.page.html',
    [7m  [0m [96m               ~~~~~~~~~~~~~~~~~~~~~~~~~~~~~~~~~~~~[0m
    Error occurs in the template of component GoldShipmentClockInPage.


Error: [96msrc/app/gold-shipment-clock-in/gold-shipment-clock-in.page.html[0m:[93m325[0m:[93m9[0m - [91merror[0m[90m NG8001: [0m'ion-slides' is not a known element:
1. If 'ion-slides' is an Angular component, then verify that it is part of this module.
2. If 'ion-slides' is a Web Component then add 'CUSTOM_ELEMENTS_SCHEMA' to the '@NgModule.schemas' of this component to suppress this message.

[7m325[0m         <ion-slides pager="true">
[7m   [0m [91m        ~~~~~~~~~~~~~~~~~~~~~~~~~[0m

  [96msrc/app/gold-shipment-clock-in/gold-shipment-clock-in.page.ts[0m:[93m11[0m:[93m16[0m
    [7m11[0m   templateUrl: './gold-shipment-clock-in.page.html',
    [7m  [0m [96m               ~~~~~~~~~~~~~~~~~~~~~~~~~~~~~~~~~~~~[0m
    Error occurs in the template of component GoldShipmentClockInPage.


Error: [96msrc/app/gold-shipment-clock-in/gold-shipment-clock-in.page.html[0m:[93m327[0m:[93m11[0m - [91merror[0m[90m NG8001: [0m'ion-slide' is not a known element:
1. If 'ion-slide' is an Angular component, then verify that it is part of this module.
2. If 'ion-slide' is a Web Component then add 'CUSTOM_ELEMENTS_SCHEMA' to the '@NgModule.schemas' of this component to suppress this message.

[7m327[0m           <ion-slide class="item-slide" *ngFor="let tng_img of outStockPhoto"><!-- List item images -->
[7m   [0m [91m          ~~~~~~~~~~~~~~~~~~~~~~~~~~~~~~~~~~~~~~~~~~~~~~~~~~~~~~~~~~~~~~~~~~~~[0m

  [96msrc/app/gold-shipment-clock-in/gold-shipment-clock-in.page.ts[0m:[93m11[0m:[93m16[0m
    [7m11[0m   templateUrl: './gold-shipment-clock-in.page.html',
    [7m  [0m [96m               ~~~~~~~~~~~~~~~~~~~~~~~~~~~~~~~~~~~~[0m
    Error occurs in the template of component GoldShipmentClockInPage.


Error: [96msrc/app/gold-shipment-clock-in/gold-shipment-clock-in.page.html[0m:[93m351[0m:[93m9[0m - [91merror[0m[90m NG8001: [0m'ion-slides' is not a known element:
1. If 'ion-slides' is an Angular component, then verify that it is part of this module.
2. If 'ion-slides' is a Web Component then add 'CUSTOM_ELEMENTS_SCHEMA' to the '@NgModule.schemas' of this component to suppress this message.

[7m351[0m         <ion-slides pager="true">
[7m   [0m [91m        ~~~~~~~~~~~~~~~~~~~~~~~~~[0m

  [96msrc/app/gold-shipment-clock-in/gold-shipment-clock-in.page.ts[0m:[93m11[0m:[93m16[0m
    [7m11[0m   templateUrl: './gold-shipment-clock-in.page.html',
    [7m  [0m [96m               ~~~~~~~~~~~~~~~~~~~~~~~~~~~~~~~~~~~~[0m
    Error occurs in the template of component GoldShipmentClockInPage.


Error: [96msrc/app/gold-shipment-clock-in/gold-shipment-clock-in.page.html[0m:[93m353[0m:[93m11[0m - [91merror[0m[90m NG8001: [0m'ion-slide' is not a known element:
1. If 'ion-slide' is an Angular component, then verify that it is part of this module.
2. If 'ion-slide' is a Web Component then add 'CUSTOM_ELEMENTS_SCHEMA' to the '@NgModule.schemas' of this component to suppress this message.

[7m353[0m           <ion-slide class="item-slide" *ngFor="let tng_img of balancePhoto"><!-- List item images -->
[7m   [0m [91m          ~~~~~~~~~~~~~~~~~~~~~~~~~~~~~~~~~~~~~~~~~~~~~~~~~~~~~~~~~~~~~~~~~~~[0m

  [96msrc/app/gold-shipment-clock-in/gold-shipment-clock-in.page.ts[0m:[93m11[0m:[93m16[0m
    [7m11[0m   templateUrl: './gold-shipment-clock-in.page.html',
    [7m  [0m [96m               ~~~~~~~~~~~~~~~~~~~~~~~~~~~~~~~~~~~~[0m
    Error occurs in the template of component GoldShipmentClockInPage.


Error: [96msrc/app/modal-photo-viewer/modal-photo-viewer.page.html[0m:[93m18[0m:[93m5[0m - [91merror[0m[90m NG8001: [0m'ion-slides' is not a known element:
1. If 'ion-slides' is an Angular component, then verify that it is part of this module.
2. If 'ion-slides' is a Web Component then add 'CUSTOM_ELEMENTS_SCHEMA' to the '@NgModule.schemas' of this component to suppress this message.

[7m18[0m     <ion-slides *ngIf="photos && photos.length > 0" pager="true" class="photo-slides">
[7m  [0m [91m    ~~~~~~~~~~~~~~~~~~~~~~~~~~~~~~~~~~~~~~~~~~~~~~~~~~~~~~~~~~~~~~~~~~~~~~~~~~~~~~~~~~[0m

  [96msrc/app/modal-photo-viewer/modal-photo-viewer.page.ts[0m:[93m7[0m:[93m16[0m
    [7m7[0m   templateUrl: './modal-photo-viewer.page.html',
    [7m [0m [96m               ~~~~~~~~~~~~~~~~~~~~~~~~~~~~~~~~[0m
    Error occurs in the template of component ModalPhotoViewerPage.


Error: [96msrc/app/modal-photo-viewer/modal-photo-viewer.page.html[0m:[93m19[0m:[93m7[0m - [91merror[0m[90m NG8001: [0m'ion-slide' is not a known element:
1. If 'ion-slide' is an Angular component, then verify that it is part of this module.
2. If 'ion-slide' is a Web Component then add 'CUSTOM_ELEMENTS_SCHEMA' to the '@NgModule.schemas' of this component to suppress this message.

[7m19[0m       <ion-slide *ngFor="let photo of photos">
[7m  [0m [91m      ~~~~~~~~~~~~~~~~~~~~~~~~~~~~~~~~~~~~~~~~[0m

  [96msrc/app/modal-photo-viewer/modal-photo-viewer.page.ts[0m:[93m7[0m:[93m16[0m
    [7m7[0m   templateUrl: './modal-photo-viewer.page.html',
    [7m [0m [96m               ~~~~~~~~~~~~~~~~~~~~~~~~~~~~~~~~[0m
    Error occurs in the template of component ModalPhotoViewerPage.


Error: [96msrc/app/assay-report-clock-in/assay-report-clock-in.page.html[0m:[93m187[0m:[93m61[0m - [91merror[0m[90m TS2322: [0mType 'undefined' is not assignable to type 'string | boolean'.

[7m187[0m                           [(ngModel)]="item.pw_barcode_id" [required]>
[7m   [0m [91m                                                            ~~~~~~~~[0m

  [96msrc/app/assay-report-clock-in/assay-report-clock-in.page.ts[0m:[93m13[0m:[93m16[0m
    [7m13[0m   templateUrl: './assay-report-clock-in.page.html',
    [7m  [0m [96m               ~~~~~~~~~~~~~~~~~~~~~~~~~~~~~~~~~~~[0m
    Error occurs in the template of component AssayReportClockInPage.


Error: [96msrc/app/assay-report-clock-in/assay-report-clock-in.page.html[0m:[93m193[0m:[93m129[0m - [91merror[0m[90m TS2322: [0mType 'undefined' is not assignable to type 'string | boolean'.

[7m193[0m             <td><ion-input [(ngModel)]="item.weight" placeholder="Enter Weight(g)" type="number" (ionBlur)="caculateXAU(item)" [required]></ion-input></td>
[7m   [0m [91m                                                                                                                                ~~~~~~~~[0m

  [96msrc/app/assay-report-clock-in/assay-report-clock-in.page.ts[0m:[93m13[0m:[93m16[0m
    [7m13[0m   templateUrl: './assay-report-clock-in.page.html',
    [7m  [0m [96m               ~~~~~~~~~~~~~~~~~~~~~~~~~~~~~~~~~~~[0m
    Error occurs in the template of component AssayReportClockInPage.


Error: [96msrc/app/assay-report-clock-in/assay-report-clock-in.page.html[0m:[93m194[0m:[93m126[0m - [91merror[0m[90m TS2322: [0mType 'undefined' is not assignable to type 'string | boolean'.

[7m194[0m             <td><ion-input [(ngModel)]="item.purity" placeholder="Enter purity" type="number" (ionBlur)="caculateXAU(item)" [required]></ion-input></td>
[7m   [0m [91m                                                                                                                             ~~~~~~~~[0m

  [96msrc/app/assay-report-clock-in/assay-report-clock-in.page.ts[0m:[93m13[0m:[93m16[0m
    [7m13[0m   templateUrl: './assay-report-clock-in.page.html',
    [7m  [0m [96m               ~~~~~~~~~~~~~~~~~~~~~~~~~~~~~~~~~~~[0m
    Error occurs in the template of component AssayReportClockInPage.


Error: [96msrc/app/assay-report-clock-in/assay-report-clock-in.page.html[0m:[93m195[0m:[93m66[0m - [91merror[0m[90m TS2322: [0mType 'undefined' is not assignable to type 'string | boolean'.

[7m195[0m             <td><ion-input [(ngModel)]="item.xau" type="number" [disabled] [required]></ion-input></td>
[7m   [0m [91m                                                                 ~~~~~~~~[0m

  [96msrc/app/assay-report-clock-in/assay-report-clock-in.page.ts[0m:[93m13[0m:[93m16[0m
    [7m13[0m   templateUrl: './assay-report-clock-in.page.html',
    [7m  [0m [96m               ~~~~~~~~~~~~~~~~~~~~~~~~~~~~~~~~~~~[0m
    Error occurs in the template of component AssayReportClockInPage.


Error: [96msrc/app/assay-report-clock-in/assay-report-clock-in.page.html[0m:[93m195[0m:[93m77[0m - [91merror[0m[90m TS2322: [0mType 'undefined' is not assignable to type 'string | boolean'.

[7m195[0m             <td><ion-input [(ngModel)]="item.xau" type="number" [disabled] [required]></ion-input></td>
[7m   [0m [91m                                                                            ~~~~~~~~[0m

  [96msrc/app/assay-report-clock-in/assay-report-clock-in.page.ts[0m:[93m13[0m:[93m16[0m
    [7m13[0m   templateUrl: './assay-report-clock-in.page.html',
    [7m  [0m [96m               ~~~~~~~~~~~~~~~~~~~~~~~~~~~~~~~~~~~[0m
    Error occurs in the template of component AssayReportClockInPage.


Error: [96msrc/app/assay-report-clock-in/assay-report-clock-in.page.html[0m:[93m212[0m:[93m15[0m - [91merror[0m[90m NG8001: [0m'ion-slides' is not a known element:
1. If 'ion-slides' is an Angular component, then verify that it is part of this module.
2. If 'ion-slides' is a Web Component then add 'CUSTOM_ELEMENTS_SCHEMA' to the '@NgModule.schemas' of this component to suppress this message.

[7m212[0m               <ion-slides pager="true">
[7m   [0m [91m              ~~~~~~~~~~~~~~~~~~~~~~~~~[0m

  [96msrc/app/assay-report-clock-in/assay-report-clock-in.page.ts[0m:[93m13[0m:[93m16[0m
    [7m13[0m   templateUrl: './assay-report-clock-in.page.html',
    [7m  [0m [96m               ~~~~~~~~~~~~~~~~~~~~~~~~~~~~~~~~~~~[0m
    Error occurs in the template of component AssayReportClockInPage.


Error: [96msrc/app/assay-report-clock-in/assay-report-clock-in.page.html[0m:[93m213[0m:[93m17[0m - [91merror[0m[90m NG8001: [0m'ion-slide' is not a known element:
1. If 'ion-slide' is an Angular component, then verify that it is part of this module.
2. If 'ion-slide' is a Web Component then add 'CUSTOM_ELEMENTS_SCHEMA' to the '@NgModule.schemas' of this component to suppress this message.

[7m213[0m                 <ion-slide *ngIf="item.attachment">
[7m   [0m [91m                ~~~~~~~~~~~~~~~~~~~~~~~~~~~~~~~~~~~[0m

  [96msrc/app/assay-report-clock-in/assay-report-clock-in.page.ts[0m:[93m13[0m:[93m16[0m
    [7m13[0m   templateUrl: './assay-report-clock-in.page.html',
    [7m  [0m [96m               ~~~~~~~~~~~~~~~~~~~~~~~~~~~~~~~~~~~[0m
    Error occurs in the template of component AssayReportClockInPage.


Error: [96msrc/app/modal-exchange-items/modal-exchange-items.page.html[0m:[93m123[0m:[93m51[0m - [91merror[0m[90m TS2339: [0mProperty 'slideOpts' does not exist on type 'ModalExchangeItemsPage'.

[7m123[0m               <ion-slides pager="true" [options]="slideOpts">
[7m   [0m [91m                                                  ~~~~~~~~~[0m

  [96msrc/app/modal-exchange-items/modal-exchange-items.page.ts[0m:[93m25[0m:[93m16[0m
    [7m25[0m   templateUrl: './modal-exchange-items.page.html',
    [7m  [0m [96m               ~~~~~~~~~~~~~~~~~~~~~~~~~~~~~~~~~~[0m
    Error occurs in the template of component ModalExchangeItemsPage.


Error: [96msrc/app/modal-exchange-items/modal-exchange-items.page.html[0m:[93m123[0m:[93m15[0m - [91merror[0m[90m NG8001: [0m'ion-slides' is not a known element:
1. If 'ion-slides' is an Angular component, then verify that it is part of this module.
2. If 'ion-slides' is a Web Component then add 'CUSTOM_ELEMENTS_SCHEMA' to the '@NgModule.schemas' of this component to suppress this message.

[7m123[0m               <ion-slides pager="true" [options]="slideOpts">
[7m   [0m [91m              ~~~~~~~~~~~~~~~~~~~~~~~~~~~~~~~~~~~~~~~~~~~~~~~[0m

  [96msrc/app/modal-exchange-items/modal-exchange-items.page.ts[0m:[93m25[0m:[93m16[0m
    [7m25[0m   templateUrl: './modal-exchange-items.page.html',
    [7m  [0m [96m               ~~~~~~~~~~~~~~~~~~~~~~~~~~~~~~~~~~[0m
    Error occurs in the template of component ModalExchangeItemsPage.


Error: [96msrc/app/modal-exchange-items/modal-exchange-items.page.html[0m:[93m123[0m:[93m40[0m - [91merror[0m[90m NG8002: [0mCan't bind to 'options' since it isn't a known property of 'ion-slides'.
1. If 'ion-slides' is an Angular component and it has 'options' input, then verify that it is part of this module.
2. If 'ion-slides' is a Web Component then add 'CUSTOM_ELEMENTS_SCHEMA' to the '@NgModule.schemas' of this component to suppress this message.
3. To allow any property add 'NO_ERRORS_SCHEMA' to the '@NgModule.schemas' of this component.

[7m123[0m               <ion-slides pager="true" [options]="slideOpts">
[7m   [0m [91m                                       ~~~~~~~~~~~~~~~~~~~~~[0m

  [96msrc/app/modal-exchange-items/modal-exchange-items.page.ts[0m:[93m25[0m:[93m16[0m
    [7m25[0m   templateUrl: './modal-exchange-items.page.html',
    [7m  [0m [96m               ~~~~~~~~~~~~~~~~~~~~~~~~~~~~~~~~~~[0m
    Error occurs in the template of component ModalExchangeItemsPage.


Error: [96msrc/app/modal-exchange-items/modal-exchange-items.page.html[0m:[93m125[0m:[93m17[0m - [91merror[0m[90m NG8001: [0m'ion-slide' is not a known element:
1. If 'ion-slide' is an Angular component, then verify that it is part of this module.
2. If 'ion-slide' is a Web Component then add 'CUSTOM_ELEMENTS_SCHEMA' to the '@NgModule.schemas' of this component to suppress this message.

[7m125[0m                 <ion-slide class="item-slide" *ngFor="let x of image"><!-- List item images -->
[7m   [0m [91m                ~~~~~~~~~~~~~~~~~~~~~~~~~~~~~~~~~~~~~~~~~~~~~~~~~~~~~~[0m

  [96msrc/app/modal-exchange-items/modal-exchange-items.page.ts[0m:[93m25[0m:[93m16[0m
    [7m25[0m   templateUrl: './modal-exchange-items.page.html',
    [7m  [0m [96m               ~~~~~~~~~~~~~~~~~~~~~~~~~~~~~~~~~~[0m
    Error occurs in the template of component ModalExchangeItemsPage.


Error: [96msrc/app/modal-gold-shipment-detail/modal-gold-shipment-detail.page.html[0m:[93m48[0m:[93m51[0m - [91merror[0m[90m TS2339: [0mProperty 'slideOpts' does not exist on type 'ModalGoldShipmentDetailPage'.

[7m48[0m               <ion-slides pager="true" [options]="slideOpts">
[7m  [0m [91m                                                  ~~~~~~~~~[0m

  [96msrc/app/modal-gold-shipment-detail/modal-gold-shipment-detail.page.ts[0m:[93m25[0m:[93m16[0m
    [7m25[0m   templateUrl: './modal-gold-shipment-detail.page.html',
    [7m  [0m [96m               ~~~~~~~~~~~~~~~~~~~~~~~~~~~~~~~~~~~~~~~~[0m
    Error occurs in the template of component ModalGoldShipmentDetailPage.


Error: [96msrc/app/modal-gold-shipment-detail/modal-gold-shipment-detail.page.html[0m:[93m94[0m:[93m51[0m - [91merror[0m[90m TS2339: [0mProperty 'slideOpts' does not exist on type 'ModalGoldShipmentDetailPage'.

[7m94[0m               <ion-slides pager="true" [options]="slideOpts">
[7m  [0m [91m                                                  ~~~~~~~~~[0m

  [96msrc/app/modal-gold-shipment-detail/modal-gold-shipment-detail.page.ts[0m:[93m25[0m:[93m16[0m
    [7m25[0m   templateUrl: './modal-gold-shipment-detail.page.html',
    [7m  [0m [96m               ~~~~~~~~~~~~~~~~~~~~~~~~~~~~~~~~~~~~~~~~[0m
    Error occurs in the template of component ModalGoldShipmentDetailPage.


Error: [96msrc/app/modal-gold-shipment-detail/modal-gold-shipment-detail.page.html[0m:[93m147[0m:[93m50[0m - [91merror[0m[90m TS2551: [0mProperty 'deleteItem' does not exist on type 'ModalGoldShipmentDetailPage'. Did you mean 'delete_img'?

[7m147[0m   <ion-button color="danger" mode="ios" (click)="deleteItem(items)" expand="block">Delete Item</ion-button>
[7m   [0m [91m                                                 ~~~~~~~~~~[0m

  [96msrc/app/modal-gold-shipment-detail/modal-gold-shipment-detail.page.ts[0m:[93m25[0m:[93m16[0m
    [7m25[0m   templateUrl: './modal-gold-shipment-detail.page.html',
    [7m  [0m [96m               ~~~~~~~~~~~~~~~~~~~~~~~~~~~~~~~~~~~~~~~~[0m
    Error occurs in the template of component ModalGoldShipmentDetailPage.


Error: [96msrc/app/modal-gold-shipment-detail/modal-gold-shipment-detail.page.html[0m:[93m48[0m:[93m15[0m - [91merror[0m[90m NG8001: [0m'ion-slides' is not a known element:
1. If 'ion-slides' is an Angular component, then verify that it is part of this module.
2. If 'ion-slides' is a Web Component then add 'CUSTOM_ELEMENTS_SCHEMA' to the '@NgModule.schemas' of this component to suppress this message.

[7m48[0m               <ion-slides pager="true" [options]="slideOpts">
[7m  [0m [91m              ~~~~~~~~~~~~~~~~~~~~~~~~~~~~~~~~~~~~~~~~~~~~~~~[0m

  [96msrc/app/modal-gold-shipment-detail/modal-gold-shipment-detail.page.ts[0m:[93m25[0m:[93m16[0m
    [7m25[0m   templateUrl: './modal-gold-shipment-detail.page.html',
    [7m  [0m [96m               ~~~~~~~~~~~~~~~~~~~~~~~~~~~~~~~~~~~~~~~~[0m
    Error occurs in the template of component ModalGoldShipmentDetailPage.


Error: [96msrc/app/modal-gold-shipment-detail/modal-gold-shipment-detail.page.html[0m:[93m48[0m:[93m40[0m - [91merror[0m[90m NG8002: [0mCan't bind to 'options' since it isn't a known property of 'ion-slides'.
1. If 'ion-slides' is an Angular component and it has 'options' input, then verify that it is part of this module.
2. If 'ion-slides' is a Web Component then add 'CUSTOM_ELEMENTS_SCHEMA' to the '@NgModule.schemas' of this component to suppress this message.
3. To allow any property add 'NO_ERRORS_SCHEMA' to the '@NgModule.schemas' of this component.

[7m48[0m               <ion-slides pager="true" [options]="slideOpts">
[7m  [0m [91m                                       ~~~~~~~~~~~~~~~~~~~~~[0m

  [96msrc/app/modal-gold-shipment-detail/modal-gold-shipment-detail.page.ts[0m:[93m25[0m:[93m16[0m
    [7m25[0m   templateUrl: './modal-gold-shipment-detail.page.html',
    [7m  [0m [96m               ~~~~~~~~~~~~~~~~~~~~~~~~~~~~~~~~~~~~~~~~[0m
    Error occurs in the template of component ModalGoldShipmentDetailPage.


Error: [96msrc/app/modal-gold-shipment-detail/modal-gold-shipment-detail.page.html[0m:[93m50[0m:[93m17[0m - [91merror[0m[90m NG8001: [0m'ion-slide' is not a known element:
1. If 'ion-slide' is an Angular component, then verify that it is part of this module.
2. If 'ion-slide' is a Web Component then add 'CUSTOM_ELEMENTS_SCHEMA' to the '@NgModule.schemas' of this component to suppress this message.

[7m50[0m                 <ion-slide class="item-slide" *ngFor="let x of image"><!-- List item images -->
[7m  [0m [91m                ~~~~~~~~~~~~~~~~~~~~~~~~~~~~~~~~~~~~~~~~~~~~~~~~~~~~~~[0m

  [96msrc/app/modal-gold-shipment-detail/modal-gold-shipment-detail.page.ts[0m:[93m25[0m:[93m16[0m
    [7m25[0m   templateUrl: './modal-gold-shipment-detail.page.html',
    [7m  [0m [96m               ~~~~~~~~~~~~~~~~~~~~~~~~~~~~~~~~~~~~~~~~[0m
    Error occurs in the template of component ModalGoldShipmentDetailPage.


Error: [96msrc/app/modal-gold-shipment-detail/modal-gold-shipment-detail.page.html[0m:[93m94[0m:[93m15[0m - [91merror[0m[90m NG8001: [0m'ion-slides' is not a known element:
1. If 'ion-slides' is an Angular component, then verify that it is part of this module.
2. If 'ion-slides' is a Web Component then add 'CUSTOM_ELEMENTS_SCHEMA' to the '@NgModule.schemas' of this component to suppress this message.

[7m94[0m               <ion-slides pager="true" [options]="slideOpts">
[7m  [0m [91m              ~~~~~~~~~~~~~~~~~~~~~~~~~~~~~~~~~~~~~~~~~~~~~~~[0m

  [96msrc/app/modal-gold-shipment-detail/modal-gold-shipment-detail.page.ts[0m:[93m25[0m:[93m16[0m
    [7m25[0m   templateUrl: './modal-gold-shipment-detail.page.html',
    [7m  [0m [96m               ~~~~~~~~~~~~~~~~~~~~~~~~~~~~~~~~~~~~~~~~[0m
    Error occurs in the template of component ModalGoldShipmentDetailPage.


Error: [96msrc/app/modal-gold-shipment-detail/modal-gold-shipment-detail.page.html[0m:[93m94[0m:[93m40[0m - [91merror[0m[90m NG8002: [0mCan't bind to 'options' since it isn't a known property of 'ion-slides'.
1. If 'ion-slides' is an Angular component and it has 'options' input, then verify that it is part of this module.
2. If 'ion-slides' is a Web Component then add 'CUSTOM_ELEMENTS_SCHEMA' to the '@NgModule.schemas' of this component to suppress this message.
3. To allow any property add 'NO_ERRORS_SCHEMA' to the '@NgModule.schemas' of this component.

[7m94[0m               <ion-slides pager="true" [options]="slideOpts">
[7m  [0m [91m                                       ~~~~~~~~~~~~~~~~~~~~~[0m

  [96msrc/app/modal-gold-shipment-detail/modal-gold-shipment-detail.page.ts[0m:[93m25[0m:[93m16[0m
    [7m25[0m   templateUrl: './modal-gold-shipment-detail.page.html',
    [7m  [0m [96m               ~~~~~~~~~~~~~~~~~~~~~~~~~~~~~~~~~~~~~~~~[0m
    Error occurs in the template of component ModalGoldShipmentDetailPage.


Error: [96msrc/app/modal-gold-shipment-detail/modal-gold-shipment-detail.page.html[0m:[93m96[0m:[93m17[0m - [91merror[0m[90m NG8001: [0m'ion-slide' is not a known element:
1. If 'ion-slide' is an Angular component, then verify that it is part of this module.
2. If 'ion-slide' is a Web Component then add 'CUSTOM_ELEMENTS_SCHEMA' to the '@NgModule.schemas' of this component to suppress this message.

[7m96[0m                 <ion-slide class="item-slide" *ngFor="let x of out_stock_image"><!-- List item images -->
[7m  [0m [91m                ~~~~~~~~~~~~~~~~~~~~~~~~~~~~~~~~~~~~~~~~~~~~~~~~~~~~~~~~~~~~~~~~[0m

  [96msrc/app/modal-gold-shipment-detail/modal-gold-shipment-detail.page.ts[0m:[93m25[0m:[93m16[0m
    [7m25[0m   templateUrl: './modal-gold-shipment-detail.page.html',
    [7m  [0m [96m               ~~~~~~~~~~~~~~~~~~~~~~~~~~~~~~~~~~~~~~~~[0m
    Error occurs in the template of component ModalGoldShipmentDetailPage.


Error: [96msrc/app/melting-job-list/melting-job-list.page.html[0m:[93m70[0m:[93m57[0m - [91merror[0m[90m TS2339: [0mProperty 'melting_job_order_id' does not exist on type 'never'.

[7m70[0m         <ion-grid [routerLink]="['/melting-job/' + item.melting_job_order_id]" *ngIf="currentFilter == 'all'">
[7m  [0m [91m                                                        ~~~~~~~~~~~~~~~~~~~~[0m

  [96msrc/app/melting-job-list/melting-job-list.page.ts[0m:[93m18[0m:[93m16[0m
    [7m18[0m   templateUrl: './melting-job-list.page.html',
    [7m  [0m [96m               ~~~~~~~~~~~~~~~~~~~~~~~~~~~~~~[0m
    Error occurs in the template of component MeltingJobListPage.


Error: [96msrc/app/melting-job-list/melting-job-list.page.html[0m:[93m73[0m:[93m31[0m - [91merror[0m[90m TS2339: [0mProperty 'factory_code' does not exist on type 'never'.

[7m73[0m               <strong>{{ item.factory_code }} - {{item.status_name}}</strong>
[7m  [0m [91m                              ~~~~~~~~~~~~[0m

  [96msrc/app/melting-job-list/melting-job-list.page.ts[0m:[93m18[0m:[93m16[0m
    [7m18[0m   templateUrl: './melting-job-list.page.html',
    [7m  [0m [96m               ~~~~~~~~~~~~~~~~~~~~~~~~~~~~~~[0m
    Error occurs in the template of component MeltingJobListPage.


Error: [96msrc/app/melting-job-list/melting-job-list.page.html[0m:[93m73[0m:[93m56[0m - [91merror[0m[90m TS2339: [0mProperty 'status_name' does not exist on type 'never'.

[7m73[0m               <strong>{{ item.factory_code }} - {{item.status_name}}</strong>
[7m  [0m [91m                                                       ~~~~~~~~~~~[0m

  [96msrc/app/melting-job-list/melting-job-list.page.ts[0m:[93m18[0m:[93m16[0m
    [7m18[0m   templateUrl: './melting-job-list.page.html',
    [7m  [0m [96m               ~~~~~~~~~~~~~~~~~~~~~~~~~~~~~~[0m
    Error occurs in the template of component MeltingJobListPage.


Error: [96msrc/app/melting-job-list/melting-job-list.page.html[0m:[93m75[0m:[93m29[0m - [91merror[0m[90m TS2339: [0mProperty 'remark' does not exist on type 'never'.

[7m75[0m               <span>{{ item.remark }}</span>
[7m  [0m [91m                            ~~~~~~[0m

  [96msrc/app/melting-job-list/melting-job-list.page.ts[0m:[93m18[0m:[93m16[0m
    [7m18[0m   templateUrl: './melting-job-list.page.html',
    [7m  [0m [96m               ~~~~~~~~~~~~~~~~~~~~~~~~~~~~~~[0m
    Error occurs in the template of component MeltingJobListPage.


Error: [96msrc/app/melting-job-list/melting-job-list.page.html[0m:[93m76[0m:[93m31[0m - [91merror[0m[90m TS2339: [0mProperty 'riderList' does not exist on type 'never'.

[7m76[0m               <br *ngIf="item.riderList">
[7m  [0m [91m                              ~~~~~~~~~[0m

  [96msrc/app/melting-job-list/melting-job-list.page.ts[0m:[93m18[0m:[93m16[0m
    [7m18[0m   templateUrl: './melting-job-list.page.html',
    [7m  [0m [96m               ~~~~~~~~~~~~~~~~~~~~~~~~~~~~~~[0m
    Error occurs in the template of component MeltingJobListPage.


Error: [96msrc/app/melting-job-list/melting-job-list.page.html[0m:[93m77[0m:[93m46[0m - [91merror[0m[90m TS2339: [0mProperty 'riderList' does not exist on type 'never'.

[7m77[0m               <div class="label" *ngIf="item.riderList">{{item.riderList}}</div>
[7m  [0m [91m                                             ~~~~~~~~~[0m

  [96msrc/app/melting-job-list/melting-job-list.page.ts[0m:[93m18[0m:[93m16[0m
    [7m18[0m   templateUrl: './melting-job-list.page.html',
    [7m  [0m [96m               ~~~~~~~~~~~~~~~~~~~~~~~~~~~~~~[0m
    Error occurs in the template of component MeltingJobListPage.


Error: [96msrc/app/melting-job-list/melting-job-list.page.html[0m:[93m77[0m:[93m64[0m - [91merror[0m[90m TS2339: [0mProperty 'riderList' does not exist on type 'never'.

[7m77[0m               <div class="label" *ngIf="item.riderList">{{item.riderList}}</div>
[7m  [0m [91m                                                               ~~~~~~~~~[0m

  [96msrc/app/melting-job-list/melting-job-list.page.ts[0m:[93m18[0m:[93m16[0m
    [7m18[0m   templateUrl: './melting-job-list.page.html',
    [7m  [0m [96m               ~~~~~~~~~~~~~~~~~~~~~~~~~~~~~~[0m
    Error occurs in the template of component MeltingJobListPage.


Error: [96msrc/app/melting-job-list/melting-job-list.page.html[0m:[93m81[0m:[93m64[0m - [91merror[0m[90m TS2339: [0mProperty 'melting_job_order_id' does not exist on type 'never'.

[7m81[0m         <ion-grid [routerLink]="['/melting-job-wizard/' + item.melting_job_order_id]" *ngIf="currentFilter == 'inProgress'">
[7m  [0m [91m                                                               ~~~~~~~~~~~~~~~~~~~~[0m

  [96msrc/app/melting-job-list/melting-job-list.page.ts[0m:[93m18[0m:[93m16[0m
    [7m18[0m   templateUrl: './melting-job-list.page.html',
    [7m  [0m [96m               ~~~~~~~~~~~~~~~~~~~~~~~~~~~~~~[0m
    Error occurs in the template of component MeltingJobListPage.


Error: [96msrc/app/melting-job-list/melting-job-list.page.html[0m:[93m84[0m:[93m31[0m - [91merror[0m[90m TS2339: [0mProperty 'factory_code' does not exist on type 'never'.

[7m84[0m               <strong>{{ item.factory_code }} - {{item.status_name}}</strong>
[7m  [0m [91m                              ~~~~~~~~~~~~[0m

  [96msrc/app/melting-job-list/melting-job-list.page.ts[0m:[93m18[0m:[93m16[0m
    [7m18[0m   templateUrl: './melting-job-list.page.html',
    [7m  [0m [96m               ~~~~~~~~~~~~~~~~~~~~~~~~~~~~~~[0m
    Error occurs in the template of component MeltingJobListPage.


Error: [96msrc/app/melting-job-list/melting-job-list.page.html[0m:[93m84[0m:[93m56[0m - [91merror[0m[90m TS2339: [0mProperty 'status_name' does not exist on type 'never'.

[7m84[0m               <strong>{{ item.factory_code }} - {{item.status_name}}</strong>
[7m  [0m [91m                                                       ~~~~~~~~~~~[0m

  [96msrc/app/melting-job-list/melting-job-list.page.ts[0m:[93m18[0m:[93m16[0m
    [7m18[0m   templateUrl: './melting-job-list.page.html',
    [7m  [0m [96m               ~~~~~~~~~~~~~~~~~~~~~~~~~~~~~~[0m
    Error occurs in the template of component MeltingJobListPage.


Error: [96msrc/app/melting-job-list/melting-job-list.page.html[0m:[93m86[0m:[93m29[0m - [91merror[0m[90m TS2339: [0mProperty 'remark' does not exist on type 'never'.

[7m86[0m               <span>{{ item.remark }}</span>
[7m  [0m [91m                            ~~~~~~[0m

  [96msrc/app/melting-job-list/melting-job-list.page.ts[0m:[93m18[0m:[93m16[0m
    [7m18[0m   templateUrl: './melting-job-list.page.html',
    [7m  [0m [96m               ~~~~~~~~~~~~~~~~~~~~~~~~~~~~~~[0m
    Error occurs in the template of component MeltingJobListPage.


Error: [96msrc/app/melting-job-list/melting-job-list.page.html[0m:[93m87[0m:[93m31[0m - [91merror[0m[90m TS2339: [0mProperty 'riderList' does not exist on type 'never'.

[7m87[0m               <br *ngIf="item.riderList">
[7m  [0m [91m                              ~~~~~~~~~[0m

  [96msrc/app/melting-job-list/melting-job-list.page.ts[0m:[93m18[0m:[93m16[0m
    [7m18[0m   templateUrl: './melting-job-list.page.html',
    [7m  [0m [96m               ~~~~~~~~~~~~~~~~~~~~~~~~~~~~~~[0m
    Error occurs in the template of component MeltingJobListPage.


Error: [96msrc/app/melting-job-list/melting-job-list.page.html[0m:[93m88[0m:[93m46[0m - [91merror[0m[90m TS2339: [0mProperty 'riderList' does not exist on type 'never'.

[7m88[0m               <div class="label" *ngIf="item.riderList">{{item.riderList}}</div>
[7m  [0m [91m                                             ~~~~~~~~~[0m

  [96msrc/app/melting-job-list/melting-job-list.page.ts[0m:[93m18[0m:[93m16[0m
    [7m18[0m   templateUrl: './melting-job-list.page.html',
    [7m  [0m [96m               ~~~~~~~~~~~~~~~~~~~~~~~~~~~~~~[0m
    Error occurs in the template of component MeltingJobListPage.


Error: [96msrc/app/melting-job-list/melting-job-list.page.html[0m:[93m88[0m:[93m64[0m - [91merror[0m[90m TS2339: [0mProperty 'riderList' does not exist on type 'never'.

[7m88[0m               <div class="label" *ngIf="item.riderList">{{item.riderList}}</div>
[7m  [0m [91m                                                               ~~~~~~~~~[0m

  [96msrc/app/melting-job-list/melting-job-list.page.ts[0m:[93m18[0m:[93m16[0m
    [7m18[0m   templateUrl: './melting-job-list.page.html',
    [7m  [0m [96m               ~~~~~~~~~~~~~~~~~~~~~~~~~~~~~~[0m
    Error occurs in the template of component MeltingJobListPage.


Error: [96msrc/app/melting-job/melting-job.page.html[0m:[93m381[0m:[93m132[0m - [91merror[0m[90m TS2339: [0mProperty 'selectAll' does not exist on type 'MeltingJobPage'.

[7m381[0m           <td><ion-input type="number" [class]="'editable'" [(ngModel)]="scrapbar_scale_weight" (ionBlur)="recalculate()" (click)="selectAll($event)"></ion-input></td>
[7m   [0m [91m                                                                                                                                   ~~~~~~~~~[0m

  [96msrc/app/melting-job/melting-job.page.ts[0m:[93m14[0m:[93m16[0m
    [7m14[0m   templateUrl: './melting-job.page.html',
    [7m  [0m [96m               ~~~~~~~~~~~~~~~~~~~~~~~~~[0m
    Error occurs in the template of component MeltingJobPage.


Error: [96msrc/app/melting-job/melting-job.page.html[0m:[93m403[0m:[93m130[0m - [91merror[0m[90m TS2339: [0mProperty 'selectAll' does not exist on type 'MeltingJobPage'.

[7m403[0m           <td><ion-input type="number" [class]="'editable'" [(ngModel)]="assay_sample_weight" (ionBlur)="recalculate()" (click)="selectAll($event)"></ion-input></td>
[7m   [0m [91m                                                                                                                                 ~~~~~~~~~[0m

  [96msrc/app/melting-job/melting-job.page.ts[0m:[93m14[0m:[93m16[0m
    [7m14[0m   templateUrl: './melting-job.page.html',
    [7m  [0m [96m               ~~~~~~~~~~~~~~~~~~~~~~~~~[0m
    Error occurs in the template of component MeltingJobPage.


Error: [96msrc/app/melting-job/melting-job.page.html[0m:[93m425[0m:[93m127[0m - [91merror[0m[90m TS2339: [0mProperty 'selectAll' does not exist on type 'MeltingJobPage'.

[7m425[0m           <td><ion-input type="number" [class]="'editable'" [(ngModel)]="bar_final_weight" (ionBlur)="recalculate()" (click)="selectAll($event)"></ion-input></td>
[7m   [0m [91m                                                                                                                              ~~~~~~~~~[0m

  [96msrc/app/melting-job/melting-job.page.ts[0m:[93m14[0m:[93m16[0m
    [7m14[0m   templateUrl: './melting-job.page.html',
    [7m  [0m [96m               ~~~~~~~~~~~~~~~~~~~~~~~~~[0m
    Error occurs in the template of component MeltingJobPage.


Error: [96msrc/app/melting-job/melting-job.page.html[0m:[93m447[0m:[93m123[0m - [91merror[0m[90m TS2339: [0mProperty 'selectAll' does not exist on type 'MeltingJobPage'.

[7m447[0m           <td><ion-input type="number" [class]="'editable'" [(ngModel)]="final_purity" (ionBlur)="recalculate()" (click)="selectAll($event)"></ion-input></td>
[7m   [0m [91m                                                                                                                          ~~~~~~~~~[0m

  [96msrc/app/melting-job/melting-job.page.ts[0m:[93m14[0m:[93m16[0m
    [7m14[0m   templateUrl: './melting-job.page.html',
    [7m  [0m [96m               ~~~~~~~~~~~~~~~~~~~~~~~~~[0m
    Error occurs in the template of component MeltingJobPage.


Error: [96msrc/app/melting-job/melting-job.page.html[0m:[93m390[0m:[93m13[0m - [91merror[0m[90m NG8001: [0m'ion-slides' is not a known element:
1. If 'ion-slides' is an Angular component, then verify that it is part of this module.
2. If 'ion-slides' is a Web Component then add 'CUSTOM_ELEMENTS_SCHEMA' to the '@NgModule.schemas' of this component to suppress this message.

[7m390[0m             <ion-slides pager="true">
[7m   [0m [91m            ~~~~~~~~~~~~~~~~~~~~~~~~~[0m

  [96msrc/app/melting-job/melting-job.page.ts[0m:[93m14[0m:[93m16[0m
    [7m14[0m   templateUrl: './melting-job.page.html',
    [7m  [0m [96m               ~~~~~~~~~~~~~~~~~~~~~~~~~[0m
    Error occurs in the template of component MeltingJobPage.


Error: [96msrc/app/melting-job/melting-job.page.html[0m:[93m391[0m:[93m15[0m - [91merror[0m[90m NG8001: [0m'ion-slide' is not a known element:
1. If 'ion-slide' is an Angular component, then verify that it is part of this module.
2. If 'ion-slide' is a Web Component then add 'CUSTOM_ELEMENTS_SCHEMA' to the '@NgModule.schemas' of this component to suppress this message.

[7m391[0m               <ion-slide *ngFor="let tng_img of scrapbar_scale_image">
[7m   [0m [91m              ~~~~~~~~~~~~~~~~~~~~~~~~~~~~~~~~~~~~~~~~~~~~~~~~~~~~~~~~[0m

  [96msrc/app/melting-job/melting-job.page.ts[0m:[93m14[0m:[93m16[0m
    [7m14[0m   templateUrl: './melting-job.page.html',
    [7m  [0m [96m               ~~~~~~~~~~~~~~~~~~~~~~~~~[0m
    Error occurs in the template of component MeltingJobPage.


Error: [96msrc/app/melting-job/melting-job.page.html[0m:[93m412[0m:[93m13[0m - [91merror[0m[90m NG8001: [0m'ion-slides' is not a known element:
1. If 'ion-slides' is an Angular component, then verify that it is part of this module.
2. If 'ion-slides' is a Web Component then add 'CUSTOM_ELEMENTS_SCHEMA' to the '@NgModule.schemas' of this component to suppress this message.

[7m412[0m             <ion-slides pager="true">
[7m   [0m [91m            ~~~~~~~~~~~~~~~~~~~~~~~~~[0m

  [96msrc/app/melting-job/melting-job.page.ts[0m:[93m14[0m:[93m16[0m
    [7m14[0m   templateUrl: './melting-job.page.html',
    [7m  [0m [96m               ~~~~~~~~~~~~~~~~~~~~~~~~~[0m
    Error occurs in the template of component MeltingJobPage.


Error: [96msrc/app/melting-job/melting-job.page.html[0m:[93m413[0m:[93m15[0m - [91merror[0m[90m NG8001: [0m'ion-slide' is not a known element:
1. If 'ion-slide' is an Angular component, then verify that it is part of this module.
2. If 'ion-slide' is a Web Component then add 'CUSTOM_ELEMENTS_SCHEMA' to the '@NgModule.schemas' of this component to suppress this message.

[7m413[0m               <ion-slide *ngFor="let tng_img of assay_sample_image">
[7m   [0m [91m              ~~~~~~~~~~~~~~~~~~~~~~~~~~~~~~~~~~~~~~~~~~~~~~~~~~~~~~[0m

  [96msrc/app/melting-job/melting-job.page.ts[0m:[93m14[0m:[93m16[0m
    [7m14[0m   templateUrl: './melting-job.page.html',
    [7m  [0m [96m               ~~~~~~~~~~~~~~~~~~~~~~~~~[0m
    Error occurs in the template of component MeltingJobPage.


Error: [96msrc/app/melting-job/melting-job.page.html[0m:[93m434[0m:[93m13[0m - [91merror[0m[90m NG8001: [0m'ion-slides' is not a known element:
1. If 'ion-slides' is an Angular component, then verify that it is part of this module.
2. If 'ion-slides' is a Web Component then add 'CUSTOM_ELEMENTS_SCHEMA' to the '@NgModule.schemas' of this component to suppress this message.

[7m434[0m             <ion-slides pager="true">
[7m   [0m [91m            ~~~~~~~~~~~~~~~~~~~~~~~~~[0m

  [96msrc/app/melting-job/melting-job.page.ts[0m:[93m14[0m:[93m16[0m
    [7m14[0m   templateUrl: './melting-job.page.html',
    [7m  [0m [96m               ~~~~~~~~~~~~~~~~~~~~~~~~~[0m
    Error occurs in the template of component MeltingJobPage.


Error: [96msrc/app/melting-job/melting-job.page.html[0m:[93m435[0m:[93m15[0m - [91merror[0m[90m NG8001: [0m'ion-slide' is not a known element:
1. If 'ion-slide' is an Angular component, then verify that it is part of this module.
2. If 'ion-slide' is a Web Component then add 'CUSTOM_ELEMENTS_SCHEMA' to the '@NgModule.schemas' of this component to suppress this message.

[7m435[0m               <ion-slide *ngFor="let tng_img of bar_final_image">
[7m   [0m [91m              ~~~~~~~~~~~~~~~~~~~~~~~~~~~~~~~~~~~~~~~~~~~~~~~~~~~[0m

  [96msrc/app/melting-job/melting-job.page.ts[0m:[93m14[0m:[93m16[0m
    [7m14[0m   templateUrl: './melting-job.page.html',
    [7m  [0m [96m               ~~~~~~~~~~~~~~~~~~~~~~~~~[0m
    Error occurs in the template of component MeltingJobPage.


Error: [96msrc/app/melting-job/melting-job.page.html[0m:[93m456[0m:[93m13[0m - [91merror[0m[90m NG8001: [0m'ion-slides' is not a known element:
1. If 'ion-slides' is an Angular component, then verify that it is part of this module.
2. If 'ion-slides' is a Web Component then add 'CUSTOM_ELEMENTS_SCHEMA' to the '@NgModule.schemas' of this component to suppress this message.

[7m456[0m             <ion-slides pager="true">
[7m   [0m [91m            ~~~~~~~~~~~~~~~~~~~~~~~~~[0m

  [96msrc/app/melting-job/melting-job.page.ts[0m:[93m14[0m:[93m16[0m
    [7m14[0m   templateUrl: './melting-job.page.html',
    [7m  [0m [96m               ~~~~~~~~~~~~~~~~~~~~~~~~~[0m
    Error occurs in the template of component MeltingJobPage.


Error: [96msrc/app/melting-job/melting-job.page.html[0m:[93m457[0m:[93m15[0m - [91merror[0m[90m NG8001: [0m'ion-slide' is not a known element:
1. If 'ion-slide' is an Angular component, then verify that it is part of this module.
2. If 'ion-slide' is a Web Component then add 'CUSTOM_ELEMENTS_SCHEMA' to the '@NgModule.schemas' of this component to suppress this message.

[7m457[0m               <ion-slide *ngFor="let tng_img of final_purity_image">
[7m   [0m [91m              ~~~~~~~~~~~~~~~~~~~~~~~~~~~~~~~~~~~~~~~~~~~~~~~~~~~~~~[0m

  [96msrc/app/melting-job/melting-job.page.ts[0m:[93m14[0m:[93m16[0m
    [7m14[0m   templateUrl: './melting-job.page.html',
    [7m  [0m [96m               ~~~~~~~~~~~~~~~~~~~~~~~~~[0m
    Error occurs in the template of component MeltingJobPage.


Error: [96msrc/app/melting-job-wizard/melting-job-wizard.page.html[0m:[93m416[0m:[93m134[0m - [91merror[0m[90m TS2339: [0mProperty 'selectAll' does not exist on type 'MeltingJobWizardPage'.

[7m416[0m             <td><ion-input type="number" [class]="'editable'" [(ngModel)]="scrapbar_scale_weight" (ionBlur)="recalculate()" (click)="selectAll($event)"></ion-input></td>
[7m   [0m [91m                                                                                                                                     ~~~~~~~~~[0m

  [96msrc/app/melting-job-wizard/melting-job-wizard.page.ts[0m:[93m16[0m:[93m16[0m
    [7m16[0m   templateUrl: './melting-job-wizard.page.html',
    [7m  [0m [96m               ~~~~~~~~~~~~~~~~~~~~~~~~~~~~~~~~[0m
    Error occurs in the template of component MeltingJobWizardPage.


Error: [96msrc/app/melting-job-wizard/melting-job-wizard.page.html[0m:[93m438[0m:[93m132[0m - [91merror[0m[90m TS2339: [0mProperty 'selectAll' does not exist on type 'MeltingJobWizardPage'.

[7m438[0m             <td><ion-input type="number" [class]="'editable'" [(ngModel)]="assay_sample_weight" (ionBlur)="recalculate()" (click)="selectAll($event)"></ion-input></td>
[7m   [0m [91m                                                                                                                                   ~~~~~~~~~[0m

  [96msrc/app/melting-job-wizard/melting-job-wizard.page.ts[0m:[93m16[0m:[93m16[0m
    [7m16[0m   templateUrl: './melting-job-wizard.page.html',
    [7m  [0m [96m               ~~~~~~~~~~~~~~~~~~~~~~~~~~~~~~~~[0m
    Error occurs in the template of component MeltingJobWizardPage.


Error: [96msrc/app/melting-job-wizard/melting-job-wizard.page.html[0m:[93m460[0m:[93m129[0m - [91merror[0m[90m TS2339: [0mProperty 'selectAll' does not exist on type 'MeltingJobWizardPage'.

[7m460[0m             <td><ion-input type="number" [class]="'editable'" [(ngModel)]="bar_final_weight" (ionBlur)="recalculate()" (click)="selectAll($event)"></ion-input></td>
[7m   [0m [91m                                                                                                                                ~~~~~~~~~[0m

  [96msrc/app/melting-job-wizard/melting-job-wizard.page.ts[0m:[93m16[0m:[93m16[0m
    [7m16[0m   templateUrl: './melting-job-wizard.page.html',
    [7m  [0m [96m               ~~~~~~~~~~~~~~~~~~~~~~~~~~~~~~~~[0m
    Error occurs in the template of component MeltingJobWizardPage.


Error: [96msrc/app/melting-job-wizard/melting-job-wizard.page.html[0m:[93m482[0m:[93m125[0m - [91merror[0m[90m TS2339: [0mProperty 'selectAll' does not exist on type 'MeltingJobWizardPage'.

[7m482[0m             <td><ion-input type="number" [class]="'editable'" [(ngModel)]="final_purity" (ionBlur)="recalculate()" (click)="selectAll($event)"></ion-input></td>
[7m   [0m [91m                                                                                                                            ~~~~~~~~~[0m

  [96msrc/app/melting-job-wizard/melting-job-wizard.page.ts[0m:[93m16[0m:[93m16[0m
    [7m16[0m   templateUrl: './melting-job-wizard.page.html',
    [7m  [0m [96m               ~~~~~~~~~~~~~~~~~~~~~~~~~~~~~~~~[0m
    Error occurs in the template of component MeltingJobWizardPage.


Error: [96msrc/app/melting-job-wizard/melting-job-wizard.page.html[0m:[93m425[0m:[93m15[0m - [91merror[0m[90m NG8001: [0m'ion-slides' is not a known element:
1. If 'ion-slides' is an Angular component, then verify that it is part of this module.
2. If 'ion-slides' is a Web Component then add 'CUSTOM_ELEMENTS_SCHEMA' to the '@NgModule.schemas' of this component to suppress this message.

[7m425[0m               <ion-slides pager="true">
[7m   [0m [91m              ~~~~~~~~~~~~~~~~~~~~~~~~~[0m

  [96msrc/app/melting-job-wizard/melting-job-wizard.page.ts[0m:[93m16[0m:[93m16[0m
    [7m16[0m   templateUrl: './melting-job-wizard.page.html',
    [7m  [0m [96m               ~~~~~~~~~~~~~~~~~~~~~~~~~~~~~~~~[0m
    Error occurs in the template of component MeltingJobWizardPage.


Error: [96msrc/app/melting-job-wizard/melting-job-wizard.page.html[0m:[93m426[0m:[93m17[0m - [91merror[0m[90m NG8001: [0m'ion-slide' is not a known element:
1. If 'ion-slide' is an Angular component, then verify that it is part of this module.
2. If 'ion-slide' is a Web Component then add 'CUSTOM_ELEMENTS_SCHEMA' to the '@NgModule.schemas' of this component to suppress this message.

[7m426[0m                 <ion-slide *ngFor="let tng_img of scrapbar_scale_image">
[7m   [0m [91m                ~~~~~~~~~~~~~~~~~~~~~~~~~~~~~~~~~~~~~~~~~~~~~~~~~~~~~~~~[0m

  [96msrc/app/melting-job-wizard/melting-job-wizard.page.ts[0m:[93m16[0m:[93m16[0m
    [7m16[0m   templateUrl: './melting-job-wizard.page.html',
    [7m  [0m [96m               ~~~~~~~~~~~~~~~~~~~~~~~~~~~~~~~~[0m
    Error occurs in the template of component MeltingJobWizardPage.


Error: [96msrc/app/melting-job-wizard/melting-job-wizard.page.html[0m:[93m447[0m:[93m15[0m - [91merror[0m[90m NG8001: [0m'ion-slides' is not a known element:
1. If 'ion-slides' is an Angular component, then verify that it is part of this module.
2. If 'ion-slides' is a Web Component then add 'CUSTOM_ELEMENTS_SCHEMA' to the '@NgModule.schemas' of this component to suppress this message.

[7m447[0m               <ion-slides pager="true">
[7m   [0m [91m              ~~~~~~~~~~~~~~~~~~~~~~~~~[0m

  [96msrc/app/melting-job-wizard/melting-job-wizard.page.ts[0m:[93m16[0m:[93m16[0m
    [7m16[0m   templateUrl: './melting-job-wizard.page.html',
    [7m  [0m [96m               ~~~~~~~~~~~~~~~~~~~~~~~~~~~~~~~~[0m
    Error occurs in the template of component MeltingJobWizardPage.


Error: [96msrc/app/melting-job-wizard/melting-job-wizard.page.html[0m:[93m448[0m:[93m17[0m - [91merror[0m[90m NG8001: [0m'ion-slide' is not a known element:
1. If 'ion-slide' is an Angular component, then verify that it is part of this module.
2. If 'ion-slide' is a Web Component then add 'CUSTOM_ELEMENTS_SCHEMA' to the '@NgModule.schemas' of this component to suppress this message.

[7m448[0m                 <ion-slide *ngFor="let tng_img of assay_sample_image">
[7m   [0m [91m                ~~~~~~~~~~~~~~~~~~~~~~~~~~~~~~~~~~~~~~~~~~~~~~~~~~~~~~[0m

  [96msrc/app/melting-job-wizard/melting-job-wizard.page.ts[0m:[93m16[0m:[93m16[0m
    [7m16[0m   templateUrl: './melting-job-wizard.page.html',
    [7m  [0m [96m               ~~~~~~~~~~~~~~~~~~~~~~~~~~~~~~~~[0m
    Error occurs in the template of component MeltingJobWizardPage.


Error: [96msrc/app/melting-job-wizard/melting-job-wizard.page.html[0m:[93m469[0m:[93m15[0m - [91merror[0m[90m NG8001: [0m'ion-slides' is not a known element:
1. If 'ion-slides' is an Angular component, then verify that it is part of this module.
2. If 'ion-slides' is a Web Component then add 'CUSTOM_ELEMENTS_SCHEMA' to the '@NgModule.schemas' of this component to suppress this message.

[7m469[0m               <ion-slides pager="true">
[7m   [0m [91m              ~~~~~~~~~~~~~~~~~~~~~~~~~[0m

  [96msrc/app/melting-job-wizard/melting-job-wizard.page.ts[0m:[93m16[0m:[93m16[0m
    [7m16[0m   templateUrl: './melting-job-wizard.page.html',
    [7m  [0m [96m               ~~~~~~~~~~~~~~~~~~~~~~~~~~~~~~~~[0m
    Error occurs in the template of component MeltingJobWizardPage.


Error: [96msrc/app/melting-job-wizard/melting-job-wizard.page.html[0m:[93m470[0m:[93m17[0m - [91merror[0m[90m NG8001: [0m'ion-slide' is not a known element:
1. If 'ion-slide' is an Angular component, then verify that it is part of this module.
2. If 'ion-slide' is a Web Component then add 'CUSTOM_ELEMENTS_SCHEMA' to the '@NgModule.schemas' of this component to suppress this message.

[7m470[0m                 <ion-slide *ngFor="let tng_img of bar_final_image">
[7m   [0m [91m                ~~~~~~~~~~~~~~~~~~~~~~~~~~~~~~~~~~~~~~~~~~~~~~~~~~~[0m

  [96msrc/app/melting-job-wizard/melting-job-wizard.page.ts[0m:[93m16[0m:[93m16[0m
    [7m16[0m   templateUrl: './melting-job-wizard.page.html',
    [7m  [0m [96m               ~~~~~~~~~~~~~~~~~~~~~~~~~~~~~~~~[0m
    Error occurs in the template of component MeltingJobWizardPage.


Error: [96msrc/app/melting-job-wizard/melting-job-wizard.page.html[0m:[93m491[0m:[93m15[0m - [91merror[0m[90m NG8001: [0m'ion-slides' is not a known element:
1. If 'ion-slides' is an Angular component, then verify that it is part of this module.
2. If 'ion-slides' is a Web Component then add 'CUSTOM_ELEMENTS_SCHEMA' to the '@NgModule.schemas' of this component to suppress this message.

[7m491[0m               <ion-slides pager="true">
[7m   [0m [91m              ~~~~~~~~~~~~~~~~~~~~~~~~~[0m

  [96msrc/app/melting-job-wizard/melting-job-wizard.page.ts[0m:[93m16[0m:[93m16[0m
    [7m16[0m   templateUrl: './melting-job-wizard.page.html',
    [7m  [0m [96m               ~~~~~~~~~~~~~~~~~~~~~~~~~~~~~~~~[0m
    Error occurs in the template of component MeltingJobWizardPage.


Error: [96msrc/app/melting-job-wizard/melting-job-wizard.page.html[0m:[93m492[0m:[93m17[0m - [91merror[0m[90m NG8001: [0m'ion-slide' is not a known element:
1. If 'ion-slide' is an Angular component, then verify that it is part of this module.
2. If 'ion-slide' is a Web Component then add 'CUSTOM_ELEMENTS_SCHEMA' to the '@NgModule.schemas' of this component to suppress this message.

[7m492[0m                 <ion-slide *ngFor="let tng_img of final_purity_image">
[7m   [0m [91m                ~~~~~~~~~~~~~~~~~~~~~~~~~~~~~~~~~~~~~~~~~~~~~~~~~~~~~~[0m

  [96msrc/app/melting-job-wizard/melting-job-wizard.page.ts[0m:[93m16[0m:[93m16[0m
    [7m16[0m   templateUrl: './melting-job-wizard.page.html',
    [7m  [0m [96m               ~~~~~~~~~~~~~~~~~~~~~~~~~~~~~~~~[0m
    Error occurs in the template of component MeltingJobWizardPage.


Error: [96msrc/app/modal-customer-list/modal-customer-list.page.html[0m:[93m28[0m:[93m67[0m - [91merror[0m[90m TS2554: [0mExpected 2 arguments, but got 1.

[7m28[0m                 [(ngModel)]="modalData.gold_pure_id" (ionChange)="selectedGoldPurity(modalData)">
[7m  [0m [91m                                                                  ~~~~~~~~~~~~~~~~~~[0m

  [96msrc/app/modal-customer-list/modal-customer-list.page.ts[0m:[93m23[0m:[93m16[0m
    [7m23[0m   templateUrl: './modal-customer-list.page.html',
    [7m  [0m [96m               ~~~~~~~~~~~~~~~~~~~~~~~~~~~~~~~~~[0m
    Error occurs in the template of component ModalCustomerListPage.


Error: [96msrc/app/modal-customer-list/modal-customer-list.page.html[0m:[93m113[0m:[93m67[0m - [91merror[0m[90m TS2554: [0mExpected 2 arguments, but got 1.

[7m113[0m                 [(ngModel)]="modalData.gold_pure_id" (ionChange)="selectedGoldPurity(modalData)">
[7m   [0m [91m                                                                  ~~~~~~~~~~~~~~~~~~[0m

  [96msrc/app/modal-customer-list/modal-customer-list.page.ts[0m:[93m23[0m:[93m16[0m
    [7m23[0m   templateUrl: './modal-customer-list.page.html',
    [7m  [0m [96m               ~~~~~~~~~~~~~~~~~~~~~~~~~~~~~~~~~[0m
    Error occurs in the template of component ModalCustomerListPage.



